-- -*- M2-comint -*- hash: 4962908034291429542

i1 : M = orderedQQn(3, {Lex})

       3
o1 = QQ

o1 : Ordered QQ^3 module

i2 : M_0 + 2 * M_1 + 3 * M_2

o2 = | 1 |
     | 2 |
     | 3 |

o2 : Ordered QQ^3 module

i3 : M = orderedQQn(3, {GLex})

       3
o3 = QQ

o3 : Ordered QQ^3 module

i4 : 2*M_1 < M_0 + M_2

o4 = true

i5 : 3*M_1 < M_0 + M_2

o5 = false

i6 : M = orderedQQn(3, {Lex})

       3
o6 = QQ

o6 : Ordered QQ^3 module

i7 : M_0 < infinity

o7 = true

i8 : M_0 == infinity

o8 = false

i9 : 
