-- -*- M2-comint -*- hash: 5323608855770236854

i1 : R = QQ[x_1 .. x_3, MonomialOrder => Lex]

o1 = R

o1 : PolynomialRing

i2 : M = orderedQQn R

       3
o2 = QQ

o2 : Ordered QQ^3 module

i3 : v = 1/2 * M_0 - 1/3 * M_1

o3 = |  1/2 |
     | -1/3 |
     |   0  |

o3 : Ordered QQ^3 module

i4 : w = 1/2 * M_0 + 1/4 * M_2

o4 = | 1/2 |
     |  0  |
     | 1/4 |

o4 : Ordered QQ^3 module

i5 : v < w

o5 = true

i6 : N = orderedQQn(3, {Lex})

       3
o6 = QQ

o6 : Ordered QQ^3 module

i7 : R = N.cache.Ring

o7 = R

o7 : PolynomialRing

i8 : N' = orderedQQn R

       3
o8 = QQ

o8 : Ordered QQ^3 module

i9 : N == N'

o9 = true

i10 : 
