-- -*- M2-comint -*- hash: 4745504235418858880

i1 : R = QQ[x_1, x_2, x_3];

i2 : A = subring {
         x_1 + x_2 + x_3,
         x_1*x_2 + x_1*x_3 + x_2*x_3,
         x_1*x_2*x_3,
         (x_1 - x_2)*(x_1 - x_3)*(x_2 - x_3)
         };

i3 : primeConesOfSubalgebra A

o3 = {| -3 22 |, | 22 -3 |, | -11 -2 |}
      | -6 -2 |  | -2 -6 |  | 1   19 |
      | 14 -3 |  | -3 -9 |  | 13  -6 |
      | -9 -3 |  | -3 14 |  | -10 -6 |

o3 : List

i4 : I = ideal(x_1*x_2+x_2^2+x_3^2);

o4 : Ideal of R

i5 : primeConesOfIdeal I

o5 = {| -1 |}
      | 1  |
      | 0  |

o5 : List

i6 : 
