-- -*- M2-comint -*- hash: 8495792592779233847

i1 : P = makePolynomialOIAlgebra(2, x, QQ);

i2 : F = makeFreeOIModule(e, {1,1}, P);

i3 : installGeneratorsInWidth(F, 2);

i4 : b = x_(1,2)*x_(1,1)*e_(2,{2},1)+x_(2,2)*x_(2,1)*e_(2,{1},2);

i5 : G = oiGB {b}

o5 = {x   x   e        + x   x   e       , x   x   x   e        -
       1,2 1,1 2,{2},1    2,2 2,1 2,{1},2   2,3 2,2 1,1 3,{2},2  
     ------------------------------------------------------------------------
     x   x   x   e       }
      2,3 2,1 1,2 3,{1},2

o5 : List

i6 : oiSyz(G, d)

o6 = {x   d              - x   d             , x   d              -
       2,4 4,{1, 2, 3},2    2,3 4,{1, 2, 4},2   1,2 4,{1, 3, 4},2  
     ------------------------------------------------------------------------
     x   d              - x   d             , x   d           - x   d     
      1,1 4,{2, 3, 4},2    1,3 4,{1, 2, 4},2   1,2 3,{1, 3},1    1,1 3,{2,
     ------------------------------------------------------------------------
          + 1d             }
     3},1     3,{1, 2, 3},2

o6 : List

i7 : 
