-- -*- M2-comint -*- hash: 5372041158632375515

i1 : setRandomSeed 0
 -- setting random seed to 0

o1 = 0

i2 : kk=ZZ/101;

i3 : g=1;

i4 : rNP=randNicePencil(kk,g);

i5 : S=rNP.qqRing;

i6 : qq=rNP.quadraticForm;

i7 : M1=rNP.matFact1;

             8      8
o7 : Matrix S  <-- S

i8 : M2=rNP.matFact2;

             8      8
o8 : Matrix S  <-- S

i9 : M1*M2 - qq*id_(S^(2^(2*g+1)))

o9 = 0

             8      8
o9 : Matrix S  <-- S

i10 : M1*M2 - M2*M1

o10 = 0

              8      8
o10 : Matrix S  <-- S

i11 : 
