-- -*- M2-comint -*- hash: 14054238516845168673

i1 : setRandomSeed 0
 -- setting random seed to 0

o1 = 0

i2 : kk = ZZ/101

o2 = kk

o2 : QuotientRing

i3 : g = 1

o3 = 1

i4 : (S, qq,  R,  u, M1, M2, Mu1, Mu2)=randomNicePencil(kk,g);

i5 : M = cliffordModule(M1,M2, R)

o5 = CliffordModule{...6...}

o5 : CliffordModule

i6 : M.oddOperators

o6 = {{-4} | 0  0   0  0  5t 0  0 0  |, {-4} | 0  0 0  0 -s 0 0  0 |, {-4} |
      {-3} | 0  0   5t 0  0  0  0 0  |  {-3} | 0  0 -s 0 0  0 0  0 |  {-3} |
      {-3} | 0  -5t 0  0  0  0  0 0  |  {-3} | 0  s 0  0 0  0 0  1 |  {-3} |
      {-3} | 5t 0   0  0  0  0  0 0  |  {-3} | -s 0 0  0 0  0 -1 0 |  {-3} |
      {-3} | 0  0   0  0  0  0  0 -1 |  {-3} | 0  0 0  0 0  0 0  0 |  {-3} |
      {-3} | 0  0   0  0  0  0  1 0  |  {-3} | 0  0 0  0 0  0 0  0 |  {-3} |
      {-3} | 0  0   0  0  0  -1 0 0  |  {-3} | 0  0 0  0 1  0 0  0 |  {-3} |
      {-2} | 0  0   0  -1 0  0  0 0  |  {-2} | 0  0 1  0 0  0 0  0 |  {-2} |
     ------------------------------------------------------------------------
     0     0    0      0     -12t 18t s+30t 0  |, {-4} | 0    0    0    0   
     0     0    -12t   18t   0    0   0     -1 |  {-3} | 0    0    12t  -10t
     0     12t  0      s+30t 0    0   0     0  |  {-3} | 0    -12t 0    -6t 
     -12t  0    0      0     0    1   0     0  |  {-3} | 12t  0    0    48t 
     0     -18t -s-30t 0     0    0   0     0  |  {-3} | 0    10t  6t   0   
     18t   0    0      0     -1   0   0     0  |  {-3} | -10t 0    -48t 0   
     s+30t 0    0      0     0    0   0     0  |  {-3} | -6t  48t  0    0   
     0     -1   0      0     0    0   0     0  |  {-2} | 1    0    0    0   
     ------------------------------------------------------------------------
     12t -10t -6t 48t |}
     0   0    1   0   |
     0   -1   0   0   |
     0   0    0   0   |
     1   0    0   0   |
     0   0    0   0   |
     0   0    0   0   |
     0   0    0   0   |

o6 : List

i7 : 
