-- -*- M2-comint -*- hash: 16939507320013295928

i1 : kk=ZZ/101;

i2 : setRandomSeed 0
 -- setting random seed to 0

o2 = 0

i3 : g=1;

i4 : rNP=randNicePencil(kk,g);

i5 : cM=cliffordModule(rNP.matFact1,rNP.matFact2,rNP.baseRing);

i6 : f=cM.hyperellipticBranchEquation

          3       2 2        3      4
o6 = - 12s t - 50s t  - 16s*t  + 47t

o6 : kk[s, t]

i7 : L=preRandomLineBundle(f)

o7 = VectorBundleOnE{...1...}

o7 : VectorBundleOnE

i8 : degOnE L

o8 = -1

i9 : m=L.yAction

o9 = {-2} | 39s2+21st+34t2 44s3-34s2t+7st2+2t3 |
     {-1} | 32s+t          -39s2-21st-34t2     |

                      2               2
o9 : Matrix (kk[s, t])  <-- (kk[s, t])

i10 : (m)^2_(0,0)+(-1)^g*f==0

o10 = true

i11 : L0=preRandomLineBundle(0,f)

o11 = VectorBundleOnE{...1...}

o11 : VectorBundleOnE

i12 : degOnE L0

o12 = 0

i13 : orderInPic L0

o13 = 37

i14 : 
