-- -*- M2-comint -*- hash: 7023410436775997321

i1 : kk=ZZ/1009;

i2 : g=2;

i3 : rNP=randNicePencil(kk,g);

i4 : cM=cliffordModule(rNP.matFact1,rNP.matFact2,rNP.baseRing);

i5 : f=cM.hyperellipticBranchEquation

          5        4 2       3 3      2 4         5       6
o5 = - 69s t + 250s t  + 256s t  - 22s t  - 299s*t  + 111t

o5 : kk[s, t]

i6 : tally apply(30, i->(Lp=preRandomLineBundle(1,f); betti Lp.yAction))

                  0 1
o6 = Tally{total: 2 2 => 2 }
              -1: 2 .
               0: . .
               1: . 2
                  0 1
           total: 2 2 => 28
              -2: 1 .
              -1: . .
               0: 1 1
               1: . .
               2: . 1

o6 : Tally

i7 : tally apply(30, i->(L=randomLineBundle(1,f); betti L.yAction))

                  0 1
o7 = Tally{total: 2 2 => 30}
              -1: 2 .
               0: . .
               1: . 2

o7 : Tally

i8 : 
