-- -*- M2-comint -*- hash: 2668115032842704956

i1 : setRandomSeed 0
 -- setting random seed to 0

o1 = 0

i2 : kk=ZZ/101

o2 = kk

o2 : QuotientRing

i3 : R = kk[s,t]

o3 = R

o3 : PolynomialRing

i4 : f =(s+2*t)*(s+t)*(s-t)*(s-2*t)

      4     2 2     4
o4 = s  - 5s t  + 4t

o4 : R

i5 : L0 = randomLineBundle(0,f)

o5 = VectorBundleOnE{...1...}

o5 : VectorBundleOnE

i6 : (L0.yAction)^2

o6 = {-1} | s4-5s2t2+4t4 0            |
     {-1} | 0            s4-5s2t2+4t4 |

             2      2
o6 : Matrix R  <-- R

i7 : degOnE L0

o7 = 0

i8 : orderInPic L0

o8 = 60

i9 : L1 = randomLineBundle(-1,f)

o9 = VectorBundleOnE{...1...}

o9 : VectorBundleOnE

i10 : degOnE L1

o10 = -1

i11 : L1.yAction

o11 = {-2} | -10s2-29st-8t2 16s3-21s2t-2st2+41t3 |
      {-1} | 38s+t          10s2+29st+8t2        |

              2      2
o11 : Matrix R  <-- R

i12 : F = randomExtension(L1,L0)

o12 = VectorBundleOnE{...1...}

o12 : VectorBundleOnE

i13 : F.yAction

o13 = {-2} | -10s2-29st-8t2 16s3-21s2t-2st2+41t3 -30s3+24s2t-27st2-41t3
      {-1} | 38s+t          10s2+29st+8t2        42s2-2st+22t2         
      {-1} | 0              0                    -29s2+19st+19t2       
      {-1} | 0              0                    47s2-22st+t2          
      -----------------------------------------------------------------------
      -22s3-16s2t-11st2-47t3 |
      9s2+32st-48t2          |
      38s2+9st+47t2          |
      29s2-19st-19t2         |

              4      4
o13 : Matrix R  <-- R

i14 : degOnE tensorProduct(L1,F)

o14 = -3

i15 : 
