-- -*- M2-comint -*- hash: 3803123945827993288

i1 : G = mixedGraph(digraph {{b,{c,d}},{c,{d}}},bigraph {{a,d}})

o1 = MixedGraph{Bigraph => Bigraph{a => {d}}   }
                                   d => {a}
                Digraph => Digraph{b => {c, d}}
                                   c => {d}
                                   d => {}
                Graph => Graph{}

o1 : MixedGraph

i2 : R = gaussianRing G

o2 = R

o2 : PolynomialRing

i3 : compactMatrixForm =false;

i4 : directedEdgesMatrix R

o4 = |  0  0    0     0   |
     |                    |
     |  0  0  l     l     |
     |         b,c   b,d  |
     |                    |
     |  0  0    0   l     |
     |               c,d  |
     |                    |
     |  0  0    0     0   |

             4      4
o4 : Matrix R  <-- R

i5 : D = digraph{{a,b},{c,d}}

o5 = Digraph{a => {b}}
             b => {}
             c => {d}
             d => {}

o5 : Digraph

i6 : directedEdgesMatrix gaussianRing D

o6 = |  0  l     0    0   |
     |      a,b           |
     |                    |
     |  0    0   0    0   |
     |                    |
     |  0    0   0  l     |
     |               c,d  |
     |                    |
     |  0    0   0    0   |

                                                                                              4                                                                                       4
o6 : Matrix (QQ[l   , l   , p   , p   , p   , p   , s   ..s   , s   ..s   , s   ..s   , s   ])  <-- (QQ[l   , l   , p   , p   , p   , p   , s   ..s   , s   ..s   , s   ..s   , s   ])
                 a,b   c,d   a,a   b,b   c,c   d,d   a,a   a,d   b,b   b,d   c,c   c,d   d,d             a,b   c,d   a,a   b,b   c,c   d,d   a,a   a,d   b,b   b,d   c,c   c,d   d,d

i7 : 
