-- -*- M2-comint -*- hash: 7984240759292842704

i1 : M = uniformMatroid(4, 6)

o1 = a "matroid" of rank 4 on 6 elements

o1 : Matroid

i2 : netList flats M

     +----------------------+
o2 = |set {}                |
     +----------------------+
     |set {5}               |
     +----------------------+
     |set {4}               |
     +----------------------+
     |set {3}               |
     +----------------------+
     |set {2}               |
     +----------------------+
     |set {1}               |
     +----------------------+
     |set {0}               |
     +----------------------+
     |set {4, 5}            |
     +----------------------+
     |set {5, 3}            |
     +----------------------+
     |set {4, 3}            |
     +----------------------+
     |set {5, 2}            |
     +----------------------+
     |set {4, 2}            |
     +----------------------+
     |set {1, 5}            |
     +----------------------+
     |set {4, 1}            |
     +----------------------+
     |set {0, 5}            |
     +----------------------+
     |set {0, 4}            |
     +----------------------+
     |set {2, 3}            |
     +----------------------+
     |set {1, 3}            |
     +----------------------+
     |set {0, 3}            |
     +----------------------+
     |set {1, 2}            |
     +----------------------+
     |set {0, 2}            |
     +----------------------+
     |set {0, 1}            |
     +----------------------+
     |set {4, 5, 3}         |
     +----------------------+
     |set {4, 5, 2}         |
     +----------------------+
     |set {4, 5, 1}         |
     +----------------------+
     |set {4, 0, 5}         |
     +----------------------+
     |set {5, 2, 3}         |
     +----------------------+
     |set {5, 1, 3}         |
     +----------------------+
     |set {0, 5, 3}         |
     +----------------------+
     |set {5, 1, 2}         |
     +----------------------+
     |set {0, 5, 2}         |
     +----------------------+
     |set {0, 5, 1}         |
     +----------------------+
     |set {4, 2, 3}         |
     +----------------------+
     |set {4, 1, 3}         |
     +----------------------+
     |set {4, 0, 3}         |
     +----------------------+
     |set {4, 1, 2}         |
     +----------------------+
     |set {4, 0, 2}         |
     +----------------------+
     |set {4, 0, 1}         |
     +----------------------+
     |set {1, 2, 3}         |
     +----------------------+
     |set {0, 2, 3}         |
     +----------------------+
     |set {0, 1, 3}         |
     +----------------------+
     |set {0, 1, 2}         |
     +----------------------+
     |set {0, 1, 2, 3, 4, 5}|
     +----------------------+

i3 : flats(M, 1)

o3 = {set {5}, set {4}, set {3}, set {2}, set {1}, set {0}}

o3 : List

i4 : flats(M, 2, "corank")

o4 = {set {4, 5, 3}, set {4, 5}, set {5, 3}, set {5}, set {4, 3}, set {4},
     ------------------------------------------------------------------------
     set {3}, set {}, set {4, 5, 2}, set {5, 2}, set {4, 2}, set {2}, set {4,
     ------------------------------------------------------------------------
     1, 5}, set {1, 5}, set {4, 1}, set {1}, set {0, 4, 5}, set {0, 5}, set
     ------------------------------------------------------------------------
     {0, 4}, set {0}, set {5, 2, 3}, set {2, 3}, set {1, 5, 3}, set {1, 3},
     ------------------------------------------------------------------------
     set {0, 5, 3}, set {0, 3}, set {1, 5, 2}, set {1, 2}, set {0, 5, 2}, set
     ------------------------------------------------------------------------
     {0, 2}, set {0, 1, 5}, set {0, 1}, set {4, 2, 3}, set {4, 1, 3}, set {0,
     ------------------------------------------------------------------------
     4, 3}, set {4, 1, 2}, set {0, 4, 2}, set {0, 4, 1}, set {1, 2, 3}, set
     ------------------------------------------------------------------------
     {0, 2, 3}, set {0, 1, 3}, set {0, 1, 2}}

o4 : List

i5 : 
