-- -*- M2-comint -*- hash: 9453611353754452625

i1 : M = matroid completeGraph 3

o1 = a "matroid" of rank 2 on 3 elements

o1 : Matroid

i2 : I = idealOrlikSolomonAlgebra M

o2 = ideal(e e  - e e  + e e )
            0 1    0 2    1 2

o2 : Ideal of QQ[e ..e ]
                  0   2

i3 : A = (ring I)/I;

i4 : numerator hilbertSeries(A, Order => rank M + 1)

                2
o4 = 1 + 3T + 2T

o4 : ZZ[T]

i5 : characteristicPolynomial M

      2
o5 = x  - 3x + 2

o5 : ZZ[x]

i6 : I = idealOrlikSolomonAlgebra(matroid completeGraph 4, CoefficientRing => ZZ/5, Variable => "f")

o6 = ideal (f f  - f f  + f f , f f  - f f  + f f , f f  - f f  + f f , f f 
             3 4    3 5    4 5   1 2    1 5    2 5   0 2    0 4    2 4   0 1
     ------------------------------------------------------------------------
     - f f  + f f )
        0 3    1 3

              ZZ
o6 : Ideal of --[f ..f ]
               5  0   5

i7 : coefficientRing ring I

     ZZ
o7 = --
      5

o7 : QuotientRing

i8 : 
