-- -*- M2-comint -*- hash: 15921448528879729633

i1 : A = matrix {{1, 0, 0, 1, 1}, {0, 1, 0, 1, -1}, {0, 0, 1, 0, 0}}

o1 = | 1 0 0 1 1  |
     | 0 1 0 1 -1 |
     | 0 0 1 0 0  |

              3       5
o1 : Matrix ZZ  <-- ZZ

i2 : M = matroid A

o2 = a "matroid" of rank 3 on 5 elements

o2 : Matroid

i3 : K = {{2}, {2, 4}, {2, 3}, {1, 2}, {0, 2}, {0, 1, 2, 3, 4}};

i4 : isModularCut(M, K)

o4 = true

i5 : linearSubclass(M, K)

o5 = {set {2, 3}, set {0, 2}, set {4, 2}, set {1, 2}}

o5 : List

i6 : N = matroid completeGraph 5

o6 = a "matroid" of rank 4 on 10 elements

o6 : Matroid

i7 : F = set {0, 1, 4};

i8 : TFN = truncate(F, N);

i9 : isElementaryQuotient(TFN, N)

o9 = true

i10 : linearSubclass(TFN, N)

o10 = {set {0, 9, 1, 4}, set {0, 1, 2, 4, 5, 7}, set {8, 0, 1, 3, 4, 6}}

o10 : List

i11 : 
