-- -*- M2-comint -*- hash: 16325239238271714311

i1 : M = uniformMatroid(4, 6)

o1 = a "matroid" of rank 4 on 6 elements

o1 : Matroid

i2 : A = random(QQ^4,QQ^6)

o2 = | 9/2 7/9  7   5/4  5    7/8 |
     | 9/4 7/10 3/7 2/9  10/9 5/6 |
     | 3/4 7/10 6/7 3/10 10   5   |
     | 7/4 7/3  6   3/7  3/2  2/5 |

              4       6
o2 : Matrix QQ  <-- QQ

i3 : setRepresentation(M, A)

o3 = a "matroid" of rank 4 on 6 elements

o3 : Matroid

i4 : getRepresentation M

o4 = | 9/2 7/9  7   5/4  5    7/8 |
     | 9/4 7/10 3/7 2/9  10/9 5/6 |
     | 3/4 7/10 6/7 3/10 10   5   |
     | 7/4 7/3  6   3/7  3/2  2/5 |

              4       6
o4 : Matrix QQ  <-- QQ

i5 : keys M.cache

o5 = {groundSet, rankFunction, storedRepresentation}

o5 : List

i6 : elapsedTime fVector M
 -- .0140099s elapsed

o6 = HashTable{0 => 1 }
               1 => 6
               2 => 15
               3 => 20
               4 => 1

o6 : HashTable

i7 : 
