-- -*- M2-comint -*- hash: 6551238377057861520

i1 : R = QQ[x,y,z]/ideal(x^2-y*z);

i2 : m = ideal(x,y,z);

o2 : Ideal of R

i3 : dualize(m)

o3 = ideal x

o3 : Ideal of R

i4 : I = ideal(x,y);

o4 : Ideal of R

i5 : dualize(I)

o5 = ideal (z, x)

o5 : Ideal of R

i6 : dualize(I^2)

o6 = ideal z

o6 : Ideal of R

i7 : dualize(I^3)

             2
o7 = ideal (z , x*z)

o7 : Ideal of R

i8 : R = ZZ/2[x,y,z]/ideal(z^2-x*y*z-x^2*y-x*y^2);

i9 : m = ideal(x,y,z);

o9 : Ideal of R

i10 : J = m^9;

o10 : Ideal of R

i11 : M = J*R^1;

i12 : time dualize(J, Strategy=>IdealStrategy);
 -- used 0.0558554s (cpu); 0.0558555s (thread); 0s (gc)

o12 : Ideal of R

i13 : time dualize(J, Strategy=>ModuleStrategy);
 -- used 0.55661s (cpu); 0.556613s (thread); 0s (gc)

o13 : Ideal of R

i14 : time dualize(M, Strategy=>IdealStrategy);
 -- used 0.663763s (cpu); 0.623487s (thread); 0s (gc)

i15 : time dualize(M, Strategy=>ModuleStrategy);
 -- used 0.00395195s (cpu); 0.00395268s (thread); 0s (gc)

i16 : time embedAsIdeal dualize(M, Strategy=>ModuleStrategy);
 -- used 0.00308775s (cpu); 0.00308856s (thread); 0s (gc)

o16 : Ideal of R

i17 : R = ZZ/7[x,y,u,v]/ideal(x*y-u*v);

i18 : I = ideal(x,u);

o18 : Ideal of R

i19 : J = I^15;

o19 : Ideal of R

i20 : time dualize(J, Strategy=>IdealStrategy);
 -- used 0.0838386s (cpu); 0.0838423s (thread); 0s (gc)

o20 : Ideal of R

i21 : time dualize(J, Strategy=>ModuleStrategy);
 -- used 0.00753975s (cpu); 0.00754164s (thread); 0s (gc)

o21 : Ideal of R

i22 : R = QQ[x,y]/ideal(x*y);

i23 : J = ideal(x,y);

o23 : Ideal of R

i24 : dualize(J, KnownDomain=>true)

o24 = ideal x

o24 : Ideal of R

i25 : dualize(J, KnownDomain=>false)

o25 = ideal (y, x)

o25 : Ideal of R

i26 : 
