-- -*- M2-comint -*- hash: 8657835021653530509

i1 : debugLevel = 1;

i2 : R = QQ[x,y];

i3 : isWellDefined(divisor({1}, {ideal(x)} ))

o3 = true

i4 : isWellDefined(divisor({1/2}, {ideal(x)} ))
(isWellDefined, BasicDivisor): Not all coefficients are integers

o4 = false

i5 : isWellDefined(divisor({1/2}, {ideal(x)}, CoefficientType=>QQ))

o5 = true

i6 : isWellDefined(divisor({1}, {ideal(x,y)}))
(isWellDefined, BasicDivisor): Not all ideals are height one

o6 = false

i7 : isWellDefined(divisor({1}, {ideal(x^2)}))
(isWellDefined, BasicDivisor): Not all ideals are prime

o7 = false

i8 : S = QQ[a,b];

i9 : isWellDefined(divisor({1,2}, {ideal(x), ideal(a)}))
(isWellDefined, BasicDivisor): Not all ideals have the same ambient ring

o9 = false

i10 : 
