-- -*- M2-comint -*- hash: 16605866449679143830

i1 : R = QQ[x,y,z,w]/ideal(z^2-y*w,y*z-x*w,y^2-x*z);

i2 : T = QQ[a,b];

i3 : f = map(T, R, {a^3, a^2*b, a*b^2, b^3});

o3 : RingMap T <-- R

i4 : D = divisor(y*z)

o4 = 3*Div(w, z, y) + 3*Div(z, y, x)

o4 : WeilDivisor on R

i5 : pullback(f, D, Strategy=>Primes)

o5 = 3*Div(b) + 3*Div(a)

o5 : WeilDivisor on T

i6 : pullback(f, D, Strategy=>Sheaves)

o6 = 3*Div(b) + 3*Div(a)

o6 : WeilDivisor on T

i7 : R = QQ[x,y];

i8 : S = QQ[a,b];

i9 : f = map(S, R, {a*b, b});

o9 : RingMap S <-- R

i10 : D = divisor(x*y*(x+y));

o10 : WeilDivisor on R

i11 : D1 = pullback(f, D)

o11 = 3*Div(b) + Div(a+1) + Div(a)

o11 : WeilDivisor on S

i12 : f^* D

o12 = 3*Div(b) + Div(a+1) + Div(a)

o12 : WeilDivisor on S

i13 : 
