-- -*- M2-comint -*- hash: 206067134

i1 : QQ[x_1,x_0,x_3,x_5,x_4,x_2,MonomialOrder=>Lex]

o1 = QQ[x , x , x , x , x , x ]
         1   0   3   5   4   2

o1 : PolynomialRing

i2 : rnc = minors(2, matrix{{x_0..x_4},{x_1..x_5}})

               2                                2                                 2                                             
o2 = ideal (- x  + x x , - x x  + x x , x x  - x , - x x  + x x , x x  - x x , - x  + x x , - x x  + x x , x x  - x x , - x x  +
               1    0 2     1 2    0 3   1 3    2     1 3    0 4   1 4    3 2     3    4 2     1 4    0 5   1 5    4 2     3 4  
     ----------------------------------------------------------------------------------------------------------------------------
                   2
     x x , x x  - x )
      5 2   3 5    4

o2 : Ideal of QQ[x , x , x , x , x , x ]
                  1   0   3   5   4   2

i3 : g = tgb(rnc,4)

                                    3
o3 = HashTable{(1-2) => - x x x  + x   }
                           0 4 2    2
                                      2
               (1-4) => - x x x  + x x
                           0 5 2    3 2
                             2      2
               (1-7) => - x x  + x x
                           0 4    4 2
                                2
               (2-3) => x x  - x
                         0 4    2
               (4-6) => x x  - x x
                         0 5    3 2
                           2      3
               (8-9) => - x x  + x
                           5 2    4
                       2
               0 => - x  + x x
                       1    0 2
               1 => - x x  + x x
                       1 2    0 3
                            2
               2 => x x  - x
                     1 3    2
               3 => - x x  + x x
                       1 3    0 4
               4 => x x  - x x
                     1 4    3 2
                       2
               5 => - x  + x x
                       3    4 2
               6 => - x x  + x x
                       1 4    0 5
               7 => x x  - x x
                     1 5    4 2
               8 => - x x  + x x
                       3 4    5 2
                            2
               9 => x x  - x
                     3 5    4

o3 : HashTable

i4 : g#"1"

o4 = - x x  + x x
        1 2    0 3

o4 : QQ[x , x , x , x , x , x ]
         1   0   3   5   4   2

i5 : g#"2"

             2
o5 = x x  - x
      1 3    2

o5 : QQ[x , x , x , x , x , x ]
         1   0   3   5   4   2

i6 : g#"(1-2)"

                 3
o6 = - x x x  + x
        0 4 2    2

o6 : QQ[x , x , x , x , x , x ]
         1   0   3   5   4   2

i7 : minimalize g

o7 = HashTable{(1-2) => null       }
               (1-4) => null
               (1-7) => null
                                2
               (2-3) => x x  - x
                         0 4    2
               (4-6) => x x  - x x
                         0 5    3 2
                         2      3
               (8-9) => x x  - x
                         5 2    4
                     2
               0 => x  - x x
                     1    0 2
               1 => x x  - x x
                     1 2    0 3
               2 => null
               3 => x x  - x x
                     1 3    0 4
               4 => null
                     2
               5 => x  - x x
                     3    4 2
               6 => x x  - x x
                     1 4    0 5
               7 => x x  - x x
                     1 5    4 2
               8 => x x  - x x
                     3 4    5 2
                            2
               9 => x x  - x
                     3 5    4

o7 : HashTable

i8 : gRed = reduce g

o8 = HashTable{(1-2) => null       }
               (1-4) => null
               (1-7) => null
                                2
               (2-3) => x x  - x
                         0 4    2
               (4-6) => x x  - x x
                         0 5    3 2
                         2      3
               (8-9) => x x  - x
                         5 2    4
                     2
               0 => x  - x x
                     1    0 2
               1 => x x  - x x
                     1 2    0 3
               2 => null
                            2
               3 => x x  - x
                     1 3    2
               4 => null
                     2
               5 => x  - x x
                     3    4 2
               6 => x x  - x x
                     1 4    3 2
               7 => x x  - x x
                     1 5    4 2
               8 => x x  - x x
                     3 4    5 2
                            2
               9 => x x  - x
                     3 5    4

o8 : HashTable

i9 : cleanUp gRed

o9 = | x_5^2x_2-x_4^3 x_1^2-x_0x_2 x_1x_2-x_0x_3 x_1x_3-x_2^2 x_0x_5-x_3x_2 x_3^2-x_4x_2 x_1x_4-x_3x_2 x_1x_5-x_4x_2
     ----------------------------------------------------------------------------------------------------------------------------
     x_3x_4-x_5x_2 x_3x_5-x_4^2 x_0x_4-x_2^2 |

                                        1                                  11
o9 : Matrix (QQ[x , x , x , x , x , x ])  <--- (QQ[x , x , x , x , x , x ])
                 1   0   3   5   4   2              1   0   3   5   4   2

i10 : QQ[a..d]

o10 = QQ[a..d]

o10 : PolynomialRing

i11 : I=ideal( -c^3+a^2+b*d, a*b*c-1,a*b*c)

                3    2
o11 = ideal (- c  + a  + b*d, a*b*c - 1, a*b*c)

o11 : Ideal of QQ[a..d]

i12 : T = tgb(I,2,Verbose=>true)
You turned on Verbose! You will be notified of each new S-polynomial task created and each new GB element added to the HashTable as we go.
Scheduling a task for lineage (0-1)
Scheduling a task for lineage (0-2)
Scheduling a task for lineage (1-2)
Scheduling task for lineage ((0-2)-0)
Scheduling task for lineage ((0-2)-1)
Scheduling task for lineage ((0-2)-2)
Adding the following remainder to GB: -1 from lineage (1-2)
Adding the following remainder to GB: -a^3*b-a*b^2*d from lineage (0-2)
Scheduling task for lineage ((0-1)-0)
Scheduling task for lineage ((0-1)-1)
Scheduling task for lineage ((0-1)-2)
Scheduling task for lineage ((0-1)-(1-2))
Scheduling task for lineage ((0-1)-(0-2))
Adding the following remainder to GB: -a^3*b-a*b^2*d+c^2 from lineage (0-1)
Found 1 or -1 in the Groebner basis; reducing now.

o12 = HashTable{(0-1) => null}
                (0-2) => null
                (1-2) => 1
                0 => null
                1 => null
                2 => null

o12 : HashTable

i13 : 
