-- -*- M2-comint -*- hash: 11760289086941911071

i1 : printWidth = 450;

i2 : ea = exteriorExtension(3, 6, QQ);

i3 : K = KillingMatrix ea

o3 = | 36  -18 0   0   0   0  0  0  0  0  0  0  0  0  0  0  0  0  0  0  0  0  0  0  0  0  0  0  0  0  0  0  0  0  0  0 0 0 0 0 0 0 0 0 0 0 0 0 0 0 0 0 0 0 0 |
     | -18 36  -18 0   0   0  0  0  0  0  0  0  0  0  0  0  0  0  0  0  0  0  0  0  0  0  0  0  0  0  0  0  0  0  0  0 0 0 0 0 0 0 0 0 0 0 0 0 0 0 0 0 0 0 0 |
     | 0   -18 36  -18 0   0  0  0  0  0  0  0  0  0  0  0  0  0  0  0  0  0  0  0  0  0  0  0  0  0  0  0  0  0  0  0 0 0 0 0 0 0 0 0 0 0 0 0 0 0 0 0 0 0 0 |
     | 0   0   -18 36  -18 0  0  0  0  0  0  0  0  0  0  0  0  0  0  0  0  0  0  0  0  0  0  0  0  0  0  0  0  0  0  0 0 0 0 0 0 0 0 0 0 0 0 0 0 0 0 0 0 0 0 |
     | 0   0   0   -18 36  0  0  0  0  0  0  0  0  0  0  0  0  0  0  0  0  0  0  0  0  0  0  0  0  0  0  0  0  0  0  0 0 0 0 0 0 0 0 0 0 0 0 0 0 0 0 0 0 0 0 |
     | 0   0   0   0   0   0  0  0  0  0  0  0  0  0  0  0  0  0  0  0  18 0  0  0  0  0  0  0  0  0  0  0  0  0  0  0 0 0 0 0 0 0 0 0 0 0 0 0 0 0 0 0 0 0 0 |
     | 0   0   0   0   0   0  0  0  0  0  0  0  0  0  0  0  0  0  0  0  0  18 0  0  0  0  0  0  0  0  0  0  0  0  0  0 0 0 0 0 0 0 0 0 0 0 0 0 0 0 0 0 0 0 0 |
     | 0   0   0   0   0   0  0  0  0  0  0  0  0  0  0  0  0  0  0  0  0  0  18 0  0  0  0  0  0  0  0  0  0  0  0  0 0 0 0 0 0 0 0 0 0 0 0 0 0 0 0 0 0 0 0 |
     | 0   0   0   0   0   0  0  0  0  0  0  0  0  0  0  0  0  0  0  0  0  0  0  18 0  0  0  0  0  0  0  0  0  0  0  0 0 0 0 0 0 0 0 0 0 0 0 0 0 0 0 0 0 0 0 |
     | 0   0   0   0   0   0  0  0  0  0  0  0  0  0  0  0  0  0  0  0  0  0  0  0  18 0  0  0  0  0  0  0  0  0  0  0 0 0 0 0 0 0 0 0 0 0 0 0 0 0 0 0 0 0 0 |
     | 0   0   0   0   0   0  0  0  0  0  0  0  0  0  0  0  0  0  0  0  0  0  0  0  0  18 0  0  0  0  0  0  0  0  0  0 0 0 0 0 0 0 0 0 0 0 0 0 0 0 0 0 0 0 0 |
     | 0   0   0   0   0   0  0  0  0  0  0  0  0  0  0  0  0  0  0  0  0  0  0  0  0  0  18 0  0  0  0  0  0  0  0  0 0 0 0 0 0 0 0 0 0 0 0 0 0 0 0 0 0 0 0 |
     | 0   0   0   0   0   0  0  0  0  0  0  0  0  0  0  0  0  0  0  0  0  0  0  0  0  0  0  18 0  0  0  0  0  0  0  0 0 0 0 0 0 0 0 0 0 0 0 0 0 0 0 0 0 0 0 |
     | 0   0   0   0   0   0  0  0  0  0  0  0  0  0  0  0  0  0  0  0  0  0  0  0  0  0  0  0  18 0  0  0  0  0  0  0 0 0 0 0 0 0 0 0 0 0 0 0 0 0 0 0 0 0 0 |
     | 0   0   0   0   0   0  0  0  0  0  0  0  0  0  0  0  0  0  0  0  0  0  0  0  0  0  0  0  0  18 0  0  0  0  0  0 0 0 0 0 0 0 0 0 0 0 0 0 0 0 0 0 0 0 0 |
     | 0   0   0   0   0   0  0  0  0  0  0  0  0  0  0  0  0  0  0  0  0  0  0  0  0  0  0  0  0  0  18 0  0  0  0  0 0 0 0 0 0 0 0 0 0 0 0 0 0 0 0 0 0 0 0 |
     | 0   0   0   0   0   0  0  0  0  0  0  0  0  0  0  0  0  0  0  0  0  0  0  0  0  0  0  0  0  0  0  18 0  0  0  0 0 0 0 0 0 0 0 0 0 0 0 0 0 0 0 0 0 0 0 |
     | 0   0   0   0   0   0  0  0  0  0  0  0  0  0  0  0  0  0  0  0  0  0  0  0  0  0  0  0  0  0  0  0  18 0  0  0 0 0 0 0 0 0 0 0 0 0 0 0 0 0 0 0 0 0 0 |
     | 0   0   0   0   0   0  0  0  0  0  0  0  0  0  0  0  0  0  0  0  0  0  0  0  0  0  0  0  0  0  0  0  0  18 0  0 0 0 0 0 0 0 0 0 0 0 0 0 0 0 0 0 0 0 0 |
     | 0   0   0   0   0   0  0  0  0  0  0  0  0  0  0  0  0  0  0  0  0  0  0  0  0  0  0  0  0  0  0  0  0  0  18 0 0 0 0 0 0 0 0 0 0 0 0 0 0 0 0 0 0 0 0 |
     | 0   0   0   0   0   18 0  0  0  0  0  0  0  0  0  0  0  0  0  0  0  0  0  0  0  0  0  0  0  0  0  0  0  0  0  0 0 0 0 0 0 0 0 0 0 0 0 0 0 0 0 0 0 0 0 |
     | 0   0   0   0   0   0  18 0  0  0  0  0  0  0  0  0  0  0  0  0  0  0  0  0  0  0  0  0  0  0  0  0  0  0  0  0 0 0 0 0 0 0 0 0 0 0 0 0 0 0 0 0 0 0 0 |
     | 0   0   0   0   0   0  0  18 0  0  0  0  0  0  0  0  0  0  0  0  0  0  0  0  0  0  0  0  0  0  0  0  0  0  0  0 0 0 0 0 0 0 0 0 0 0 0 0 0 0 0 0 0 0 0 |
     | 0   0   0   0   0   0  0  0  18 0  0  0  0  0  0  0  0  0  0  0  0  0  0  0  0  0  0  0  0  0  0  0  0  0  0  0 0 0 0 0 0 0 0 0 0 0 0 0 0 0 0 0 0 0 0 |
     | 0   0   0   0   0   0  0  0  0  18 0  0  0  0  0  0  0  0  0  0  0  0  0  0  0  0  0  0  0  0  0  0  0  0  0  0 0 0 0 0 0 0 0 0 0 0 0 0 0 0 0 0 0 0 0 |
     | 0   0   0   0   0   0  0  0  0  0  18 0  0  0  0  0  0  0  0  0  0  0  0  0  0  0  0  0  0  0  0  0  0  0  0  0 0 0 0 0 0 0 0 0 0 0 0 0 0 0 0 0 0 0 0 |
     | 0   0   0   0   0   0  0  0  0  0  0  18 0  0  0  0  0  0  0  0  0  0  0  0  0  0  0  0  0  0  0  0  0  0  0  0 0 0 0 0 0 0 0 0 0 0 0 0 0 0 0 0 0 0 0 |
     | 0   0   0   0   0   0  0  0  0  0  0  0  18 0  0  0  0  0  0  0  0  0  0  0  0  0  0  0  0  0  0  0  0  0  0  0 0 0 0 0 0 0 0 0 0 0 0 0 0 0 0 0 0 0 0 |
     | 0   0   0   0   0   0  0  0  0  0  0  0  0  18 0  0  0  0  0  0  0  0  0  0  0  0  0  0  0  0  0  0  0  0  0  0 0 0 0 0 0 0 0 0 0 0 0 0 0 0 0 0 0 0 0 |
     | 0   0   0   0   0   0  0  0  0  0  0  0  0  0  18 0  0  0  0  0  0  0  0  0  0  0  0  0  0  0  0  0  0  0  0  0 0 0 0 0 0 0 0 0 0 0 0 0 0 0 0 0 0 0 0 |
     | 0   0   0   0   0   0  0  0  0  0  0  0  0  0  0  18 0  0  0  0  0  0  0  0  0  0  0  0  0  0  0  0  0  0  0  0 0 0 0 0 0 0 0 0 0 0 0 0 0 0 0 0 0 0 0 |
     | 0   0   0   0   0   0  0  0  0  0  0  0  0  0  0  0  18 0  0  0  0  0  0  0  0  0  0  0  0  0  0  0  0  0  0  0 0 0 0 0 0 0 0 0 0 0 0 0 0 0 0 0 0 0 0 |
     | 0   0   0   0   0   0  0  0  0  0  0  0  0  0  0  0  0  18 0  0  0  0  0  0  0  0  0  0  0  0  0  0  0  0  0  0 0 0 0 0 0 0 0 0 0 0 0 0 0 0 0 0 0 0 0 |
     | 0   0   0   0   0   0  0  0  0  0  0  0  0  0  0  0  0  0  18 0  0  0  0  0  0  0  0  0  0  0  0  0  0  0  0  0 0 0 0 0 0 0 0 0 0 0 0 0 0 0 0 0 0 0 0 |
     | 0   0   0   0   0   0  0  0  0  0  0  0  0  0  0  0  0  0  0  18 0  0  0  0  0  0  0  0  0  0  0  0  0  0  0  0 0 0 0 0 0 0 0 0 0 0 0 0 0 0 0 0 0 0 0 |
     | 0   0   0   0   0   0  0  0  0  0  0  0  0  0  0  0  0  0  0  0  0  0  0  0  0  0  0  0  0  0  0  0  0  0  0  0 0 0 0 0 0 0 0 0 0 0 0 0 0 0 0 0 0 0 0 |
     | 0   0   0   0   0   0  0  0  0  0  0  0  0  0  0  0  0  0  0  0  0  0  0  0  0  0  0  0  0  0  0  0  0  0  0  0 0 0 0 0 0 0 0 0 0 0 0 0 0 0 0 0 0 0 0 |
     | 0   0   0   0   0   0  0  0  0  0  0  0  0  0  0  0  0  0  0  0  0  0  0  0  0  0  0  0  0  0  0  0  0  0  0  0 0 0 0 0 0 0 0 0 0 0 0 0 0 0 0 0 0 0 0 |
     | 0   0   0   0   0   0  0  0  0  0  0  0  0  0  0  0  0  0  0  0  0  0  0  0  0  0  0  0  0  0  0  0  0  0  0  0 0 0 0 0 0 0 0 0 0 0 0 0 0 0 0 0 0 0 0 |
     | 0   0   0   0   0   0  0  0  0  0  0  0  0  0  0  0  0  0  0  0  0  0  0  0  0  0  0  0  0  0  0  0  0  0  0  0 0 0 0 0 0 0 0 0 0 0 0 0 0 0 0 0 0 0 0 |
     | 0   0   0   0   0   0  0  0  0  0  0  0  0  0  0  0  0  0  0  0  0  0  0  0  0  0  0  0  0  0  0  0  0  0  0  0 0 0 0 0 0 0 0 0 0 0 0 0 0 0 0 0 0 0 0 |
     | 0   0   0   0   0   0  0  0  0  0  0  0  0  0  0  0  0  0  0  0  0  0  0  0  0  0  0  0  0  0  0  0  0  0  0  0 0 0 0 0 0 0 0 0 0 0 0 0 0 0 0 0 0 0 0 |
     | 0   0   0   0   0   0  0  0  0  0  0  0  0  0  0  0  0  0  0  0  0  0  0  0  0  0  0  0  0  0  0  0  0  0  0  0 0 0 0 0 0 0 0 0 0 0 0 0 0 0 0 0 0 0 0 |
     | 0   0   0   0   0   0  0  0  0  0  0  0  0  0  0  0  0  0  0  0  0  0  0  0  0  0  0  0  0  0  0  0  0  0  0  0 0 0 0 0 0 0 0 0 0 0 0 0 0 0 0 0 0 0 0 |
     | 0   0   0   0   0   0  0  0  0  0  0  0  0  0  0  0  0  0  0  0  0  0  0  0  0  0  0  0  0  0  0  0  0  0  0  0 0 0 0 0 0 0 0 0 0 0 0 0 0 0 0 0 0 0 0 |
     | 0   0   0   0   0   0  0  0  0  0  0  0  0  0  0  0  0  0  0  0  0  0  0  0  0  0  0  0  0  0  0  0  0  0  0  0 0 0 0 0 0 0 0 0 0 0 0 0 0 0 0 0 0 0 0 |
     | 0   0   0   0   0   0  0  0  0  0  0  0  0  0  0  0  0  0  0  0  0  0  0  0  0  0  0  0  0  0  0  0  0  0  0  0 0 0 0 0 0 0 0 0 0 0 0 0 0 0 0 0 0 0 0 |
     | 0   0   0   0   0   0  0  0  0  0  0  0  0  0  0  0  0  0  0  0  0  0  0  0  0  0  0  0  0  0  0  0  0  0  0  0 0 0 0 0 0 0 0 0 0 0 0 0 0 0 0 0 0 0 0 |
     | 0   0   0   0   0   0  0  0  0  0  0  0  0  0  0  0  0  0  0  0  0  0  0  0  0  0  0  0  0  0  0  0  0  0  0  0 0 0 0 0 0 0 0 0 0 0 0 0 0 0 0 0 0 0 0 |
     | 0   0   0   0   0   0  0  0  0  0  0  0  0  0  0  0  0  0  0  0  0  0  0  0  0  0  0  0  0  0  0  0  0  0  0  0 0 0 0 0 0 0 0 0 0 0 0 0 0 0 0 0 0 0 0 |
     | 0   0   0   0   0   0  0  0  0  0  0  0  0  0  0  0  0  0  0  0  0  0  0  0  0  0  0  0  0  0  0  0  0  0  0  0 0 0 0 0 0 0 0 0 0 0 0 0 0 0 0 0 0 0 0 |
     | 0   0   0   0   0   0  0  0  0  0  0  0  0  0  0  0  0  0  0  0  0  0  0  0  0  0  0  0  0  0  0  0  0  0  0  0 0 0 0 0 0 0 0 0 0 0 0 0 0 0 0 0 0 0 0 |
     | 0   0   0   0   0   0  0  0  0  0  0  0  0  0  0  0  0  0  0  0  0  0  0  0  0  0  0  0  0  0  0  0  0  0  0  0 0 0 0 0 0 0 0 0 0 0 0 0 0 0 0 0 0 0 0 |
     | 0   0   0   0   0   0  0  0  0  0  0  0  0  0  0  0  0  0  0  0  0  0  0  0  0  0  0  0  0  0  0  0  0  0  0  0 0 0 0 0 0 0 0 0 0 0 0 0 0 0 0 0 0 0 0 |
     | 0   0   0   0   0   0  0  0  0  0  0  0  0  0  0  0  0  0  0  0  0  0  0  0  0  0  0  0  0  0  0  0  0  0  0  0 0 0 0 0 0 0 0 0 0 0 0 0 0 0 0 0 0 0 0 |

              55       55
o3 : Matrix QQ   <-- QQ

i4 : rank K

o4 = 35

i5 : 
