-- -*- M2-comint -*- hash: 15516974314089050613

i1 : extensionAlg = exteriorExtension(3, 6, e, QQ);

i2 : gens extensionAlg.LieAlgebra

o2 = {h , h , h , h , h , E      , E      , E      , E      , E      , E   
       1   2   3   4   5   {0, 1}   {0, 2}   {0, 3}   {0, 4}   {0, 5}   {1,
     ------------------------------------------------------------------------
       , E      , E      , E      , E      , E      , E      , E      , E   
     2}   {1, 3}   {1, 4}   {1, 5}   {2, 3}   {2, 4}   {2, 5}   {3, 4}   {3,
     ------------------------------------------------------------------------
       , E      , E      , E      , E      , E      , E      , E      , E   
     5}   {4, 5}   {1, 0}   {2, 0}   {3, 0}   {4, 0}   {5, 0}   {2, 1}   {3,
     ------------------------------------------------------------------------
       , E      , E      , E      , E      , E      , E      , E      , E   
     1}   {4, 1}   {5, 1}   {3, 2}   {4, 2}   {5, 2}   {4, 3}   {5, 3}   {5,
     ------------------------------------------------------------------------
       }
     4}

o2 : List

i3 : extensionAlg.bases#0

o3 = {| 1 0  0 0 0 0 |, | 0 0 0  0 0 0 |, | 0 0 0 0  0 0 |, | 0 0 0 0 0  0 |,
      | 0 -1 0 0 0 0 |  | 0 1 0  0 0 0 |  | 0 0 0 0  0 0 |  | 0 0 0 0 0  0 | 
      | 0 0  0 0 0 0 |  | 0 0 -1 0 0 0 |  | 0 0 1 0  0 0 |  | 0 0 0 0 0  0 | 
      | 0 0  0 0 0 0 |  | 0 0 0  0 0 0 |  | 0 0 0 -1 0 0 |  | 0 0 0 1 0  0 | 
      | 0 0  0 0 0 0 |  | 0 0 0  0 0 0 |  | 0 0 0 0  0 0 |  | 0 0 0 0 -1 0 | 
      | 0 0  0 0 0 0 |  | 0 0 0  0 0 0 |  | 0 0 0 0  0 0 |  | 0 0 0 0 0  0 | 
     ------------------------------------------------------------------------
     | 0 0 0 0 0 0  |, | 0 1 0 0 0 0 |, | 0 0 1 0 0 0 |, | 0 0 0 1 0 0 |, | 0
     | 0 0 0 0 0 0  |  | 0 0 0 0 0 0 |  | 0 0 0 0 0 0 |  | 0 0 0 0 0 0 |  | 0
     | 0 0 0 0 0 0  |  | 0 0 0 0 0 0 |  | 0 0 0 0 0 0 |  | 0 0 0 0 0 0 |  | 0
     | 0 0 0 0 0 0  |  | 0 0 0 0 0 0 |  | 0 0 0 0 0 0 |  | 0 0 0 0 0 0 |  | 0
     | 0 0 0 0 1 0  |  | 0 0 0 0 0 0 |  | 0 0 0 0 0 0 |  | 0 0 0 0 0 0 |  | 0
     | 0 0 0 0 0 -1 |  | 0 0 0 0 0 0 |  | 0 0 0 0 0 0 |  | 0 0 0 0 0 0 |  | 0
     ------------------------------------------------------------------------
     0 0 0 1 0 |, | 0 0 0 0 0 1 |, | 0 0 0 0 0 0 |, | 0 0 0 0 0 0 |, | 0 0 0
     0 0 0 0 0 |  | 0 0 0 0 0 0 |  | 0 0 1 0 0 0 |  | 0 0 0 1 0 0 |  | 0 0 0
     0 0 0 0 0 |  | 0 0 0 0 0 0 |  | 0 0 0 0 0 0 |  | 0 0 0 0 0 0 |  | 0 0 0
     0 0 0 0 0 |  | 0 0 0 0 0 0 |  | 0 0 0 0 0 0 |  | 0 0 0 0 0 0 |  | 0 0 0
     0 0 0 0 0 |  | 0 0 0 0 0 0 |  | 0 0 0 0 0 0 |  | 0 0 0 0 0 0 |  | 0 0 0
     0 0 0 0 0 |  | 0 0 0 0 0 0 |  | 0 0 0 0 0 0 |  | 0 0 0 0 0 0 |  | 0 0 0
     ------------------------------------------------------------------------
     0 0 0 |, | 0 0 0 0 0 0 |, | 0 0 0 0 0 0 |, | 0 0 0 0 0 0 |, | 0 0 0 0 0
     0 1 0 |  | 0 0 0 0 0 1 |  | 0 0 0 0 0 0 |  | 0 0 0 0 0 0 |  | 0 0 0 0 0
     0 0 0 |  | 0 0 0 0 0 0 |  | 0 0 0 1 0 0 |  | 0 0 0 0 1 0 |  | 0 0 0 0 0
     0 0 0 |  | 0 0 0 0 0 0 |  | 0 0 0 0 0 0 |  | 0 0 0 0 0 0 |  | 0 0 0 0 0
     0 0 0 |  | 0 0 0 0 0 0 |  | 0 0 0 0 0 0 |  | 0 0 0 0 0 0 |  | 0 0 0 0 0
     0 0 0 |  | 0 0 0 0 0 0 |  | 0 0 0 0 0 0 |  | 0 0 0 0 0 0 |  | 0 0 0 0 0
     ------------------------------------------------------------------------
     0 |, | 0 0 0 0 0 0 |, | 0 0 0 0 0 0 |, | 0 0 0 0 0 0 |, | 0 0 0 0 0 0 |,
     0 |  | 0 0 0 0 0 0 |  | 0 0 0 0 0 0 |  | 0 0 0 0 0 0 |  | 1 0 0 0 0 0 | 
     1 |  | 0 0 0 0 0 0 |  | 0 0 0 0 0 0 |  | 0 0 0 0 0 0 |  | 0 0 0 0 0 0 | 
     0 |  | 0 0 0 0 1 0 |  | 0 0 0 0 0 1 |  | 0 0 0 0 0 0 |  | 0 0 0 0 0 0 | 
     0 |  | 0 0 0 0 0 0 |  | 0 0 0 0 0 0 |  | 0 0 0 0 0 1 |  | 0 0 0 0 0 0 | 
     0 |  | 0 0 0 0 0 0 |  | 0 0 0 0 0 0 |  | 0 0 0 0 0 0 |  | 0 0 0 0 0 0 | 
     ------------------------------------------------------------------------
     | 0 0 0 0 0 0 |, | 0 0 0 0 0 0 |, | 0 0 0 0 0 0 |, | 0 0 0 0 0 0 |, | 0
     | 0 0 0 0 0 0 |  | 0 0 0 0 0 0 |  | 0 0 0 0 0 0 |  | 0 0 0 0 0 0 |  | 0
     | 1 0 0 0 0 0 |  | 0 0 0 0 0 0 |  | 0 0 0 0 0 0 |  | 0 0 0 0 0 0 |  | 0
     | 0 0 0 0 0 0 |  | 1 0 0 0 0 0 |  | 0 0 0 0 0 0 |  | 0 0 0 0 0 0 |  | 0
     | 0 0 0 0 0 0 |  | 0 0 0 0 0 0 |  | 1 0 0 0 0 0 |  | 0 0 0 0 0 0 |  | 0
     | 0 0 0 0 0 0 |  | 0 0 0 0 0 0 |  | 0 0 0 0 0 0 |  | 1 0 0 0 0 0 |  | 0
     ------------------------------------------------------------------------
     0 0 0 0 0 |, | 0 0 0 0 0 0 |, | 0 0 0 0 0 0 |, | 0 0 0 0 0 0 |, | 0 0 0
     0 0 0 0 0 |  | 0 0 0 0 0 0 |  | 0 0 0 0 0 0 |  | 0 0 0 0 0 0 |  | 0 0 0
     1 0 0 0 0 |  | 0 0 0 0 0 0 |  | 0 0 0 0 0 0 |  | 0 0 0 0 0 0 |  | 0 0 0
     0 0 0 0 0 |  | 0 1 0 0 0 0 |  | 0 0 0 0 0 0 |  | 0 0 0 0 0 0 |  | 0 0 1
     0 0 0 0 0 |  | 0 0 0 0 0 0 |  | 0 1 0 0 0 0 |  | 0 0 0 0 0 0 |  | 0 0 0
     0 0 0 0 0 |  | 0 0 0 0 0 0 |  | 0 0 0 0 0 0 |  | 0 1 0 0 0 0 |  | 0 0 0
     ------------------------------------------------------------------------
     0 0 0 |, | 0 0 0 0 0 0 |, | 0 0 0 0 0 0 |, | 0 0 0 0 0 0 |, | 0 0 0 0 0
     0 0 0 |  | 0 0 0 0 0 0 |  | 0 0 0 0 0 0 |  | 0 0 0 0 0 0 |  | 0 0 0 0 0
     0 0 0 |  | 0 0 0 0 0 0 |  | 0 0 0 0 0 0 |  | 0 0 0 0 0 0 |  | 0 0 0 0 0
     0 0 0 |  | 0 0 0 0 0 0 |  | 0 0 0 0 0 0 |  | 0 0 0 0 0 0 |  | 0 0 0 0 0
     0 0 0 |  | 0 0 1 0 0 0 |  | 0 0 0 0 0 0 |  | 0 0 0 1 0 0 |  | 0 0 0 0 0
     0 0 0 |  | 0 0 0 0 0 0 |  | 0 0 1 0 0 0 |  | 0 0 0 0 0 0 |  | 0 0 0 1 0
     ------------------------------------------------------------------------
     0 |, | 0 0 0 0 0 0 |}
     0 |  | 0 0 0 0 0 0 |
     0 |  | 0 0 0 0 0 0 |
     0 |  | 0 0 0 0 0 0 |
     0 |  | 0 0 0 0 0 0 |
     0 |  | 0 0 0 0 1 0 |

o3 : List

i4 : 
