-- -*- M2-comint -*- hash: 3456985839316143019

i1 : ea24 = exteriorExtension(2, 4, QQ)

o1 = ExteriorExtension{...14...}

o1 : ExteriorExtension

i2 : A = makeTraceless random(QQ^4, QQ^4)

o2 = | 403/140 7/9      7        5/4      |
     | 9/4     -129/140 3/7      2/9      |
     | 3/4     7/10     -107/140 3/10     |
     | 7/4     7/3      6        -167/140 |

              4       4
o2 : Matrix QQ  <-- QQ

i3 : B = makeTraceless random(QQ^4, QQ^4)

o3 = | 41/12 7/8  5/3    5/7    |
     | 10/9  -3/4 7/2    5/9    |
     | 10    5    -71/60 5/3    |
     | 3/2   2/5  6/5    -89/60 |

              4       4
o3 : Matrix QQ  <-- QQ

i4 : ea24.bracket(A, B) + ea24.bracket(B, A)

o4 = 0

              4       4
o4 : Matrix QQ  <-- QQ

i5 : ea24.ad(ea24.bracket(A, B)) - ea24.bracket(ea24.ad(A), ea24.ad(B))

o5 = 0

              21       21
o5 : Matrix QQ   <-- QQ

i6 : A = random(2, ea24.appendage)

     4       3       4        9       5       5
o6 = -e e  + -e e  + -e e  + --e e  + -e e  + -e e
     3 0 1   7 0 2   7 1 2   10 0 3   9 1 3   9 2 3

o6 : QQ[e ..e ]
         0   3

i7 : B = random(2, ea24.appendage)

     6               2       5       8       9
o7 = -e e  + 6e e  + -e e  + -e e  + -e e  + -e e
     7 0 1     0 2   9 1 2   4 0 3   5 1 3   4 2 3

o7 : QQ[e ..e ]
         0   3

i8 : ea24.bracket(A, B) + ea24.bracket(B, A)

o8 = 0

                        4                 4
o8 : Matrix (QQ[e ..e ])  <-- (QQ[e ..e ])
                 0   3             0   3

i9 : ea24.ad(ea24.bracket(A, B)) - ea24.bracket(ea24.ad(A), ea24.ad(B))

o9 = 0

              21       21
o9 : Matrix QQ   <-- QQ

i10 : A = makeTraceless random(QQ^4, QQ^4)

o10 = | -11/30 4      1/7   3/8   |
      | 9/8    -23/90 7/5   5/2   |
      | 1/8    9/10   -7/18 1/6   |
      | 10/3   5/4    5/7   91/90 |

               4       4
o10 : Matrix QQ  <-- QQ

i11 : B = random(2, ea24.appendage)

               10       3       8       9       3
o11 = 10e e  + --e e  + -e e  + -e e  + -e e  + -e e
         0 1    9 0 2   4 1 2   3 0 3   5 1 3   5 2 3

o11 : QQ[e ..e ]
          0   3

i12 : ea24.bracket(A, B) + ea24.bracket(B, A)

o12 = 0

o12 : QQ[e ..e ]
          0   3

i13 : ea24.ad(ea24.bracket(A, B)) - ea24.bracket(ea24.ad(A), ea24.ad(B))

o13 = 0

               21       21
o13 : Matrix QQ   <-- QQ

i14 : printWidth =200;

i15 : K = KillingMatrix ea24

o15 = | 20  -10 0   0  0  0  0  0  0  0  0  0  0  0  0  0   0  0   0   0  0   |
      | -10 20  -10 0  0  0  0  0  0  0  0  0  0  0  0  0   0  0   0   0  0   |
      | 0   -10 20  0  0  0  0  0  0  0  0  0  0  0  0  0   0  0   0   0  0   |
      | 0   0   0   0  0  0  0  0  0  10 0  0  0  0  0  0   0  0   0   0  0   |
      | 0   0   0   0  0  0  0  0  0  0  10 0  0  0  0  0   0  0   0   0  0   |
      | 0   0   0   0  0  0  0  0  0  0  0  10 0  0  0  0   0  0   0   0  0   |
      | 0   0   0   0  0  0  0  0  0  0  0  0  10 0  0  0   0  0   0   0  0   |
      | 0   0   0   0  0  0  0  0  0  0  0  0  0  10 0  0   0  0   0   0  0   |
      | 0   0   0   0  0  0  0  0  0  0  0  0  0  0  10 0   0  0   0   0  0   |
      | 0   0   0   10 0  0  0  0  0  0  0  0  0  0  0  0   0  0   0   0  0   |
      | 0   0   0   0  10 0  0  0  0  0  0  0  0  0  0  0   0  0   0   0  0   |
      | 0   0   0   0  0  10 0  0  0  0  0  0  0  0  0  0   0  0   0   0  0   |
      | 0   0   0   0  0  0  10 0  0  0  0  0  0  0  0  0   0  0   0   0  0   |
      | 0   0   0   0  0  0  0  10 0  0  0  0  0  0  0  0   0  0   0   0  0   |
      | 0   0   0   0  0  0  0  0  10 0  0  0  0  0  0  0   0  0   0   0  0   |
      | 0   0   0   0  0  0  0  0  0  0  0  0  0  0  0  0   0  0   0   0  -10 |
      | 0   0   0   0  0  0  0  0  0  0  0  0  0  0  0  0   0  0   0   10 0   |
      | 0   0   0   0  0  0  0  0  0  0  0  0  0  0  0  0   0  0   -10 0  0   |
      | 0   0   0   0  0  0  0  0  0  0  0  0  0  0  0  0   0  -10 0   0  0   |
      | 0   0   0   0  0  0  0  0  0  0  0  0  0  0  0  0   10 0   0   0  0   |
      | 0   0   0   0  0  0  0  0  0  0  0  0  0  0  0  -10 0  0   0   0  0   |

               21       21
o15 : Matrix QQ   <-- QQ

i16 : rank K

o16 = 21

i17 : toList eigenvalues K

o17 = {34.1421, 20, 5.85786, 10, -10, 10, -10, 10, -10, 10, -10, 10, -10, 10, -10, 10, -10, 10, -10, 10, -10}

o17 : List

i18 : ea36 = exteriorExtension(3, 6, QQ)

o18 = ExteriorExtension{...14...}

o18 : ExteriorExtension

i19 : printWidth = 200

o19 = 200

i20 : A = ea36.ad first ea36.bases#1

o20 = | 0 0 0  0 0 0 0 0 0 0 0 0 0 0 0 0 0 0 0 0 0 0 0  0  0  0 0 0 0 0  0  0  0 0 0 0 0 0 0 0 0 0 0  0 0  0 0 0 0  0 0  0  0 0  1/2 |
      | 0 0 0  0 0 0 0 0 0 0 0 0 0 0 0 0 0 0 0 0 0 0 0  0  0  0 0 0 0 0  0  0  0 0 0 0 0 0 0 0 0 0 0  0 0  0 0 0 0  0 0  0  0 0  1   |
      | 0 0 0  0 0 0 0 0 0 0 0 0 0 0 0 0 0 0 0 0 0 0 0  0  0  0 0 0 0 0  0  0  0 0 0 0 0 0 0 0 0 0 0  0 0  0 0 0 0  0 0  0  0 0  3/2 |
      | 0 0 0  0 0 0 0 0 0 0 0 0 0 0 0 0 0 0 0 0 0 0 0  0  0  0 0 0 0 0  0  0  0 0 0 0 0 0 0 0 0 0 0  0 0  0 0 0 0  0 0  0  0 0  1   |
      | 0 0 0  0 0 0 0 0 0 0 0 0 0 0 0 0 0 0 0 0 0 0 0  0  0  0 0 0 0 0  0  0  0 0 0 0 0 0 0 0 0 0 0  0 0  0 0 0 0  0 0  0  0 0  1/2 |
      | 0 0 0  0 0 0 0 0 0 0 0 0 0 0 0 0 0 0 0 0 0 0 0  0  0  0 0 0 0 0  0  0  0 0 0 0 0 0 0 0 0 0 0  0 0  0 0 0 0  0 0  0  0 0  0   |
      | 0 0 0  0 0 0 0 0 0 0 0 0 0 0 0 0 0 0 0 0 0 0 0  0  0  0 0 0 0 0  0  0  0 0 0 0 0 0 0 0 0 0 0  0 0  0 0 0 0  0 0  0  0 0  0   |
      | 0 0 0  0 0 0 0 0 0 0 0 0 0 0 0 0 0 0 0 0 0 0 0  0  0  0 0 0 0 0  0  0  0 0 0 0 0 0 0 0 0 0 0  0 -1 0 0 0 0  0 0  0  0 0  0   |
      | 0 0 0  0 0 0 0 0 0 0 0 0 0 0 0 0 0 0 0 0 0 0 0  0  0  0 0 0 0 0  0  0  0 0 0 0 0 0 0 0 0 0 0  1 0  0 0 0 0  0 0  0  0 0  0   |
      | 0 0 0  0 0 0 0 0 0 0 0 0 0 0 0 0 0 0 0 0 0 0 0  0  0  0 0 0 0 0  0  0  0 0 0 0 0 0 0 0 0 0 -1 0 0  0 0 0 0  0 0  0  0 0  0   |
      | 0 0 0  0 0 0 0 0 0 0 0 0 0 0 0 0 0 0 0 0 0 0 0  0  0  0 0 0 0 0  0  0  0 0 0 0 0 0 0 0 0 0 0  0 0  0 0 0 0  0 0  0  0 0  0   |
      | 0 0 0  0 0 0 0 0 0 0 0 0 0 0 0 0 0 0 0 0 0 0 0  0  0  0 0 0 0 0  0  0  0 0 0 0 0 0 0 0 0 0 0  0 0  0 0 0 0  0 -1 0  0 0  0   |
      | 0 0 0  0 0 0 0 0 0 0 0 0 0 0 0 0 0 0 0 0 0 0 0  0  0  0 0 0 0 0  0  0  0 0 0 0 0 0 0 0 0 0 0  0 0  0 0 0 0  1 0  0  0 0  0   |
      | 0 0 0  0 0 0 0 0 0 0 0 0 0 0 0 0 0 0 0 0 0 0 0  0  0  0 0 0 0 0  0  0  0 0 0 0 0 0 0 0 0 0 0  0 0  0 0 0 -1 0 0  0  0 0  0   |
      | 0 0 0  0 0 0 0 0 0 0 0 0 0 0 0 0 0 0 0 0 0 0 0  0  0  0 0 0 0 0  0  0  0 0 0 0 0 0 0 0 0 0 0  0 0  0 0 0 0  0 0  0  0 -1 0   |
      | 0 0 0  0 0 0 0 0 0 0 0 0 0 0 0 0 0 0 0 0 0 0 0  0  0  0 0 0 0 0  0  0  0 0 0 0 0 0 0 0 0 0 0  0 0  0 0 0 0  0 0  0  1 0  0   |
      | 0 0 0  0 0 0 0 0 0 0 0 0 0 0 0 0 0 0 0 0 0 0 0  0  0  0 0 0 0 0  0  0  0 0 0 0 0 0 0 0 0 0 0  0 0  0 0 0 0  0 0  -1 0 0  0   |
      | 0 0 0  0 0 0 0 0 0 0 0 0 0 0 0 0 0 0 0 0 0 0 0  0  0  0 0 0 0 0  0  0  0 0 0 0 0 0 0 0 0 0 0  0 0  0 0 0 0  0 0  0  0 0  0   |
      | 0 0 0  0 0 0 0 0 0 0 0 0 0 0 0 0 0 0 0 0 0 0 0  0  0  0 0 0 0 0  0  0  0 0 0 0 0 0 0 0 0 0 0  0 0  0 0 0 0  0 0  0  0 0  0   |
      | 0 0 0  0 0 0 0 0 0 0 0 0 0 0 0 0 0 0 0 0 0 0 0  0  0  0 0 0 0 0  0  0  0 0 0 0 0 0 0 0 0 0 0  0 0  0 0 0 0  0 0  0  0 0  0   |
      | 0 0 0  0 0 0 0 0 0 0 0 0 0 0 0 0 0 0 0 0 0 0 0  0  0  0 0 0 0 0  0  0  0 0 0 0 0 0 0 0 0 0 0  0 0  0 0 0 0  0 0  0  0 0  0   |
      | 0 0 0  0 0 0 0 0 0 0 0 0 0 0 0 0 0 0 0 0 0 0 0  0  0  0 0 0 0 0  0  0  0 0 0 0 0 0 0 0 0 0 0  0 0  0 0 0 0  0 0  0  0 0  0   |
      | 0 0 0  0 0 0 0 0 0 0 0 0 0 0 0 0 0 0 0 0 0 0 0  0  0  0 0 0 0 0  0  0  0 0 0 0 0 0 0 0 0 0 0  0 0  0 0 0 0  0 0  0  0 0  0   |
      | 0 0 0  0 0 0 0 0 0 0 0 0 0 0 0 0 0 0 0 0 0 0 0  0  0  0 0 0 0 0  0  0  0 0 0 0 0 0 0 0 0 0 0  0 0  0 0 0 0  0 0  0  0 0  0   |
      | 0 0 0  0 0 0 0 0 0 0 0 0 0 0 0 0 0 0 0 0 0 0 0  0  0  0 0 0 0 0  0  0  0 0 0 0 0 0 0 0 0 0 0  0 0  0 0 0 0  0 0  0  0 0  0   |
      | 0 0 0  0 0 0 0 0 0 0 0 0 0 0 0 0 0 0 0 0 0 0 0  0  0  0 0 0 0 0  0  0  0 0 0 0 0 0 0 0 0 0 0  0 0  0 0 0 0  0 0  0  0 0  0   |
      | 0 0 0  0 0 0 0 0 0 0 0 0 0 0 0 0 0 0 0 0 0 0 0  0  0  0 0 0 0 0  0  0  0 0 0 0 0 0 0 0 0 0 0  0 0  0 0 0 0  0 0  0  0 0  0   |
      | 0 0 0  0 0 0 0 0 0 0 0 0 0 0 0 0 0 0 0 0 0 0 0  0  0  0 0 0 0 0  0  0  0 0 0 0 0 0 0 0 0 0 0  0 0  0 0 0 0  0 0  0  0 0  0   |
      | 0 0 0  0 0 0 0 0 0 0 0 0 0 0 0 0 0 0 0 0 0 0 0  0  0  0 0 0 0 0  0  0  0 0 0 0 0 0 0 0 0 0 0  0 0  0 0 0 0  0 0  0  0 0  0   |
      | 0 0 0  0 0 0 0 0 0 0 0 0 0 0 0 0 0 0 0 0 0 0 0  0  0  0 0 0 0 0  0  0  0 0 0 0 0 0 0 0 0 0 0  0 0  0 0 0 0  0 0  0  0 0  0   |
      | 0 0 0  0 0 0 0 0 0 0 0 0 0 0 0 0 0 0 0 0 0 0 0  0  0  0 0 0 0 0  0  0  0 0 0 0 0 0 0 0 0 0 0  0 0  0 0 0 0  0 0  0  0 0  0   |
      | 0 0 0  0 0 0 0 0 0 0 0 0 0 0 0 0 0 0 0 0 0 0 0  0  0  0 0 0 0 0  0  0  0 0 0 0 0 0 0 0 0 0 0  0 0  0 0 0 0  0 0  0  0 0  0   |
      | 0 0 0  0 0 0 0 0 0 0 0 0 0 0 0 0 0 0 0 0 0 0 0  0  0  0 0 0 0 0  0  0  0 0 0 0 0 0 0 0 0 0 0  0 0  0 0 0 0  0 0  0  0 0  0   |
      | 0 0 0  0 0 0 0 0 0 0 0 0 0 0 0 0 0 0 0 0 0 0 0  0  0  0 0 0 0 0  0  0  0 0 0 0 0 0 0 0 0 0 0  0 0  0 0 0 0  0 0  0  0 0  0   |
      | 0 0 0  0 0 0 0 0 0 0 0 0 0 0 0 0 0 0 0 0 0 0 0  0  0  0 0 0 0 0  0  0  0 0 0 0 0 0 0 0 0 0 0  0 0  0 0 0 0  0 0  0  0 0  0   |
      | 0 0 -1 0 0 0 0 0 0 0 0 0 0 0 0 0 0 0 0 0 0 0 0  0  0  0 0 0 0 0  0  0  0 0 0 0 0 0 0 0 0 0 0  0 0  0 0 0 0  0 0  0  0 0  0   |
      | 0 0 0  0 0 0 0 0 0 0 0 0 0 0 0 0 0 0 0 0 0 0 0  0  0  0 0 0 0 -1 0  0  0 0 0 0 0 0 0 0 0 0 0  0 0  0 0 0 0  0 0  0  0 0  0   |
      | 0 0 0  0 0 0 0 0 0 0 0 0 0 0 0 0 0 0 0 0 0 0 0  0  0  0 0 0 0 0  -1 0  0 0 0 0 0 0 0 0 0 0 0  0 0  0 0 0 0  0 0  0  0 0  0   |
      | 0 0 0  0 0 0 0 0 0 0 0 0 0 0 0 0 0 0 0 0 0 0 0  0  0  0 0 0 0 0  0  -1 0 0 0 0 0 0 0 0 0 0 0  0 0  0 0 0 0  0 0  0  0 0  0   |
      | 0 0 0  0 0 0 0 0 0 0 0 0 0 0 0 0 0 0 0 0 0 0 0  0  0  0 1 0 0 0  0  0  0 0 0 0 0 0 0 0 0 0 0  0 0  0 0 0 0  0 0  0  0 0  0   |
      | 0 0 0  0 0 0 0 0 0 0 0 0 0 0 0 0 0 0 0 0 0 0 0  0  0  0 0 1 0 0  0  0  0 0 0 0 0 0 0 0 0 0 0  0 0  0 0 0 0  0 0  0  0 0  0   |
      | 0 0 0  0 0 0 0 0 0 0 0 0 0 0 0 0 0 0 0 0 0 0 0  0  0  0 0 0 1 0  0  0  0 0 0 0 0 0 0 0 0 0 0  0 0  0 0 0 0  0 0  0  0 0  0   |
      | 0 0 0  0 0 0 0 0 0 0 0 0 0 0 0 0 0 0 0 0 0 0 0  0  0  0 0 0 0 0  0  0  0 0 0 0 0 0 0 0 0 0 0  0 0  0 0 0 0  0 0  0  0 0  0   |
      | 0 0 0  0 0 0 0 0 0 0 0 0 0 0 0 0 0 0 0 0 0 0 0  0  0  0 0 0 0 0  0  0  0 0 0 0 0 0 0 0 0 0 0  0 0  0 0 0 0  0 0  0  0 0  0   |
      | 0 0 0  0 0 0 0 0 0 0 0 0 0 0 0 0 0 0 0 0 0 0 0  0  0  0 0 0 0 0  0  0  0 0 0 0 0 0 0 0 0 0 0  0 0  0 0 0 0  0 0  0  0 0  0   |
      | 0 0 0  0 0 0 0 0 0 0 0 0 0 0 0 0 0 0 0 0 0 0 -1 0  0  0 0 0 0 0  0  0  0 0 0 0 0 0 0 0 0 0 0  0 0  0 0 0 0  0 0  0  0 0  0   |
      | 0 0 0  0 0 0 0 0 0 0 0 0 0 0 0 0 0 0 0 0 0 0 0  -1 0  0 0 0 0 0  0  0  0 0 0 0 0 0 0 0 0 0 0  0 0  0 0 0 0  0 0  0  0 0  0   |
      | 0 0 0  0 0 0 0 0 0 0 0 0 0 0 0 0 0 0 0 0 0 0 0  0  -1 0 0 0 0 0  0  0  0 0 0 0 0 0 0 0 0 0 0  0 0  0 0 0 0  0 0  0  0 0  0   |
      | 0 0 0  0 0 0 0 0 0 0 0 0 0 0 0 0 0 0 0 0 0 0 0  0  0  0 0 0 0 0  0  0  0 0 0 0 0 0 0 0 0 0 0  0 0  0 0 0 0  0 0  0  0 0  0   |
      | 0 0 0  0 0 0 0 0 0 0 0 0 0 0 0 0 0 0 0 0 0 0 0  0  0  0 0 0 0 0  0  0  0 0 0 0 0 0 0 0 0 0 0  0 0  0 0 0 0  0 0  0  0 0  0   |
      | 0 0 0  0 0 0 0 0 0 0 0 0 0 0 0 0 0 0 0 0 0 0 0  0  0  0 0 0 0 0  0  0  0 0 0 0 0 0 0 0 0 0 0  0 0  0 0 0 0  0 0  0  0 0  0   |
      | 0 0 0  0 0 0 0 0 0 0 0 0 0 0 0 0 0 0 0 0 0 0 0  0  0  0 0 0 0 0  0  0  0 0 0 0 0 0 0 0 0 0 0  0 0  0 0 0 0  0 0  0  0 0  0   |
      | 0 0 0  0 0 0 0 0 0 0 0 0 0 0 0 0 0 0 0 0 0 0 0  0  0  0 0 0 0 0  0  0  0 0 0 0 0 0 0 0 0 0 0  0 0  0 0 0 0  0 0  0  0 0  0   |
      | 0 0 0  0 0 0 0 0 0 0 0 0 0 0 0 0 0 0 0 0 0 0 0  0  0  0 0 0 0 0  0  0  0 0 0 0 0 0 0 0 0 0 0  0 0  0 0 0 0  0 0  0  0 0  0   |
      | 0 0 0  0 0 0 0 0 0 0 0 0 0 0 0 0 0 0 0 0 0 0 0  0  0  0 0 0 0 0  0  0  0 0 0 0 0 0 0 0 0 0 0  0 0  0 0 0 0  0 0  0  0 0  0   |

               55       55
o20 : Matrix QQ   <-- QQ

i21 : ea36.prettyBlockPowerRanks A

      +---+---+---+---+-----+
o21 = |g00|g10|g01|g11|total|
      +---+---+---+---+-----+
      |0  |10 |10 |0  |20   |
      +---+---+---+---+-----+
      |0  |0  |0  |1  |1    |
      +---+---+---+---+-----+
      |0  |0  |0  |0  |0    |
      +---+---+---+---+-----+
      |0  |0  |0  |0  |0    |
      +---+---+---+---+-----+
      |0  |0  |0  |0  |0    |
      +---+---+---+---+-----+

i22 : 
