-- -*- M2-comint -*- hash: 18355735290354218920

i1 : ea = exteriorExtension(3, 6, e, QQ);

i2 : A = ea.ad(first ea.bases#1);

              55       55
o2 : Matrix QQ   <-- QQ

i3 : ea.prettyBlockPowerRanks(A)

     +---+---+---+---+-----+
o3 = |g00|g10|g01|g11|total|
     +---+---+---+---+-----+
     |0  |10 |10 |0  |20   |
     +---+---+---+---+-----+
     |0  |0  |0  |1  |1    |
     +---+---+---+---+-----+
     |0  |0  |0  |0  |0    |
     +---+---+---+---+-----+
     |0  |0  |0  |0  |0    |
     +---+---+---+---+-----+
     |0  |0  |0  |0  |0    |
     +---+---+---+---+-----+

i4 : 
