-- -*- M2-comint -*- hash: 2109119194581947685

i1 : S = ZZ/101[x,y]

o1 = S

o1 : PolynomialRing

i2 : R = S/ideal(x^2,y^2,x*y)

o2 = R

o2 : QuotientRing

i3 : KR = koszulComplexDGA(ideal R)

o3 = {Ring => S                          }
      Underlying algebra => S[T   ..T   ]
                               1,1   1,3
                        2   2
      Differential => {x , y , x*y}

o3 : DGAlgebra

i4 : lastCyclesDegree = 4

o4 = 4

i5 : A = acyclicClosure(KR, EndDegree => lastCyclesDegree)

o5 = {Ring => S                                                                                                                                                                                                                                                                                                                                                                                                                                                                                                                                                                                                                   }
      Underlying algebra => S[T   ..T   , T   ..T   , T   ..T   , T   ..T   , T   ..T    ]
                               1,1   1,3   2,1   2,2   3,1   3,3   4,1   4,6   5,1   5,11
                        2   2                                                                                                                                                                                                                                                                                               2                                                2                                                                                                  2                                                                                                    2
      Differential => {x , y , x*y, x*T    - y*T   , - y*T    + x*T   , T   T    + y*T   , - T   T    + x*T    + y*T   , - T   T    + x*T   , - T   T    + y*T   , - T   T    + x*T   , - T   T    - T   T    + y*T   , - T   T    - T   T    + x*T   , - T   T    + y*T   , - T   T    + x*T   , - T   T    + y*T   , - 50T    - T   T    + x*T   , - T   T    + y*T   , 50T    - T   T    + y*T   , T   T    + x*T    - y*T   , - T   T    - T   T    + x*T    + y*T   , - 50T    - T   T    + x*T   , - T   T    - T   T    - T   T    + y*T    + y*T   , - T   T    + x*T   , 50T    - T   T    + y*T   , - T   T    + x*T   }
                                       1,2      1,3       1,1      1,3   1,2 1,3      2,1     1,1 1,2      2,1      2,2     1,1 1,3      2,2     1,2 2,1      3,1     1,3 2,1      3,1     1,3 2,1    1,2 2,2      3,2     1,1 2,1    1,3 2,2      3,2     1,3 2,2      3,3     1,1 2,2      3,3     1,2 3,1      4,1       2,1    1,3 3,1      4,1     1,3 3,1      4,2     2,1    1,2 3,2      4,3   2,1 2,2      4,3      4,4     1,1 3,1    1,3 3,2      4,2      4,4       2,2    1,1 3,2      4,4     2,1 2,2    1,3 3,2    1,2 3,3      4,4      4,5     1,3 3,3      4,5     2,2    1,3 3,3      4,6     1,1 3,3      4,6

o5 : DGAlgebra

i6 : bracketMatrix(A,1,1)

o6 = | 2T_(1,1) T_(1,3)  |
     | T_(1,3)  2T_(1,2) |

                                                                            2                                                                     2
o6 : Matrix (S[T   ..T   , T   ..T   , T   ..T   , T   ..T   , T   ..T    ])  <-- (S[T   ..T   , T   ..T   , T   ..T   , T   ..T   , T   ..T    ])
                1,1   1,3   2,1   2,2   3,1   3,3   4,1   4,6   5,1   5,11            1,1   1,3   2,1   2,2   3,1   3,3   4,1   4,6   5,1   5,11

i7 : bracketMatrix(A,2,1)

o7 = | 0       -T_(2,2) |
     | T_(2,1) 0        |
     | T_(2,2) -T_(2,1) |

                                                                            3                                                                     2
o7 : Matrix (S[T   ..T   , T   ..T   , T   ..T   , T   ..T   , T   ..T    ])  <-- (S[T   ..T   , T   ..T   , T   ..T   , T   ..T   , T   ..T    ])
                1,1   1,3   2,1   2,2   3,1   3,3   4,1   4,6   5,1   5,11            1,1   1,3   2,1   2,2   3,1   3,3   4,1   4,6   5,1   5,11

i8 : bracketMatrix(A,2,2)

o8 = | 0       -T_(3,2) -T_(3,3) |
     | T_(3,2) 0        T_(3,1)  |
     | T_(3,3) -T_(3,1) 0        |

                                                                            3                                                                     3
o8 : Matrix (S[T   ..T   , T   ..T   , T   ..T   , T   ..T   , T   ..T    ])  <-- (S[T   ..T   , T   ..T   , T   ..T   , T   ..T   , T   ..T    ])
                1,1   1,3   2,1   2,2   3,1   3,3   4,1   4,6   5,1   5,11            1,1   1,3   2,1   2,2   3,1   3,3   4,1   4,6   5,1   5,11

i9 : bracketMatrix(A,1,1) - transpose bracketMatrix(A,1,1)

o9 = 0

                                                                            2                                                                     2
o9 : Matrix (S[T   ..T   , T   ..T   , T   ..T   , T   ..T   , T   ..T    ])  <-- (S[T   ..T   , T   ..T   , T   ..T   , T   ..T   , T   ..T    ])
                1,1   1,3   2,1   2,2   3,1   3,3   4,1   4,6   5,1   5,11            1,1   1,3   2,1   2,2   3,1   3,3   4,1   4,6   5,1   5,11

i10 : bracketMatrix(A,2,1) + transpose bracketMatrix(A,1,2)

o10 = 0

                                                                             3                                                                     2
o10 : Matrix (S[T   ..T   , T   ..T   , T   ..T   , T   ..T   , T   ..T    ])  <-- (S[T   ..T   , T   ..T   , T   ..T   , T   ..T   , T   ..T    ])
                 1,1   1,3   2,1   2,2   3,1   3,3   4,1   4,6   5,1   5,11            1,1   1,3   2,1   2,2   3,1   3,3   4,1   4,6   5,1   5,11

i11 : 
