-- -*- M2-comint -*- hash: 11959075713896103084

i1 : kk = ZZ/101

o1 = kk

o1 : QuotientRing

i2 : S = kk[x,y,z]

o2 = S

o2 : PolynomialRing

i3 : R = S/ideal(x^2,y^2,z^2-x*y,x*z, y*z)

o3 = R

o3 : QuotientRing

i4 : lastCyclesDegree = 4

o4 = 4

i5 : KR = koszulComplexDGA(ideal R)

o5 = {Ring => S                                     }
      Underlying algebra => S[T   ..T   ]
                               1,1   1,5
                        2   2           2
      Differential => {x , y , - x*y + z , x*z, y*z}

o5 : DGAlgebra

i6 : A = acyclicClosure(KR, EndDegree => lastCyclesDegree);

i7 : p2 = allgens(A,1) -- dual generators of Pi^2

o7 = {T   , T   , T   , T   , T   }
       1,1   1,2   1,3   1,4   1,5

o7 : List

i8 : p3 = allgens(A,2) -- dual generators of Pi^3

o8 = {T   , T   , T   , T   , T   }
       2,1   2,2   2,3   2,4   2,5

o8 : List

i9 : a5 = allgens(A,4) -- generators of A of homological degree 5

o9 = {T   , T   , T   , T   , T   , T   , T   , T   , T   , T    , T    ,
       4,1   4,2   4,3   4,4   4,5   4,6   4,7   4,8   4,9   4,10   4,11 
     ------------------------------------------------------------------------
     T    , T    , T    , T    , T    , T    , T    , T    , T    , T    ,
      4,12   4,13   4,14   4,15   4,16   4,17   4,18   4,19   4,20   4,21 
     ------------------------------------------------------------------------
     T    , T    , T    }
      4,22   4,23   4,24

o9 : List

i10 : bracket(A, {sum p2, sum p3})

o10 = - 2T    + T    + T    - T    + 2T    - T    - 2T    - 3T    - 2T    -
          4,1    4,2    4,3    4,4     4,5    4,6     4,7     4,8     4,9  
      -----------------------------------------------------------------------
      T     - T     + 2T     + 3T     + T     + T     - 2T     - T     -
       4,10    4,11     4,12     4,13    4,14    4,15     4,16    4,17  
      -----------------------------------------------------------------------
      T     - 2T     - 2T     + 2T
       4,18     4,20     4,22     4,23

o10 : S[T   ..T   , T   ..T    , T   ..T    , T   ..T    ]
         1,1   2,5   3,1   3,10   4,1   4,24   5,1   5,55

i11 : bracket(A,{sum p2, sum p3}, sum a5)

o11 = -8

o11 : S[T   ..T   , T   ..T    , T   ..T    , T   ..T    ]
         1,1   2,5   3,1   3,10   4,1   4,24   5,1   5,55

i12 : H = bracket(A,2,3);

i13 : #keys H

o13 = 600

i14 : H' = select(keys H, k->H#k != 0);

i15 : H'

o15 = {({T   , T   }, T   T    + T   T    - z*T    + y*T    ), ({T   , T   },
          1,3   2,5    1,5 2,1    1,3 2,5      3,8      3,10      1,5   2,1  
      -----------------------------------------------------------------------
      T   T    + T   T    - z*T    + y*T    ), ({T   , T   }, - T   T    -
       1,5 2,1    1,3 2,5      3,8      3,10      1,4   2,5      1,5 2,2  
      -----------------------------------------------------------------------
      T   T    + z*T    + z*T    ), ({T   , T   }, - T   T    - T   T    +
       1,4 2,5      3,2      3,10      1,1   2,1      1,1 2,1    1,4 2,2  
      -----------------------------------------------------------------------
      x*T   ), ({T   , T   }, T   T    + T   T    - z*T    + x*T   ), ({T   ,
         3,1      1,3   2,4    1,5 2,3    1,3 2,4      3,5      3,6      1,4 
      -----------------------------------------------------------------------
      T   }, T   T    + T   T    - z*T    + y*T   ), ({T   , T   }, -
       2,1    1,4 2,1    1,3 2,2      3,1      3,3      1,5   2,5    
      -----------------------------------------------------------------------
      T   T    + y*T   ), ({T   , T   }, T   T    - T   T    + x*T    ),
       1,5 2,5      3,8      1,4   2,1    1,4 2,1    1,1 2,5      3,10  
      -----------------------------------------------------------------------
      ({T   , T   }, - T   T    - T   T    + x*T   ), ({T   , T   }, T   T   
         1,4   2,2      1,1 2,1    1,4 2,2      3,1      1,2   2,1    1,2 2,1
      -----------------------------------------------------------------------
      + T   T    + T   T    + y*T    - z*T   ), ({T   , T   }, T   T    -
         1,3 2,3    1,4 2,4      3,4      3,7      1,5   2,5    1,4 2,4  
      -----------------------------------------------------------------------
      T   T    - z*T    + z*T   ), ({T   , T   }, T   T    + T   T    +
       1,5 2,5      3,7      3,9      1,3   2,3    1,2 2,1    1,3 2,3  
      -----------------------------------------------------------------------
      T   T    + y*T    - z*T   ), ({T   , T   }, T   T    + y*T    -
       1,4 2,4      3,4      3,7      1,3   2,1    1,3 2,1      3,1  
      -----------------------------------------------------------------------
      z*T   ), ({T   , T   }, - T   T    - T   T    + z*T    + z*T    ),
         3,2      1,5   2,2      1,5 2,2    1,4 2,5      3,2      3,10  
      -----------------------------------------------------------------------
      ({T   , T   }, T   T    + T   T    - z*T    + y*T   ), ({T   , T   }, -
         1,3   2,2    1,4 2,1    1,3 2,2      3,1      3,3      1,2   2,4    
      -----------------------------------------------------------------------
      T   T    + y*T   ), ({T   , T   }, - T   T    - T   T    - z*T    +
       1,2 2,4      3,6      1,1   2,4      1,5 2,1    1,1 2,4      3,4  
      -----------------------------------------------------------------------
      x*T   ), ({T   , T   }, - T   T    + z*T   ), ({T   , T   }, T   T    -
         3,7      1,4   2,2      1,4 2,2      3,3      1,1   2,5    1,4 2,1  
      -----------------------------------------------------------------------
      T   T    + x*T    ), ({T   , T   }, - T   T    + z*T   ), ({T   ,
       1,1 2,5      3,10      1,5   2,4      1,5 2,4      3,6      1,3 
      -----------------------------------------------------------------------
      T   }, T   T    - z*T    + x*T   ), ({T   , T   }, - T   T    -
       2,2    1,3 2,2      3,1      3,2      1,5   2,1      1,5 2,1  
      -----------------------------------------------------------------------
      T   T    - z*T    + x*T   ), ({T   , T   }, T   T    + T   T    -
       1,1 2,4      3,4      3,7      1,5   2,3    1,5 2,3    1,3 2,4  
      -----------------------------------------------------------------------
      z*T    + x*T   ), ({T   , T   }, - T   T    - T   T    + y*T    +
         3,5      3,6      1,4   2,3      1,2 2,2    1,4 2,3      3,2  
      -----------------------------------------------------------------------
      z*T   ), ({T   , T   }, T   T    - z*T    + y*T   ), ({T   , T   }, -
         3,4      1,3   2,4    1,3 2,4      3,5      3,7      1,3   2,1    
      -----------------------------------------------------------------------
      T   T    - T   T    - T   T    + z*T    + x*T   ), ({T   , T   }, -
       1,3 2,1    1,5 2,2    1,1 2,3      3,2      3,4      1,1   2,2    
      -----------------------------------------------------------------------
      T   T    + x*T   ), ({T   , T   }, - T   T    - T   T    + y*T   ),
       1,1 2,2      3,3      1,5   2,4      1,2 2,3    1,5 2,4      3,5  
      -----------------------------------------------------------------------
      ({T   , T   }, - T   T    + T   T    - z*T    + x*T   ), ({T   , T   },
         1,3   2,5      1,4 2,3    1,3 2,5      3,8      3,9      1,2   2,2  
      -----------------------------------------------------------------------
      - T   T    - T   T    + y*T    + z*T   ), ({T   , T   }, - T   T    +
         1,2 2,2    1,4 2,3      3,2      3,4      1,4   2,3      1,4 2,3  
      -----------------------------------------------------------------------
      T   T    - z*T    + x*T   ), ({T   , T   }, - T   T    - T   T    +
       1,3 2,5      3,8      3,9      1,2   2,5      1,5 2,3    1,2 2,5  
      -----------------------------------------------------------------------
      y*T   ), ({T   , T   }, - T   T    + x*T   ), ({T   , T   }, - T   T   
         3,9      1,4   2,5      1,4 2,5      3,8      1,5   2,3      1,5 2,3
      -----------------------------------------------------------------------
      - T   T    + y*T   ), ({T   , T   }, T   T    + x*T    - z*T   ),
         1,2 2,5      3,9      1,3   2,3    1,3 2,3      3,5      3,7  
      -----------------------------------------------------------------------
      ({T   , T   }, - T   T    - T   T    - T   T    + z*T    + x*T   ),
         1,1   2,3      1,3 2,1    1,5 2,2    1,1 2,3      3,2      3,4  
      -----------------------------------------------------------------------
      ({T   , T   }, T   T    - T   T    - z*T    + z*T   ), ({T   , T   }, -
         1,4   2,4    1,4 2,4    1,5 2,5      3,7      3,9      1,2   2,3    
      -----------------------------------------------------------------------
      T   T    - T   T    + y*T   ), ({T   , T   }, - T   T    - T   T    -
       1,2 2,3    1,5 2,4      3,5      1,5   2,2      1,3 2,1    1,5 2,2  
      -----------------------------------------------------------------------
      T   T    + z*T    + x*T   ), ({T   , T   }, T   T    + T   T    +
       1,1 2,3      3,2      3,4      1,4   2,4    1,2 2,1    1,3 2,3  
      -----------------------------------------------------------------------
      T   T    + y*T    - z*T   )}
       1,4 2,4      3,4      3,7

o15 : List

i16 : H#(H'_0)

o16 = 1

o16 : S[T   ..T   , T   ..T    , T   ..T    , T   ..T    ]
         1,1   2,5   3,1   3,10   4,1   4,24   5,1   5,55

i17 : bracketMatrix(A,1,2)

o17 = | 0        -T_(2,3) -T_(2,1) -T_(2,2) -T_(2,5) |
      | -T_(2,1) 0        -T_(2,3) T_(2,5)  -T_(2,4) |
      | T_(2,2)  T_(2,4)  0        T_(2,1)  T_(2,3)  |

                                                                   3                                                           5
o17 : Matrix (S[T   ..T   , T   ..T    , T   ..T    , T   ..T    ])  <-- (S[T   ..T   , T   ..T    , T   ..T    , T   ..T    ])
                 1,1   2,5   3,1   3,10   4,1   4,24   5,1   5,55            1,1   2,5   3,1   3,10   4,1   4,24   5,1   5,55

i18 : bracketMatrix(A,2,1)

o18 = | 0       T_(2,1)  -T_(2,2) |
      | T_(2,3) 0        -T_(2,4) |
      | T_(2,1) T_(2,3)  0        |
      | T_(2,2) -T_(2,5) -T_(2,1) |
      | T_(2,5) T_(2,4)  -T_(2,3) |

                                                                   5                                                           3
o18 : Matrix (S[T   ..T   , T   ..T    , T   ..T    , T   ..T    ])  <-- (S[T   ..T   , T   ..T    , T   ..T    , T   ..T    ])
                 1,1   2,5   3,1   3,10   4,1   4,24   5,1   5,55            1,1   2,5   3,1   3,10   4,1   4,24   5,1   5,55

i19 : bracketMatrix(A,1,1)

o19 = | 2T_(1,1) -T_(1,3) T_(1,4)  |
      | -T_(1,3) 2T_(1,2) T_(1,5)  |
      | T_(1,4)  T_(1,5)  2T_(1,3) |

                                                                   3                                                           3
o19 : Matrix (S[T   ..T   , T   ..T    , T   ..T    , T   ..T    ])  <-- (S[T   ..T   , T   ..T    , T   ..T    , T   ..T    ])
                 1,1   2,5   3,1   3,10   4,1   4,24   5,1   5,55            1,1   2,5   3,1   3,10   4,1   4,24   5,1   5,55

i20 : 
