-- -*- M2-comint -*- hash: 4745993128313840487

i1 : needsPackage "SimplicialComplexes"

o1 = SimplicialComplexes

o1 : Package

i2 : R = QQ[x,y]

o2 = R

o2 : PolynomialRing

i3 : K = simplicialComplex {x, y}

o3 = simplicialComplex | y x |

o3 : SimplicialComplex

i4 : Z = momentAngleComplex K

o4 = MomentAngleComplex{MACSimplicialComplex => simplicialComplex | y x |}

o4 : MomentAngleComplex

i5 : bettiMAC Z

o5 = {1, 0, 0, 1, 0}

o5 : List

i6 : needsPackage "SimplicialComplexes"

o6 = SimplicialComplexes

o6 : Package

i7 : R = QQ[x..z]

o7 = R

o7 : PolynomialRing

i8 : K = simplicialComplex {x, y*z}

o8 = simplicialComplex | x yz |

o8 : SimplicialComplex

i9 : Z = momentAngleComplex K

o9 = MomentAngleComplex{MACSimplicialComplex => simplicialComplex | x yz |}

o9 : MomentAngleComplex

i10 : bettiMAC (3, Z)

o10 = 2

i11 : needsPackage "SimplicialComplexes"

o11 = SimplicialComplexes

o11 : Package

i12 : R = QQ[x..z]

o12 = R

o12 : PolynomialRing

i13 : K = simplicialComplex {x*y, y*z, x*z}

o13 = simplicialComplex | yz xz xy |

o13 : SimplicialComplex

i14 : Z = momentAngleComplex K

o14 = MomentAngleComplex{MACSimplicialComplex => simplicialComplex | yz xz xy |}

o14 : MomentAngleComplex

i15 : bettiMAC Z

o15 = {1, 0, 0, 0, 0, 1, 0}

o15 : List

i16 : 
