-- -*- M2-comint -*- hash: 2960503513153802769

i1 : needsPackage "SimplicialComplexes"

o1 = SimplicialComplexes

o1 : Package

i2 : R = QQ[a..c]

o2 = R

o2 : PolynomialRing

i3 : K = simplicialComplex {a*b, b*c, c*a}

o3 = simplicialComplex | bc ac ab |

o3 : SimplicialComplex

i4 : lambda = matrix{{1, 0, -1}, {0, 1, -1}}

o4 = | 1 0 -1 |
     | 0 1 -1 |

              2       3
o4 : Matrix ZZ  <-- ZZ

i5 : X = quasiToricManifold(K, lambda)

o5 = QuasiToricManifold{QTMCharacteristicMatrix => | 1 0 -1 |                 }
                                                   | 0 1 -1 |
                        QTMDimension => 4
                        QTMSimplicialComplex => simplicialComplex | bc ac ab |

o5 : QuasiToricManifold

i6 : 
