-- -*- M2-comint -*- hash: 13809416985426758634

i1 : needsPackage "SimplicialComplexes"

o1 = SimplicialComplexes

o1 : Package

i2 : R = QQ[a..d]

o2 = R

o2 : PolynomialRing

i3 : K = simplicialComplex {a*b, b*c, c*d, d*a}

o3 = simplicialComplex | cd ad bc ab |

o3 : SimplicialComplex

i4 : lambda = matrix{{1, 0, 1, 0}, {0, 1, 0, 1}}

o4 = | 1 0 1 0 |
     | 0 1 0 1 |

              2       4
o4 : Matrix ZZ  <-- ZZ

i5 : X = smallCover(K, lambda)

o5 = SmallCover{QTMCharacteristicMatrix => | 1 0 1 0 |                   }
                                           | 0 1 0 1 |
                QTMDimension => 2
                QTMSimplicialComplex => simplicialComplex | cd ad bc ab |

o5 : SmallCover

i6 : 
