-- -*- M2-comint -*- hash: 17899863603730762469

i1 : R = ZZ/101[a,b,c]

o1 = R

o1 : PolynomialRing

i2 : kRes = freeResolution coker vars R

      1      3      3      1
o2 = R  <-- R  <-- R  <-- R
                           
     0      1      2      3

o2 : Complex

i3 : multBya = extend(kRes,kRes ** R^{-1},matrix{{a}})

          1             1
o3 = 0 : R  <--------- R  : 0
               | a |

          3                     3
     1 : R  <----------------- R  : 1
               {1} | a b c |
               {1} | 0 0 0 |
               {1} | 0 0 0 |

          3         3
     2 : R  <----- R  : 2
               0

          1         1
     3 : R  <----- R  : 3
               0

o3 : ComplexMap

i4 : isQuism(multBya)

o4 = false

i5 : F = extend(kRes,kRes,matrix{{1_R}})

          1             1
o5 = 0 : R  <--------- R  : 0
               | 1 |

          3                     3
     1 : R  <----------------- R  : 1
               {1} | 1 0 0 |
               {1} | 0 1 0 |
               {1} | 0 0 1 |

          3                     3
     2 : R  <----------------- R  : 2
               {2} | 1 0 0 |
               {2} | 0 1 0 |
               {2} | 0 0 1 |

          1                 1
     3 : R  <------------- R  : 3
               {3} | 1 |

o5 : ComplexMap

i6 : isQuism(F)

o6 = true

i7 : 
