-- -*- M2-comint -*- hash: 10039136658873466325

i1 : E=ZZ/101[e_0,e_1,SkewCommutative=>true];

i2 : F=freeResolution(ideal vars E, LengthLimit => 5);

i3 : C=dual freeResolution (coker transpose F.dd_3,LengthLimit=>8)[-3]

      5      4      3      2      1      1      2      3      4
o3 = E  <-- E  <-- E  <-- E  <-- E  <-- E  <-- E  <-- E  <-- E
                                                              
     -5     -4     -3     -2     -1     0      1      2      3

o3 : Complex

i4 : C1=trivialHomologicalTruncation(C,-2,2)

             2      1      1      2      3
o4 = 0  <-- E  <-- E  <-- E  <-- E  <-- E  <-- 0
                                                
     -3     -2     -1     0      1      2      3

o4 : Complex

i5 : C2=trivialHomologicalTruncation(C1,-3,3)

                    2      1      1      2      3
o5 = 0  <-- 0  <-- E  <-- E  <-- E  <-- E  <-- E  <-- 0 <-- 0
                                                             
     -4     -3     -2     -1     0      1      2      3     4

o5 : Complex

i6 : C3=trivialHomologicalTruncation(C2,2,2)

            3
o6 = 0 <-- E
            
     1     2

o6 : Complex

i7 : 
