-- -*- M2-comint -*- hash: 1185554444374889304

i1 : A = matrix {{1,1,1,0,0,0}, {0,0,0,1,1,1}, {1,0,0,1,0,0}, {0,1,0,0,1,0}, {0,0,1,0,0,1}}

o1 = | 1 1 1 0 0 0 |
     | 0 0 0 1 1 1 |
     | 1 0 0 1 0 0 |
     | 0 1 0 0 1 0 |
     | 0 0 1 0 0 1 |

              5       6
o1 : Matrix ZZ  <-- ZZ

i2 : R = QQ[x_(1,1)..x_(2,3)];

i3 : S = QQ[t_1..t_2, s_1..s_3];

i4 : F = map(S, R, {t_1*s_1, t_1*s_2, t_1*s_3, t_2*s_1, t_2*s_2, t_2*s_3})

o4 = map (S, R, {t s , t s , t s , t s , t s , t s })
                  1 1   1 2   1 3   2 1   2 2   2 3

o4 : RingMap S <-- R

i5 : maxGrading(F)

o5 = | 1 1 1 0 0 0 |
     | 0 0 0 1 1 1 |
     | 1 0 0 1 0 0 |
     | 0 1 0 0 1 0 |
     | 0 0 1 0 0 1 |

              5       6
o5 : Matrix ZZ  <-- ZZ

i6 : maxGrading(F, ReturnTargetGrading => true)

o6 = | 1 1 1 0 0 0 1 0 0 0 0 |
     | 0 0 0 1 1 1 0 1 0 0 0 |
     | 1 0 0 1 0 0 0 0 1 0 0 |
     | 0 1 0 0 1 0 0 0 0 1 0 |
     | 0 0 1 0 0 1 0 0 0 0 1 |

              5       11
o6 : Matrix ZZ  <-- ZZ

i7 : 
