-- -*- M2-comint -*- hash: 7286244408711320331

i1 : setRandomSeed 0
 -- setting random seed to 0

o1 = 0

i2 : needsPackage "RandomIdeals"

o2 = RandomIdeals

o2 : Package

i3 : S = ZZ/32003[x_0..x_6]

o3 = S

o3 : PolynomialRing

i4 : L = idealChainFromShelling(S,randomShelling(7,3,8))

o4 = {monomialIdeal (x , x , x ), monomialIdeal (x , x , x x ), monomialIdeal
                      0   3   5                   0   3   2 5                
     ------------------------------------------------------------------------
     (x , x , x x x ), monomialIdeal (x , x x , x x , x x x ), monomialIdeal
       0   3   2 4 5                   0   2 3   3 4   2 4 5                
     ------------------------------------------------------------------------
     (x , x x , x x , x x x x ), monomialIdeal (x x , x x , x x , x x , x x ,
       0   2 3   3 4   2 4 5 6                   0 2   0 3   2 3   0 4   3 4 
     ------------------------------------------------------------------------
     x x x x ), monomialIdeal (x x , x x , x x , x x x , x x , x x x x ),
      2 4 5 6                   0 2   0 3   2 3   0 1 4   3 4   2 4 5 6  
     ------------------------------------------------------------------------
     monomialIdeal (x x , x x , x x , x x x , x x , x x x x x )}
                     0 2   0 3   2 3   0 1 4   3 4   1 2 4 5 6

o4 : List

i5 : apply(L, I-> {linkageBound I, linkageBound(I, UseNormalModule =>true)})

o5 = {{0, 0}, {0, 0}, {6, 0}, {12, 2}, {18, 2}, {24, 12}, {30, 12}, {36, 12}}

o5 : List

i6 : scan(L, I ->print isLicci(I, UseNormalModule => true))
true
true
true
true
true
false
false
false

i7 : 
