-- -*- M2-comint -*- hash: 18021799224530404362

i1 : p = 5;

i2 : R = ZZ/p[x,y,z]/(ideal(x^p,y^p)+(ideal(x,y,z))^(p+1));

i3 : M = module ideal(z);

i4 : iota = map(R^1,M,matrix{{z}});

             1
o4 : Matrix R  <-- M

i5 : psi = map(R^2,M,matrix{{x},{y}});

             2
o5 : Matrix R  <-- M

i6 : phi = versalEmbedding(M);

             3
o6 : Matrix R  <-- M

i7 : Iiota = symmetricKernel iota;

                                                                                             R[w ]
                                                                                                0
o7 : Ideal of ------------------------------------------------------------------------------------------------------------------------------------------------------------------
                5       4       4     2 3         3     2 3     3 2       2 2     2   2     3 2     4         3       2 2       3         4         4     2 3     3 2     4
              (z w , y*z w , x*z w , y z w , x*y*z w , x z w , y z w , x*y z w , x y*z w , x z w , y z*w , x*y z*w , x y z*w , x y*z*w , x z*w , x*y w , x y w , x y w , x y*w )
                  0       0       0       0         0       0       0         0         0       0       0         0         0         0       0       0       0       0       0

i8 : Ipsi = symmetricKernel psi;

                                                                                             R[w ]
                                                                                                0
o8 : Ideal of ------------------------------------------------------------------------------------------------------------------------------------------------------------------
                5       4       4     2 3         3     2 3     3 2       2 2     2   2     3 2     4         3       2 2       3         4         4     2 3     3 2     4
              (z w , y*z w , x*z w , y z w , x*y*z w , x z w , y z w , x*y z w , x y*z w , x z w , y z*w , x*y z*w , x y z*w , x y*z*w , x z*w , x*y w , x y w , x y w , x y*w )
                  0       0       0       0         0       0       0         0         0       0       0         0         0         0       0       0       0       0       0

i9 : Iphi = symmetricKernel phi;

                                                                                             R[w ]
                                                                                                0
o9 : Ideal of ------------------------------------------------------------------------------------------------------------------------------------------------------------------
                5       4       4     2 3         3     2 3     3 2       2 2     2   2     3 2     4         3       2 2       3         4         4     2 3     3 2     4
              (z w , y*z w , x*z w , y z w , x*y*z w , x z w , y z w , x*y z w , x y*z w , x z w , y z*w , x*y z*w , x y z*w , x y*z*w , x z*w , x*y w , x y w , x y w , x y*w )
                  0       0       0       0         0       0       0         0         0       0       0         0         0         0       0       0       0       0       0

i10 : Iiota == Iphi

o10 = true

i11 : Ipsi == Iphi

o11 = false

i12 : numcols basis(p,Iphi)

o12 = 3

i13 : numcols basis(p,Ipsi)

o13 = 1

i14 : 
