-- -*- M2-comint -*- hash: 8178274336749102957

i1 : n=3; D=2; p=0.5; N=4;

i5 : L = randomMonomialSets(n,D,p,N)

                      2         2             2   2               2       
o5 = {{x , x , x x , x , x x , x }, {x , x , x , x }, {x , x x , x , x x ,
        2   3   1 2   2   2 3   3     2   3   2   3     3   1 3   2   2 3 
     ------------------------------------------------------------------------
      2                 2         2         2
     x }, {x , x , x , x , x x , x , x x , x }}
      3     1   2   3   1   1 2   2   2 3   3

o5 : List

i6 : n=3; D=2; M=3; N=4;

i10 : L = randomMonomialSets(n,D,M,N)
9
9
9
9

         2       2           2                   2               2
o10 = {{x , x , x }, {x x , x , x }, {x x , x , x }, {x , x x , x }}
         3   1   2     2 3   2   2     2 3   3   3     1   2 3   2

o10 : List

i11 : n=3; D=2; N=4;

i14 : randomMonomialSets(n,D,{0.0,1.0},N)

         2               2         2     2               2         2     2 
o14 = {{x , x x , x x , x , x x , x }, {x , x x , x x , x , x x , x }, {x ,
         1   1 2   1 3   2   2 3   3     1   1 2   1 3   2   2 3   3     1 
      -----------------------------------------------------------------------
                   2         2     2               2         2
      x x , x x , x , x x , x }, {x , x x , x x , x , x x , x }}
       1 2   1 3   2   2 3   3     1   1 2   1 3   2   2 3   3

o14 : List

i15 : n=3; D=3; N=4;

i18 : randomMonomialSets(n,D,{1,0,3},N)

             3   3     2                 3   2           3     2   2         
o18 = {{x , x , x , x x }, {x , x x x , x , x x }, {x , x , x x , x x }, {x ,
         2   3   1   1 3     1   1 2 3   1   2 3     3   2   1 3   1 3     2 
      -----------------------------------------------------------------------
       2       2     2
      x x , x x , x x }}
       2 3   2 3   1 3

o18 : List

i19 : n=3; D=3; N=4;

i22 : randomMonomialSets(n,D,{1,0,3},N, Strategy=>"Minimal")

             2     3     2           2   3   2           3   3   2         
o22 = {{x , x x , x , x x }, {x , x x , x , x x }, {x , x , x , x x }, {x ,
         1   2 3   2   2 3     2   1 3   1   1 3     1   2   3   2 3     3 
      -----------------------------------------------------------------------
       3     2   3
      x , x x , x }}
       1   1 2   2

o22 : List

i23 : randomMonomialSets(n,D,{0.0,0.3,0.5},N, Strategy=>"Minimal")

         2     2             2   3   2       3   2       2     2       2 
o23 = {{x , x x , x x x , x x , x , x x }, {x , x x , x x }, {x x , x x ,
         1   1 2   1 2 3   1 3   2   2 3     1   1 3   1 2     1 3   1 2 
      -----------------------------------------------------------------------
               3   3                 3     2   3
      x x x , x , x }, {x x , x x , x , x x , x }}
       1 2 3   2   3     1 2   1 3   2   2 3   3

o23 : List

i24 : randomMonomialSets(n,D,0.1,N, Strategy=>"Minimal")

              2                 2   3     3     2     2
o24 = {{0}, {x , x x }, {x x , x , x }, {x , x x , x x }}
              2   2 3     1 3   2   1     1   1 3   2 3

o24 : List

i25 : ideals=idealsFromGeneratingSets(L)

                           2   2                                      
o25 = {monomialIdeal (x , x , x ), monomialIdeal x , monomialIdeal x ,
                       1   2   3                  2                 3 
      -----------------------------------------------------------------------
                          2
      monomialIdeal (x , x , x x )}
                      1   2   2 3

o25 : List

i26 : dimStats(ideals,ShowTally=>true)

o26 = (1.25, .829156, Tally{0 => 1})
                            1 => 1
                            2 => 2

o26 : Sequence

i27 : mingenStats ideals

o27 = (2, 1, 1.5, .5)

o27 : Sequence

i28 : bettiStats ideals

              0   1   2   3         0 1    2   3         1       2       3
o28 = (total: 1 1.5 .75  .5, total: 1 2  1.5  .5, total: 1 1.73205 .866025)
           0: 1   1   .   .      0: 1 1    .   .      1: 1 1.29904 .433013
           1: .  .5  .5 .25      1: . 1 1.25 .25      2: . .433013 .433013
           2: .   . .25 .25      2: . .  .25 .25

o28 : Sequence

i29 : sample1 = sample(ER(QQ[y,w],4,0.5),10)

o29 = Sample{...4...}

o29 : Sample

i30 : sample2 = sample(ER(ZZ/101[z_1..z_8],2,{0.25,0.75}),15)

o30 = Sample{...4...}

o30 : Sample

i31 : keys sample1

o31 = {SampleSize, ModelName, Data, Parameters}

o31 : List

i32 : sample2.Parameters

        ZZ
o32 = (---[z ..z ], 2, {.25, .75})
       101  1   8

o32 : Sequence

i33 : myData = getData(sample1);

i34 : myData_0

              2   2   3   2    3   4     3
o34 = {y, w, y , w , y , y w, w , y , y*w }

o34 : List

i35 : statistics(sample(ER(CC[z_1..z_8],5,0.1),100), degree@@ideal)

o35 = HashTable{Histogram => Tally{1 => 15 }}
                                   2 => 10
                                   3 => 5
                                   4 => 4
                                   5 => 2
                                   6 => 7
                                   7 => 8
                                   8 => 4
                                   9 => 4
                                   10 => 4
                                   12 => 2
                                   13 => 3
                                   14 => 2
                                   15 => 2
                                   16 => 2
                                   17 => 4
                                   18 => 5
                                   20 => 1
                                   21 => 5
                                   23 => 1
                                   26 => 1
                                   34 => 1
                                   36 => 1
                                   39 => 1
                                   40 => 1
                                   44 => 1
                                   81 => 1
                                   101 => 1
                                   138 => 1
                                   158 => 1
                        719
                Mean => ---
                         50
                StdDev => 24.1192

o35 : HashTable

i36 : R=ZZ/101[a..e];

i37 : randomMonomialSets(R,D,p,N)

                     2                            2        2   2    2    2  
o37 = {{a, b, c, e, a , a*b, a*c, a*e, b*c, c*d, d , d*e, e , a b, a d, a e,
      -----------------------------------------------------------------------
         2     2                   2          3   2    2    2             2 
      a*b , a*c , a*c*d, a*c*e, a*d , a*d*e, b , b c, b d, b e, b*c*d, b*d ,
      -----------------------------------------------------------------------
                2   3     2          3     2   3           2                
      b*d*e, b*e , c , c*d , c*d*e, d , d*e , e }, {a, c, a , a*b, b*c, c*e,
      -----------------------------------------------------------------------
       2        3   2    2                    2            2   2         
      d , d*e, a , a b, a c, a*b*d, a*b*e, a*c , a*d*e, a*e , b d, b*c*d,
      -----------------------------------------------------------------------
                2     2   3   2      2     2   3                     2      
      b*c*e, b*d , b*e , c , c d, c*d , d*e , e }, {a, d, a*b, a*c, b , b*c,
      -----------------------------------------------------------------------
                           2   3   2    2                                  2 
      b*d, b*e, c*d, c*e, e , a , a c, a d, a*b*c, a*b*d, a*b*e, a*c*e, a*d ,
      -----------------------------------------------------------------------
                2   2    2      2            2            2   3   2      2 
      a*d*e, a*e , b c, b d, b*c , b*c*d, b*d , b*d*e, b*e , c , c e, c*d ,
      -----------------------------------------------------------------------
              3        2                  2             2        2     2 
      c*d*e, e }, {d, a , a*b, a*c, a*e, b , b*c, c*d, d , d*e, e , a*b ,
      -----------------------------------------------------------------------
                       2     2            2   2      2            2        
      a*b*d, a*b*e, a*c , a*d , a*d*e, a*e , b d, b*c , b*c*d, b*d , b*d*e,
      -----------------------------------------------------------------------
       2    2      2     2
      c d, c e, c*d , d*e }}

o37 : List

i38 : randomMonomialSets(n,D,p,N,VariableName=>"t")

                             3   2     2       2     2   3         2   2   3 
o38 = {{t , t , t t , t t , t , t t , t t , t t , t t , t }, {t , t , t , t ,
         1   2   1 2   1 3   1   1 2   1 3   1 3   2 3   3     3   1   2   1 
      -----------------------------------------------------------------------
       2     2       2     2   3   2                 2   3   2             3 
      t t , t t , t t , t t , t , t t }, {t , t t , t , t , t t , t t t , t ,
       1 2   1 3   1 2   1 3   2   2 3     3   1 2   2   1   1 2   1 2 3   2 
      -----------------------------------------------------------------------
       3         2         2         3   2       2     2   2     3
      t }, {t , t , t t , t , t t , t , t t , t t , t t , t t , t }}
       3     2   1   1 3   2   2 3   1   1 2   1 2   1 3   2 3   3

o38 : List

i39 : randomMonomialSets(3,4,1.0,1)

                     2               2         2   3   2     2       2 
o39 = {{x , x , x , x , x x , x x , x , x x , x , x , x x , x x , x x ,
         1   2   3   1   1 2   1 3   2   2 3   3   1   1 2   1 3   1 2 
      -----------------------------------------------------------------------
                 2   3   2       2   3   4   3     3     2 2   2       2 2 
      x x x , x x , x , x x , x x , x , x , x x , x x , x x , x x x , x x ,
       1 2 3   1 3   2   2 3   2 3   3   1   1 2   1 3   1 2   1 2 3   1 3 
      -----------------------------------------------------------------------
         3     2         2     3   4   3     2 2     3   4
      x x , x x x , x x x , x x , x , x x , x x , x x , x }}
       1 2   1 2 3   1 2 3   1 3   2   2 3   2 3   2 3   3

o39 : List

i40 : monomialIdeal flatten oo

o40 = monomialIdeal (x , x , x )
                      1   2   3

o40 : MonomialIdeal of QQ[x ..x ]
                           1   3

i41 : randomMonomialIdeals(3,4,1.0,1)

o41 = {monomialIdeal (x , x , x )}
                       1   2   3

o41 : List

i42 : 
