-- -*- M2-comint -*- hash: 623905281051232179

i1 : a=4,b=4

o1 = (4, 4)

o1 : Sequence

i2 : d=carpetDet(a,b)
 -- .00809537s elapsed
 -- .0159057s elapsed
(number Of blocks, 26)
 -- .000267832s elapsed
1
 -- .00016504s elapsed
1
 -- .000177492s elapsed
1
 -- .000168636s elapsed
1
 -- .000174087s elapsed
2
 -- .000164077s elapsed
 2
2
 -- .000186159s elapsed
 2
2
 -- .000221406s elapsed
 2
2 3
 -- .000188554s elapsed
 2
2 3
 -- .000167614s elapsed
 2
2 3
 -- .000166392s elapsed
 2
2
 -- .000166221s elapsed
 2
2
 -- .000199424s elapsed
2
 -- .000190306s elapsed
2
 -- .000203843s elapsed
 2
2
 -- .000198803s elapsed
 2
2
 -- .000189776s elapsed
 2
2 3
 -- .000185849s elapsed
 2
2 3
 -- .000199845s elapsed
 2
2 3
 -- .000176821s elapsed
 2
2
 -- .000169959s elapsed
 2
2
 -- .000157795s elapsed
2
 -- .000160801s elapsed
1
 -- .00017105s elapsed
1
 -- .000169748s elapsed
1
 -- .000150122s elapsed
1

o2 = 3131031158784

i3 : factor d

      32 6
o3 = 2  3

o3 : Expression of class Product

i4 : 
