-- -*- M2-comint -*- hash: 11964461775233920208

i1 : a=5,b=5

o1 = (5, 5)

o1 : Sequence

i2 : elapsedTime T=carpetBettiTable(a,b,3)
 -- .00324194s elapsed
 -- .00886274s elapsed
 -- .0338707s elapsed
 -- .0140663s elapsed
 -- .00500589s elapsed
 -- .40176s elapsed

            0  1   2   3   4   5   6   7  8 9
o2 = total: 1 36 160 315 302 302 315 160 36 1
         0: 1  .   .   .   .   .   .   .  . .
         1: . 36 160 315 288  14   .   .  . .
         2: .  .   .   .  14 288 315 160 36 .
         3: .  .   .   .   .   .   .   .  . 1

o2 : BettiTally

i3 : J=canonicalCarpet(a+b+1,b,Characteristic=>3);

              ZZ
o3 : Ideal of --[x ..x , y ..y ]
               3  0   5   0   5

i4 : elapsedTime T'=minimalBetti J
 -- 1.10465s elapsed

            0  1   2   3   4   5   6   7  8 9
o4 = total: 1 36 160 315 302 302 315 160 36 1
         0: 1  .   .   .   .   .   .   .  . .
         1: . 36 160 315 288  14   .   .  . .
         2: .  .   .   .  14 288 315 160 36 .
         3: .  .   .   .   .   .   .   .  . 1

o4 : BettiTally

i5 : T-T'

            0 1 2 3 4 5 6 7 8 9
o5 = total: . . . . . . . . . .
         1: . . . . . . . . . .
         2: . . . . . . . . . .
         3: . . . . . . . . . .

o5 : BettiTally

i6 : elapsedTime h=carpetBettiTables(6,6);
 -- .00702032s elapsed
 -- .0248247s elapsed
 -- .142005s elapsed
 -- 1.48975s elapsed
 -- .620642s elapsed
 -- .219373s elapsed
 -- .00964624s elapsed
 -- 7.20488s elapsed

i7 : carpetBettiTable(h,7)

            0  1   2   3    4    5    6    7   8   9 10 11
o7 = total: 1 55 320 891 1408 1155 1155 1408 891 320 55  1
         0: 1  .   .   .    .    .    .    .   .   .  .  .
         1: . 55 320 891 1408 1155    .    .   .   .  .  .
         2: .  .   .   .    .    . 1155 1408 891 320 55  .
         3: .  .   .   .    .    .    .    .   .   .  .  1

o7 : BettiTally

i8 : carpetBettiTable(h,5)

            0  1   2   3    4    5    6    7   8   9 10 11
o8 = total: 1 55 320 891 1408 1275 1275 1408 891 320 55  1
         0: 1  .   .   .    .    .    .    .   .   .  .  .
         1: . 55 320 891 1408 1155  120    .   .   .  .  .
         2: .  .   .   .    .  120 1155 1408 891 320 55  .
         3: .  .   .   .    .    .    .    .   .   .  .  1

o8 : BettiTally

i9 : 
