-- -*- M2-comint -*- hash: 1729182891690704738

i1 : a=4

o1 = 4

i2 : (d1,d2)=resonanceDet(a)
 -- .0231805s elapsed
(number of blocks= , 18)
(size of the matrices, Tally{1 => 4})
                             2 => 6
                             3 => 2
                             4 => 6
       0 1
total: 1 1
    7: 1 1
 -- .000050054s elapsed
(e )(-1)
  1
       0 1
total: 2 2
    7: 2 .
    8: . 2
 -- .000103523s elapsed
    2
(e ) (e )(-1)
  1    2
       0 1
total: 2 2
    7: 2 .
    8: . .
    9: . 2
 -- .000083867s elapsed
    2    2
(e ) (e )
  1    2
       0 1
total: 3 3
    7: 2 .
    8: 1 .
    9: . 1
   10: . 2
 -- .000099867s elapsed
    2    4
(e ) (e ) (-3)
  1    2
       0 1
total: 4 4
    7: 1 .
    8: 1 .
    9: 2 2
   10: . 1
   11: . 1
 -- .000148117s elapsed
    2    4
(e ) (e ) (3)
  1    2
       0 1
total: 4 4
    8: 1 .
    9: 2 1
   10: 1 2
   11: . 1
 -- .000111288s elapsed
    2    3
(e ) (e ) (3)
  1    2
       0 1
total: 1 1
    9: 1 1
 -- .000031569s elapsed
(e )(-1)
  1
       0 1
total: 2 2
    9: 1 1
   10: 1 1
 -- .00008511s elapsed
    2
(e )
  1
       0 1
total: 4 4
    9: 2 1
   10: 1 1
   11: 1 2
 -- .00010649s elapsed
    2    2
(e ) (e ) (-1)
  1    2
       0 1
total: 4 4
    9: 1 .
   10: 2 1
   11: 1 2
   12: . 1
 -- .000106269s elapsed
    2    3
(e ) (e ) (3)
  1    2
       0 1
total: 4 4
    9: 1 .
   10: 1 .
   11: 2 2
   12: . 1
   13: . 1
 -- .000102812s elapsed
    2    4
(e ) (e ) (3)
  1    2
       0 1
total: 4 4
    9: 2 1
   10: 1 1
   11: 1 2
 -- .000107892s elapsed
    2    2
(e ) (e ) (-1)
  1    2
       0 1
total: 3 3
   10: 2 .
   11: 1 .
   12: . 1
   13: . 2
 -- .000089558s elapsed
    2    4
(e ) (e ) (3)
  1    2
       0 1
total: 2 2
   10: 1 1
   11: 1 1
 -- .000091041s elapsed
    2
(e )
  1
       0 1
total: 2 2
   11: 2 .
   12: . .
   13: . 2
 -- .000084118s elapsed
    2    2
(e ) (e )
  1    2
       0 1
total: 1 1
   11: 1 1
 -- .000033784s elapsed
(e )
  1
       0 1
total: 2 2
   12: 2 .
   13: . 2
 -- .000086633s elapsed
    2
(e ) (e )(-1)
  1    2
       0 1
total: 1 1
   13: 1 1
 -- .000036619s elapsed
(e )
  1

       6      32    32
o2 = (3 , (e )  (e )  )
            1     2

o2 : Sequence

i3 : 
