-- -*- M2-comint -*- hash: 3202677850503487529

i1 : setRandomSeed 4332367823
 -- setting random seed to 4332367823

o1 = 4332367823

i2 : kk = ZZ/101

o2 = kk

o2 : QuotientRing

i3 : S = kk[a,b,c,d];

i4 : B6 = stronglyStableIdeals(6, S)

                    6                   2   5              2     2   4  
o4 = {ideal (b, a, c ), ideal (a, b*c, b , c ), ideal (a, b , b*c , c ),
     ------------------------------------------------------------------------
                3     2   2    3                     2        2   4        
     ideal (a, c , b*c , b c, b ), ideal (b*c, a*c, b , a*b, a , c ), ideal
     ------------------------------------------------------------------------
            2        2   3     2
     (a*c, b , a*b, a , c , b*c )}

o4 : List

i5 : B6 = nondegenerateBorels(6, S)

                        2        2   4                2        2   3     2
o5 = {ideal (b*c, a*c, b , a*b, a , c ), ideal (a*c, b , a*b, a , c , b*c )}

o5 : List

i6 : B6/minimalBetti

             0 1 2 3         0 1 2 3
o6 = {total: 1 6 8 3, total: 1 6 8 3}
          0: 1 . . .      0: 1 . . .
          1: . 5 6 2      1: . 4 4 1
          2: . . . .      2: . 2 4 2
          3: . 1 2 1

o6 : List

i7 : matrix for J in B6 list for d to 6 list hilbertFunction(d, J)

o7 = | 1 4 5 6 6 6 6 |
     | 1 4 6 6 6 6 6 |

              2       7
o7 : Matrix ZZ  <-- ZZ

i8 : I = pointsIdeal randomPoints(S, 6)

                             2                              2   2          
o8 = ideal (a*c - 33b*c - 37c  + 48a*d + 41b*d - 12c*d - 25d , b  + 44b*c -
     ------------------------------------------------------------------------
        2                              2                   2                
     17c  + 15a*d - 41b*d - 49c*d + 42d , a*b + 49b*c + 11c  - 17a*d + 17b*d
     ------------------------------------------------------------------------
                  2   2              2                              2
     + 47c*d + 47d , a  - 35b*c + 13c  - 19a*d - 20b*d + 37c*d + 18d )

o8 : Ideal of S

i9 : degree I

o9 = 6

i10 : hilbertPolynomial(I, Projective => false)

o10 = 6

o10 : QQ[i]

i11 : J = monomialIdeal leadTerm I

                      2        2          2   3
o11 = monomialIdeal (a , a*b, b , a*c, b*c , c )

o11 : MonomialIdeal of S

i12 : isBorel J

o12 = true

i13 : betti res I

             0 1 2 3
o13 = total: 1 4 5 2
          0: 1 . . .
          1: . 4 2 .
          2: . . 3 2

o13 : BettiTally

i14 : needsPackage "GroebnerStrata"

o14 = GroebnerStrata

o14 : Package

i15 : J = B6_1

                   2        2   3     2
o15 = ideal (a*c, b , a*b, a , c , b*c )

o15 : Ideal of S

i16 : J = ideal(a^2,a*b,b^2,a*c,b*c^2,c^3)

              2        2          2   3
o16 = ideal (a , a*b, b , a*c, b*c , c )

o16 : Ideal of S

i17 : F = groebnerFamily J

              2                      2                      2               
o17 = ideal (a  + t b*c + t a*d + t c  + t b*d + t c*d + t d , a*b + t b*c +
                   1       3       2      4       5       6           7     
      -----------------------------------------------------------------------
                 2                         2   2                         2  
      t a*d + t c  + t  b*d + t  c*d + t  d , b  + t  b*c + t  a*d + t  c  +
       9       8      10       11       12          13       15       14    
      -----------------------------------------------------------------------
                            2                              2           
      t  b*d + t  c*d + t  d , a*c + t  b*c + t  a*d + t  c  + t  b*d +
       16       17       18           19       21       20      22     
      -----------------------------------------------------------------------
                   2     2                    2       2          2         2
      t  c*d + t  d , b*c  + t  b*c*d + t  a*d  + t  c d + t  b*d  + t  c*d 
       23       24            25         27        26       28        29    
      -----------------------------------------------------------------------
            3   3                    2       2          2         2       3
      + t  d , c  + t  b*c*d + t  a*d  + t  c d + t  b*d  + t  c*d  + t  d )
         30          31         33        32       34        35        36

o17 : Ideal of kk[t , t  , t , t  , t  , t , t  , t  , t  , t , t  , t , t  , t  , t , t  , t  , t  , t , t  , t , t  , t  , t  , t , t  , t  , t  , t  , t  , t  , t  , t  , t  , t  , t  ][a..d]
                   6   12   5   30   24   4   18   36   11   2   29   3   10   23   1   17   28   35   8   22   9   16   26   34   7   20   27   14   21   25   32   19   15   33   13   31

i18 : U = ring F;

i19 : T = coefficientRing U

o19 = T

o19 : PolynomialRing

i20 : netList F_*

      +--------------------------------------------------------------+
      | 2                      2                      2              |
o20 = |a  + t b*c + t a*d + t c  + t b*d + t c*d + t d               |
      |      1       3       2      4       5       6                |
      +--------------------------------------------------------------+
      |                         2                         2          |
      |a*b + t b*c + t a*d + t c  + t  b*d + t  c*d + t  d           |
      |       7       9       8      10       11       12            |
      +--------------------------------------------------------------+
      | 2                         2                         2        |
      |b  + t  b*c + t  a*d + t  c  + t  b*d + t  c*d + t  d         |
      |      13       15       14      16       17       18          |
      +--------------------------------------------------------------+
      |                            2                         2       |
      |a*c + t  b*c + t  a*d + t  c  + t  b*d + t  c*d + t  d        |
      |       19       21       20      22       23       24         |
      +--------------------------------------------------------------+
      |   2                    2       2          2         2       3|
      |b*c  + t  b*c*d + t  a*d  + t  c d + t  b*d  + t  c*d  + t  d |
      |        25         27        26       28        29        30  |
      +--------------------------------------------------------------+
      | 3                    2       2          2         2       3  |
      |c  + t  b*c*d + t  a*d  + t  c d + t  b*d  + t  c*d  + t  d   |
      |      31         33        32       34        35        36    |
      +--------------------------------------------------------------+

i21 : L = trim groebnerStratum F;

o21 : Ideal of T

i22 : assert(dim L == 18)

i23 : elapsedTime isPrime L
 -- 3.06097s elapsed

o23 = true

i24 : I = pointsIdeal randomPoints(S, 6)

                             2                              2   2          
o24 = ideal (a*c - 7b*c - 49c  + 40a*d - 42b*d + 12c*d + 28d , b  - 36b*c -
      -----------------------------------------------------------------------
         2                              2                  2                 
      18c  - 22a*d + 20b*d + 37c*d - 18d , a*b - 8b*c - 28c  + 6a*d + 20b*d -
      -----------------------------------------------------------------------
         2   2             2                             2
      26d , a  - 18b*c - 3c  + 15a*d - 4b*d - 21c*d + 30d )

o24 : Ideal of S

i25 : degree I

o25 = 6

i26 : radical I == I

o26 = true

i27 : betti res I

             0 1 2 3
o27 = total: 1 4 5 2
          0: 1 . . .
          1: . 4 2 .
          2: . . 3 2

o27 : BettiTally

i28 : (CF, H) = nonminimalMaps F;

i29 : U = ring CF

o29 = U

o29 : PolynomialRing

i30 : CF

       1      6      10      6      1
o30 = U  <-- U  <-- U   <-- U  <-- U
                                    
      0      1      2       3      4

o30 : Complex

i31 : betti(CF, Weights=>{1}) -- alas, it is a poor non-minimal resolution

             0 1  2 3 4
o31 = total: 1 6 10 6 1
          0: 1 .  . . .
          1: . 4  4 2 .
          2: . 2  5 3 1
          3: . .  1 1 .

o31 : BettiTally

i32 : assert isHomogeneous CF -- but it is homogeneous, as it needs to be.

i33 : keys H

o33 = {(3, 4), (3, 5), (4, 6), (2, 3)}

o33 : List

i34 : M1 = H#(2,3) -- rank is 0, 1, or 2.

o34 = {3} | -t_8-t_14t_19      t_7t_14-t_20t_14+t_14t_19t_13            
      {3} | -t_7+t_20-t_19t_13 -t_8-t_14t_19+t_7t_13-t_20t_13+t_19t_13^2
      -----------------------------------------------------------------------
      -t_2-t_20^2+t_14t_19^2    -t_8t_20+t_1t_14+t_7t_14t_19             |
      -t_1-2t_20t_19+t_19^2t_13 -t_2-t_7t_20-t_8t_19+t_1t_13+t_7t_19t_13 |

              2      4
o34 : Matrix T  <-- T

i35 : M2 = H#(3,4) -- rank is 1 or 2

o35 = {4} | -t_14                                   
      {4} | -1                                      
      {4} | t_8+t_14t_19-t_7t_13+t_20t_13-t_19t_13^2
      {4} | -t_7+t_20-t_19t_13                      
      {4} | 0                                       
      -----------------------------------------------------------------------
      -t_8                                    |
      t_19                                    |
      t_2+t_7t_20+t_8t_19-t_1t_13-t_7t_19t_13 |
      -t_1-2t_20t_19+t_19^2t_13               |
      t_7-t_20+t_19t_13                       |

              5      2
o35 : Matrix T  <-- T

i36 : M3 = H#(3,5) -- maximal rank, can ignore

o36 = {5} | -1 t_19 -t_20 |

              1      3
o36 : Matrix T  <-- T

i37 : M4 = H#(4,6) -- maximal rank, can ignore

o37 = {6} | -1 |

              1      1
o37 : Matrix T  <-- T

i38 : ideal M1 == minors(2, M2)

o38 = true

i39 : L441 = trim(L + ideal M1);

o39 : Ideal of T

i40 : elapsedTime compsL441 = decompose L441;
 -- 2.42215s elapsed

i41 : #compsL441

o41 = 2

i42 : compsL441/dim -- two components, of dimensions 14 and 16.

o42 = {16, 14}

o42 : List

i43 : compsL441/dim == {16, 14}

o43 = true

i44 : pta = randomPointOnRationalVariety compsL441_0

o44 = | 20 26 -34 -14 49 27 46 -47 18 1 15 -36 -42 19 14 -12 24 18 25 43 20
      -----------------------------------------------------------------------
      -32 5 -29 -22 37 19 34 -10 -28 10 26 -50 49 45 15 |

               1       36
o44 : Matrix kk  <-- kk

i45 : Fa = sub(F, (vars S) | pta)

              2            2                              2               
o45 = ideal (a  + 14b*c + c  - 36a*d + 27b*d - 34c*d + 20d , a*b - 22b*c +
      -----------------------------------------------------------------------
         2                              2   2              2                
      25c  + 20a*d - 42b*d + 18c*d + 26d , b  + 45b*c + 34c  - 50a*d - 32b*d
      -----------------------------------------------------------------------
                   2                   2                              2     2
      - 12c*d + 46d , a*c + 26b*c + 37c  - 10a*d + 43b*d + 19c*d + 49d , b*c 
      -----------------------------------------------------------------------
                    2         2        2        2      3   3            
      - 28b*c*d + 5c d + 19a*d  + 24b*d  + 15c*d  - 14d , c  + 15b*c*d +
      -----------------------------------------------------------------------
         2         2        2        2      3
      10c d + 49a*d  - 29b*d  + 18c*d  - 47d )

o45 : Ideal of S

i46 : betti res Fa

             0 1 2 3
o46 = total: 1 6 8 3
          0: 1 . . .
          1: . 4 4 1
          2: . 2 4 2

o46 : BettiTally

i47 : netList decompose Fa -- this one is 5 points on a plane, and another point

      +-------------------------------------------------------+
o47 = |ideal (c - 10d, b + 33d, a + 28d)                      |
      +-------------------------------------------------------+
      |ideal (c + 50d, b - d, a - 21d)                        |
      +-------------------------------------------------------+
      |                                      2             2  |
      |ideal (b - 25c - 45d, a - 20c + 44d, c  - 16c*d - 9d ) |
      +-------------------------------------------------------+
      |                                      2              2 |
      |ideal (b + 32c + 49d, a + 13c + 24d, c  + 49c*d - 43d )|
      +-------------------------------------------------------+

i48 : CFa = minimalPrimes Fa

                                                                          
o48 = {ideal (c - 10d, b + 33d, a + 28d), ideal (c + 50d, b - d, a - 21d),
      -----------------------------------------------------------------------
                                            2             2                 
      ideal (b - 25c - 45d, a - 20c + 44d, c  - 16c*d - 9d ), ideal (b + 32c
      -----------------------------------------------------------------------
                             2              2
      + 49d, a + 13c + 24d, c  + 49c*d - 43d )}

o48 : List

i49 : lin = CFa_1_0 -- a linear form, defining a plane.

o49 = c + 50d

o49 : S

i50 : CFa/degree

o50 = {1, 1, 2, 2}

o50 : List

i51 : CFa/(I -> lin % I == 0) -- so 5 points on the plane.

o51 = {false, true, false, false}

o51 : List

i52 : degree(Fa : (Fa : lin))  -- somewhat simpler(?) way to see the ideal of the 5 points

o52 = 1

i53 : ptb = randomPointOnRationalVariety compsL441_1

o53 = | 22 -24 1 41 -36 41 -2 -29 6 -13 8 -40 -4 -47 -44 -14 35 21 32 9 36 22
      -----------------------------------------------------------------------
      -4 -29 -4 -23 2 38 28 -13 -37 47 0 21 -9 17 |

               1       36
o53 : Matrix kk  <-- kk

i54 : Fb = sub(F, (vars S) | ptb)

              2              2                            2              
o54 = ideal (a  - 44b*c - 13c  - 40a*d + 41b*d + c*d + 22d , a*b - 4b*c +
      -----------------------------------------------------------------------
         2                            2   2             2                  
      32c  + 36a*d - 4b*d + 6c*d - 24d , b  - 9b*c + 38c  + 22b*d - 14c*d -
      -----------------------------------------------------------------------
        2                   2                             2     2            
      2d , a*c + 47b*c - 23c  + 28a*d + 9b*d - 47c*d - 36d , b*c  - 13b*c*d -
      -----------------------------------------------------------------------
        2        2        2       2      3   3                2         2  
      4c d + 2a*d  + 35b*d  + 8c*d  + 41d , c  + 17b*c*d - 37c d + 21a*d  -
      -----------------------------------------------------------------------
           2        2      3
      29b*d  + 21c*d  - 29d )

o54 : Ideal of S

i55 : betti res Fb

             0 1 2 3
o55 = total: 1 6 8 3
          0: 1 . . .
          1: . 4 4 1
          2: . 2 4 2

o55 : BettiTally

i56 : netList decompose Fb --

      +-------------------------------------------------------+
o56 = |ideal (c - 8d, b - 48d, a - 44d)                       |
      +-------------------------------------------------------+
      |ideal (c - 10d, b - 49d, a - 17d)                      |
      +-------------------------------------------------------+
      |ideal (c - 50d, b - 45d, a - 40d)                      |
      +-------------------------------------------------------+
      |ideal (c + 27d, b, a + 20d)                            |
      +-------------------------------------------------------+
      |                                      2              2 |
      |ideal (b + 27c - 16d, a + 21c - 25d, c  + 19c*d + 17d )|
      +-------------------------------------------------------+

i57 : netList for x in subsets(decompose Fb, 3) list intersect(x#0, x#1, x#2)

      +----------------------------------------------------------------------------------------------------------------------------------------------------------------------------------------------------------------------+
      |                            2                      2                         2   2                     2                                                                                                              |
o57 = |ideal (a - 6b - 34c + 11d, c  - 31b*d + 48c*d + 30d , b*c - 15b*d + 5c*d - 7d , b  - 46b*d + 25c*d + 7d )                                                                                                             |
      +----------------------------------------------------------------------------------------------------------------------------------------------------------------------------------------------------------------------+
      |                            2                                           2   2                      2                                                                                                                  |
      |ideal (a - 6b - 34c + 11d, c  + 11b*d + 27c*d, b*c - 18b*d - 44c*d + 24d , b  + 48b*d - 22c*d + 12d )                                                                                                                 |
      +----------------------------------------------------------------------------------------------------------------------------------------------------------------------------------------------------------------------+
      |                                      3      2         2     3                                                                                                                                                        |
      |ideal (b - 36c + 38d, a - 48c + 37d, c  - 31c d + 46c*d  - 7d )                                                                                                                                                       |
      +----------------------------------------------------------------------------------------------------------------------------------------------------------------------------------------------------------------------+
      |                            2                      2                           2   2                      2                                                                                                           |
      |ideal (a - 6b - 34c + 11d, c  - 18b*d + 19c*d - 14d , b*c + 49b*d - 29c*d + 25d , b  + 36b*d + 13c*d + 48d )                                                                                                          |
      +----------------------------------------------------------------------------------------------------------------------------------------------------------------------------------------------------------------------+
      |                                     2                     2   2      2                      2   3     2         2        2      3                                                                                    |
      |ideal (a - 37b + 32c - 39d, b*c + 27c  - 8b*d - 30c*d + 27d , b  - 22c  - 50b*d + 19c*d + 39d , c  + 9c d - 25b*d  - 40c*d  + 28d )                                                                                   |
      +----------------------------------------------------------------------------------------------------------------------------------------------------------------------------------------------------------------------+
      |        2                             2                                  2                                 2   2                             2                                  2   2                     2           |
      |ideal (c  - 15a*d + 12b*d + 28c*d - 2d , b*c + 38a*d + 16b*d - 6c*d - 49d , a*c + 18a*d + 38b*d - 30c*d - d , b  + 3a*d + 13b*d - 21c*d + 37d , a*b - 39a*d - 21b*d - 5c*d + 46d , a  + 23a*d - 8b*d - 39d )          |
      +----------------------------------------------------------------------------------------------------------------------------------------------------------------------------------------------------------------------+
      |                                     2                     2   2      2                      2   3     2         2       2      3                                                                                     |
      |ideal (a + 16b + 49c + 22d, b*c + 27c  - 50b*d + 48c*d - 8d , b  - 22c  - 24b*d + 14c*d + 27d , c  + 9c d - 20b*d  - 6c*d  + 49d )                                                                                    |
      +----------------------------------------------------------------------------------------------------------------------------------------------------------------------------------------------------------------------+
      |        2                              2                                 2                                  2   2                             2                                  2   2                              2 |
      |ideal (c  + 26a*d + 10b*d + 27c*d + 15d , b*c - a*d + 45b*d - 42c*d - 43d , a*c - 34a*d + 43b*d + 23c*d + 7d , b  + 13a*d + 47b*d - 4c*d - 50d , a*b + 8a*d - 43b*d - 16c*d + 31d , a  - 49a*d + 30b*d + 19c*d + 42d )|
      +----------------------------------------------------------------------------------------------------------------------------------------------------------------------------------------------------------------------+
      |                                     2                     2   2      2                      2   3     2         2        2     3                                                                                     |
      |ideal (a - 48b + 38c + 36d, b*c + 27c  + 27b*d + 6c*d - 28d , b  - 22c  - 38b*d + 40c*d + 49d , c  + 9c d + 15b*d  + 30c*d  - 6d )                                                                                    |
      +----------------------------------------------------------------------------------------------------------------------------------------------------------------------------------------------------------------------+
      |        2                              2                                 2                                  2   2                              2                                   2   2                            2 |
      |ideal (c  - 19a*d + 49b*d + 34c*d + 11d , b*c - 5a*d + 35b*d + 8c*d + 15d , a*c + 28a*d - 4b*d - 45c*d + 17d , b  - 30a*d - 10b*d - 22c*d + 18d , a*b + 18a*d - 18b*d - 40c*d - 13d , a  - 2a*d - 4b*d - 13c*d + 17d )|
      +----------------------------------------------------------------------------------------------------------------------------------------------------------------------------------------------------------------------+

i58 : pt0 = randomPointOnRationalVariety(compsL441_0)

o58 = | -1 -49 -10 -20 36 -24 32 -41 -46 48 -20 28 -4 8 35 1 -11 -22 4 -27 48
      -----------------------------------------------------------------------
      -33 -40 15 28 -2 -42 -23 -29 46 -24 -13 -18 39 -21 18 |

               1       36
o58 : Matrix kk  <-- kk

i59 : pt1 = randomPointOnRationalVariety(compsL441_1)

o59 = | -50 -7 25 -32 46 43 -6 -16 -44 -34 22 -10 -2 33 32 2 48 3 19 32 12
      -----------------------------------------------------------------------
      -41 -14 10 9 37 -35 21 38 46 -50 -49 0 3 -15 -18 |

               1       36
o59 : Matrix kk  <-- kk

i60 : I0 = sub(sub(F, (vars ring F) | sub(pt0, ring F)), S)

              2              2                            2               
o60 = ideal (a  + 35b*c + 48c  + 28a*d - 24b*d - 10c*d - d , a*b + 28b*c +
      -----------------------------------------------------------------------
        2                             2   2              2                  
      4c  + 48a*d - 4b*d - 46c*d - 49d , b  - 21b*c - 23c  - 18a*d - 33b*d +
      -----------------------------------------------------------------------
               2                  2                             2     2  
      c*d + 32d , a*c - 13b*c - 2c  - 29a*d - 27b*d + 8c*d + 36d , b*c  +
      -----------------------------------------------------------------------
                   2         2        2        2      3   3                2 
      46b*c*d - 40c d - 42a*d  - 11b*d  - 20c*d  - 20d , c  + 18b*c*d - 24c d
      -----------------------------------------------------------------------
             2        2        2      3
      + 39a*d  + 15b*d  - 22c*d  - 41d )

o60 : Ideal of S

i61 : I1 = sub(sub(F, (vars ring F) | sub(pt1, ring F)), S)

              2              2                              2              
o61 = ideal (a  + 32b*c - 34c  - 10a*d + 43b*d + 25c*d - 50d , a*b + 9b*c +
      -----------------------------------------------------------------------
         2                            2   2              2                 
      19c  + 12a*d - 2b*d - 44c*d - 7d , b  - 15b*c + 21c  - 41b*d + 2c*d -
      -----------------------------------------------------------------------
        2                   2                              2     2          
      6d , a*c - 49b*c + 37c  + 38a*d + 32b*d + 33c*d + 46d , b*c  + 46b*c*d
      -----------------------------------------------------------------------
           2         2        2        2      3   3                2        2
      - 14c d - 35a*d  + 48b*d  + 22c*d  - 32d , c  - 18b*c*d - 50c d + 3a*d 
      -----------------------------------------------------------------------
             2       2      3
      + 10b*d  + 3c*d  - 16d )

o61 : Ideal of S

i62 : betti res I0

             0 1 2 3
o62 = total: 1 6 8 3
          0: 1 . . .
          1: . 4 4 1
          2: . 2 4 2

o62 : BettiTally

i63 : betti res I1

             0 1 2 3
o63 = total: 1 6 8 3
          0: 1 . . .
          1: . 4 4 1
          2: . 2 4 2

o63 : BettiTally

i64 : netList decompose I0

      +-----------------------------------------------------------------------------------------------------------------------------------------------------------------+
o64 = |ideal (c - 29d, b - 21d, a + 17d)                                                                                                                                |
      +-----------------------------------------------------------------------------------------------------------------------------------------------------------------+
      |                            2              2                      2   3                2         2        2      3     2                2         2       2    3 |
      |ideal (a - 13b - 2c - 50d, b  - 21b*c - 23c  + 36b*d - 35c*d + 41d , c  + 18b*c*d - 24c d + 17b*d  - 45c*d  - 10d , b*c  + 46b*c*d - 40c d + 49b*d  - 3c*d  + d )|
      +-----------------------------------------------------------------------------------------------------------------------------------------------------------------+

i65 : netList decompose I1

      +-------------------------------------------------------------------------------------------------------------------------------------------------------------------------------------------------------------------------------------------------------------------------------------------------------------------+
      |                        2                              2   2              2                    2                  2                            2   2              2                              2   3                2        2        2       2      3     2                2         2        2        2      3 |
o65 = |ideal (a*c - 49b*c + 37c  + 38a*d + 32b*d + 33c*d + 46d , b  - 15b*c + 21c  - 41b*d + 2c*d - 6d , a*b + 9b*c + 19c  + 12a*d - 2b*d - 44c*d - 7d , a  + 32b*c - 34c  - 10a*d + 43b*d + 25c*d - 50d , c  - 18b*c*d - 50c d + 3a*d  + 10b*d  + 3c*d  - 16d , b*c  + 46b*c*d - 14c d - 35a*d  + 48b*d  + 22c*d  - 32d )|
      +-------------------------------------------------------------------------------------------------------------------------------------------------------------------------------------------------------------------------------------------------------------------------------------------------------------------+

i66 : L430 = (trim minors(2, M1)) + groebnerStratum F;

o66 : Ideal of T

i67 : C = res(I, Strategy => Nonminimal)

       1      6      8      3
o67 = S  <-- S  <-- S  <-- S
                            
      0      1      2      3

o67 : Complex

i68 : betti C

             0 1 2 3
o68 = total: 1 6 8 3
          0: 1 . . .
          1: . 4 4 1
          2: . 2 4 2

o68 : BettiTally

i69 : m1 = submatrixByDegrees(C.dd_2, {3}, {3})

o69 = {3} | 13  -3 -23 -10 |
      {3} | -41 29 -32 -3  |

              2      4
o69 : Matrix S  <-- S

i70 : m2 = submatrixByDegrees(C.dd_3, {4}, {4})

o70 = {4} | 10  |
      {4} | -23 |
      {4} | 3   |
      {4} | -32 |

              4      1
o70 : Matrix S  <-- S

i71 : minimalBetti I

             0 1 2 3
o71 = total: 1 4 5 2
          0: 1 . . .
          1: . 4 2 .
          2: . . 3 2

o71 : BettiTally

i72 : 
