-- -*- M2-comint -*- hash: 11794709265677607087

i1 : CC[X,Y]; F = polySystem {X^2+Y^2,X^3+Y^3,X^4+Y^4}

o2 = F

o2 : PolySystem

i3 : G := squareUp F

o3 = | (.296025-.479811ii)X4+(.296025-.479811ii)Y4+(-.605892-.324075ii)X3+(-.605892-.324075ii)Y3+(.448215+.0955171ii)X2+(.448215+.0955171ii)Y2 |
     | (-.085187-.0688326ii)X4+(-.085187-.0688326ii)Y4+(.54886+.147995ii)X3+(.54886+.147995ii)Y3+(.80766+.111983ii)X2+(.80766+.111983ii)Y2     |

o3 : PolySystem

i4 : peek F

o4 = PolySystem{NumberOfPolys => 3                                                                                                                                            }
                NumberOfVariables => 2
                PolyMap => {-2} | X2+Y2 |
                           {-3} | X3+Y3 |
                           {-4} | X4+Y4 |
                SquaredUpSystem => | (.296025-.479811ii)X4+(.296025-.479811ii)Y4+(-.605892-.324075ii)X3+(-.605892-.324075ii)Y3+(.448215+.0955171ii)X2+(.448215+.0955171ii)Y2 |
                                   | (-.085187-.0688326ii)X4+(-.085187-.0688326ii)Y4+(.54886+.147995ii)X3+(.54886+.147995ii)Y3+(.80766+.111983ii)X2+(.80766+.111983ii)Y2     |
                SquareUpMatrix => | .448215+.0955171ii -.605892-.324075ii .296025-.479811ii   |
                                  | .80766+.111983ii   .54886+.147995ii   -.085187-.0688326ii |

i5 : X = gateMatrix{toList vars(x,y,z)}

o5 = {{x, y, z}}

o5 : GateMatrix

i6 : P = gateMatrix{toList vars(a..d)}

o6 = {{a, b, c, d}}

o6 : GateMatrix

i7 : F = gateSystem(P,X,gateMatrix{{y^2-x*z},{x^2*y-z^2},{x^3-y*z},{a*x+b*y+c*z+d}})

o7 = gate system: 3 input(s) ---> 4 output(s) (with 4 parameters)

o7 : GateSystem

i8 : X0 = point{{1,1,1_CC}}

o8 = X0

o8 : Point

i9 : P0 = point{{1,1,1,-3_CC}}

o9 = P0

o9 : Point

i10 : norm evaluate(F, P0, X0) -- should be small

o10 = 0

o10 : RR (of precision 53)

i11 : numericalRank evaluateJacobian(F, P0, X0) -- should equal number of variables

o11 = 3

i12 : G = squareUp(P0, X0, F)

o12 = gate system: 3 input(s) ---> 3 output(s) (with 4 parameters)

o12 : GateSystem

i13 : netList entries gateMatrix G

      +-------------------------------------+
o13 = |((y * y) + (-1 * (x * z)))           |
      +-------------------------------------+
      |(((x * x) * y) + (-1 * (z * z)))     |
      +-------------------------------------+
      |((((a * x) + (b * y)) + (c * z)) + d)|
      +-------------------------------------+

i14 : 
