-- -*- M2-comint -*- hash: 9051372533758734311

i1 : S = QQ[x,y]

o1 = S

o1 : PolynomialRing

i2 : M = coker matrix{{x,y},{x,x}}

o2 = cokernel | x y |
              | x x |

                            2
o2 : S-module, quotient of S

i3 : L = summands M

o3 = {cokernel | x |, cokernel | x-y |}

o3 : List

i4 : apply(L, isIndecomposable)

o4 = {true, true}

o4 : List

i5 : assert isIsomorphic(M, directSum L)

i6 : R = ZZ/3[x,y,z]/(y^2-x*z)

o6 = R

o6 : QuotientRing

i7 : M = frobeniusPushforward(1, R)

o7 = cokernel {0} | 0  0  0  0  0  0  0  0  |
              {3} | -z -y 0  0  0  0  0  0  |
              {3} | 0  0  -z -y 0  0  0  0  |
              {3} | y  x  0  0  0  0  0  0  |
              {3} | 0  0  y  x  0  0  0  0  |
              {1} | 0  0  0  0  0  0  0  0  |
              {1} | 0  0  0  0  0  0  0  0  |
              {1} | 0  0  0  0  0  0  0  0  |
              {2} | 0  0  0  0  -z -y 0  0  |
              {2} | 0  0  0  0  0  0  -z -y |
              {2} | 0  0  0  0  0  0  0  0  |
              {2} | 0  0  0  0  y  x  0  0  |
              {2} | 0  0  0  0  0  0  y  x  |

     ZZ                           /ZZ      \
     --[x..z]                     |--[x..z]|
      3                           | 3      |13
o7 : ---------module, quotient of |--------|
      2                           | 2      |
     y  - x*z                     \y  - x*z/

i8 : R1 = ring M

o8 = R1

o8 : QuotientRing

i9 : L = summands(R1^1, M) -- check for free summands only

        1                                  3
o9 = {R1 , cokernel {3} | -z -y 0  0  |, R1 , cokernel {2} | -z -y 0  0  |}
                    {3} | 0  0  -z -y |                {2} | 0  0  -z -y |
                    {3} | y  x  0  0  |                {2} | 0  0  0  0  |
                    {3} | 0  0  y  x  |                {2} | y  x  0  0  |
                                                       {2} | 0  0  y  x  |

o9 : List

i10 : summands \ select(L, not isFreeModule) -- decompose remaining pieces

                                                            1
o10 = {{cokernel {3} | -z -y |, cokernel {3} | -z -y |}, {R1 , cokernel {2} |
                 {3} | y  x  |           {3} | y  x  |                  {2} |
      -----------------------------------------------------------------------
      -z -y |, cokernel {2} | -z -y |}}
      y  x  |           {2} | y  x  |

o10 : List

i11 : 
