-- -*- M2-comint -*- hash: 15323121345588443728

i1 : DIV { PARA "Hi there.",
         MENU { "some topics", TO "topic a", TO "topic b", "more topics", TO "topic c" } }

o1 = Hi there.

     Menu
     ----

     some topics

       * "topic a"
       * "topic b"

     more topics

       * "topic c"

i2 : info oo

o2 = Hi there.

     * Menu:


     some topics
     * topic a::
     * topic b::

     more topics
     * topic c::

i3 : html ooo

o3 = <div>
       <p>Hi there.</p>
       <div>
         <h3>Menu</h3>
         <h4>some topics</h4>
         <ul>
           <li><span><span class="tt">topic a</span> (missing documentation)<!--tag: topic a-->
     </span></li>
           <li><span><span class="tt">topic b</span> (missing documentation)<!--tag: topic b-->
     </span></li>
         </ul>
         <h4>more topics</h4>
         <ul>
           <li><span><span class="tt">topic c</span> (missing documentation)<!--tag: topic c-->
     </span></li>
         </ul>
       </div>
     </div>


i4 : 
