-- -*- M2-comint -*- hash: 5601790156377700392

i1 : S = ZZ/101[x,y,Degrees=>{{1,0},{0,1}}]

o1 = S

o1 : PolynomialRing

i2 : I = ideal(x*y^2,x^3*y)

               2   3
o2 = ideal (x*y , x y)

o2 : Ideal of S

i3 : M = S^1/I

o3 = cokernel | xy2 x3y |

                            1
o3 : S-module, quotient of S

i4 : f = (d,M) -> truncate(d,M)==0

o4 = f

o4 : FunctionClosure

i5 : findRegion({{0,0},{4,4}},M,f)

o5 = {{1, 2}, {3, 1}}

o5 : List

i6 : elapsedTime findRegion({{0,0},{4,4}},M,f)
 -- .109979s elapsed

o6 = {{1, 2}, {3, 1}}

o6 : List

i7 : elapsedTime findRegion({{0,0},{4,4}},M,f,Inner=>{{1,2},{3,1}},Outer=>{{1,1}})
 -- .017726s elapsed

o7 = {{1, 2}, {3, 1}}

o7 : List

i8 : 
