-- -*- M2-comint -*- hash: 407791276821404787

i1 : x = symbol x

o1 = x

o1 : Symbol

i2 : S = ZZ/101[x_0..x_4]

o2 = S

o2 : PolynomialRing

i3 : F = freeResolution coker vars S

      1      5      10      10      5      1
o3 = S  <-- S  <-- S   <-- S   <-- S  <-- S
                                           
     0      1      2       3       4      5

o3 : Complex

i4 : ff = matrix{{x_0^2,x_1^3}}

o4 = | x_0^2 x_1^3 |

             1      2
o4 : Matrix S  <-- S

i5 : R = S/(ideal ff)

o5 = R

o5 : QuotientRing

i6 : len = 10

o6 = 10

i7 : time G = EisenbudShamash(ff,F,len)
 -- used 7.34938s (cpu); 6.36511s (thread); 0s (gc)

     /    S   \1     /    S   \5     /    S   \12     /    S   \20     /    S   \28     /    S   \36     /    S   \44     /    S   \52     /    S   \60     /    S   \68     /    S   \76
o7 = |--------|  <-- |--------|  <-- |--------|   <-- |--------|   <-- |--------|   <-- |--------|   <-- |--------|   <-- |--------|   <-- |--------|   <-- |--------|   <-- |--------|
     |  2   3 |      |  2   3 |      |  2   3 |       |  2   3 |       |  2   3 |       |  2   3 |       |  2   3 |       |  2   3 |       |  2   3 |       |  2   3 |       |  2   3 |
     |(x , x )|      |(x , x )|      |(x , x )|       |(x , x )|       |(x , x )|       |(x , x )|       |(x , x )|       |(x , x )|       |(x , x )|       |(x , x )|       |(x , x )|
     \  0   1 /      \  0   1 /      \  0   1 /       \  0   1 /       \  0   1 /       \  0   1 /       \  0   1 /       \  0   1 /       \  0   1 /       \  0   1 /       \  0   1 /
                                                                                                                                                                              
     0               1               2                3                4                5                6                7                8                9                10

o7 : Complex

i8 : apply(length G -1, i->prune HH_(i+1) G)

o8 = {0, 0, 0, 0, 0, 0, 0, 0, 0}

o8 : List

i9 : betti F

            0 1  2  3 4 5
o9 = total: 1 5 10 10 5 1
         0: 1 5 10 10 5 1

o9 : BettiTally

i10 : G5 = (G_5).cache.components

       /    S   \1  /    S   \20  /    S   \15
o10 = {|--------| , |--------|  , |--------|  }
       |  2   3 |   |  2   3 |    |  2   3 |
       |(x , x )|   |(x , x )|    |(x , x )|
       \  0   1 /   \  0   1 /    \  0   1 /

o10 : List

i11 : expo(numcols ff, 1)

o11 = {{1, 0}, {0, 1}}

o11 : List

i12 : G51 = (G5_1).cache.components

       /    S   \10  /    S   \10
o12 = {|--------|  , |--------|  }
       |  2   3 |    |  2   3 |
       |(x , x )|    |(x , x )|
       \  0   1 /    \  0   1 /

o12 : List

i13 : S = ZZ/101[a..f]

o13 = S

o13 : PolynomialRing

i14 : R = S/ideal"a3,b3"

o14 = R

o14 : QuotientRing

i15 : M = coker vars R

o15 = cokernel | a b c d e f |

                             1
o15 : R-module, quotient of R

i16 : F = freeResolution(M, LengthLimit => 7)

       1      6      17      32      48      64      80      96
o16 = R  <-- R  <-- R   <-- R   <-- R   <-- R   <-- R   <-- R
                                                             
      0      1      2       3       4       5       6       7

o16 : Complex

i17 : betti F

             0 1  2  3  4  5  6  7
o17 = total: 1 6 17 32 48 64 80 96
          0: 1 6 15 20 15  6  1  .
          1: . .  2 12 30 40 30 12
          2: . .  .  .  3 18 45 60
          3: . .  .  .  .  .  4 24

o17 : BettiTally

i18 : ff = matrix"c3"

o18 = | c3 |

              1      1
o18 : Matrix R  <-- R

i19 : R1 = R/ideal ff

o19 = R1

o19 : QuotientRing

i20 : FF = time Shamash(R1,F,4)
 -- used 0.181583s (cpu); 0.134656s (thread); 0s (gc)

        1       6       18       38       66
o20 = R1  <-- R1  <-- R1   <-- R1   <-- R1
                                         
      0       1       2        3        4

o20 : Complex

i21 : GG = time EisenbudShamash(ff,F,4)
 -- used 1.07122s (cpu); 0.935844s (thread); 0s (gc)

      / R\1     / R\6     / R\18     / R\38     / R\66
o21 = |--|  <-- |--|  <-- |--|   <-- |--|   <-- |--|
      | 3|      | 3|      | 3|       | 3|       | 3|
      \c /      \c /      \c /       \c /       \c /
                                                 
      0         1         2          3          4

o21 : Complex

i22 : GG = time EisenbudShamash(R1,F[2],4)
 -- used 1.06684s (cpu); 0.921786s (thread); 0s (gc)

        1       6       18       38       66
o22 = R1  <-- R1  <-- R1   <-- R1   <-- R1
                                         
      -2      -1      0        1        2

o22 : Complex

i23 : 
