-- -*- M2-comint -*- hash: 17177607690665355402

i1 : X = hirzebruchSurface 1;

i2 : Y = toricProjectiveSpace 1;

i3 : phi = map(Y,X,matrix{{1,0}});

o3 : ToricMap Y <--- X

i4 : D = {0,-3,0,0};

i5 : computeEigencharacters(phi,1,D)

o5 = HashTable{| 0 | => (| 0  |, {{1}})}
               | 1 |     | -2 |
                         | 0  |
                         | -1 |
               | 0 | => (| 0  |, {{2}})
               | 2 |     | -1 |
                         | 0  |
                         | -2 |

o5 : HashTable

i6 : Z = normalToricVariety({{1,0},{1,1},{0,1},{-1,1},{-1,0},{-1,-1},
         {0,-1},{1,-1}},{{0,1},{1,2},{2,3},{3,4},{4,5},{5,6},{6,7},{0,7}});

i7 : phi = map(Y,Z,matrix{{1,0}});

o7 : ToricMap Y <--- Z

i8 : D = toricDivisor({0,-2,0,0,0,-2,1,0},Z);

o8 : ToricDivisor on Z

i9 : keys computeEigencharacters(phi,1,D)

o9 = {| 0  |, | 0 |}
      | -1 |  | 1 |

o9 : List

i10 : 
