-- -*- M2-comint -*- hash: 13942794722801299812

i1 : X = hirzebruchSurface 1;

i2 : R = ring X;

i3 : frobeniusPushforward(4, R^1)

      16
o3 = R

o3 : R-module, free, degrees {{0, 0}, 3:{0, 1}, {1, 0}, 3:{0, 1}, {1, 0}, {1, 1}, 2:{0, 1}, {1, 0}, 2:{1, 1}, {0, 1}}

i4 : I = module ideal {R_0, R_2};

i5 : prune frobeniusPushforward(2, I)

o5 = cokernel {1, 0} | -x_2 |
              {0, 1} | 0    |
              {1, 0} | 0    |
              {1, 0} | x_0  |
              {0, 1} | 0    |

                            5
o5 : R-module, quotient of R

i6 : F = R^{{1,0},{0,1}};

i7 : frobeniusPushforward(2, F)

      8
o7 = R

o7 : R-module, free, degrees {{0, 0}, {0, 1}, {0, 0}, {-1, 1}, 2:{0, 0}, {1, 0}, {0, 0}}

i8 : M = R^1/(module I)

o8 = cokernel | x_0 x_2 |

                            1
o8 : R-module, quotient of R

i9 : prune frobeniusPushforward(2, M)

o9 = cokernel | x_2 x_0 |

                            1
o9 : R-module, quotient of R

i10 : Y = hirzebruchSurface(1, CoefficientRing => ZZ/2);

i11 : S = ring Y;

i12 : I' = module ideal {S_0, S_2};

i13 : prune frobeniusPushforward(2, I')

o13 = cokernel {1, 0} | x_2 |
               {0, 1} | 0   |
               {1, 0} | 0   |
               {1, 0} | x_0 |
               {0, 1} | 0   |

                             5
o13 : S-module, quotient of S

i14 : X = hirzebruchSurface 1;

i15 : R = ring X;

i16 : C = complex koszul vars R

       1      4      6      4      1
o16 = R  <-- R  <-- R  <-- R  <-- R
                                   
      0      1      2      3      4

o16 : Complex

i17 : frobeniusPushforward_2 C

       4      16      24      16      4
o17 = R  <-- R   <-- R   <-- R   <-- R
                                      
      0      1       2       3       4

o17 : Complex

i18 : 
