-- -*- M2-comint -*- hash: 18387405924104069096

i1 : X = hirzebruchSurface 1;

i2 : pi1 = nefContraction(X, vector {1,0})

o2 = | 1 0 |

o2 : ToricMap normalToricVariety ({{1}, {-1}}, {{0}, {1}}) <--- X

i3 : assert(isWellDefined pi1);

i4 : assert(isProjective target pi1 and dim target pi1 == 1);

i5 : pi2 = nefContraction(X, matrix {{0},{1}})

o5 = | 1 0 |
     | 0 1 |

o5 : ToricMap normalToricVariety ({{1, 0}, {-1, 1}, {0, -1}}, {{0, 1}, {0, 2}, {1, 2}}) <--- X

i6 : assert(isProjective target pi1 and dim target pi2 == 2);

i7 : assert(rank picardGroup target pi2 == 1);

i8 : idty = nefContraction(X,{1,1})

o8 = | 1 0 |
     | 0 1 |

o8 : ToricMap normalToricVariety ({{1, 0}, {0, 1}, {-1, 1}, {0, -1}}, {{0, 1}, {0, 3}, {1, 2}, {2, 3}}) <--- X

i9 : assert(rays target idty == rays X);

i10 : assert(max target idty == max X);

i11 : 
