-- -*- M2-comint -*- hash: 9976251967266315543

i1 : a=Circle{Radius=>1}; b=Circle{[1,1],Radius=>1}; mid=a.Center+b.Center

o3 = mid

o3 : GraphicsCoordinate

i4 : gList(a,b,Circle{mid,Radius=>1-1/sqrt 2})

o4 = GraphicsList{cache => CacheTable{}                                  }
                  Contents => {a, b, Circle{cache => CacheTable{}      }}
                                            Center => mid
                                            Radius => .292893
                                            style => MutableHashTable{}
                  style => MutableHashTable{}

o4 : GraphicsList

i5 : a=gNode([0,0],Circle{Radius=>1}); b=gNode([1,1],Circle{Radius=>1}); mid=a+b

o7 = mid

o7 : GraphicsCoordinate

i8 : gList(a,b,Circle{mid,Radius=>1-1/sqrt 2})

o8 = GraphicsList{cache => CacheTable{}                                  }
                  Contents => {a, b, Circle{cache => CacheTable{}      }}
                                            Center => mid
                                            Radius => .292893
                                            style => MutableHashTable{}
                  style => MutableHashTable{}

o8 : GraphicsList

i9 : a=gNode([0,1],AnimMatrix=>rotation 0.1);

i10 : gList(a,Circle{Radius=>1},Polygon{{a,[-1,0],[1,0]}})

o10 = GraphicsList{cache => CacheTable{}                                                                                                                                         }
                   Contents => {a, Circle{cache => CacheTable{}             }, Polygon{cache => CacheTable{}                                                                   }}
                                          Center => GraphicsCoordinate | 0 |           PointList => {GraphicsCoordinate a, GraphicsCoordinate | -1 |, GraphicsCoordinate | 1 |}
                                                                       | 0 |                                                                  |  0 |                     | 0 |
                                                                       | 0 |                                                                  |  0 |                     | 0 |
                                                                       | 1 |                                                                  |  1 |                     | 1 |
                                          Radius => 1                                  style => MutableHashTable{}
                                          style => MutableHashTable{}
                   style => MutableHashTable{}

o10 : GraphicsList

i11 : 
