-- -*- M2-comint -*- hash: 1730890999371285001

i1 : Line{Point1=>vector{0,0},Point2=>vector{2,1},"stroke"=>"green"}

o1 = Line{cache => CacheTable{}             }
          Point1 => GraphicsCoordinate | 0 |
                                       | 0 |
                                       | 0 |
                                       | 1 |
          Point2 => GraphicsCoordinate | 2 |
                                       | 1 |
                                       | 0 |
                                       | 1 |
          style => MutableHashTable{...1...}

o1 : Line

i2 : Line{[0,0],[2,1],"stroke-width"=>0.1} -- simplified syntax

o2 = Line{cache => CacheTable{}             }
          Point1 => GraphicsCoordinate | 0 |
                                       | 0 |
                                       | 0 |
                                       | 1 |
          Point2 => GraphicsCoordinate | 2 |
                                       | 1 |
                                       | 0 |
                                       | 1 |
          style => MutableHashTable{...1...}

o2 : Line

i3 : 
