-- -*- M2-comint -*- hash: 1730324460100567795

i1 : Circle{"fill"=>"red","stroke"=>"none",Margin=>0}

o1 = Circle{cache => CacheTable{}             }
            Center => GraphicsCoordinate | 0 |
                                         | 0 |
                                         | 0 |
                                         | 1 |
            Margin => 0
            Radius => 50
            style => MutableHashTable{...2...}

o1 : Circle

i2 : Circle{"fill"=>"red","stroke"=>"none",Margin=>0.5}

o2 = Circle{cache => CacheTable{}             }
            Center => GraphicsCoordinate | 0 |
                                         | 0 |
                                         | 0 |
                                         | 1 |
            Margin => .5
            Radius => 50
            style => MutableHashTable{...2...}

o2 : Circle

i3 : 
