-- -*- M2-comint -*- hash: 13050068190774501475

i1 : lam = new Partition from {4,3,2}

o1 = Partition{4, 3, 2}

o1 : Partition

i2 : mu = new Partition from {3,1}

o2 = Partition{3, 1}

o2 : Partition

i3 : entryList = {1,2,3,3,9}

o3 = {1, 2, 3, 3, 9}

o3 : List

i4 : T = mutableYoungTableau(lam,mu,entryList)

                 ┌───┐
o4 =             │ 1 │
         ┌───┬───┼───┘
         │ 2 │ 3 │    
     ┌───┼───┼───┘    
     │ 3 │ 9 │        
     └───┴───┘        

o4 : MutableYoungTableau

i5 : T_(1,1) = 8

o5 = 8

i6 : T

                 ┌───┐
o6 =             │ 1 │
         ┌───┬───┼───┘
         │ 8 │ 3 │    
     ┌───┼───┼───┘    
     │ 3 │ 9 │        
     └───┴───┘        

o6 : MutableYoungTableau

i7 : 
