-- -*- M2-comint -*- hash: 5574129728938084428

i1 : T1 = tabloid(new Partition from {5,3,1}, new Partition from {2}, {7,2,4,1,3,6,5})

             ┌───────────┐
o1 =         │ 7   2   4 │
     ┌───────┴───┬───────┘
     │ 1   3   6 │        
     ├───┬───────┘        
     │ 5 │                
     └───┘                

o1 : Tabloid

i2 : T2 = tabloid(new Partition from {5,3,1}, new Partition from {2}, {2,7,4,3,6,1,5})

             ┌───────────┐
o2 =         │ 2   7   4 │
     ┌───────┴───┬───────┘
     │ 3   6   1 │        
     ├───┬───────┘        
     │ 5 │                
     └───┘                

o2 : Tabloid

i3 : T1 == T2

o3 = true

i4 : 
