-- -*- M2-comint -*- hash: 3943265516614333299

i1 : lam = new Partition from {4,3,2}

o1 = Partition{4, 3, 2}

o1 : Partition

i2 : mu = new Partition from {3,1}

o2 = Partition{3, 1}

o2 : Partition

i3 : T = tabloid(lam,mu,{1,2,5,3,4})

                 ┌───┐
o3 =             │ 1 │
         ┌───────┼───┘
         │ 2   5 │    
     ┌───┴───┬───┘    
     │ 3   4 │        
     └───────┘        

o3 : Tabloid

i4 : T' = tabloid(lam,mu,{1,5,2,3,4})

                 ┌───┐
o4 =             │ 1 │
         ┌───────┼───┘
         │ 5   2 │    
     ┌───┴───┬───┘    
     │ 3   4 │        
     └───────┘        

o4 : Tabloid

i5 : T == T'

o5 = true

i6 : 
