-- -*- M2-comint -*- hash: 3335099569032049480

i1 : T1 = youngTableau(new Partition from {5}, new Partition from {2})

             ┌───┬───┬───┐
o1 =         │   │   │   │
             └───┴───┴───┘

o1 : YoungTableau

i2 : T2 = youngTableau(new Partition from {3,2}, new Partition from {1}, {1,2,3,4})

         ┌───┬───┐
o2 =     │ 1 │ 2 │
     ┌───┼───┼───┘
     │ 3 │ 4 │    
     └───┴───┘    

o2 : YoungTableau

i3 : T1 ++ T2

                 ┌───┬───┬───┐
o3 =             │   │   │   │
         ┌───┬───┼───┴───┴───┘
         │ 1 │ 2 │            
     ┌───┼───┼───┘            
     │ 3 │ 4 │                
     └───┴───┘                

o3 : YoungTableau

i4 : T2 ++ T1

                             ┌───┬───┐
o4 =                         │ 1 │ 2 │
                         ┌───┼───┼───┘
                         │ 3 │ 4 │    
             ┌───┬───┬───┼───┴───┘    
             │   │   │   │            
             └───┴───┴───┘            

o4 : YoungTableau

i5 : 
