-- -*- M2-comint -*- hash: 6988699564813283378

i1 : T = youngTableau(new Partition from {4,3,1,0}, new Partition from {1,1}, {1,2,3,4,5,6})

         ┌───┬───┬───┐
o1 =     │ 1 │ 2 │ 3 │
         ├───┼───┼───┘
         │ 4 │ 5 │    
     ┌───┼───┴───┘    
     │ 6 │            
     └───┘            

o1 : YoungTableau

i2 : for i from 0 to numRows T - 1 do print T^i
{, 1, 2, 3}
{, 4, 5, }
{6, , , }

i3 : (T^0)#1

o3 = 1

i4 : (T_1)#0

o4 = 1

i5 : T_(0,1)

o5 = 1

i6 : T' = youngTableau(new Partition from {4,3,1,0}, new Partition from {1,-1}, {1,2,3,4,5,6,7,8})

         ║   ┌───┬───┬───┐
o6 =     ║   │ 1 │ 2 │ 3 │
     ┌───║───┼───┼───┼───┘
     │ 4 ║ 5 │ 6 │ 7 │    
     └───║───┼───┴───┘    
         ║ 8 │            
         ║───┘            

o6 : YoungTableau

i7 : for i from 0 to numRows T' - 1 do print T'^i
{, 1, 2, 3, }
{5, 6, 7, , 4}
{8, , , , }

i8 : T'^1#-1

o8 = 4

i9 : T'_(1,-1)

o9 = 4

i10 : T'' = youngTableau(new Partition from {3,4}, new Partition from {-2}, {1,2,3,4,5,6,7,8,9})

      ┌───┬───║───┬───┬───┐    
o10 = │ 1 │ 2 ║ 3 │ 4 │ 5 │    
      └───┴───║───┼───┼───┼───┐
              ║ 6 │ 7 │ 8 │ 9 │
              ║───┴───┴───┴───┘

o10 : YoungTableau

i11 : T''^0

o11 = {3, 4, 5, , 1, 2}

o11 : List

i12 : rowEntries(T'',0)

o12 = {1, 2, 3, 4, 5}

o12 : List

i13 : 
