-- -*- M2-comint -*- hash: 5307443410145681396

i1 : T = youngTableau(new Partition from {4,3,1,0}, new Partition from {1,1}, {1,2,3,4,5,6})

         ┌───┬───┬───┐
o1 =     │ 1 │ 2 │ 3 │
         ├───┼───┼───┘
         │ 4 │ 5 │    
     ┌───┼───┴───┘    
     │ 6 │            
     └───┘            

o1 : YoungTableau

i2 : for i in columnRange T do print T_i
{, , 6}
{1, 4, }
{2, 5, }
{3, , }

i3 : (T^0)#1

o3 = 1

i4 : (T_1)#0

o4 = 1

i5 : T_(0,1)

o5 = 1

i6 : T'' = youngTableau(new Partition from {3,1}, new Partition from {-2,0,-1}, {1,2,3,4,5,6,7})

     ┌───┬───║───┬───┬───┐
o6 = │ 1 │ 2 ║ 3 │ 4 │ 5 │
     └───┴───║───┼───┴───┘
             ║ 6 │        
         ┌───║───┘        
         │ 7 ║            
         └───║            

o6 : YoungTableau

i7 : T''_-1

o7 = {2, , 7}

o7 : List

i8 : columnEntries(T'',-1)

o8 = {2, 7}

o8 : List

i9 : 
