-- -*- M2-comint -*- hash: 14602811976171815197

i1 : theBag = allSemistandardTableaux(new Partition from {5,4,2}, new Partition from {3,1})

o1 = -*a bagged sequence of length 144*-

o1 : Bag

i2 : for i from 0 to 4 do print theBag#i
            ┌───┬───┐
            │ 1 │ 1 │
    ┌───┬───┼───┼───┘
    │ 1 │ 1 │ 2 │    
┌───┼───┼───┴───┘    
│ 1 │ 2 │            
└───┴───┘            
            ┌───┬───┐
            │ 1 │ 1 │
    ┌───┬───┼───┼───┘
    │ 1 │ 1 │ 2 │    
┌───┼───┼───┴───┘    
│ 1 │ 3 │            
└───┴───┘            
            ┌───┬───┐
            │ 1 │ 1 │
    ┌───┬───┼───┼───┘
    │ 1 │ 1 │ 2 │    
┌───┼───┼───┴───┘    
│ 2 │ 2 │            
└───┴───┘            
            ┌───┬───┐
            │ 1 │ 1 │
    ┌───┬───┼───┼───┘
    │ 1 │ 1 │ 2 │    
┌───┼───┼───┴───┘    
│ 2 │ 3 │            
└───┴───┘            
            ┌───┬───┐
            │ 1 │ 1 │
    ┌───┬───┼───┼───┘
    │ 1 │ 1 │ 2 │    
┌───┼───┼───┴───┘    
│ 3 │ 3 │            
└───┴───┘            

i3 : # allSemistandardTableaux(new Partition from {6,6,5,1,1})

o3 = 2520

i4 : numSemistandardTableaux(new Partition from {6,6,5,1,1})

o4 = 2520

i5 : lam1 = new Partition from {3,1}

o5 = Partition{3, 1}

o5 : Partition

i6 : mu1 = new Partition from {2}

o6 = Partition{2}

o6 : Partition

i7 : lam2 = new Partition from {1,1}

o7 = Partition{1, 1}

o7 : Partition

i8 : theProduct = allSemistandardTableaux {(lam1,mu1), (lam2,3)}

o8 = -*a bagged sequence of length 12*-

o8 : Bag

i9 : for i from 0 to 5 do print theProduct#i
         ┌───┐  ┌───┐
(        │ 1 │, │ 1 │)
 ┌───┐   └───┘  ├───┤
 │ 1 │          │ 2 │
 └───┘          └───┘
         ┌───┐  ┌───┐
(        │ 1 │, │ 1 │)
 ┌───┐   └───┘  ├───┤
 │ 1 │          │ 3 │
 └───┘          └───┘
         ┌───┐  ┌───┐
(        │ 1 │, │ 2 │)
 ┌───┐   └───┘  ├───┤
 │ 1 │          │ 3 │
 └───┘          └───┘
         ┌───┐  ┌───┐
(        │ 1 │, │ 1 │)
 ┌───┐   └───┘  ├───┤
 │ 2 │          │ 2 │
 └───┘          └───┘
         ┌───┐  ┌───┐
(        │ 1 │, │ 1 │)
 ┌───┐   └───┘  ├───┤
 │ 2 │          │ 3 │
 └───┘          └───┘
         ┌───┐  ┌───┐
(        │ 1 │, │ 2 │)
 ┌───┐   └───┘  ├───┤
 │ 2 │          │ 3 │
 └───┘          └───┘

i10 : 
