-- -*- M2-comint -*- hash: 4835843919700027509

i1 : theBag = allTabloids(new Partition from {4,3,1})

o1 = -*a bagged sequence of length 280*-

o1 : Bag

i2 : for i from 0 to 4 do print theBag#i
┌───────────────┐
│ 1   2   3   4 │
├───────────┬───┘
│ 5   6   7 │    
├───┬───────┘    
│ 8 │            
└───┘            
┌───────────────┐
│ 1   2   3   4 │
├───────────┬───┘
│ 5   6   8 │    
├───┬───────┘    
│ 7 │            
└───┘            
┌───────────────┐
│ 1   2   3   4 │
├───────────┬───┘
│ 5   7   8 │    
├───┬───────┘    
│ 6 │            
└───┘            
┌───────────────┐
│ 1   2   3   4 │
├───────────┬───┘
│ 6   7   8 │    
├───┬───────┘    
│ 5 │            
└───┘            
┌───────────────┐
│ 1   2   3   5 │
├───────────┬───┘
│ 4   6   7 │    
├───┬───────┘    
│ 8 │            
└───┘            

i3 : # theBag

o3 = 280

i4 : numTabloids(new Partition from {4,3,1})

o4 = 280

i5 : 
