-- -*- M2-comint -*- hash: 2621052272440411603

i1 : theBag = allStandardTableaux(new Partition from {4,3,1})

o1 = -*a bagged sequence of length 70*-

o1 : Bag

i2 : for i from 0 to 4 do print theBag#i
┌───┬───┬───┬───┐
│ 1 │ 4 │ 6 │ 8 │
├───┼───┼───┼───┘
│ 2 │ 5 │ 7 │    
├───┼───┴───┘    
│ 3 │            
└───┘            
┌───┬───┬───┬───┐
│ 1 │ 3 │ 6 │ 8 │
├───┼───┼───┼───┘
│ 2 │ 5 │ 7 │    
├───┼───┴───┘    
│ 4 │            
└───┘            
┌───┬───┬───┬───┐
│ 1 │ 2 │ 6 │ 8 │
├───┼───┼───┼───┘
│ 3 │ 5 │ 7 │    
├───┼───┴───┘    
│ 4 │            
└───┘            
┌───┬───┬───┬───┐
│ 1 │ 3 │ 6 │ 8 │
├───┼───┼───┼───┘
│ 2 │ 4 │ 7 │    
├───┼───┴───┘    
│ 5 │            
└───┘            
┌───┬───┬───┬───┐
│ 1 │ 2 │ 6 │ 8 │
├───┼───┼───┼───┘
│ 3 │ 4 │ 7 │    
├───┼───┴───┘    
│ 5 │            
└───┘            

i3 : # theBag

o3 = 70

i4 : numStandardTableaux(new Partition from {4,3,1})

o4 = 70

i5 : 
