-- -*- M2-comint -*- hash: 1731548930099094249

i1 : theBag = allSubPartitions(new Partition from {2,2,1},new Partition from {1})

o1 = -*a bagged sequence of length 8*-

o1 : Bag

i2 : for nu in theBag do print youngDiagram nu
┌───┐
│   │
└───┘
┌───┬───┐
│   │   │
└───┴───┘
┌───┐
│   │
├───┤
│   │
└───┘
┌───┬───┐
│   │   │
├───┼───┘
│   │    
└───┘    
┌───┬───┐
│   │   │
├───┼───┤
│   │   │
└───┴───┘
┌───┐
│   │
├───┤
│   │
├───┤
│   │
└───┘
┌───┬───┐
│   │   │
├───┼───┘
│   │    
├───┤    
│   │    
└───┘    
┌───┬───┐
│   │   │
├───┼───┤
│   │   │
├───┼───┘
│   │    
└───┘    

i3 : 
