-- -*- M2-comint -*- hash: 15518088137887980616

i1 : T = youngTableau(new Partition from {6,6,5,3,1}, new Partition from {2,1,1})

             ┌───┬───┬───┬───┐
o1 =         │   │   │   │   │
         ┌───┼───┼───┼───┼───┤
         │   │   │   │   │   │
         ├───┼───┼───┼───┼───┘
         │   │   │   │   │    
     ┌───┼───┼───┼───┴───┘    
     │   │   │   │            
     ├───┼───┴───┘            
     │   │                    
     └───┘                    

o1 : YoungTableau

i2 : boxContent(1,1)

o2 = 0

i3 : applyPositions(T, thePosition -> boxContent thePosition)

               ┌────┬────┬────┬────┐
o3 =           │ 2  │ 3  │ 4  │ 5  │
          ┌────┼────┼────┼────┼────┤
          │ 0  │ 1  │ 2  │ 3  │ 4  │
          ├────┼────┼────┼────┼────┘
          │ -1 │ 0  │ 1  │ 2  │     
     ┌────┼────┼────┼────┴────┘     
     │ -3 │ -2 │ -1 │               
     ├────┼────┴────┘               
     │ -4 │                         
     └────┘                         

o3 : YoungTableau

i4 : 
