-- -*- M2-comint -*- hash: 2036002905590126364

i1 : T = youngTableau(new Partition from {8,7,6,6,1}, new Partition from {4,4,3,2,-2}, toList(1..17))

               ║                   ┌────┬────┬────┬────┐
o1 =           ║                   │ 1  │ 2  │ 3  │ 4  │
               ║                   ├────┼────┼────┼────┘
               ║                   │ 5  │ 6  │ 7  │     
               ║              ┌────┼────┼────┼────┘     
               ║              │ 8  │ 9  │ 10 │          
               ║         ┌────┼────┼────┼────┤          
               ║         │ 11 │ 12 │ 13 │ 14 │          
     ┌────┬────║────┐    └────┴────┴────┴────┘          
     │ 15 │ 16 ║ 17 │                                   
     └────┴────║────┘                                   

o1 : YoungTableau

i2 : columnRange T

o2 = (-2, -1, 0, 1, 2, 3, 4, 5, 6, 7)

o2 : Sequence

i3 : for j in columnRange T do print columnEntries(T,j)
{15}
{16}
{17}
{}
{11}
{8, 12}
{1, 5, 9, 13}
{2, 6, 10, 14}
{3, 7}
{4}

i4 : 
