-- -*- M2-comint -*- hash: 1731207206738754739

i1 : T = youngTableau(new Partition from {2,2,1}, {1,4,2,5,3})

     ┌───┬───┐
o1 = │ 1 │ 4 │
     ├───┼───┤
     │ 2 │ 5 │
     ├───┼───┘
     │ 3 │    
     └───┘    

o1 : YoungTableau

i2 : columnStabilizer T

o2 = {Permutation{1, 2, 3, 4, 5}, Permutation{1, 2, 3, 5, 4}, Permutation{1,
     ------------------------------------------------------------------------
     3, 2, 4, 5}, Permutation{1, 3, 2, 5, 4}, Permutation{2, 1, 3, 4, 5},
     ------------------------------------------------------------------------
     Permutation{2, 1, 3, 5, 4}, Permutation{2, 3, 1, 4, 5}, Permutation{2,
     ------------------------------------------------------------------------
     3, 1, 5, 4}, Permutation{3, 1, 2, 4, 5}, Permutation{3, 1, 2, 5, 4},
     ------------------------------------------------------------------------
     Permutation{3, 2, 1, 4, 5}, Permutation{3, 2, 1, 5, 4}}

o2 : List

i3 : 
