-- -*- M2-comint -*- hash: 1731207115107343570

i1 : T = youngTableau(new Partition from {6,6,5,3,1}, new Partition from {2,1,1}, toList(1..17))

               ┌────┬────┬────┬────┐
o1 =           │ 1  │ 2  │ 3  │ 4  │
          ┌────┼────┼────┼────┼────┤
          │ 5  │ 6  │ 7  │ 8  │ 9  │
          ├────┼────┼────┼────┼────┘
          │ 10 │ 11 │ 12 │ 13 │     
     ┌────┼────┼────┼────┴────┘     
     │ 14 │ 15 │ 16 │               
     ├────┼────┴────┘               
     │ 17 │                         
     └────┘                         

o1 : YoungTableau

i2 : conjugate T

                    ┌────┬────┐
o2 =                │ 14 │ 17 │
          ┌────┬────┼────┼────┘
          │ 5  │ 10 │ 15 │     
     ┌────┼────┼────┼────┤     
     │ 1  │ 6  │ 11 │ 16 │     
     ├────┼────┼────┼────┘     
     │ 2  │ 7  │ 12 │          
     ├────┼────┼────┤          
     │ 3  │ 8  │ 13 │          
     ├────┼────┼────┘          
     │ 4  │ 9  │               
     └────┴────┘               

o2 : YoungTableau

i3 : 
