-- -*- M2-comint -*- hash: 5395550451581901371

i1 : T = youngTableau(new Partition from {5,4,1}, new Partition from {2,1,1})

             ┌───┬───┬───┐
o1 =         │   │   │   │
         ┌───┼───┼───┼───┘
         │   │   │   │    
         └───┴───┴───┘    
                          
                          

o1 : YoungTableau

i2 : drawInnerShape true 

o2 = true

i3 : T

             ┌───┬───┬───┐
o3 =   ■   ■ │   │   │   │
         ┌───┼───┼───┼───┘
       ■ │   │   │   │    
         └───┴───┴───┘    
       ■                  
                          

o3 : YoungTableau

i4 : drawInnerShape false 

o4 = false

i5 : T

             ┌───┬───┬───┐
o5 =         │   │   │   │
         ┌───┼───┼───┼───┘
         │   │   │   │    
         └───┴───┴───┘    
                          
                          

o5 : YoungTableau

i6 : 
