-- -*- M2-comint -*- hash: 13965526173350803745

i1 : T = youngTableau(new Partition from {6,6,5,3,1}, new Partition from {2,1,1})

             ┌───┬───┬───┬───┐
o1 =         │   │   │   │   │
         ┌───┼───┼───┼───┼───┤
         │   │   │   │   │   │
         ├───┼───┼───┼───┼───┘
         │   │   │   │   │    
     ┌───┼───┼───┼───┴───┘    
     │   │   │   │            
     ├───┼───┴───┘            
     │   │                    
     └───┘                    

o1 : YoungTableau

i2 : hookLength((1,1),T)

o2 = 7

i3 : applyPositions(T, thePosition -> hookLength(thePosition,T))

             ┌───┬───┬───┬───┐
o3 =         │ 7 │ 5 │ 4 │ 2 │
         ┌───┼───┼───┼───┼───┤
         │ 7 │ 6 │ 4 │ 3 │ 1 │
         ├───┼───┼───┼───┼───┘
         │ 5 │ 4 │ 2 │ 1 │    
     ┌───┼───┼───┼───┴───┘    
     │ 4 │ 2 │ 1 │            
     ├───┼───┴───┘            
     │ 1 │                    
     └───┘                    

o3 : YoungTableau

i4 : lam = new Partition from {3,2,2}

o4 = Partition{3, 2, 2}

o4 : Partition

i5 : hookLength lam

o5 = 21

i6 : 
