-- -*- M2-comint -*- hash: 5318003380774982391

i1 : T = mutableYoungTableau(new Partition from {4,2,1}, new Partition from {1}, toList(1..6))

         ┌───┬───┬───┐
o1 =     │ 1 │ 2 │ 3 │
     ┌───┼───┼───┴───┘
     │ 4 │ 5 │        
     ├───┼───┘        
     │ 6 │            
     └───┘            

o1 : MutableYoungTableau

i2 : T_(0,2) = 9

o2 = 9

i3 : T

         ┌───┬───┬───┐
o3 =     │ 1 │ 9 │ 3 │
     ┌───┼───┼───┴───┘
     │ 4 │ 5 │        
     ├───┼───┘        
     │ 6 │            
     └───┘            

o3 : MutableYoungTableau

i4 : 
