-- -*- M2-comint -*- hash: 2714307804033117245

i1 : T = youngTableau(new Partition from {4,3,1,0}, new Partition from {1,1,3,2,0})

         ┌───┬───┬───┐
o1 =     │   │   │   │
         ├───┼───┼───┘
         │   │   │    
         ├───┼───┤    
         │░░ │░░ │    
     ┌───┼───┼───┘    
     │░░ │░░ │        
     └───┴───┘        

o1 : YoungTableau

i2 : numRows T

o2 = 4

i3 : (lam,mu) = standardize skewShape T

o3 = (Partition{4, 3, 1, 0}, Partition{1, 1, 3, 2})

o3 : Sequence

i4 : #lam

o4 = 4

i5 : 
