-- -*- M2-comint -*- hash: 687581419173580229

i1 : drawInnerShape true 

o1 = true

i2 : T = youngTableau(new Partition from {4,3,1}, new Partition from {1,1,1})

         ┌───┬───┬───┐
o2 =   ■ │   │   │   │
         ├───┼───┼───┘
       ■ │   │   │    
         └───┴───┘    
       ■              
                      

o2 : YoungTableau

i3 : numColumns T

o3 = 3

i4 : T' = youngTableau(new Partition from {4,3,1}, new Partition from {-1,1,1})

     ┌───║───┬───┬───┬───┐
o4 = │   ║   │   │   │   │
     └───║───┼───┼───┼───┘
         ║ ■ │   │   │    
         ║   └───┴───┘    
         ║ ■              
         ║                

o4 : YoungTableau

i5 : numColumns T'

o5 = 5

i6 : 
