-- -*- M2-comint -*- hash: 10321424935625071406

i1 : lam = new Partition from {5,4,3,3,1}

o1 = Partition{5, 4, 3, 3, 1}

o1 : Partition

i2 : mu = new Partition from {3,1,1}

o2 = Partition{3, 1, 1}

o2 : Partition

i3 : randomTabloid(lam,mu)

                    ┌─────────┐
o3 =                │ 6    4  │
          ┌─────────┴────┬────┘
          │ 7    9    2  │     
          ├─────────┬────┘     
          │ 3    1  │          
     ┌────┴─────────┤          
     │ 10   11   5  │          
     ├────┬─────────┘          
     │ 8  │                    
     └────┘                    

o3 : Tabloid

i4 : randomTabloid lam

     ┌────────────────────────┐
o4 = │ 7    4    9    12   2  │
     ├───────────────────┬────┘
     │ 8    16   6    14 │     
     ├──────────────┬────┘     
     │ 5    15   10 │          
     ├──────────────┤          
     │ 11   1    3  │          
     ├────┬─────────┘          
     │ 13 │                    
     └────┘                    

o4 : Tabloid

i5 : 
