-- -*- M2-comint -*- hash: 10321870801310039766

i1 : lam = new Partition from {5,4,3,3,1}

o1 = Partition{5, 4, 3, 3, 1}

o1 : Partition

i2 : mu = new Partition from {3,1,1}

o2 = Partition{3, 1, 1}

o2 : Partition

i3 : randomSemistandardTableau(lam,mu)

                 ┌───┬───┐
o3 =             │ 3 │ 5 │
         ┌───┬───┼───┼───┘
         │ 1 │ 3 │ 5 │    
         ├───┼───┼───┘    
         │ 2 │ 4 │        
     ┌───┼───┼───┤        
     │ 3 │ 3 │ 5 │        
     ├───┼───┴───┘        
     │ 4 │                
     └───┘                

o3 : YoungTableau

i4 : randomSemistandardTableau lam

     ┌───┬───┬───┬───┬───┐
o4 = │ 1 │ 1 │ 2 │ 3 │ 5 │
     ├───┼───┼───┼───┼───┘
     │ 2 │ 3 │ 3 │ 4 │    
     ├───┼───┼───┼───┘    
     │ 3 │ 4 │ 4 │        
     ├───┼───┼───┤        
     │ 4 │ 5 │ 5 │        
     ├───┼───┴───┘        
     │ 5 │                
     └───┘                

o4 : YoungTableau

i5 : 
