-- -*- M2-comint -*- hash: 1730789657940327062

i1 : T = tabloid(new Partition from {6,3,2}, new Partition from {2}, {9,5,1,2,4,3,7,8,6})

             ┌───────────────┐
o1 =         │ 9   5   1   2 │
     ┌───────┴───┬───────────┘
     │ 4   3   7 │            
     ├───────┬───┘            
     │ 8   6 │                
     └───────┘                

o1 : Tabloid

i2 : representative T

             ┌───┬───┬───┬───┐
o2 =         │ 1 │ 2 │ 5 │ 9 │
     ┌───┬───┼───┼───┴───┴───┘
     │ 3 │ 4 │ 7 │            
     ├───┼───┼───┘            
     │ 6 │ 8 │                
     └───┴───┘                

o2 : YoungTableau

i3 : 
