-- -*- M2-comint -*- hash: 3764527234555608630

i1 : T = youngTableau(new Partition from {4,3,1,0}, new Partition from {2,1}, {1,2,3,4,5})

             ┌───┬───┐
o1 =         │ 1 │ 2 │
         ┌───┼───┼───┘
         │ 3 │ 4 │    
     ┌───┼───┴───┘    
     │ 5 │            
     └───┘            

o1 : YoungTableau

i2 : skewShape T

o2 = (Partition{4, 3, 1, 0}, Partition{2, 1})

o2 : Sequence

i3 : trim skewShape T

o3 = (Partition{4, 3, 1}, Partition{2, 1})

o3 : Sequence

i4 : (lam',mu') = pad skewShape T

o4 = (Partition{4, 3, 1, 0}, Partition{2, 1, 0, 0})

o4 : Sequence

i5 : rowLengths' = for i from 0 to #lam'-1 list(lam'#i-mu'#i)

o5 = {2, 2, 1, 0}

o5 : List

i6 : (lam'',mu'') = standardize skewShape T

o6 = (Partition{4, 3, 1}, Partition{2, 1, 0})

o6 : Sequence

i7 : rowLengths = for i from 0 to #lam''-1 list(lam''#i-mu''#i)

o7 = {2, 2, 1}

o7 : List

i8 : 
