-- -*- M2-comint -*- hash: 14522343700450487262

i1 : T = youngTableau(new Partition from {4,3,1}, new Partition from {2,1}, {1,2,3,4,5})

             ┌───┬───┐
o1 =         │ 1 │ 2 │
         ┌───┼───┼───┘
         │ 3 │ 4 │    
     ┌───┼───┴───┘    
     │ 5 │            
     └───┘            

o1 : YoungTableau

i2 : tex T

o2 = \SkewTableau[skew border, skew boxes]{2, 1, 0}{12, 34, 5}

i3 : T' = tabloid T

             ┌───────┐
o3 =         │ 1   2 │
         ┌───┴───┬───┘
         │ 3   4 │    
     ┌───┼───────┘    
     │ 5 │            
     └───┘            

o3 : Tabloid

i4 : tex T'

o4 = \Tabloid[skew={2, 1, 0}]{12, 34, 5}

i5 : 
