-- -*- M2-comint -*- hash: 15608190386252292971

i1 : T = youngTableau(new Partition from {6,3,2}, new Partition from {2}, toList(10..18))

               ┌────┬────┬────┬────┐
o1 =           │ 10 │ 11 │ 12 │ 13 │
     ┌────┬────┼────┼────┴────┴────┘
     │ 14 │ 15 │ 16 │               
     ├────┼────┼────┘               
     │ 17 │ 18 │                    
     └────┴────┘                    

o1 : YoungTableau

i2 : (entries T)#5

o2 = 15

i3 : toPosition(T,5)

o3 = (1, 1)

o3 : Sequence

i4 : youngTableau(new Partition from {6,3,2}, new Partition from {2}, toList(0..(size T - 1)))

             ┌───┬───┬───┬───┐
o4 =         │ 0 │ 1 │ 2 │ 3 │
     ┌───┬───┼───┼───┴───┴───┘
     │ 4 │ 5 │ 6 │            
     ├───┼───┼───┘            
     │ 7 │ 8 │                
     └───┴───┘                

o4 : YoungTableau

i5 : entryList = for i from 0 to size T - 1 list toPosition(T,i)

o5 = {(0, 2), (0, 3), (0, 4), (0, 5), (1, 0), (1, 1), (1, 2), (2, 0), (2, 1)}

o5 : List

i6 : youngTableau(new Partition from {6,3,2}, new Partition from {2}, entryList)

                       ┌────────┬────────┬────────┬────────┐
o6 =                   │ (0, 2) │ (0, 3) │ (0, 4) │ (0, 5) │
     ┌────────┬────────┼────────┼────────┴────────┴────────┘
     │ (1, 0) │ (1, 1) │ (1, 2) │                           
     ├────────┼────────┼────────┘                           
     │ (2, 0) │ (2, 1) │                                    
     └────────┴────────┘                                    

o6 : YoungTableau

i7 : 
