-- -*- M2-comint -*- hash: 3349283812830851039

i1 : T = youngTableau(new Partition from {6,6,5,3,1})

     ┌───┬───┬───┬───┬───┬───┐
o1 = │   │   │   │   │   │   │
     ├───┼───┼───┼───┼───┼───┤
     │   │   │   │   │   │   │
     ├───┼───┼───┼───┼───┼───┘
     │   │   │   │   │   │    
     ├───┼───┼───┼───┴───┘    
     │   │   │   │            
     ├───┼───┴───┘            
     │   │                    
     └───┘                    

o1 : YoungTableau

i2 : T' = shift T

     ┌───┬───┬───┬───┬───┬───┐    
o2 = │   │   │   │   │   │   │    
     └───┼───┼───┼───┼───┼───┼───┐
         │   │   │   │   │   │   │
         └───┼───┼───┼───┼───┼───┤
             │   │   │   │   │   │
             └───┼───┼───┼───┼───┘
                 │   │   │   │    
                 └───┼───┼───┘    
                     │   │        
                     └───┘        

o2 : YoungTableau

i3 : unshift T'

     ┌───┬───┬───┬───┬───┬───┐
o3 = │   │   │   │   │   │   │
     ├───┼───┼───┼───┼───┼───┤
     │   │   │   │   │   │   │
     ├───┼───┼───┼───┼───┼───┘
     │   │   │   │   │   │    
     ├───┼───┼───┼───┴───┘    
     │   │   │   │            
     ├───┼───┴───┘            
     │   │                    
     └───┘                    

o3 : YoungTableau

i4 : 
