-- -*- M2-comint -*- hash: 16033906240079908465

i1 : T1 = youngTableau(new Partition from {6,6,5,3,1}, new Partition from {2,1,1})

             ┌───┬───┬───┬───┐
o1 =         │   │   │   │   │
         ┌───┼───┼───┼───┼───┤
         │   │   │   │   │   │
         ├───┼───┼───┼───┼───┘
         │   │   │   │   │    
     ┌───┼───┼───┼───┴───┘    
     │   │   │   │            
     ├───┼───┴───┘            
     │   │                    
     └───┘                    

o1 : YoungTableau

i2 : T2 = youngTableau(new Partition from {3,1}, new Partition from {1}, {"a","b","c"})

         ┌───┬───┐
o2 =     │ a │ b │
     ┌───┼───┴───┘
     │ c │        
     └───┘        

o2 : YoungTableau

i3 : verticalNet {T1, T2}

             ┌───┬───┬───┬───┐
o3 =         │   │   │   │   │
         ┌───┼───┼───┼───┼───┤
         │   │   │   │   │   │
         ├───┼───┼───┼───┼───┘
         │   │   │   │   │    
     ┌───┼───┼───┼───┴───┘    
     │   │   │   │            
     ├───┼───┴───┘            
     │   │                    
     └───┘                    
         ┌───┬───┐
         │ a │ b │
     ┌───┼───┴───┘
     │ c │        
     └───┘        

i4 : 
