-- -*- M2-comint -*- hash: 11192006518180676655

i1 : lam = new Partition from {4,3,2}

o1 = Partition{4, 3, 2}

o1 : Partition

i2 : mu = new Partition from {3,1}

o2 = Partition{3, 1}

o2 : Partition

i3 : entryList = {1,2,3,3,9}

o3 = {1, 2, 3, 3, 9}

o3 : List

i4 : T = youngTableau(lam,mu,entryList)

                 ┌───┐
o4 =             │ 1 │
         ┌───┬───┼───┘
         │ 2 │ 3 │    
     ┌───┼───┼───┘    
     │ 3 │ 9 │        
     └───┴───┘        

o4 : YoungTableau

i5 : youngTableau(new Partition from {3,5,1}, new Partition from {0,1}, {7,"&",4,2,"g","u",6,0})

     ┌───┬───┬───┐        
o5 = │ 7 │ & │ 4 │        
     └───┼───┼───┼───┬───┐
         │ 2 │ g │ u │ 6 │
     ┌───┼───┴───┴───┴───┘
     │ 0 │                
     └───┘                

o5 : YoungTableau

i6 : youngTableau(new Partition from {3,-3,-1}, new Partition from {-2,-4,-1})

             ┌───┬───║───┬───┬───┐
o6 =         │   │   ║   │   │   │
     ┌───┐   └───┴───║───┴───┴───┘
     │   │           ║            
     └───┘           ║            
                     ║            
                     ║            

o6 : YoungTableau

i7 : youngTableau(new Partition from {-2,-4,2}, new Partition from {1,-1,-1}, {1,2,3,4,5,6,7,8,9})

             ┌───┬───║───┐    
o7 =         │░1░│░2░║░3░│    
     ┌───┬───┼───┼───║───┘    
     │░4░│░5░│░6░│   ║        
     └───┴───┴───┼───║───┬───┐
                 │ 7 ║ 8 │ 9 │
                 └───║───┴───┘

o7 : YoungTableau

i8 : T'' = youngTableau(new Partition from {5,4,-1}, new Partition from {2,4,-3})

                 ║       ┌───┬───┬───┐
o8 =             ║       │   │   │   │
                 ║       └───┴───┴───┘
                 ║                    
     ┌───┬───┐   ║                    
     │   │   │   ║                    
     └───┴───┘   ║                    

o8 : YoungTableau

i9 : drawInnerShape true 

o9 = true

i10 : T''

                  ║       ┌───┬───┬───┐
o10 =             ║ ■   ■ │   │   │   │
                  ║       └───┴───┴───┘
                  ║ ■   ■   ■   ■      
      ┌───┬───┐   ║                    
      │   │   │ ■ ║                    
      └───┴───┘   ║                    

o10 : YoungTableau

i11 : drawInnerShape false 

o11 = false

i12 : T''

                  ║       ┌───┬───┬───┐
o12 =             ║       │   │   │   │
                  ║       └───┴───┴───┘
                  ║                    
      ┌───┬───┐   ║                    
      │   │   │   ║                    
      └───┴───┘   ║                    

o12 : YoungTableau

i13 : youngTableau(lam,mu,for i from 1 to size T list randomTabloid lam)

                                                                  ┌───────────────────┐
o13 =                                                             │ ┌───────────────┐ │
                                                                  │ │ 6   4   7   9 │ │
                                                                  │ ├───────────┬───┘ │
                                                                  │ │ 2   3   1 │     │
                                                                  │ ├───────┬───┘     │
                                                                  │ │ 5   8 │         │
                                                                  │ └───────┘         │
                          ┌───────────────────┬───────────────────┼───────────────────┘
                          │ ┌───────────────┐ │ ┌───────────────┐ │                    
                          │ │ 5   4   1   7 │ │ │ 8   3   4   6 │ │                    
                          │ ├───────────┬───┘ │ ├───────────┬───┘ │                    
                          │ │ 3   8   2 │     │ │ 1   5   9 │     │                    
                          │ ├───────┬───┘     │ ├───────┬───┘     │                    
                          │ │ 9   6 │         │ │ 2   7 │         │                    
                          │ └───────┘         │ └───────┘         │                    
      ┌───────────────────┼───────────────────┼───────────────────┘                    
      │ ┌───────────────┐ │ ┌───────────────┐ │                                        
      │ │ 6   4   7   9 │ │ │ 1   2   3   5 │ │                                        
      │ ├───────────┬───┘ │ ├───────────┬───┘ │                                        
      │ │ 3   1   8 │     │ │ 9   6   7 │     │                                        
      │ ├───────┬───┘     │ ├───────┬───┘     │                                        
      │ │ 5   2 │         │ │ 8   4 │         │                                        
      │ └───────┘         │ └───────┘         │                                        
      └───────────────────┴───────────────────┘                                        

o13 : YoungTableau

i14 : 
