-- -*- M2-comint -*- hash: 17905946749020043541

i1 : needsPackage "RandomComplexes"

o1 = RandomComplexes

o1 : Package

i2 : h = {1,4,6,5,1}

o2 = {1, 4, 6, 5, 1}

o2 : List

i3 : r = {1,3,3,4}

o3 = {1, 3, 3, 4}

o3 : List

i4 : C = randomChainComplex(h,r)

       2       8       12       12       5
o4 = ZZ  <-- ZZ  <-- ZZ   <-- ZZ   <-- ZZ
                                        
     0       1       2        3        4

o4 : Complex

i5 : CQ = C ** QQ

       2       8       12       12       5
o5 = QQ  <-- QQ  <-- QQ   <-- QQ   <-- QQ
                                        
     0       1       2        3        4

o5 : Complex

i6 : prune HH CQ

       1       4       6       5       1
o6 = QQ  <-- QQ  <-- QQ  <-- QQ  <-- QQ
                                      
     0       1       2       3       4

o6 : Complex

i7 : CR = C ** RR_53

         2         8         12         12         5
o7 = RR    <-- RR    <-- RR     <-- RR     <-- RR
       53        53        53         53         53
                                                
     0         1         2          3          4

o7 : Complex

i8 : (h,U) = SVDComplex CR

                            
o8 = (HashTable{0 => 1}, 0 :
                1 => 4      
                2 => 6      
                3 => 5
                4 => 1      
                         1 :
                            
                            
                            
                            
                            
                            
                            
                            

                            
                         2 :
                            
                            
                            
                            
                            
                            
                            
                            
                            
                            
                            
                            

                            
                         3 :
                            
                            
                            
                            
                            
                            
                            
                            
                            
                            
                            
                            

                            
                         4 :
                            
                            
                            
                            
                            
     ------------------------------------------------------------------------
         2                     2
     RR    <-------------- RR    : 0                                         
       53     | -.6 .8 |     53
              | .8  .6 |

         8                                                                   
     RR    <-----------------------------------------------------------------
       53     | .29173   -.137215  .131623  .0468896 -.0531994  .0813747  -.8
              | -.29173  -.164224  -.226171 .42752   .620643    .0676841  -.2
              | -.437595 -.0180683 -.352459 -.694466 -.00592661 .400455   -.2
              | .29173   -.0673769 .0868048 -.188439 -.37341    -.0668651 -.2
              | .29173   -.0270088 -.357794 .38063   -.268139   .738149   .15
              | -.29173  .834227   -.117388 .248267  -.269867   -.0844963 -.2
              | -.437595 -.0881199 .763237  .133167  -.134626   .420698   .00
              | -.437595 -.494881  -.27465  .270161  -.556464   -.308173  -.0

         12                                                                  
     RR     <----------------------------------------------------------------
       53      | .278738    -.330931 -.0636129 .127695   .645269    -.37313  
               | .181387    .0175177 -.109373  -.0842121 -.00579485 -.28904  
               | -.0897273  -.357747 .0394609  .281164   -.32376    -.508571 
               | -.00779127 .080533  .485993   .0152504  .318467    -.0354616
               | .091828    .285434  -.641126  .323891   -.0936544  -.0475192
               | -.23277    -.569208 -.360463  -.127208  -.144131   .166691  
               | -.41609    .111251  -.220639  .417497   .399399    -.0792484
               | .262495    .0747623 -.0367352 .0137386  -.0441806  .248257  
               | .352222    .43251   -.0761961 .150879   -.0524196  -.110043 
               | .265256    -.242179 .306708   .7236     -.236879   .269692  
               | .51068     -.142759 -.0770441 -.233553  -.161111   -.294916 
               | -.348465   .257248  .22232    .0287713  -.318621   -.497548 

         12                                                                  
     RR     <----------------------------------------------------------------
       53      | .409642   .0932651  -.0489842 .127274   -.698196  .343166   
               | .437938   .55024    .565887   -.223659  .115315   -.072463  
               | .371333   -.393548  -.0292137 -.216358  .191764   .456632   
               | -.309475  .419368   -.11574   -.208793  .0489245  .372494   
               | .0467424  .228516   -.385956  .230435   .19515    .222109   
               | .250774   .131081   -.27622   -.241195  .112536   -.413502  
               | -.285925  -.0416247 -.240923  -.617916  -.306378  -.0890825 
               | -.0952472 -.196698  .199861   .355998   -.349078  -.133132  
               | -.155527  .0656166  .0763583  .393519   .288769   -.060593  
               | -.218964  -.248338  .489768   -.210814  -.0915731 -.125286  
               | .199112   -.41337   .0745986  -.151334  .315891   .17688    
               | -.372912  .105413   .29767    -.0366188 .0450206  .482794   

         5                                                              5
     RR    <------------------------------------------------------- RR    : 4
       53     | -.67986  -.314387  .266634  .10376   .597571    |     53
              | .011089  -.0216509 -.466133 .882608  .0559598   |
              | -.100377 .927993   .220916  .124605  .253818    |
              | -.562364 .0587547  .259779  .193793  -.758455   |
              | -.459716 .189918   -.771581 -.396428 -.00999282 |
     ------------------------------------------------------------------------
                                                                             



                               8
     --------------------- RR    : 1
     6115   .354274    |     53
     90387  -.42414    |
     02919  -.00991045 |
     09775  -.824256   |
     6524   .00251973  |
     47435  -.0484808  |
     780049 -.0728648  |
     559336 .0862144   |

                                                                           12
     ----------------------------------------------------------------- RR    
      -.280374  -.0783132 .28273    .229054   -.140167  -.00686699 |     53
      .153303   .781732   .190231   -.436235  -.0354612 -.0425185  |
      .0478373  -.338573  -.0699034 -.369088  .135706   -.378737   |
      .756765   -.164423  .212965   -.0511157 .0703199  .0413875   |
      .338731   -.0464741 .267142   .331848   .228482   -.180355   |
      .256978   -.100693  .27294    -.104159  -.277277  .434443    |
      .127136   .103344   -.550512  -.150677  -.235241  .133262    |
      .114938   -.108461  .00708927 -.0855039 -.759786  -.500774   |
      -.14532   -.365862  .134486   -.460497  -.107647  .498741    |
      -.0207342 .253803   .0212025  .147634   -.014881  .192776    |
      .298369   -.0133253 -.567777  .285384   -.0609097 .220645    |
      -.0467394 .0889065  .209174   .390014   -.422512  .169111    |

                                                                       12
     ------------------------------------------------------------- RR     : 3
     -.159003 -.302798 .0547485  .0541313  .0972685  -.259421  |     53
     -.031799 .144407  .152352   -.0630421 -.256868  .0401825  |
     -.239502 .237218  -.453189  -.246814  -.158924  .0953569  |
     .102106  -.401257 -.0739132 -.523936  .10186    .261609   |
     -.280777 -.120544 .144159   .441453   -.453851  .375644   |
     -.556437 -.091209 -.0286065 -.028667  .508657   .153284   |
     -.226562 .189958  .250644   -.0712865 -.414855  -.217771  |
     -.271929 .212036  .251256   -.415901  -.0852799 .532633   |
     -.46663  -.172028 -.0257508 -.326515  -.215258  -.568164  |
     -.230163 -.552391 -.294833  .288541   -.148419  .177944   |
     .0501992 -.330977 .709884   -.0777603 .0872107  -.0168893 |
     -.344887 .349302  .154501   .296642   .410933   -.0553848 |
     ------------------------------------------------------------------------
        )















     : 2

o8 : Sequence

i9 : source U

         2         8         12         12         5
o9 = RR    <-- RR    <-- RR     <-- RR     <-- RR
       53        53        53         53         53
                                                
     0         1         2          3          4

o9 : Complex

i10 : (source U).dd

              2                                    8
o10 = 0 : RR    <----------------------------- RR    : 1
            53     | 34.2783 0 0 0 0 0 0 0 |     53
                   | 0       0 0 0 0 0 0 0 |

              8                                                        12
      1 : RR    <------------------------------------------------- RR     : 2
            53     | 0       0       0       0 0 0 0 0 0 0 0 0 |     53
                   | 160.387 0       0       0 0 0 0 0 0 0 0 0 |
                   | 0       85.9914 0       0 0 0 0 0 0 0 0 0 |
                   | 0       0       40.2416 0 0 0 0 0 0 0 0 0 |
                   | 0       0       0       0 0 0 0 0 0 0 0 0 |
                   | 0       0       0       0 0 0 0 0 0 0 0 0 |
                   | 0       0       0       0 0 0 0 0 0 0 0 0 |
                   | 0       0       0       0 0 0 0 0 0 0 0 0 |

              12                                                        12
      2 : RR     <------------------------------------------------- RR     : 3
            53      | 0       0       0       0 0 0 0 0 0 0 0 0 |     53
                    | 0       0       0       0 0 0 0 0 0 0 0 0 |
                    | 0       0       0       0 0 0 0 0 0 0 0 0 |
                    | 252.014 0       0       0 0 0 0 0 0 0 0 0 |
                    | 0       179.404 0       0 0 0 0 0 0 0 0 0 |
                    | 0       0       55.8422 0 0 0 0 0 0 0 0 0 |
                    | 0       0       0       0 0 0 0 0 0 0 0 0 |
                    | 0       0       0       0 0 0 0 0 0 0 0 0 |
                    | 0       0       0       0 0 0 0 0 0 0 0 0 |
                    | 0       0       0       0 0 0 0 0 0 0 0 0 |
                    | 0       0       0       0 0 0 0 0 0 0 0 0 |
                    | 0       0       0       0 0 0 0 0 0 0 0 0 |

              12                                                5
      3 : RR     <----------------------------------------- RR    : 4
            53      | 0       0       0       0       0 |     53
                    | 0       0       0       0       0 |
                    | 0       0       0       0       0 |
                    | 186.288 0       0       0       0 |
                    | 0       138.149 0       0       0 |
                    | 0       0       113.687 0       0 |
                    | 0       0       0       36.8099 0 |
                    | 0       0       0       0       0 |
                    | 0       0       0       0       0 |
                    | 0       0       0       0       0 |
                    | 0       0       0       0       0 |
                    | 0       0       0       0       0 |

o10 : ComplexMap

i11 : 
