-- -*- M2-comint -*- hash: 3472900803697560099

i1 : GF(331^2)[t_0..t_4]

o1 = GF 109561[t ..t ]
                0   4

o1 : PolynomialRing

i2 : phi = rationalMap(minors(2,matrix{{t_0..t_3},{t_1..t_4}}),Dominant=>infinity)

o2 = -- rational map --
     source: Proj(GF 109561[t , t , t , t , t ])
                             0   1   2   3   4
     target: subvariety of Proj(GF 109561[x , x , x , x , x , x ]) defined by
                                           0   1   2   3   4   5
             {
              x x  - x x  + x x
               2 3    1 4    0 5
             }
     defining forms: {
                         2
                      - t  + t t ,
                         1    0 2
                      
                      - t t  + t t ,
                         1 2    0 3
                      
                         2
                      - t  + t t ,
                         2    1 3
                      
                      - t t  + t t ,
                         1 3    0 4
                      
                      - t t  + t t ,
                         2 3    1 4
                      
                         2
                      - t  + t t
                         3    2 4
                     }

o2 : RationalMap (quadratic dominant rational map from PP^4 to hypersurface in PP^5)

i3 : time isBirational phi
 -- used 0.0263343s (cpu); 0.0263346s (thread); 0s (gc)

o3 = true

i4 : time isBirational(phi,Certify=>true)
Certify: output certified!
 -- used 0.0185733s (cpu); 0.0182961s (thread); 0s (gc)

o4 = true

i5 : 
