-- -*- M2-comint -*- hash: 1083144280810688039

i1 : S = schurRing(QQ,s,4);

i2 : s_{2,1} * s_{1}

o2 = s    + s    + s
      3,1    2,2    2,1,1

o2 : S

i3 : M = schurRing(QQ,m,4,Basis => "Monomial");

i4 : m_{1} * m_{1}

o4 = m  + 2m
      2     1,1

o4 : M

i5 : m_{2,1} * m_{1}

o5 = m    + 2m    + 2m
      3,1     2,2     2,1,1

o5 : M

i6 : S = schurRing(QQ,s,4);

i7 : M = schurRing(QQ,m,4,Basis => "Monomial");

i8 : toM(s_{1} * s_{1},M) == m_{1} * m_{1}

o8 = true

i9 : x = s_{2,1} * s_{1};

i10 : y = toM(x,M);

i11 : y

o11 = m    + 2m    + 4m      + 8m
       3,1     2,2     2,1,1     1,1,1,1

o11 : M

i12 : toS(y,S) == x

o12 = true

i13 : toS(m_{2,1} + m_{1,1,1}, S)

o13 = s    - s
       2,1    1,1,1

o13 : S

i14 : toM s_{2,1}

o14 = m    + 2m
       2,1     1,1,1

o14 : schurRing (QQ, m, 4)

i15 : kostkaNumber({2,1},{2,1})

o15 = 1

i16 : kostkaNumber({2,1},{1,1,1})

o16 = 2

i17 : 
