-- -*- M2-comint -*- hash: 14141457615074599926

i1 : R = symmetricRing(QQ,8);

i2 : fe = jacobiTrudi({2,2,2,2,2},R,EorH => "E");

i3 : fh = jacobiTrudi({2,2,2,2,2},R,EorH => "H");

i4 : fe

      2
o4 = e  - e e
      5    4 6

o4 : R

i5 : fh

      5       3       2   2     2 2       3     2 2       3       3      
o5 = h  - 4h h h  + 3h h h  + 3h h  - 2h h  + 3h h h  - 3h h  - 2h h h  -
      2     1 2 3     1 2 3     2 3     1 3     1 2 4     2 4     1 3 4  
     ------------------------------------------------------------------------
                  2      2 2       2     3           2       2              
     2h h h h  + h h  + h h  + 2h h  - 2h h h  + 4h h h  + 2h h h  - 4h h h 
       1 2 3 4    3 4    1 4     2 4     1 2 5     1 2 5     1 3 5     2 3 5
     ------------------------------------------------------------------------
                  2    4       2        2
     - 2h h h  + h  + h h  - 3h h h  + h h  + 2h h h  - h h
         1 4 5    5    1 6     1 2 6    2 6     1 3 6    4 6

o5 : R

i6 : toS fe == toS fh

o6 = true

i7 : R = symmetricRing(QQ,12);

i8 : elapsedTime jacobiTrudi({10},R,EorH => "E",Memoize => false);
 -- .00455705s elapsed

i9 : elapsedTime jacobiTrudi({10},R,EorH => "H",Memoize => false);
 -- .000140282s elapsed

i10 : 
