-- -*- M2-comint -*- hash: 8903792726653325603

i1 : S = schurRing(QQ,s,4,EHPVariables => (getSymbol"a",getSymbol"b",getSymbol"c"));

i2 : R = symmetricRing S

o2 = R

o2 : PolynomialRing

i3 : epol = toE s_{2,2,2}

      2
o3 = a  - a a
      3    2 4

o3 : R

i4 : toS epol

o4 = s
      2,2,2

o4 : S

i5 : R = symmetricRing(QQ,3);

i6 : gens R

o6 = {e , e , e , p , p , p , h , h , h }
       1   2   3   1   2   3   1   2   3

o6 : List

i7 : S2 = schurRing(QQ,s,4,EHPVariables => (getSymbol"a",getSymbol"b",getSymbol"c"));

i8 : R2 = symmetricRing S2;

i9 : gens R2

o9 = {a , a , a , a , c , c , c , c , b , b , b , b }
       1   2   3   4   1   2   3   4   1   2   3   4

o9 : List

i10 : A = schurRing(QQ,sa,3,EHPVariables => (getSymbol"ea",getSymbol"ha",getSymbol"pa"));

i11 : B = schurRing(A,sb,2,EHPVariables => (getSymbol"eb",getSymbol"hb",getSymbol"pb"));

i12 : schurLevel B

o12 = 2

i13 : 
