-- -*- M2-comint -*- hash: 10796640860762659743

i1 : S = schurRing(s,2);

i2 : exteriorPower(3,s_2)

o2 = s
      3,3

o2 : S

i3 : T = schurRing(t,2,GroupActing => "Sn");

i4 : symmetricPower(2,t_{1,1})

o4 = t
      2

o4 : T

i5 : Sgl = schurRing(QQ,s,4);

i6 : s_{2,1} * s_{2,1}

o6 = s    + s      + s    + 2s      + s        + s      + s
      4,2    4,1,1    3,3     3,2,1    3,1,1,1    2,2,2    2,2,1,1

o6 : Sgl

i7 : Ssn = schurRing(QQ,t,4,GroupActing => "Sn");

i8 : t_{2,1,1} * t_{2,1,1}

o8 = t  + t    + t    + t
      4    3,1    2,2    2,1,1

o8 : Ssn

i9 : Sp = schurRing(QQ,sp,GroupActing => "Sp");

i10 : sp_{1} * sp_{1}

o10 = sp  + sp    + sp
        2     1,1     ()

o10 : Sp

i11 : sp_{1,1}

o11 = sp
        1,1

o11 : Sp

i12 : toS sp_{1,1}

o12 = s    - s
       1,1    ()

o12 : schurRing (QQ, s, infinity)

i13 : O = schurRing(QQ,o,GroupActing => "O");

i14 : o_{1} * o_{1}

o14 = o  + o    + o
       2    1,1    ()

o14 : O

i15 : toS o_{2}

o15 = s  - s
       2    ()

o15 : schurRing (QQ, s, infinity)

i16 : Ofin = schurRing(QQ,obar,5,GroupActing => "O");

i17 : exteriorPower(3, obar_2)

o17 = obar      + obar    + obar    + obar      + obar
          4,1,1       3,3       3,1       2,1,1       1,1

o17 : Ofin

i18 : SL3 = schurRing(QQ,sl,3,GroupActing => "SL");

i19 : sl_{3,2,1}

o19 = sl
        2,1

o19 : SL3

i20 : sl_{4,2,2}

o20 = sl
        2

o20 : SL3

i21 : sl_{2,1,1}

o21 = sl
        1

o21 : SL3

i22 : Rg = schurRing(QQ,r,3,GroupActing => "RatGL");

i23 : r_({1},{}) * r_({},{1})

o23 = r           + r
       {{1}, {1}}    {{}, {}}

o23 : Rg

i24 : 
