-- -*- M2-comint -*- hash: 2122726118232398796

i1 : OB = schurRing(QQ, oB, 2, GroupActing => "O", OddOrEven => "Odd");

i2 : OD = schurRing(QQ, oD, 2, GroupActing => "O", OddOrEven => "Even");

i3 : dim oB_{1}

o3 = 5

i4 : dim oD_{1}

o4 = 4

i5 : Oodd  = schurRing(QQ, od, 3, GroupActing => "O", OddOrEven => "Odd");

i6 : Oeven = schurRing(QQ, oe, 3, GroupActing => "O", OddOrEven => "Even");

i7 : dim od_{2,1}

o7 = 105

i8 : dim oe_{2,1}

o8 = 64

i9 : dim od_{3,2}

o9 = 693

i10 : dim oe_{3,2}

o10 = 300

i11 : try (schurRing(QQ, bad, 2, GroupActing => "GL", OddOrEven => "Odd")) else print "schurRing rejected OddOrEven on a non-O ring"
schurRing rejected OddOrEven on a non-O ring

i12 : 
