-- -*- M2-comint -*- hash: 11559270760763579443

i1 : S = schurRing(QQ,s,4)

o1 = S

o1 : SchurRing

i2 : Q = schurRing(QQ,q,4,GroupActing => "Sn")

o2 = Q

o2 : SchurRing

i3 : s_{3,2,1}

o3 = s
      3,2,1

o3 : S

i4 : s_(3,2,1)

o4 = s
      3,2,1

o4 : S

i5 : q_4

o5 = q
      4

o5 : Q

i6 : Q_{2,2}

o6 = q
      2,2

o6 : Q

i7 : S_5

o7 = s
      5

o7 : S

i8 : dim s_{3,2,1}

o8 = 64

i9 : s_{3,2,1} * s_{1,1}

o9 = s      + s      + s        + s      + s        + s
      4,3,1    4,2,2    4,2,1,1    3,3,2    3,3,1,1    3,2,2,1

o9 : S

i10 : q_{2,1} * q_{2,1}

o10 = q  + q    + q
       3    2,1    1,1,1

o10 : Q

i11 : listForm (s_{3})^2

o11 = {({6}, 1), ({5, 1}, 1), ({4, 2}, 1), ({3, 3}, 1)}

o11 : List

i12 : q_{2,1} * q_{2,1}

o12 = q  + q    + q
       3    2,1    1,1,1

o12 : Q

i13 : listForm oo

o13 = {({3}, 1), ({2, 1}, 1), ({1, 1, 1}, 1)}

o13 : List

i14 : Sp = schurRing(QQ,sp,4,GroupActing => "Sp");

i15 : sp_{2,1} * sp_{1,1}

o15 = sp    + sp      + sp  + sp      + sp        + 2sp    + sp      + sp
        3,2     3,1,1     3     2,2,1     2,1,1,1      2,1     1,1,1     1

o15 : Sp

i16 : dim sp_{2,1}

o16 = 160

i17 : exteriorPower(2,sp_{1})

o17 = sp    + sp
        1,1     ()

o17 : Sp

i18 : O5 = schurRing(QQ,oo5,5,GroupActing => "O",OddOrEven => "Odd");

i19 : dim oo5_{2,2,1}

o19 = 5005

i20 : Rg = schurRing(QQ,r,3,GroupActing => "RatGL");

i21 : r_({2,1},{1})

o21 = r
       {{2, 1}, {1}}

o21 : Rg

i22 : r_({1},{}) * r_({},{1})

o22 = r           + r
       {{1}, {1}}    {{}, {}}

o22 : Rg

i23 : S = schurRing(QQ,s,4);

i24 : T = schurRing(S,t,3);

i25 : (s_{2,1} + t_{1,1})^2

o25 = t    + t      + 2s   t    + (s    + s      + s    + 2s      + s       
       2,2    2,1,1     2,1 1,1     4,2    4,1,1    3,3     3,2,1    3,1,1,1
      -----------------------------------------------------------------------
      + s      + s       )t
         2,2,2    2,2,1,1  ()

o25 : T

i26 : 
