-- -*- M2-comint -*- hash: 3066654537381222359

i1 : S = schurRing(s,5)

o1 = S

o1 : SchurRing

i2 : a = s_{3,2,1}

o2 = s
      3,2,1

o2 : S

i3 : instance(a,SchurRingElement)

o3 = true

i4 : T = schurRing(S,t,3,GroupActing => "Sn")

o4 = T

o4 : SchurRing

i5 : b = t_{2,1}+t_3

o5 = t  + t
      3    2,1

o5 : T

i6 : instance(a*b,SchurRingElement)

o6 = true

i7 : Sp = schurRing(QQ,sp,3,GroupActing => "Sp");

i8 : u = sp_{2,1};

i9 : instance(u,SchurRingElement)

o9 = true

i10 : instance(u*u, SchurRingElement)

o10 = true

i11 : Sn = schurRing(QQ,c,4,GroupActing => "Sn");

i12 : internalProduct(c_{3,1}, c_{2,1,1})

o12 = c    + c    + c      + c
       3,1    2,2    2,1,1    1,1,1,1

o12 : Sn

i13 : instance(c_{3,1} * c_{2,1,1}, SchurRingElement)

o13 = true

i14 : G = schurRing(QQ,g,3);

i15 : H = schurRing(G,h,2);

i16 : z = g_{1,1} * h_{2}

o16 = g   h
       1,1 2

o16 : H

i17 : instance(z, SchurRingElement)

o17 = true

i18 : 
