-- -*- M2-comint -*- hash: 10935226610667664826

i1 : S = schurRing(QQ, s, infinity);

i2 : A = schurRing(QQ, a, infinity);

i3 : B = schurRing(QQ, b, infinity);

i4 : pairs branch(S_{2,1}, A, B)

o4 = {(({1}, {1, 1}), 1), (({1}, {2}), 1), (({2}, {1}), 1), (({1, 1}, {1}),
     ------------------------------------------------------------------------
     1), (({2, 1}, {}), 1), (({}, {2, 1}), 1)}

o4 : List

i5 : pairs branch(S_{3,2}, A, B)

o5 = {(({2, 1}, {1, 1}), 1), (({3, 1}, {1}), 1), (({1, 1}, {2, 1}), 1), (({},
     ------------------------------------------------------------------------
     {3, 2}), 1), (({1}, {3, 1}), 1), (({3, 2}, {}), 1), (({2}, {2, 1}), 1),
     ------------------------------------------------------------------------
     (({2}, {3}), 1), (({2, 2}, {1}), 1), (({2, 1}, {2}), 1), (({3}, {2}),
     ------------------------------------------------------------------------
     1), (({1}, {2, 2}), 1)}

o5 : List

i6 : Sp  = schurRing(QQ, sp,  infinity, GroupActing => "Sp");

i7 : Asp = schurRing(QQ, asp, infinity, GroupActing => "Sp");

i8 : Bsp = schurRing(QQ, bsp, infinity, GroupActing => "Sp");

i9 : pairs branch(Sp_{1,1}, Asp, Bsp)

o9 = {(({}, {}), 1), (({1, 1}, {}), 1), (({}, {1, 1}), 1), (({1}, {1}), 1)}

o9 : List

i10 : pairs branch(Sp_{2,1}, Asp, Bsp)

o10 = {(({1, 1}, {1}), 1), (({1}, {1, 1}), 1), (({1}, {}), 1), (({}, {1}),
      -----------------------------------------------------------------------
      1), (({2, 1}, {}), 1), (({2}, {1}), 1), (({}, {2, 1}), 1), (({1}, {2}),
      -----------------------------------------------------------------------
      1)}

o10 : List

i11 : O  = schurRing(QQ, oGp, infinity, GroupActing => "O");

i12 : AO = schurRing(QQ, aO,  infinity, GroupActing => "O");

i13 : BO = schurRing(QQ, bO,  infinity, GroupActing => "O");

i14 : pairs branch(oGp_{2,1}, AO, BO)

o14 = {(({1, 1}, {1}), 1), (({1}, {1, 1}), 1), (({1}, {}), 1), (({}, {1}),
      -----------------------------------------------------------------------
      1), (({2, 1}, {}), 1), (({2}, {1}), 1), (({}, {2, 1}), 1), (({1}, {2}),
      -----------------------------------------------------------------------
      1)}

o14 : List

i15 : Sp4 = schurRing(QQ, sp4, 2, GroupActing => "Sp");

i16 : pairs branch(Sp4_{2,1}, 1, 1)

o16 = {(({1}, {}), 1), (({}, {1}), 1), (({2}, {1}), 1), (({1}, {2}), 1)}

o16 : List

i17 : pairs branch(S_{3,2}, 2, 2)

o17 = {(({2, 1}, {1, 1}), 1), (({3, 1}, {1}), 1), (({1, 1}, {2, 1}), 1),
      -----------------------------------------------------------------------
      (({}, {3, 2}), 1), (({1}, {3, 1}), 1), (({3, 2}, {}), 1), (({2}, {2,
      -----------------------------------------------------------------------
      1}), 1), (({2}, {3}), 1), (({2, 2}, {1}), 1), (({2, 1}, {2}), 1),
      -----------------------------------------------------------------------
      (({3}, {2}), 1), (({1}, {2, 2}), 1)}

o17 : List

i18 : 
