-- -*- M2-comint -*- hash: 10441961372618804739

i1 : centralizerSize{1,1,1}

o1 = 6

i2 : R = symmetricRing(QQ,6);

i3 : u = p_1 * p_2 * p_3;

i4 : scalarProduct(u,u)

o4 = 6

o4 : QQ

i5 : centralizerSize{4}           -- cycle type (1,1,1,1), all of S_4

o5 = 24

i6 : centralizerSize{0,0,0,1}     -- a single 4-cycle

o6 = 4

i7 : centralizerSize{2,1}         -- cycle type (2,1,1)

o7 = 4

i8 : parts5 = {{5}, {4,1}, {3,2}, {3,1,1}, {2,2,1}, {2,1,1,1}, {1,1,1,1,1}};

i9 : cycMult = la -> apply(toList(1..max la), i -> #positions(la, j -> j == i));

i10 : sum(parts5, la -> 1/centralizerSize cycMult la)

o10 = 1

o10 : QQ

i11 : 
