-- -*- M2-comint -*- hash: 3463216312991204886

i1 : R = symmetricRing(QQ,7);

i2 : cF = classFunction({3,2,1})

o2 = ClassFunction{{1, 1, 1, 1, 1, 1} => 16}
                   {3, 1, 1, 1} => -2
                   {3, 3} => -2
                   {5, 1} => 1

o2 : ClassFunction

i3 : toS(symmetricFunction(cF,R))

o3 = s
      3,2,1

o3 : schurRing (QQ, s, 7)

i4 : chars = for lam in partitions 4 list classFunction toList lam;

i5 : matrix for a in chars list for b in chars list scalarProduct(a,b)

o5 = | 1 0 0 0 0 |
     | 0 1 0 0 0 |
     | 0 0 1 0 0 |
     | 0 0 0 1 0 |
     | 0 0 0 0 1 |

              5       5
o5 : Matrix QQ  <-- QQ

i6 : c1 = classFunction({3,2,1});

i7 : c2 = classFunction({4,1,1});

i8 : c3 = classFunction({2,2,2});

i9 : scalarProduct(c1,c2)

o9 = 0

o9 : QQ

i10 : scalarProduct(c2,c3)

o10 = 0

o10 : QQ

i11 : scalarProduct(c1,c1)

o11 = 1

o11 : QQ

i12 : classFunction({5})

o12 = ClassFunction{{1, 1, 1, 1, 1} => 1}
                    {2, 1, 1, 1} => 1
                    {2, 2, 1} => 1
                    {3, 1, 1} => 1
                    {3, 2} => 1
                    {4, 1} => 1
                    {5} => 1

o12 : ClassFunction

i13 : classFunction({1,1,1,1,1})

o13 = ClassFunction{{1, 1, 1, 1, 1} => 1}
                    {2, 1, 1, 1} => -1
                    {2, 2, 1} => 1
                    {3, 1, 1} => 1
                    {3, 2} => -1
                    {4, 1} => -1
                    {5} => 1

o13 : ClassFunction

i14 : 
