-- -*- M2-comint -*- hash: 8494391505982475994

i1 : R = symmetricRing(QQ,5);

i2 : classFunction(jacobiTrudi({4,1},R))

o2 = ClassFunction{{1, 1, 1, 1, 1} => 4}
                   {2, 1, 1, 1} => 2
                   {3, 1, 1} => 1
                   {3, 2} => -1
                   {5} => -1

o2 : ClassFunction

i3 : R = symmetricRing(QQ,5);

i4 : classFunction(jacobiTrudi({3,1,1},R))

o4 = ClassFunction{{1, 1, 1, 1, 1} => 6}
                   {2, 2, 1} => -2
                   {5} => 1

o4 : ClassFunction

i5 : Ssign = schurRing(QQ,s,5);

i6 : classFunction(s_{1,1,1,1,1})

o6 = ClassFunction{{1, 1, 1, 1, 1} => 1}
                   {2, 1, 1, 1} => -1
                   {2, 2, 1} => 1
                   {3, 1, 1} => 1
                   {3, 2} => -1
                   {4, 1} => -1
                   {5} => 1

o6 : ClassFunction

i7 : R3 = symmetricRing(QQ,3);

i8 : for lam in {{3},{2,1},{1,1,1}} list classFunction(jacobiTrudi(lam,R3))

o8 = {ClassFunction{{1, 1, 1} => 1}, ClassFunction{{1, 1, 1} => 2},
                    {2, 1} => 1                    {3} => -1       
                    {3} => 1                                       
     ------------------------------------------------------------------------
     ClassFunction{{1, 1, 1} => 1}}
                   {2, 1} => -1
                   {3} => 1

o8 : List

i9 : R4 = symmetricRing(QQ,4);

i10 : std = classFunction(jacobiTrudi({3,1},R4));

i11 : sq = internalProduct(std, std);

i12 : for lam in {{4},{3,1},{2,2},{2,1,1},{1,1,1,1}} list
        scalarProduct(sq, classFunction(jacobiTrudi(lam,R4)))

o12 = {1, 1, 1, 1, 0}

o12 : List

i13 : 
