-- -*- M2-comint -*- hash: 2956600053116370969

i1 : S = schurRing(ZZ[x],s,4);

i2 : coefficientRing S

o2 = ZZ[x]

o2 : PolynomialRing

i3 : A = schurRing(QQ,a,3);

i4 : B = schurRing(A,b,2);

i5 : coefficientRing B

o5 = A

o5 : SchurRing

i6 : T = schurRing(B,t,2);

i7 : coefficientRing T

o7 = B

o7 : SchurRing

i8 : coefficientRing coefficientRing T

o8 = A

o8 : SchurRing

i9 : P = schurRing(ZZ/5,p,4);

i10 : coefficientRing P

      ZZ
o10 = --
       5

o10 : QuotientRing

i11 : (p_{2,1} + p_{1})^2

o11 = p    + p      + p    + 2p      + p        + 2p    + p      + p        +
       4,2    4,1,1    3,3     3,2,1    3,1,1,1     3,1    2,2,2    2,2,1,1  
      -----------------------------------------------------------------------
      2p    + 2p      + p  + p
        2,2     2,1,1    2    1,1

o11 : P

i12 : 
