-- -*- M2-comint -*- hash: 15487637075474892525

i1 : S = schurRing(s,3)

o1 = S

o1 : SchurRing

i2 : dim s_2

o2 = 6

i3 : T = schurRing(t,4,GroupActing => "Sn")

o3 = T

o3 : SchurRing

i4 : dim t_{2,2}

o4 = 2

i5 : U = schurRing(T,u,3)

o5 = U

o5 : SchurRing

i6 : dim (t_{2,2}*u_2)

o6 = 12

i7 : dim ((schurRing(s3,3))_{2,1})

o7 = 8

i8 : dim ((schurRing(s4,4))_{2,1})

o8 = 20

i9 : Sp = schurRing(QQ, sp, 3, GroupActing => "Sp");

i10 : dim sp_{2,1}

o10 = 64

i11 : Oodd = schurRing(QQ, od, 3, GroupActing => "O", OddOrEven => "Odd");

i12 : dim od_{2,1}

o12 = 105

i13 : Oeven = schurRing(QQ, oe, 3, GroupActing => "O", OddOrEven => "Even");

i14 : dim oe_{2,1}

o14 = 64

i15 : S = schurRing(s,3)

o15 = S

o15 : SchurRing

i16 : dim(n,s_2)

      n(n + 1)
o16 = --------
          2

o16 : Expression of class Divide

i17 : dim(n,s_{1,1})

      (n - 1)n
o17 = --------
          2

o17 : Expression of class Divide

i18 : dim(n,s_{2,1})

      (n - 1)n(n + 1)
o18 = ---------------
             3

o18 : Expression of class Divide

i19 : S = schurRing(s,3)

o19 = S

o19 : SchurRing

i20 : T = schurRing(S,t,4)

o20 = T

o20 : SchurRing

i21 : Q = schurRing(T,q,5,GroupActing => "Sn")

o21 = Q

o21 : SchurRing

i22 : dExpr = dim({a,b,c},s_{2}*t_{1,1}*q_{4,1})

      c(c + 1) (b - 1)b
o22 = --------*--------*4
          2        2

o22 : Expression of class Product

i23 : P = QQ[a,b,c]

o23 = P

o23 : PolynomialRing

i24 : value dExpr

       2 2    2       2
o24 = b c  + b c - b*c  - b*c

o24 : P

i25 : dim({1,2,3},s_{2}*t_{1,1}*q_{4,1})

o25 = 24

o25 : QQ

i26 : A = schurRing(aR,3);

i27 : B = schurRing(A,bR,2);

i28 : dim(aR_{2,1} * bR_{1,1})

o28 = 8

i29 : dim({4,5}, aR_{2,1} * bR_{1,1})

o29 = 240

o29 : QQ

i30 : 
