-- -*- M2-comint -*- hash: 1077228007468453139

i1 : R = symmetricRing(QQ,2,EHPVariables => (x,y,z));

i2 : R.hVariable 2

o2 = y
      2

o2 : R

i3 : R = symmetricRing(QQ,4);

i4 : toS (R.hVariable 3)

o4 = s
      3

o4 : schurRing (QQ, s, 4)

i5 : toS (R.eVariable 2 * R.hVariable 2)

o5 = s    + s
      3,1    2,1,1

o5 : schurRing (QQ, s, 4)

i6 : R = symmetricRing(QQ,3);

i7 : toP ((R.hVariable 2)^2)

     1 4   1 2     1 2
o7 = -p  + -p p  + -p
     4 1   2 1 2   4 2

o7 : R

i8 : Rt = symmetricRing(QQ[t],3);

i9 : toS (Rt.hVariable 2 + t * Rt.eVariable 2)

o9 = s  + t*s
      2      1,1

o9 : schurRing (QQ[t], s, 3)

i10 : 
