-- -*- M2-comint -*- hash: 18137248215721354780

i1 : ch1 = new ClassFunction from {{4,4} => 2, {8} => -1, {5,2,1} => 2, {3,2,2,1} => 1};

i2 : ch2 = new ClassFunction from {{2,2,2,2} => -4, {5,2,1} => 1, {3,2,2,1} => 3};

i3 : internalProduct(ch1,ch2)

o3 = ClassFunction{{3, 2, 2, 1} => 3}
                   {5, 2, 1} => 2

o3 : ClassFunction

i4 : ch1 * ch2

o4 = ClassFunction{{3, 2, 2, 1} => 3}
                   {5, 2, 1} => 2

o4 : ClassFunction

i5 : S = schurRing(QQ,s,4);

i6 : std = classFunction s_{3,1};

i7 : sq = internalProduct(std, std)

o7 = ClassFunction{{1, 1, 1, 1} => 9}
                   {2, 1, 1} => 1
                   {2, 2} => 1
                   {4} => 1

o7 : ClassFunction

i8 : scalarProduct(sq, classFunction s_{4})

o8 = 1

o8 : QQ

i9 : scalarProduct(sq, classFunction s_{3,1})

o9 = 1

o9 : QQ

i10 : scalarProduct(sq, classFunction s_{2,2})

o10 = 1

o10 : QQ

i11 : scalarProduct(sq, classFunction s_{2,1,1})

o11 = 1

o11 : QQ

i12 : 
