-- -*- M2-comint -*- hash: 9251636850481522179

i1 : R = symmetricRing(QQ,6);

i2 : S = schurRing(QQ,s,6);

i3 : toE(h_3**e_3)

o3 = e
      3

o3 : R

i4 : Q = schurRing(QQ,q,6);

i5 : internalProduct(s_{3,3},q_{4,2})

o5 = q    + q      + q    + q      + q
      5,1    4,1,1    3,3    3,2,1    2,2,1,1

o5 : Q

i6 : internalProduct(h_3*h_1, h_2*h_2)

      4    2
o6 = p  + p p
      1    1 2

o6 : QQ[e ..e , p ..p , h ..h ]
         1   6   1   6   1   6

i7 : Sn = schurRing(QQ,c,4,GroupActing => "Sn");

i8 : c_{3,1} * c_{3,1}

o8 = c  + c    + c    + c
      4    3,1    2,2    2,1,1

o8 : Sn

i9 : internalProduct(c_{3,1}, c_{3,1})

o9 = c  + c    + c    + c
      4    3,1    2,2    2,1,1

o9 : Sn

i10 : toSn(h_2*h_1*h_1, Sn) * c_{3,1}

o10 = 2c  + 5c    + 3c    + 4c      + c
        4     3,1     2,2     2,1,1    1,1,1,1

o10 : Sn

i11 : 
