-- -*- M2-comint -*- hash: 13007902426637870221

i1 : R = symmetricRing(QQ,5);

i2 : S = schurRing(QQ,s,3);

i3 : internalProduct(h_3,s_{2,1})

o3 = s
      2,1

o3 : S

i4 : toE(h_3 ** e_3)

o4 = e
      3

o4 : QQ[e ..e , p ..p , h ..h ]
         1   3   1   3   1   3

i5 : toH internalProduct(e_3,e_3)

o5 = h
      3

o5 : QQ[e ..e , p ..p , h ..h ]
         1   3   1   3   1   3

i6 : T = schurRing(QQ,t,3);

i7 : internalProduct(t_{2,1}, t_{2,1})

o7 = t  + t    + t
      3    2,1    1,1,1

o7 : T

i8 : internalProduct(t_{1,1,1}, t_{1,1,1})

o8 = t
      3

o8 : T

i9 : 
