-- -*- M2-comint -*- hash: 10768839530429132594

i1 : R = symmetricRing(QQ,10);

i2 : jacobiTrudi({3,2,2,1},R)

               2
o2 = e e e  - e  - e e e  + e e
      1 3 4    4    1 2 5    2 6

o2 : R

i3 : jacobiTrudi(new Partition from {4,4,1},R,EorH => "H")

        2
o3 = h h  - h h h  - h h  + h h
      1 4    1 3 5    4 5    3 6

o3 : R

i4 : toS oo

o4 = s
      4,4,1

o4 : schurRing (QQ, s, 10)

i5 : R = symmetricRing(QQ,8);

i6 : lam = {4,3,2,1};

i7 : fe = jacobiTrudi(lam,R,EorH => "E");

i8 : fh = jacobiTrudi(lam,R,EorH => "H");

i9 : toS fe

o9 = s
      4,3,2,1

o9 : schurRing (QQ, s, 8)

i10 : toS fh

o10 = s
       4,3,2,1

o10 : schurRing (QQ, s, 8)

i11 : toS fe == toS fh

o11 = true

i12 : R = symmetricRing(QQ,6);

i13 : elapsedTime jacobiTrudi({4,3,2,1},R);
 -- .00046938s elapsed

i14 : elapsedTime jacobiTrudi({4,3,2,1},R);
 -- .000019055s elapsed

i15 : R = symmetricRing(QQ,5);

i16 : S = schurRing R;

i17 : jacobiTrudi({3,2,1},R) == toSymm(S_{3,2,1})

o17 = true

i18 : R = symmetricRing(QQ, 4, EHPVariables => (a,b,c));

i19 : T = symmetricRing(R, 3, EHPVariables => (x,y,z));

i20 : jacobiTrudi({2,1},T)

o20 = x x  - x
       1 2    3

o20 : T

i21 : jacobiTrudi({3,2},T, EorH => "H")

o21 = y y
       2 3

o21 : T

i22 : 
