-- -*- M2-comint -*- hash: 893794139115732885

i1 : kostkaNumber({2,1},{1,1,1})

o1 = 2

i2 : kostkaNumber({3},{2,1})

o2 = 1

i3 : kostkaNumber({2,1},{2,1})

o3 = 1

i4 : kostkaNumber({2,1},{3})

o4 = 0

i5 : P = {{4},{3,1},{2,2},{2,1,1},{1,1,1,1}};

i6 : matrix apply(P, la -> apply(P, mu -> kostkaNumber(la,mu)))

o6 = | 1 1 1 1 1 |
     | 0 1 1 2 3 |
     | 0 0 1 1 2 |
     | 0 0 0 1 3 |
     | 0 0 0 0 1 |

              5       5
o6 : Matrix ZZ  <-- ZZ

i7 : for mu in P list kostkaNumber({4}, mu)

o7 = {1, 1, 1, 1, 1}

o7 : List

i8 : kostkaNumber({2,2}, {1,1,1,1})

o8 = 2

i9 : kostkaNumber({2,1,1}, {1,1,1,1})

o9 = 3

i10 : 
