-- -*- M2-comint -*- hash: 7606695684427227204

i1 : modificationRule({2,1,1}, 1, "C")

o1 = ({2}, -1)

o1 : Sequence

i2 : modificationRule({2,1,1}, 2, "C")

i3 : modificationRule({3,1,1}, 1, "B")

i4 : modificationRule({2,2}, 1, "D")

o4 = ({2}, -1)

o4 : Sequence

i5 : modificationRule({4,4,2,1}, 2, "B")

o5 = ({4, 4, 1}, -1)

o5 : Sequence

i6 : modificationRule({3,2,2,2,1}, 2, "C")

i7 : modificationRule({4,3,2,1}, 2, "C")

i8 : modificationRule({3,2,1}, 2, "B")

o8 = ({3, 2, 1}, 1)

o8 : Sequence

i9 : modificationRule({3,2,1}, 2, "D")

i10 : modificationRule({4,3,2}, 2, "B")

i11 : modificationRule({4,3,2}, 2, "D")

o11 = ({4, 3}, -1)

o11 : Sequence

i12 : 
