-- -*- M2-comint -*- hash: 3403106768593990515

i1 : R = schurRing(QQ,r,6);

i2 : numgens R

o2 = 6

i3 : S = schurRing(s);

i4 : numgens S

o4 = infinity

o4 : InfiniteNumber

i5 : A = schurRing(QQ,a,3);

i6 : B = schurRing(A,b,2);

i7 : numgens B

o7 = 2

i8 : numgens coefficientRing B

o8 = 3

i9 : Sinf = schurRing(QQ,u);

i10 : numgens Sinf

o10 = infinity

o10 : InfiniteNumber

i11 : u_{4,3,2,1}

o11 = u
       4,3,2,1

o11 : Sinf

i12 : Sp = schurRing(QQ,sp,4,GroupActing => "Sp");

i13 : numgens Sp

o13 = 4

i14 : O = schurRing(QQ,o,5,GroupActing => "O",OddOrEven => "Odd");

i15 : numgens O

o15 = 5

i16 : 
