-- -*- M2-comint -*- hash: 6881928964456915165

i1 : R = symmetricRing(QQ,4);

i2 : R.pVariable 2

o2 = p
      2

o2 : R

i3 : R = symmetricRing(QQ,5);

i4 : toS ((R.pVariable 2)^3)

o4 = s  - s    + 3s    - 2s      - 3s    + 2s        + 3s      - 3s        +
      6    5,1     4,2     4,1,1     3,3     3,1,1,1     2,2,2     2,2,1,1  
     ------------------------------------------------------------------------
     s
      2,1,1,1,1

o4 : schurRing (QQ, s, 5)

i5 : Rsn = symmetricRing(QQ,4,GroupActing => "Sn");

i6 : toE (Rsn.pVariable 2)

      2
o6 = e  - 2e
      1     2

o6 : Rsn

i7 : toH (Rsn.pVariable 3)

      3
o7 = h  - 3h h  + 3h
      1     1 2     3

o7 : Rsn

i8 : R = symmetricRing(QQ,4);

i9 : toS plethysm(R.pVariable 2, R.hVariable 2)

o9 = s  - s    + s
      4    3,1    2,2

o9 : schurRing (QQ, s, 4)

i10 : 
