-- -*- M2-comint -*- hash: 11461547224903936636

i1 : cF = new ClassFunction from {{2} => 1, {1,1} => -1};

i2 : pl1 = plethysm({1,1},cF)

o2 = ClassFunction{{1, 1} => 1}
                   {2} => 1

o2 : ClassFunction

i3 : R = symmetricRing 5;

i4 : pl2 = plethysm(e_1+e_2,cF)

o4 = ClassFunction{{1, 1} => 0}
                   {2} => 2

o4 : ClassFunction

i5 : S = schurRing R;

i6 : symmetricFunction(cF,S)

o6 = -s
       1,1

o6 : S

i7 : symmetricFunction(pl1,S)

o7 = s
      2

o7 : S

i8 : symmetricFunction(pl2,S)

o8 = s  - s
      2    1,1

o8 : S

i9 : sgn = new ClassFunction from {{2} => -1, {1,1} => 1};

i10 : pl = plethysm({2},sgn)

o10 = ClassFunction{{1, 1} => 1}
                    {2} => 1

o10 : ClassFunction

i11 : symmetricFunction(pl, schurRing(QQ, s, 4, GroupActing => "Sn"))

o11 = s
       2

o11 : schurRing (QQ, s, 4)

i12 : cF2 = new ClassFunction from {{3} => 2, {2,1} => 0, {1,1,1} => -1};

i13 : R2 = symmetricRing 4;

i14 : plethysm(p_2, cF2)

o14 = ClassFunction{{1, 1, 1} => -1}
                    {2, 1} => -1
                    {3} => 2

o14 : ClassFunction

i15 : 
