-- -*- M2-comint -*- hash: 6442584595566268893

i1 : R = symmetricRing(QQ,10);

i2 : S = schurRing(QQ,s,10);

i3 : scalarProduct(h_1^10,s_{4,3,2,1})

o3 = 768

o3 : QQ

i4 : T = schurRing(QQ,t,5);

i5 : scalarProduct(t_{3,1,1}, t_{3,1,1})

o5 = 1

o5 : QQ

i6 : scalarProduct(t_{3,1,1}, t_{2,2,1})

o6 = 0

o6 : QQ

i7 : scalarProduct(t_{4,1}, t_{3,2})

o7 = 0

o7 : QQ

i8 : U = symmetricRing(QQ,4);

i9 : scalarProduct(p_3, p_3) == centralizerSize{0,0,1}

o9 = true

i10 : scalarProduct(p_2*p_1, p_2*p_1) == centralizerSize{1,1}

o10 = true

i11 : scalarProduct(p_1^3, p_1^3) == centralizerSize{3}

o11 = true

i12 : scalarProduct(p_1^4, p_1^4)

o12 = 24

o12 : QQ

i13 : 
