-- -*- M2-comint -*- hash: 3630403554283181055

i1 : ch1 = new ClassFunction from {{3,2} => 2, {2,2,1} => -2, {3,1,1} => 2, {5} => 1};

i2 : ch2 = new ClassFunction from {{2,2,1} => -2, {5} => 1, {1,1,1,1,1} => 5, {3,2} => 3, {4,1} => -2};

i3 : scalarProduct(ch1,ch2)

     17
o3 = --
     10

o3 : QQ

i4 : S = schurRing(QQ,s,5);

i5 : cF32 = classFunction s_{3,2};

i6 : cF41 = classFunction s_{4,1};

i7 : cF221 = classFunction s_{2,2,1};

i8 : scalarProduct(cF32, cF32)

o8 = 1

o8 : QQ

i9 : scalarProduct(cF32, cF41)

o9 = 0

o9 : QQ

i10 : scalarProduct(cF41, cF221)

o10 = 0

o10 : QQ

i11 : psi = cF32 + 2*cF41 - cF221;

i12 : {scalarProduct(psi, cF32), scalarProduct(psi, cF41), scalarProduct(psi, cF221)}

o12 = {1, 2, -1}

o12 : List

i13 : 
