-- -*- M2-comint -*- hash: 11182602932007122194

i1 : R = symmetricRing(QQ,5);

i2 : S = schurRing R

o2 = S

o2 : SchurRing

i3 : scalarProduct(h_5,p_5)

o3 = 1

o3 : QQ

i4 : scalarProduct(S_{4,1},p_5)

o4 = -1

o4 : QQ

i5 : toS p_5

o5 = s  - s    + s      - s        + s
      5    4,1    3,1,1    2,1,1,1    1,1,1,1,1

o5 : S

i6 : scalarProduct(e_2, p_2)

o6 = -1

o6 : QQ

i7 : scalarProduct(e_3, p_3)

o7 = 1

o7 : QQ

i8 : scalarProduct(e_4, p_4)

o8 = -1

o8 : QQ

i9 : scalarProduct(S_{3,2}, h_2*h_2*h_1) == kostkaNumber({3,2}, {2,2,1})

o9 = true

i10 : scalarProduct(S_{3,2}, h_1^5) == kostkaNumber({3,2}, {1,1,1,1,1})

o10 = true

i11 : scalarProduct(S_{4,1}, h_3*h_2) == kostkaNumber({4,1}, {3,2})

o11 = true

i12 : 
