-- -*- M2-comint -*- hash: 4869308639372146808

i1 : S = schurRing(QQ[x],s,3);

i2 : (x*s_{2,1}+s_3)^2

                           2                   2                 2           
o2 = s  + (2x + 1)s    + (x  + 2x + 1)s    + (x  + 2x)s      + (x  + 1)s    +
      6            5,1                 4,2             4,1,1            3,3  
     ------------------------------------------------------------------------
        2                2
     (2x  + 2x)s      + x s
                3,2,1      2,2,2

o2 : S

i3 : S = schurRing(s,4,GroupActing => "Sn");

i4 : exteriorPower(2,s_(3,1))

o4 = s
      2,1,1

o4 : S

i5 : S = schurRing(ZZ/5,t)

o5 = S

o5 : SchurRing

i6 : (t_(2,1)-t_3)^2

o6 = t  - t    - t      + 2t    + t        + t      + t
      6    5,1    4,1,1     3,3    3,1,1,1    2,2,2    2,2,1,1

o6 : S

i7 : S = schurRing(r,2,EHPVariables => (re,rh,rp))

o7 = S

o7 : SchurRing

i8 : toH r_(2,1)

       3
o8 = rh  - rh rh
       1     1  2

o8 : QQ[re ..re , rp ..rp , rh ..rh ]
          1    2    1    2    1    2

i9 : Sp = schurRing(QQ,sp,4,GroupActing => "Sp");

i10 : sp_{2,1}*sp_{1,1}

o10 = sp    + sp      + sp  + sp      + sp        + 2sp    + sp      + sp
        3,2     3,1,1     3     2,2,1     2,1,1,1      2,1     1,1,1     1

o10 : Sp

i11 : O4 = schurRing(QQ,o,4,GroupActing => "O",OddOrEven => "Even");

i12 : dim o_{3,2,1}

o12 = 4096

i13 : M = schurRing(QQ,m,4,Basis => "Monomial");

i14 : m_{2,1} * m_{1}

o14 = m    + 2m    + 2m
       3,1     2,2     2,1,1

o14 : M

i15 : toS m_{2,1}

o15 = s    - 2s
       2,1     1,1,1

o15 : schurRing (QQ, s, 4)

i16 : S = schurRing(QQ,s,4);

i17 : T = schurRing(S,t,3);

i18 : coefficientRing T

o18 = S

o18 : SchurRing

i19 : s_{1,1} * t_{2,1}

o19 = s   t
       1,1 2,1

o19 : T

i20 : Sinf = schurRing(ZZ/7,u);

i21 : numgens Sinf

o21 = infinity

o21 : InfiniteNumber

i22 : (u_{2,1})^2

o22 = u    + u      + u    + 2u      + u        + u      + u
       4,2    4,1,1    3,3     3,2,1    3,1,1,1    2,2,2    2,2,1,1

o22 : Sinf

i23 : 
