-- -*- M2-comint -*- hash: 11262451665762261174

i1 : R = schurRing(QQ,r,6);

i2 : schurRing R

o2 = R

o2 : SchurRing

i3 : Q = symmetricRing(QQ,3);

i4 : A = schurRing Q;

i5 : schurRing Q

o5 = A

o5 : SchurRing

i6 : S = schurRing(QQ,s,4);

i7 : schurRing S === S

o7 = true

i8 : Rsn = symmetricRing(QQ,4,GroupActing => "Sn");

i9 : Ssn = schurRing Rsn;

i10 : numgens Ssn

o10 = 4

i11 : Rx = symmetricRing(QQ[x],3);

i12 : Sx = schurRing Rx;

i13 : coefficientRing Sx

o13 = QQ[x]

o13 : PolynomialRing

i14 : 
