-- -*- M2-comint -*- hash: 3971301198978132244

i1 : R = schurRing(QQ,r,3);

i2 : S = schurRing(R,s,5);

i3 : T = schurRing(S,t,2);

i4 : schurLevel R

o4 = 1

i5 : schurLevel S

o5 = 2

i6 : schurLevel T

o6 = 3

i7 : schurLevel QQ

o7 = 0

i8 : A = schurRing(QQ,a,3);

i9 : B = schurRing(A,b,4);

i10 : C = schurRing(B,c,2,GroupActing => "Sn");

i11 : schurLevel C

o11 = 3

i12 : schurLevel(symmetricRing(QQ,5))

o12 = 1

i13 : schurLevel(QQ[x,y,z])

o13 = 0

i14 : schurLevel ZZ

o14 = 0

i15 : 
