-- -*- M2-comint -*- hash: 6271247741327374088

i1 : S = schurRing(QQ, s, infinity);

i2 : f = s_{3,2,1} + s_{2,1} + s_{1}

o2 = s      + s    + s
      3,2,1    2,1    1

o2 : S

i3 : specialize(f, 3)

o3 = glfin3      + glfin3    + glfin3
           3,2,1         2,1         1

o3 : schurRing (QQ, glfin3, 3)

i4 : specialize(f, 2)

o4 = glfin2    + glfin2
           2,1         1

o4 : schurRing (QQ, glfin2, 2)

i5 : Sp = schurRing(QQ, sp, infinity, GroupActing => "Sp");

i6 : specialize(sp_{2,1} + sp_{1,1,1}, 2)

o6 = spfin2
           2,1

o6 : schurRing (QQ, spfin2, 2)

i7 : specialize(sp_{1,1,1}, 1)

o7 = -spfin1
            1

o7 : schurRing (QQ, spfin1, 1)

i8 : specialize(sp_{1,1,1}, 1)

o8 = -spfin1
            1

o8 : schurRing (QQ, spfin1, 1)

i9 : specialize(sp_{2,1,1}, 1)

o9 = -spfin1
            2

o9 : schurRing (QQ, spfin1, 1)

i10 : O = schurRing(QQ, o, infinity, GroupActing => "O");

i11 : specialize(o_{2,1}, 3)

o11 = ofinodd3
              2,1

o11 : schurRing (QQ, ofinodd3, 3)

i12 : specialize(o_{2,1}, 2, OddOrEven => "Even")

o12 = ofineven2
               2,1

o12 : schurRing (QQ, ofineven2, 2)

i13 : specialize(o_{2,1}, 3, OddOrEven => "Odd")

o13 = ofinodd3
              2,1

o13 : schurRing (QQ, ofinodd3, 3)

i14 : specialize(o_{2,1}, 3, OddOrEven => "Even")

o14 = ofineven3
               2,1

o14 : schurRing (QQ, ofineven3, 3)

i15 : SL = schurRing(QQ, sl, infinity, GroupActing => "SL");

i16 : specialize(sl_{3,2}, 2)

o16 = slfin2
            1

o16 : schurRing (QQ, slfin2, 2)

i17 : specialize(sl_{3,3,1}, 3)

o17 = slfin3
            2,2

o17 : schurRing (QQ, slfin3, 3)

i18 : A = schurRing(QQ, a, infinity);

i19 : B = schurRing(A, b, infinity, GroupActing => "Sp");

i20 : specialize(b_{1,1} * a_{2}, {2, 3})

o20 = glfin3 spfin2
            2      1,1

o20 : schurRing (schurRing (QQ, glfin3, 3), spfin2, 2)

i21 : specialize(b_{2,1} + a_{3,1,1}, {3, 2})

o21 = spfin3
            2,1

o21 : schurRing (schurRing (QQ, glfin2, 2), spfin3, 3)

i22 : 
