-- -*- M2-comint -*- hash: 10483960098589103505

i1 : S = symmetricRing(QQ,4);

i2 : cF = new ClassFunction from {{1,1,1,1}=>24};

i3 : symmetricFunction(cF,S)

      4
o3 = p
      1

o3 : S

i4 : symmetricFunction(cF,schurRing S)

o4 = s  + 3s    + 2s    + 3s      + s
      4     3,1     2,2     2,1,1    1,1,1,1

o4 : schurRing (QQ, s, 4)

i5 : R = symmetricRing(QQ,4);

i6 : Sch = schurRing R;

i7 : stdCh = classFunction(jacobiTrudi({3,1},R));

i8 : symmetricFunction(stdCh, Sch)

o8 = s
      3,1

o8 : Sch

i9 : sF = symmetricFunction(stdCh, R);

i10 : classFunction sF == stdCh

o10 = true

i11 : R5 = symmetricRing(QQ,5);

i12 : symmetricFunction(classFunction{5}, R5)

       1  5    1 3     1   2   1 2     1       1       1
o12 = ---p  + --p p  + -p p  + -p p  + -p p  + -p p  + -p
      120 1   12 1 2   8 1 2   6 1 3   6 2 3   4 1 4   5 5

o12 : R5

i13 : symmetricFunction(classFunction{1,1,1,1,1}, R5)

       1  5    1 3     1   2   1 2     1       1       1
o13 = ---p  - --p p  + -p p  + -p p  - -p p  - -p p  + -p
      120 1   12 1 2   8 1 2   6 1 3   6 2 3   4 1 4   5 5

o13 : R5

i14 : 
