-- -*- M2-comint -*- hash: 10925190340828282635

i1 : A = schurRing(QQ,a,6);

i2 : B = schurRing(A,b,3);

i3 : symmetricRing B

o3 = QQ[e ..e , p ..p , h ..h ][e ..e , p ..p , h ..h ]
         1   6   1   6   1   6   1   3   1   3   1   3

o3 : PolynomialRing

i4 : symmetricRing ZZ

o4 = ZZ

o4 : Ring

i5 : S = schurRing(QQ,s,4);

i6 : R = symmetricRing S;

i7 : (R.eVariable 2)^2

      2
o7 = e
      2

o7 : R

i8 : toS ((R.eVariable 2)^2)

o8 = s    + s      + s
      2,2    2,1,1    1,1,1,1

o8 : S

i9 : Ssn = schurRing(QQ,c,4,GroupActing => "Sn");

i10 : Rsn = symmetricRing Ssn;

i11 : numgens Rsn

o11 = 12

i12 : A = schurRing(QQ,a,3);

i13 : B = schurRing(A,b,2);

i14 : RB = symmetricRing B;

i15 : coefficientRing RB

o15 = QQ[e ..e , p ..p , h ..h ]
          1   3   1   3   1   3

o15 : PolynomialRing

i16 : 
