-- -*- M2-comint -*- hash: 5493684590370838587

i1 : R = symmetricRing(QQ[x,y,z],4)

o1 = R

o1 : PolynomialRing

i2 : e_2*x+y*p_3+h_2

o2 = y*p  + x*e  + h
        3      2    2

o2 : R

i3 : toS oo

o3 = y*s  - y*s    + s  + y*s      + x*s
        3      2,1    2      1,1,1      1,1

o3 : schurRing (QQ[x..z], s, 4)

i4 : R = symmetricRing(QQ,3,GroupActing => "Sn")

o4 = R

o4 : PolynomialRing

i5 : toE symmetricPower(2,e_2)

      2
o5 = e  - e
      1    2

o5 : R

i6 : R = symmetricRing(QQ,5);

i7 : toS ((R.pVariable 2)^3)

o7 = s  - s    + 3s    - 2s      - 3s    + 2s        + 3s      - 3s        +
      6    5,1     4,2     4,1,1     3,3     3,1,1,1     2,2,2     2,2,1,1  
     ------------------------------------------------------------------------
     s
      2,1,1,1,1

o7 : schurRing (QQ, s, 5)

i8 : toH (R.pVariable 2)

        2
o8 = - h  + 2h
        1     2

o8 : R

i9 : toS (R.eVariable 2 * R.hVariable 2)

o9 = s    + s
      3,1    2,1,1

o9 : schurRing (QQ, s, 5)

i10 : R7 = symmetricRing(ZZ/7,4);

i11 : (R7.eVariable 2)^3

       3
o11 = e
       2

o11 : R7

i12 : Rt = symmetricRing(QQ[t],3,GroupActing => "Sn");

i13 : toS(Rt.eVariable 2 * t)

o13 = t*s
         1,1

o13 : schurRing (QQ[t], s, 3)

i14 : 
