-- -*- M2-comint -*- hash: 1888951405090559203

i1 : S = schurRing(QQ, s, 4);

i2 : toSymm s_{2,1}

o2 = e e  - e
      1 2    3

o2 : QQ[e ..e , p ..p , h ..h ]
         1   4   1   4   1   4

i3 : toS oo

o3 = s
      2,1

o3 : S

i4 : toSymm s_{3,2,1}

               2    2
o4 = e e e  - e  - e e
      1 2 3    3    1 4

o4 : QQ[e ..e , p ..p , h ..h ]
         1   4   1   4   1   4

i5 : toSymm(s_{2,1} + 3 * s_{1,1})

o5 = e e  - e  + 3e
      1 2    3     2

o5 : QQ[e ..e , p ..p , h ..h ]
         1   4   1   4   1   4

i6 : toS toSymm s_{2,1} == s_{2,1}

o6 = true

i7 : T = schurRing(S, t, 3);

i8 : toSymm(s_{2,1} * t_{1,1})

o8 = (e e  - e )e
       1 2    3  2

o8 : QQ[e ..e , p ..p , h ..h ][e ..e , p ..p , h ..h ]
         1   4   1   4   1   4   1   3   1   3   1   3

i9 : 
