-- -*- M2-comint -*- hash: 17213504770223405068

i1 : S = schurRing(QQ,s);

i2 : toO s_{2}

o2 = o  + o
      2    ()

o2 : schurRing (QQ, o, infinity)

i3 : toO s_{1,1}

o3 = o
      1,1

o3 : schurRing (QQ, o, infinity)

i4 : toO s_{3}

o4 = o  + o
      3    1

o4 : schurRing (QQ, o, infinity)

i5 : toO (2*s_{2,1} - s_{1,1,1})

o5 = 2o    - o      + 2o
       2,1    1,1,1     1

o5 : schurRing (QQ, o, infinity)

i6 : O = schurRing(QQ,o,4,GroupActing => "O");

i7 : toO(s_{2,1},O)

o7 = o    + o
      2,1    1

o7 : O

i8 : O = schurRing(QQ,o,GroupActing => "O");

i9 : toS o_{2}

o9 = s  - s
      2    ()

o9 : schurRing (QQ, s, infinity)

i10 : toS o_{1,1}

o10 = s
       1,1

o10 : schurRing (QQ, s, infinity)

i11 : toO(toS(o_{2,1}, S), O) == o_{2,1}

o11 = true

i12 : o_{1}*o_{1}

o12 = o  + o    + o
       2    1,1    ()

o12 : O

i13 : OB2 = schurRing(QQ,oB,2,GroupActing => "O", OddOrEven => "Odd");

i14 : oB_{1}^2

o14 = oB  + oB    + oB
        2     1,1     ()

o14 : OB2

i15 : dim oB_{2,2}

o15 = 35

i16 : plethysm({2}, oB_{1})

o16 = oB  + oB
        2     ()

o16 : OB2

i17 : S = schurRing(QQ,s);

i18 : toO s_{2}

o18 = o  + o
       2    ()

o18 : schurRing (QQ, o, infinity)

i19 : R = symmetricRing(QQ,5);

i20 : toO (e_2)

o20 = o
       1,1

o20 : schurRing (QQ, o, 5)

i21 : toO (h_2 * h_1)

o21 = o  + o    + 2o
       3    2,1     1

o21 : schurRing (QQ, o, 5)

i22 : Oodd  = schurRing(QQ, od, 3, GroupActing => "O", OddOrEven => "Odd");

i23 : Oeven = schurRing(QQ, oe, 3, GroupActing => "O", OddOrEven => "Even");

i24 : dim od_{2,1}

o24 = 105

i25 : dim oe_{2,1}

o25 = 64

i26 : 
