-- -*- M2-comint -*- hash: 13777023305181147726

i1 : R = symmetricRing(QQ, 4);

i2 : toGL(R_{0} * R_{5})  -- e_1 * h_2

o2 = s  + 4s    + 5s    + 6s      + 5s      + 4s
      5     4,1     3,2     3,1,1     2,2,1     2,1,1,1

o2 : schurRing (QQ, s, 4)

i3 : T = schurRing(QQ, t, 3);

i4 : toGL(R_{0} * R_{5}, T)

o4 = t  + 4t    + 5t    + 6t      + 5t
      5     4,1     3,2     3,1,1     2,2,1

o4 : T

i5 : toGL(e_1 * h_2) == toS(e_1 * h_2)

o5 = true

i6 : toGL(h_3 - p_3) == toS(h_3 - p_3)

o6 = true

i7 : M = schurRing(QQ, m, 3, Basis => "Monomial");

i8 : toGL m_{2,1}

o8 = s    - 2s
      2,1     1,1,1

o8 : schurRing (QQ, s, 3)

i9 : Sp = schurRing(QQ, sp, 3, GroupActing => "Sp");

i10 : toGL sp_{2,1}

o10 = s    - s
       2,1    1

o10 : schurRing (QQ, s, 3)

i11 : U = symmetricRing(QQ, 4);

i12 : toGL(e_1 * p_2 + h_3)

o12 = 2s  - s
        3    1,1,1

o12 : schurRing (QQ, s, 4)

i13 : 
