-- -*- M2-comint -*- hash: 15026931119828385131

i1 : S = schurRing(QQ,s,4);

i2 : toM s_{2,1}

o2 = m    + 2m
      2,1     1,1,1

o2 : schurRing (QQ, m, 4)

i3 : toM s_{3}

o3 = m  + m    + m
      3    2,1    1,1,1

o3 : schurRing (QQ, m, 4)

i4 : toM (s_{2,1} + 2*s_{1,1,1})

o4 = m    + 4m
      2,1     1,1,1

o4 : schurRing (QQ, m, 4)

i5 : ring(toM s_{2,1}) === ring(toM s_{3})

o5 = true

i6 : M = schurRing(QQ,m,4,Basis => "Monomial");

i7 : toM(s_{2,1},M)

o7 = m    + 2m
      2,1     1,1,1

o7 : M

i8 : R = symmetricRing(QQ,4);

i9 : toM(h_2 * h_1)

o9 = m  + 2m    + 3m
      3     2,1     1,1,1

o9 : schurRing (QQ, m, 4)

i10 : R5 = symmetricRing(QQ,5);

i11 : toM h_3

o11 = m  + m    + m
       3    2,1    1,1,1

o11 : schurRing (QQ, m, 5)

i12 : toM h_4

o12 = m  + m    + m    + m      + m
       4    3,1    2,2    2,1,1    1,1,1,1

o12 : schurRing (QQ, m, 5)

i13 : toM p_3

o13 = m
       3

o13 : schurRing (QQ, m, 5)

i14 : toM p_5

o14 = m
       5

o14 : schurRing (QQ, m, 5)

i15 : S6 = schurRing(QQ,s,6);

i16 : toM s_{4,1,1,1}

o16 = m        + m        + 4m          + m        + 4m          +
       4,1,1,1    3,2,1,1     3,1,1,1,1    2,2,2,1     2,2,1,1,1  
      -----------------------------------------------------------------------
      10m
         2,1,1,1,1,1

o16 : schurRing (QQ, m, 6)

i17 : f = s_{3,2,1};

i18 : toS(toM f, S6) == f

o18 = true

i19 : 
