-- -*- M2-comint -*- hash: 11069504589514418166

i1 : G = schurRing(QQ, getSymbol "g", infinity, GroupActing => "GL");

i2 : R = schurRing(QQ, getSymbol "sRat", infinity, GroupActing => "RatGL");

i3 : toRatGL(g_{2,1} + 3 * g_1, R)

o3 = sRat             + 3sRat
         {{2, 1}, {}}        {{1}, {}}

o3 : R

i4 : toRatGL(g_{2,1}, R)

o4 = sRat
         {{2, 1}, {}}

o4 : R

i5 : toRatGL(g_{1} * g_{1}, R)

o5 = sRat          + sRat
         {{2}, {}}       {{1, 1}, {}}

o5 : R

i6 : Rdual = schurRing(QQ, ratD, infinity, GroupActing => "RatGL");

i7 : ratD_{{1},{}} * ratD_{{},{1}}

o7 = ratD           + ratD
         {{1}, {1}}       {{}, {}}

o7 : Rdual

i8 : S = schurRing(QQ, getSymbol "sStab", infinity, GroupActing => "RatGL");

i9 : T = schurRing(QQ, getSymbol "sFin",  3,        GroupActing => "RatGL");

i10 : toRatGL(sStab_{{1,1},{1,1}} + sStab_{{1},{1}}, T)

o10 = sFin
          {{1}, {1}}

o10 : T

i11 : Tfin2 = schurRing(QQ, getSymbol "sFin2", 2, GroupActing => "RatGL");

i12 : toRatGL(sStab_{{2,1},{}}, Tfin2)

o12 = sFin2
           {{2, 1}, {}}

o12 : Tfin2

i13 : toRatGL(sStab_{{1,1,1},{}}, Tfin2)

o13 = 0

o13 : Tfin2

i14 : toRatGL(sStab_{{1},{1,1}}, Tfin2)

o14 = 0

o14 : Tfin2

i15 : Tfin3 = schurRing(QQ, getSymbol "sFin3", 3, GroupActing => "RatGL");

i16 : toRatGL(sStab_{{4,3,2,2},{5,2,2,1,1}}, Tfin3)

o16 = -sFin3
            {{4, 1}, {5}}

o16 : Tfin3

i17 : Tfin4 = schurRing(QQ, getSymbol "sFin4", 4, GroupActing => "RatGL");

i18 : toRatGL(sStab_{{1,1,1},{1,1,1}}, Tfin4)

o18 = -sFin4
            {{1, 1}, {1, 1}}

o18 : Tfin4

i19 : 
