-- -*- M2-comint -*- hash: 5119550179305819356

i1 : S = schurRing(QQ,s);

i2 : toSp s_{2}

o2 = sp
       2

o2 : schurRing (QQ, sp, infinity)

i3 : toSp s_{1,1}

o3 = sp    + sp
       1,1     ()

o3 : schurRing (QQ, sp, infinity)

i4 : toSp s_{3,1}

o4 = sp    + sp
       3,1     2

o4 : schurRing (QQ, sp, infinity)

i5 : toSp (s_{2,1} + 2*s_{1,1})

o5 = sp    + 2sp    + sp  + 2sp
       2,1      1,1     1      ()

o5 : schurRing (QQ, sp, infinity)

i6 : ring(toSp s_{2,1}) === ring(toSp s_{3,1})

o6 = true

i7 : Sp = schurRing(QQ,sp,4,GroupActing => "Sp");

i8 : toSp(s_{2,1},Sp)

o8 = sp    + sp
       2,1     1

o8 : Sp

i9 : Sp = schurRing(QQ,sp,GroupActing => "Sp");

i10 : toS sp_{1,1}

o10 = s    - s
       1,1    ()

o10 : schurRing (QQ, s, infinity)

i11 : toS sp_{2,2}

o11 = s    - s
       2,2    1,1

o11 : schurRing (QQ, s, infinity)

i12 : toSp(toS(sp_{2,1}, S), Sp) == sp_{2,1}

o12 = true

i13 : sp_{1}*sp_{1}

o13 = sp  + sp    + sp
        2     1,1     ()

o13 : Sp

i14 : sp_{1,1}*sp_{1,1}

o14 = sp    + sp      + sp  + sp        + sp    + sp
        2,2     2,1,1     2     1,1,1,1     1,1     ()

o14 : Sp

i15 : Sp4 = schurRing(QQ,sp4,2,GroupActing => "Sp");

i16 : sp4_{1,1}^2

o16 = sp4    + sp4  + sp4
         2,2      2      ()

o16 : Sp4

i17 : dim sp4_{2,2}

o17 = 14

i18 : plethysm({2}, sp4_{1})

o18 = sp4
         2

o18 : Sp4

i19 : S = schurRing(QQ,s);

i20 : toSp(s_{2,2} + s_{1,1})

o20 = sp    + 2sp    + 2sp
        2,2      1,1      ()

o20 : schurRing (QQ, sp, infinity)

i21 : Sp = schurRing(QQ,sp,GroupActing => "Sp");

i22 : q = plethysm({2}, sp_{1})

o22 = sp
        2

o22 : Sp

i23 : toS q

o23 = s
       2

o23 : schurRing (QQ, s, infinity)

i24 : toSp(s_{2,1,1,1}, Sp4)

o24 = sp4
         1

o24 : Sp4

i25 : 
