-- -*- M2-comint -*- hash: 10852646231700533734

i1 : R = QQ[x,y]

o1 = R

o1 : PolynomialRing

i2 : t = new BettiTally from { (0,{0},0) => 1, (1,{1},1) => 2, (2,{3},3) => 3, (2,{4},4) => 4 }

            0 1 2
o2 = total: 1 2 7
         0: 1 2 .
         1: . . 3
         2: . . 4

o2 : BettiTally

i3 : C = R^t

      1      2      7
o3 = R  <-- R  <-- R
                    
     0      1      2

o3 : Complex

i4 : betti C

            0 1 2
o4 = total: 1 2 7
         0: 1 2 .
         1: . . 3
         2: . . 4

o4 : BettiTally

i5 : C.dd

          1         2
o5 = 0 : R  <----- R  : 1
               0

          2         7
     1 : R  <----- R  : 2
               0

o5 : ComplexMap

i6 : 
