-- -*- M2-comint -*- hash: 8902374101311246618

i1 : f = flattenedGenericTensor({4,2,2},ZZ/32003)

o1 = | x_(0,0,0) x_(1,0,0) x_(2,0,0) x_(3,0,0) |
     | x_(0,0,1) x_(1,0,1) x_(2,0,1) x_(3,0,1) |
     | x_(0,1,0) x_(1,1,0) x_(2,1,0) x_(3,1,0) |
     | x_(0,1,1) x_(1,1,1) x_(2,1,1) x_(3,1,1) |

               ZZ                  4         ZZ                  4
o1 : Matrix (-----[x     ..x     ])  <--- (-----[x     ..x     ])
             32003  0,0,0   3,1,1          32003  0,0,0   3,1,1

i2 : S = ring f;

i3 : g = tensorComplex1(f,{0,0,2})

o3 = | -x_(0,1,0)x_(1,0,0)+x_(0,0,0)x_(1,1,0)                                       -x_(0,1,0)x_(2,0,0)+x_(0,0,0)x_(2,1,0)                                       -x_(1,1,0)x_(2,0,0)+x_(1,0,0)x_(2,1,0)                                       -x_(0,1,0)x_(3,0,0)+x_(0,0,0)x_(3,1,0)                                       -x_(1,1,0)x_(3,0,0)+x_(1,0,0)x_(3,1,0)                                       -x_(2,1,0)x_(3,0,0)+x_(2,0,0)x_(3,1,0)                                       |
     | -x_(0,1,1)x_(1,0,0)-x_(0,1,0)x_(1,0,1)+x_(0,0,1)x_(1,1,0)+x_(0,0,0)x_(1,1,1) -x_(0,1,1)x_(2,0,0)-x_(0,1,0)x_(2,0,1)+x_(0,0,1)x_(2,1,0)+x_(0,0,0)x_(2,1,1) -x_(1,1,1)x_(2,0,0)-x_(1,1,0)x_(2,0,1)+x_(1,0,1)x_(2,1,0)+x_(1,0,0)x_(2,1,1) -x_(0,1,1)x_(3,0,0)-x_(0,1,0)x_(3,0,1)+x_(0,0,1)x_(3,1,0)+x_(0,0,0)x_(3,1,1) -x_(1,1,1)x_(3,0,0)-x_(1,1,0)x_(3,0,1)+x_(1,0,1)x_(3,1,0)+x_(1,0,0)x_(3,1,1) -x_(2,1,1)x_(3,0,0)-x_(2,1,0)x_(3,0,1)+x_(2,0,1)x_(3,1,0)+x_(2,0,0)x_(3,1,1) |
     | -x_(0,1,1)x_(1,0,1)+x_(0,0,1)x_(1,1,1)                                       -x_(0,1,1)x_(2,0,1)+x_(0,0,1)x_(2,1,1)                                       -x_(1,1,1)x_(2,0,1)+x_(1,0,1)x_(2,1,1)                                       -x_(0,1,1)x_(3,0,1)+x_(0,0,1)x_(3,1,1)                                       -x_(1,1,1)x_(3,0,1)+x_(1,0,1)x_(3,1,1)                                       -x_(2,1,1)x_(3,0,1)+x_(2,0,1)x_(3,1,1)                                       |

             3       6
o3 : Matrix S  <--- S

i4 : g1 = tensorComplex1 f

o4 = | -x_(0,1,0)x_(1,0,0)+x_(0,0,0)x_(1,1,0)                                       -x_(0,1,0)x_(2,0,0)+x_(0,0,0)x_(2,1,0)                                       -x_(1,1,0)x_(2,0,0)+x_(1,0,0)x_(2,1,0)                                       -x_(0,1,0)x_(3,0,0)+x_(0,0,0)x_(3,1,0)                                       -x_(1,1,0)x_(3,0,0)+x_(1,0,0)x_(3,1,0)                                       -x_(2,1,0)x_(3,0,0)+x_(2,0,0)x_(3,1,0)                                       |
     | -x_(0,1,1)x_(1,0,0)-x_(0,1,0)x_(1,0,1)+x_(0,0,1)x_(1,1,0)+x_(0,0,0)x_(1,1,1) -x_(0,1,1)x_(2,0,0)-x_(0,1,0)x_(2,0,1)+x_(0,0,1)x_(2,1,0)+x_(0,0,0)x_(2,1,1) -x_(1,1,1)x_(2,0,0)-x_(1,1,0)x_(2,0,1)+x_(1,0,1)x_(2,1,0)+x_(1,0,0)x_(2,1,1) -x_(0,1,1)x_(3,0,0)-x_(0,1,0)x_(3,0,1)+x_(0,0,1)x_(3,1,0)+x_(0,0,0)x_(3,1,1) -x_(1,1,1)x_(3,0,0)-x_(1,1,0)x_(3,0,1)+x_(1,0,1)x_(3,1,0)+x_(1,0,0)x_(3,1,1) -x_(2,1,1)x_(3,0,0)-x_(2,1,0)x_(3,0,1)+x_(2,0,1)x_(3,1,0)+x_(2,0,0)x_(3,1,1) |
     | -x_(0,1,1)x_(1,0,1)+x_(0,0,1)x_(1,1,1)                                       -x_(0,1,1)x_(2,0,1)+x_(0,0,1)x_(2,1,1)                                       -x_(1,1,1)x_(2,0,1)+x_(1,0,1)x_(2,1,1)                                       -x_(0,1,1)x_(3,0,1)+x_(0,0,1)x_(3,1,1)                                       -x_(1,1,1)x_(3,0,1)+x_(1,0,1)x_(3,1,1)                                       -x_(2,1,1)x_(3,0,1)+x_(2,0,1)x_(3,1,1)                                       |

             3       6
o4 : Matrix S  <--- S

i5 : betti matrix g

            0 1
o5 = total: 3 6
        -1: . 6
         0: 3 .

o5 : BettiTally

i6 : betti matrix g1

            0 1
o6 = total: 3 6
        -1: . 6
         0: 3 .

o6 : BettiTally

i7 : betti res coker g

            0 1 2
o7 = total: 3 6 3
         0: 3 . .
         1: . 6 .
         2: . . 3

o7 : BettiTally

i8 : f = flattenedGenericTensor({6,2}, ZZ/32003)

o8 = | x_(0,0) x_(1,0) x_(2,0) x_(3,0) x_(4,0) x_(5,0) |
     | x_(0,1) x_(1,1) x_(2,1) x_(3,1) x_(4,1) x_(5,1) |

               ZZ              2         ZZ              6
o8 : Matrix (-----[x   ..x   ])  <--- (-----[x   ..x   ])
             32003  0,0   5,1          32003  0,0   5,1

i9 : S = ring f;

i10 : g = tensorComplex1(f,{0,0});

              1       15
o10 : Matrix S  <--- S

i11 : transpose g

o11 = | -x_(0,1)x_(1,0)+x_(0,0)x_(1,1) |
      | -x_(0,1)x_(2,0)+x_(0,0)x_(2,1) |
      | -x_(1,1)x_(2,0)+x_(1,0)x_(2,1) |
      | -x_(0,1)x_(3,0)+x_(0,0)x_(3,1) |
      | -x_(1,1)x_(3,0)+x_(1,0)x_(3,1) |
      | -x_(2,1)x_(3,0)+x_(2,0)x_(3,1) |
      | -x_(0,1)x_(4,0)+x_(0,0)x_(4,1) |
      | -x_(1,1)x_(4,0)+x_(1,0)x_(4,1) |
      | -x_(2,1)x_(4,0)+x_(2,0)x_(4,1) |
      | -x_(3,1)x_(4,0)+x_(3,0)x_(4,1) |
      | -x_(0,1)x_(5,0)+x_(0,0)x_(5,1) |
      | -x_(1,1)x_(5,0)+x_(1,0)x_(5,1) |
      | -x_(2,1)x_(5,0)+x_(2,0)x_(5,1) |
      | -x_(3,1)x_(5,0)+x_(3,0)x_(5,1) |
      | -x_(4,1)x_(5,0)+x_(4,0)x_(5,1) |

              15       1
o11 : Matrix S   <--- S

i12 : betti res coker g

             0  1  2  3  4 5
o12 = total: 1 15 40 45 24 5
          0: 1  .  .  .  . .
          1: . 15 40 45 24 5

o12 : BettiTally

i13 : betti eagonNorthcottComplex matrix entries matrix f

             0  1  2  3  4 5
o13 = total: 1 15 40 45 24 5
          0: 1  .  .  .  . .
          1: . 15 40 45 24 5

o13 : BettiTally

i14 : f = flattenedGenericTensor({7,1,2,1,2,1},ZZ/32003);

                ZZ                                                                                                                                                                                                                                                                                                                                                                                                          4         ZZ                                                                                                                                                                                                                                                                                                                                                                                                          7
o14 : Matrix (-----[x           , x           , x           , x           , x           , x           , x           , x           , x           , x           , x           , x           , x           , x           , x           , x           , x           , x           , x           , x           , x           , x           , x           , x           , x           , x           , x           , x           ])  <--- (-----[x           , x           , x           , x           , x           , x           , x           , x           , x           , x           , x           , x           , x           , x           , x           , x           , x           , x           , x           , x           , x           , x           , x           , x           , x           , x           , x           , x           ])
              32003  0,0,0,0,0,0   0,0,0,0,1,0   0,0,1,0,0,0   0,0,1,0,1,0   1,0,0,0,0,0   1,0,0,0,1,0   1,0,1,0,0,0   1,0,1,0,1,0   2,0,0,0,0,0   2,0,0,0,1,0   2,0,1,0,0,0   2,0,1,0,1,0   3,0,0,0,0,0   3,0,0,0,1,0   3,0,1,0,0,0   3,0,1,0,1,0   4,0,0,0,0,0   4,0,0,0,1,0   4,0,1,0,0,0   4,0,1,0,1,0   5,0,0,0,0,0   5,0,0,0,1,0   5,0,1,0,0,0   5,0,1,0,1,0   6,0,0,0,0,0   6,0,0,0,1,0   6,0,1,0,0,0   6,0,1,0,1,0          32003  0,0,0,0,0,0   0,0,0,0,1,0   0,0,1,0,0,0   0,0,1,0,1,0   1,0,0,0,0,0   1,0,0,0,1,0   1,0,1,0,0,0   1,0,1,0,1,0   2,0,0,0,0,0   2,0,0,0,1,0   2,0,1,0,0,0   2,0,1,0,1,0   3,0,0,0,0,0   3,0,0,0,1,0   3,0,1,0,0,0   3,0,1,0,1,0   4,0,0,0,0,0   4,0,0,0,1,0   4,0,1,0,0,0   4,0,1,0,1,0   5,0,0,0,0,0   5,0,0,0,1,0   5,0,1,0,0,0   5,0,1,0,1,0   6,0,0,0,0,0   6,0,0,0,1,0   6,0,1,0,0,0   6,0,1,0,1,0

i15 : S = ring f;

i16 : g = tensorComplex1 f;

              10       28
o16 : Matrix S   <--- S

i17 : betti res coker g

              0  1  2  3  4  5
o17 = total: 10 28 70 70 28 10
          0: 10 28  .  .  .  .
          1:  .  . 70 70  .  .
          2:  .  .  .  . 28 10

o17 : BettiTally

i18 : S = QQ[x,y,z];

i19 : F = labeledModule S^5

       5
o19 = S

o19 : free S-module with labeled basis

i20 : G = tensorProduct(labeledModule S^2, labeledModule S^2)

       4
o20 = S

o20 : free S-module with labeled basis

i21 : f = map(G,F, (i,j) -> random(1,S))

o21 = | 9/2x+9/4y+3/4z  7/4x+7/9y+7/10z 7/10x+7/3y+7z  3/7x+6/7y+6z   5/4x+2/9y+3/10z |
      | 3/7x+5y+10/9z   10x+3/2y+7/8z   5/6x+5y+2/5z   5/3x+7/2y+2/5z 6/5x+5/7y+5/9z  |
      | 5/3x+1/10y+4/3z 3/7x+9/10y+4/7z 5/9x+5/9y+6/7z 6x+5/4y+2/9z   8/5x+9/4y+2/9z  |
      | 9/8x+1/8y+10/3z 4x+1/3y+9/10z   5/4x+1/7y+7/5z 1/5x+5/7y+3/8z 5/2x+1/6y+8/5z  |

              4       5
o21 : Matrix S  <--- S

i22 : g = tensorComplex1(f, {0,0,2});

              3       10
o22 : Matrix S  <--- S

i23 : betti res coker g

             0  1  2 3
o23 = total: 3 10 15 8
          0: 3  .  . .
          1: . 10  . .
          2: .  . 15 8

o23 : BettiTally

i24 : 
