-- -*- M2-comint -*- hash: 2590730253095481750

i1 : cite

o1 = @misc{M2,
       author = {Grayson, Daniel R. and Stillman, Michael E.},
       title = {Macaulay2, a software system for research in algebraic geometry},
       howpublished = {Available at \url{https://macaulay2.com/}}
     }


i2 : cite PackageCitations

o2 = @misc{PackageCitationsSource,
       title = {{PackageCitations: citation of \emph{Macaulay2} packages. Version~0.1}},
       author = {Aaron Dall},
       howpublished = {A \emph{Macaulay2} package available at
         "https://github.com/aarondall/PackageCitations-M2"}
     }


i3 : cite Text
 -- Warning: The "Text" package provides insufficient citation data: author.

o3 = @misc{TextSource,
       title = {{Text: documentation and hypertext. Version~0.0}},
       author = {},
       howpublished = {A \emph{Macaulay2} package available at
         \url{https://github.com/Macaulay2/M2/tree/stable/M2/Macaulay2/packages}}
     }


i4 : cite "PieriMaps"

o4 = {@article{Sam2009,                                               
          AUTHOR = {Sam, Steven V},
          TITLE = {Computing inclusions of {S}chur modules},
          JOURNAL = {The Journal of Software for Algebra and Geometry:
          VOLUME = {1},
          YEAR = {2009},
          PAGES = {5--10},
          DOI = {10.2140/jsag.2009.1.5},
          URL = {https://msp.org/jsag/2009/1-1/p02.xhtml}
      }
     ------------------------------------------------------------------------
                }


     Macaulay2},

o4 : List

i5 : cite "Bruns"

o5 = @misc{BrunsSource,
       title = {{Bruns: make a 3-generator ideal with an ``any" resolution. Version~2.0}},
       author = {David Eisenbud},
       howpublished = {A \emph{Macaulay2} package available at
         \url{https://github.com/Macaulay2/M2/tree/stable/M2/Macaulay2/packages}}
     }


i6 : 
