-- -*- M2-comint -*- hash: 1730348427672639311

i1 : A = matrix{{0,1,0,0,0,0},{0,0,0,1,0,0},{1,-1,1,-1,0,1},{0,0,0,1,0,0},{0,1,0,-1,1,0},{0,0,0,1,0,0}}

o1 = | 0 1  0 0  0 0 |
     | 0 0  0 1  0 0 |
     | 1 -1 1 -1 0 1 |
     | 0 0  0 1  0 0 |
     | 0 1  0 -1 1 0 |
     | 0 0  0 1  0 0 |

              6       6
o1 : Matrix ZZ  <-- ZZ

i2 : netList ASMToMonotoneTriangle A

     +-+-+-+-+-+-+
o2 = | | | | | | |
     +-+-+-+-+-+-+
     |2| | | | | |
     +-+-+-+-+-+-+
     |2|4| | | | |
     +-+-+-+-+-+-+
     |1|3|6| | | |
     +-+-+-+-+-+-+
     |1|3|4|6| | |
     +-+-+-+-+-+-+
     |1|2|3|5|6| |
     +-+-+-+-+-+-+
     |1|2|3|4|5|6|
     +-+-+-+-+-+-+

i3 : 
