-- -*- M2-comint -*- hash: 15646873298242713279

i1 : w = {2,4,5,1,3};

i2 : I = schubertDeterminantalIdeal w;

o2 : Ideal of QQ[z   ..z   ]
                  1,1   5,5

i3 : inI = antiDiagInit w;

o3 : MonomialIdeal of QQ[z   ..z   ]
                          1,1   5,5

i4 : (netList sort inI_*, netList sort (trim I)_*)

      +--------+  +-------------------+
o4 = (|z       |, |z                  |)
      | 3,1    |  | 3,1               |
      +--------+  +-------------------+
      |z       |  |z                  |
      | 2,1    |  | 2,1               |
      +--------+  +-------------------+
      |z       |  |z                  |
      | 1,1    |  | 1,1               |
      +--------+  +-------------------+
      |z   z   |  |z   z    - z   z   |
      | 2,3 3,2|  | 2,3 3,2    2,2 3,3|
      +--------+  +-------------------+
      |z   z   |  |z   z    - z   z   |
      | 1,3 3,2|  | 1,3 3,2    1,2 3,3|
      +--------+  +-------------------+
      |z   z   |  |z   z    - z   z   |
      | 1,3 2,2|  | 1,3 2,2    1,2 2,3|
      +--------+  +-------------------+

o4 : Sequence

i5 : (betti res I, betti res inI)

             0 1  2  3 4 5         0 1  2  3 4 5
o5 = (total: 1 6 14 16 9 2, total: 1 6 14 16 9 2)
          0: 1 3  3  1 . .      0: 1 3  3  1 . .
          1: . 3 11 15 9 2      1: . 3 11 15 9 2

o5 : Sequence

i6 : # pipeDreams w == # (decompose inI)

o6 = true

i7 : (pipeDreams w)_0

o7 = +/+//
     +/+//
     +////
     /////
     /////

o7 : PipeDream

i8 : (decompose inI)_0

o8 = monomialIdeal (z   , z   , z   , z   , z   )
                     1,1   1,3   2,1   2,3   3,1

o8 : MonomialIdeal of QQ[z   ..z   ]
                          1,1   5,5

i9 : v = {2,1,4,3,6,5}

o9 = {2, 1, 4, 3, 6, 5}

o9 : List

i10 : diagLexInitSE v

                                                                    
o10 = monomialIdeal (z   z   z   z   z   z   , z   z   z   z   z   ,
                      5,5 4,3 3,4 3,2 2,1 1,3   5,5 4,3 3,4 2,1 1,2 
      -----------------------------------------------------------------------
                                         2
      z   z   z   , z   z   z   z   z   z   , z   )
       3,3 2,1 1,2   5,5 4,3 3,4 3,1 2,3 1,2   1,1

o10 : MonomialIdeal of QQ[z   , z   , z   , z   , z   , z   , z   , z   , z   , z   , z   , z   , z   , z   , z   , z   , z   , z   , z   , z   , z   , z   , z   , z   , z   , z   , z   , z   , z   , z   , z   , z   , z   , z   , z   , z   ]
                           6,6   6,5   6,4   6,3   6,2   6,1   5,6   5,5   5,4   5,3   5,2   5,1   4,6   4,5   4,4   4,3   4,2   4,1   3,6   3,5   3,4   3,3   3,2   3,1   2,6   2,5   2,4   2,3   2,2   2,1   1,6   1,5   1,4   1,3   1,2   1,1

i11 : netList (decompose oo)

      +--------------------------------+
o11 = |monomialIdeal (z   , z   , z   )|
      |                5,5   3,3   1,1 |
      +--------------------------------+
      |monomialIdeal (z   , z   , z   )|
      |                4,3   3,3   1,1 |
      +--------------------------------+
      |monomialIdeal (z   , z   , z   )|
      |                3,4   3,3   1,1 |
      +--------------------------------+
      |monomialIdeal (z   , z   , z   )|
      |                5,5   2,1   1,1 |
      +--------------------------------+
      |monomialIdeal (z   , z   , z   )|
      |                4,3   2,1   1,1 |
      +--------------------------------+
      |monomialIdeal (z   , z   , z   )|
      |                3,4   2,1   1,1 |
      +--------------------------------+
      |monomialIdeal (z   , z   , z   )|
      |                3,1   2,1   1,1 |
      +--------------------------------+
      |monomialIdeal (z   , z   , z   )|
      |                2,3   2,1   1,1 |
      +--------------------------------+
      |monomialIdeal (z   , z   , z   )|
      |                5,5   1,2   1,1 |
      +--------------------------------+
      |monomialIdeal (z   , z   , z   )|
      |                4,3   1,2   1,1 |
      +--------------------------------+
      |monomialIdeal (z   , z   , z   )|
      |                3,4   1,2   1,1 |
      +--------------------------------+
      |monomialIdeal (z   , z   , z   )|
      |                3,2   1,2   1,1 |
      +--------------------------------+
      |monomialIdeal (z   , z   , z   )|
      |                2,1   1,2   1,1 |
      +--------------------------------+
      |monomialIdeal (z   , z   , z   )|
      |                1,3   1,2   1,1 |
      +--------------------------------+

i12 : diagLexInitNW v

                                                              
o12 = monomialIdeal (z   , z   z   z   , z   z   z   z   z   ,
                      1,1   1,2 2,1 3,3   1,2 2,1 3,4 4,3 5,5 
      -----------------------------------------------------------------------
                                     2
      z   z   z   z   z   z   , z   z   z   z   z   z   )
       1,2 2,3 3,1 3,4 4,3 5,5   1,3 2,1 3,2 3,4 4,3 5,5

o12 : MonomialIdeal of QQ[z   ..z   ]
                           1,1   6,6

i13 : netList (decompose oo)

      +--------------------------------+
o13 = |monomialIdeal (z   , z   , z   )|
      |                1,1   1,2   1,3 |
      +--------------------------------+
      |monomialIdeal (z   , z   , z   )|
      |                1,1   1,2   2,1 |
      +--------------------------------+
      |monomialIdeal (z   , z   , z   )|
      |                1,1   2,1   2,3 |
      +--------------------------------+
      |monomialIdeal (z   , z   , z   )|
      |                1,1   2,1   3,1 |
      +--------------------------------+
      |monomialIdeal (z   , z   , z   )|
      |                1,1   1,2   3,2 |
      +--------------------------------+
      |monomialIdeal (z   , z   , z   )|
      |                1,1   1,2   3,4 |
      +--------------------------------+
      |monomialIdeal (z   , z   , z   )|
      |                1,1   2,1   3,4 |
      +--------------------------------+
      |monomialIdeal (z   , z   , z   )|
      |                1,1   3,3   3,4 |
      +--------------------------------+
      |monomialIdeal (z   , z   , z   )|
      |                1,1   1,2   4,3 |
      +--------------------------------+
      |monomialIdeal (z   , z   , z   )|
      |                1,1   2,1   4,3 |
      +--------------------------------+
      |monomialIdeal (z   , z   , z   )|
      |                1,1   3,3   4,3 |
      +--------------------------------+
      |monomialIdeal (z   , z   , z   )|
      |                1,1   1,2   5,5 |
      +--------------------------------+
      |monomialIdeal (z   , z   , z   )|
      |                1,1   2,1   5,5 |
      +--------------------------------+
      |monomialIdeal (z   , z   , z   )|
      |                1,1   3,3   5,5 |
      +--------------------------------+

i14 : diagRevLexInit v

                                                              
o14 = monomialIdeal (z   , z   z   z   , z   z   z   z   z   ,
                      1,1   1,2 2,1 3,3   1,2 2,1 3,4 4,3 5,5 
      -----------------------------------------------------------------------
                                 2
      z   z   z   z   z   z   , z   z   z   z   z   z   )
       1,3 2,1 3,4 3,2 4,3 5,5   1,2 2,3 3,4 3,1 4,3 5,5

o14 : MonomialIdeal of QQ[z   , z   , z   , z   , z   , z   , z   , z   , z   , z   , z   , z   , z   , z   , z   , z   , z   , z   , z   , z   , z   , z   , z   , z   , z   , z   , z   , z   , z   , z   , z   , z   , z   , z   , z   , z   ]
                           1,6   1,5   1,4   1,3   1,2   1,1   2,6   2,5   2,4   2,3   2,2   2,1   3,6   3,5   3,4   3,3   3,2   3,1   4,6   4,5   4,4   4,3   4,2   4,1   5,6   5,5   5,4   5,3   5,2   5,1   6,6   6,5   6,4   6,3   6,2   6,1

i15 : 
