-- -*- M2-comint -*- hash: 18374680840488788738

i1 : A = matrix{{0,0,0},{0,1,0},{1,-1,0}} --Example 3.15 in [Wei17]

o1 = | 0 0  0 |
     | 0 1  0 |
     | 1 -1 0 |

              3       3
o1 : Matrix ZZ  <-- ZZ

i2 : isPartialASM A

o2 = true

i3 : A' = partialASMToASM A

o3 = | 0 0  0 1 0 |
     | 0 1  0 0 0 |
     | 1 -1 0 0 1 |
     | 0 1  0 0 0 |
     | 0 0  1 0 0 |

              5       5
o3 : Matrix ZZ  <-- ZZ

i4 : rotheDiagram A

o4 = {(1, 1), (1, 2), (1, 3), (2, 1), (3, 2), (3, 3)}

o4 : List

i5 : essentialSet A

o5 = {(1, 3), (2, 1), (3, 3)}

o5 : List

i6 : rankTable A

o6 = | 0 0 0 |
     | 0 1 1 |
     | 1 1 1 |

              3       3
o6 : Matrix ZZ  <-- ZZ

i7 : netList fultonGens A

     +---------------------+
o7 = |z                    |
     | 1,1                 |
     +---------------------+
     |z                    |
     | 1,2                 |
     +---------------------+
     |z                    |
     | 1,3                 |
     +---------------------+
     |z                    |
     | 2,1                 |
     +---------------------+
     |- z   z    + z   z   |
     |   1,2 2,1    1,1 2,2|
     +---------------------+
     |- z   z    + z   z   |
     |   1,2 3,1    1,1 3,2|
     +---------------------+
     |- z   z    + z   z   |
     |   2,2 3,1    2,1 3,2|
     +---------------------+
     |- z   z    + z   z   |
     |   1,3 2,1    1,1 2,3|
     +---------------------+
     |- z   z    + z   z   |
     |   1,3 3,1    1,1 3,3|
     +---------------------+
     |- z   z    + z   z   |
     |   2,3 3,1    2,1 3,3|
     +---------------------+
     |- z   z    + z   z   |
     |   1,3 2,2    1,2 2,3|
     +---------------------+
     |- z   z    + z   z   |
     |   1,3 3,2    1,2 3,3|
     +---------------------+
     |- z   z    + z   z   |
     |   2,3 3,2    2,2 3,3|
     +---------------------+

i8 : I = schubertDeterminantalIdeal A;

o8 : Ideal of QQ[z   ..z   ]
                  1,1   3,3

i9 : numgens I

o9 = 13

i10 : numgens (trim I)

o10 = 7

i11 : peek I.cache

o11 = CacheTable{ASM => | 0 0  0 |                                                                                                                                                                                                                                                                                                                         }
                        | 0 1  0 |
                        | 1 -1 0 |
                 module => image | z_(1,1) z_(1,2) z_(1,3) z_(2,1) -z_(1,2)z_(2,1)+z_(1,1)z_(2,2) -z_(1,2)z_(3,1)+z_(1,1)z_(3,2) -z_(2,2)z_(3,1)+z_(2,1)z_(3,2) -z_(1,3)z_(2,1)+z_(1,1)z_(2,3) -z_(1,3)z_(3,1)+z_(1,1)z_(3,3) -z_(2,3)z_(3,1)+z_(2,1)z_(3,3) -z_(1,3)z_(2,2)+z_(1,2)z_(2,3) -z_(1,3)z_(3,2)+z_(1,2)z_(3,3) -z_(2,3)z_(3,2)+z_(2,2)z_(3,3) |

i12 : antiDiagInit A

o12 = monomialIdeal (z   , z   , z   , z   , z   z   , z   z   , z   z   )
                      1,1   1,2   1,3   2,1   2,2 3,1   2,3 3,1   2,3 3,2

o12 : MonomialIdeal of QQ[z   ..z   ]
                           1,1   3,3

i13 : schubertDecompose I

o13 = {{4, 5, 1, 2, 3}, {4, 2, 5, 1, 3}}

o13 : List

i14 : B = matrix{{0,1,0,0,0},{0,0,0,1,0},{1,-1,1,0,0},{0,0,0,0,1},{0,1,0,0,0}}

o14 = | 0 1  0 0 0 |
      | 0 0  0 1 0 |
      | 1 -1 1 0 0 |
      | 0 0  0 0 1 |
      | 0 1  0 0 0 |

               5       5
o14 : Matrix ZZ  <-- ZZ

i15 : L = {A, B} -- a list of 2 partial ASMs

o15 = {| 0 0  0 |, | 0 1  0 0 0 |}
       | 0 1  0 |  | 0 0  0 1 0 |
       | 1 -1 0 |  | 1 -1 1 0 0 |
                   | 0 0  0 0 1 |
                   | 0 1  0 0 0 |

o15 : List

i16 : J = schubertAdd L

o16 = ideal (z   , z   , z   , z   , - z   z    + z   z   , - z   z    +
              1,1   1,2   1,3   2,1     1,2 2,1    1,1 2,2     1,2 3,1  
      -----------------------------------------------------------------------
      z   z   , - z   z    + z   z   , - z   z    + z   z   , - z   z    +
       1,1 3,2     2,2 3,1    2,1 3,2     1,3 2,1    1,1 2,3     1,3 3,1  
      -----------------------------------------------------------------------
      z   z   , - z   z    + z   z   , - z   z    + z   z   , - z   z    +
       1,1 3,3     2,3 3,1    2,1 3,3     1,3 2,2    1,2 2,3     1,3 3,2  
      -----------------------------------------------------------------------
      z   z   , - z   z    + z   z   , - z   z    + z   z   , - z   z    +
       1,2 3,3     2,3 3,2    2,2 3,3     1,2 4,1    1,1 4,2     2,2 4,1  
      -----------------------------------------------------------------------
      z   z   , - z   z    + z   z   )
       2,1 4,2     3,2 4,1    3,1 4,2

o16 : Ideal of QQ[z   ..z   ]
                   1,1   5,5

i17 : peek J.cache

o17 = CacheTable{ASM => | 0 0  0 1 0 |     }
                        | 0 1  0 0 0 |
                        | 1 -1 0 0 1 |
                        | 0 0  1 0 0 |
                        | 0 1  0 0 0 |
                 rankTable => | 0 0 0 1 1 |
                              | 0 1 1 2 2 |
                              | 1 1 1 2 3 |
                              | 1 1 2 3 4 |
                              | 1 2 3 4 5 |

i18 : K = schubertIntersect L

o18 = ideal (z   , z   , z   z   , z   z   , z   z   , z   z    - z   z   ,
              2,1   1,1   1,2 4,1   2,2 3,1   1,2 3,1   1,3 2,2    1,2 2,3 
      -----------------------------------------------------------------------
      z   z   z    - z   z   z    - z   z   z   , z   z   z    -
       2,3 3,2 4,1    2,2 3,3 4,1    2,3 3,1 4,2   1,3 3,2 4,1  
      -----------------------------------------------------------------------
      z   z   z   )
       1,3 3,1 4,2

o18 : Ideal of QQ[z   ..z   ]
                   1,1   5,5

i19 : isASMIdeal K

o19 = false

i20 : K' = schubertIntersect {{3, 1, 2}, {2, 3, 1}}

o20 = ideal (z   , z   z   )
              1,1   1,2 2,1

o20 : Ideal of QQ[z   ..z   ]
                   1,1   3,3

i21 : isASMIdeal K'

o21 = true

i22 : getASM K'

o22 = | 0 1  0 |
      | 1 -1 1 |
      | 0 1  0 |

               3       3
o22 : Matrix ZZ  <-- ZZ

i23 : time schubertRegularity B
 -- used 0.0246129s (cpu); 0.0246137s (thread); 0s (gc)

o23 = 1

i24 : time regularity comodule schubertDeterminantalIdeal B
 -- used 0.0209305s (cpu); 0.0209337s (thread); 0s (gc)

o24 = 1

i25 : 
