-- -*- M2-comint -*- hash: 12334226372779401050

i1 : T = matrix {{0,0,1,1},{0,1,1,2},{1,2,2,3},{1,2,3,4}}

o1 = | 0 0 1 1 |
     | 0 1 1 2 |
     | 1 2 2 3 |
     | 1 2 3 4 |

              4       4
o1 : Matrix ZZ  <-- ZZ

i2 : rankTableToASM T

o2 = | 0 0 1  0 |
     | 0 1 -1 1 |
     | 1 0 0  0 |
     | 0 0 1  0 |

              4       4
o2 : Matrix ZZ  <-- ZZ

i3 : U = matrix {{0,0,1,1,1},{1,1,1,2,2},{1,2,2,3,3},{1,2,3,4,4},{1,2,3,4,5}}

o3 = | 0 0 1 1 1 |
     | 1 1 1 2 2 |
     | 1 2 2 3 3 |
     | 1 2 3 4 4 |
     | 1 2 3 4 5 |

              5       5
o3 : Matrix ZZ  <-- ZZ

i4 : rankTableToASM U

o4 = | 0 0 1  0 0 |
     | 1 0 -1 1 0 |
     | 0 1 0  0 0 |
     | 0 0 1  0 0 |
     | 0 0 0  0 1 |

              5       5
o4 : Matrix ZZ  <-- ZZ

i5 : 
