-- -*- M2-comint -*- hash: 17595609046483612894

i1 : A = matrix{{0,0,1,0,0},{1,0,0,0,0},{0,1,-1,1,0},{0,0,0,0,1},{0,0,1,0,0}};

              5       5
o1 : Matrix ZZ  <-- ZZ

i2 : J = schubertDeterminantalIdeal A;

o2 : Ideal of QQ[z   ..z   ]
                  1,1   5,5

i3 : netList schubertDecompose J

     +-+-+-+-+-+
o3 = |4|1|2|5|3|
     +-+-+-+-+-+
     |3|1|4|5|2|
     +-+-+-+-+-+

i4 : A = matrix{{0,0,0,1},{0,1,0,0},{1,-1,1,0},{0,1,0,0}};

              4       4
o4 : Matrix ZZ  <-- ZZ

i5 : netList schubertDecompose A

     +-+-+-+-+
o5 = |4|3|1|2|
     +-+-+-+-+
     |4|2|3|1|
     +-+-+-+-+

i6 : 
