-- -*- M2-comint -*- hash: 16633899891373373163

i1 : w = {2,1,5,4,3}

o1 = {2, 1, 5, 4, 3}

o1 : List

i2 : schubertPolynomial w

      3      2 2    3       2          2      2 2        2    3      2      
o2 = x x  + x x  + x x  + 2x x x  + x x x  + x x  + x x x  + x x  + x x x  +
      1 2    1 2    1 3     1 2 3    1 2 3    1 3    1 2 3    1 4    1 2 4  
     ------------------------------------------------------------------------
        2      2                     2
     x x x  + x x x  + x x x x  + x x x
      1 2 4    1 3 4    1 2 3 4    1 3 4

o2 : QQ[x ..x ]
         1   5

i3 : schubertPolynomial (w,Algorithm=>"Transition")

      3      2 2    3       2          2      2 2        2    3      2      
o3 = x x  + x x  + x x  + 2x x x  + x x x  + x x  + x x x  + x x  + x x x  +
      1 2    1 2    1 3     1 2 3    1 2 3    1 3    1 2 3    1 4    1 2 4  
     ------------------------------------------------------------------------
        2      2                     2
     x x x  + x x x  + x x x x  + x x x
      1 2 4    1 3 4    1 2 3 4    1 3 4

o3 : QQ[x ..x ]
         1   5

i4 : 
