-- -*- M2-comint -*- hash: 7625563632396025008

i1 : A = QQ[x,y];

i2 : C = koszulComplex vars A;

i3 : K = filteredComplex C

o3 = -1 : image 0 <-- image 0 <-- image 0
                                   
          0           1           2

     0 : image | 1 | <-- image 0 <-- image 0
                                      
         0               1           2

     1 : image | 1 | <-- image {1} | 1 0 | <-- image 0
                               {1} | 0 1 |      
         0                                     2
                         1

          1      2      1
     2 : A  <-- A  <-- A
                        
         0      1      2

o3 : FilteredComplex

i4 : K_0

o4 = image | 1 | <-- image 0 <-- image 0
                                  
     0               1           2

o4 : Complex

i5 : K_1

o5 = image | 1 | <-- image {1} | 1 0 | <-- image 0
                           {1} | 0 1 |      
     0                                     2
                     1

o5 : Complex

i6 : K_2

      1      2      1
o6 = A  <-- A  <-- A
                    
     0      1      2

o6 : Complex

i7 : K^(-1)

o7 = image | 1 | <-- image {1} | 1 0 | <-- image 0
                           {1} | 0 1 |      
     0                                     2
                     1

o7 : Complex

i8 : K^(-2)

      1      2      1
o8 = A  <-- A  <-- A
                    
     0      1      2

o8 : Complex

i9 : K_infinity

      1      2      1
o9 = A  <-- A  <-- A
                    
     0      1      2

o9 : Complex

i10 : K_(-infinity)

o10 = image 0 <-- image 0 <-- image 0
                               
      0           1           2

o10 : Complex

i11 : K^(-infinity)

       1      2      1
o11 = A  <-- A  <-- A
                     
      0      1      2

o11 : Complex

i12 : K^infinity

o12 = image 0 <-- image 0 <-- image 0
                               
      0           1           2

o12 : Complex

i13 : 
