-- -*- M2-comint -*- hash: 18392821707466983367

i1 : R = QQ[x,y,z,w] ;

i2 : c2 = matrix(R,{{1},{0}}) ;

             2      1
o2 : Matrix R  <-- R

i3 : c1 = matrix(R,{{0,1}}) ;

             1      2
o3 : Matrix R  <-- R

i4 : C = complex ({c1,c2})

      1      2      1
o4 = R  <-- R  <-- R
                    
     0      1      2

o4 : Complex

i5 : D_2 = image matrix(R,{{1}});

i6 : D_1 = image matrix(R,{{1,0},{0,0}});

i7 : D_0 = image matrix(R,{{1}});

i8 : D = complex({inducedMap(D_0,D_1,C.dd_1),inducedMap(D_1,D_2,C.dd_2)})

o8 = image | 1 | <-- image | 1 0 | <-- image | 1 |
                           | 0 0 |      
     0                                 2
                     1

o8 : Complex

i9 : E_2 = image matrix(R,{{0}});

i10 : E_1 = image matrix(R,{{1,0},{0,0}});

i11 : E_0 = image matrix(R,{{1}});

i12 : E = complex({inducedMap(E_0,E_1,C.dd_1),inducedMap(E_1,E_2,C.dd_2)})

o12 = image | 1 | <-- image | 1 0 | <-- image 0
                            | 0 0 |      
      0                                 2
                      1

o12 : Complex

i13 : d = map(C,D,apply(spots C, i-> inducedMap(C_i,D_i,id_C _i)))

           1
o13 = 0 : R  <--------- image | 1 | : 0
                | 1 |

           2
      1 : R  <----------- image | 1 0 | : 1
                | 1 0 |         | 0 0 |
                | 0 0 |

           1
      2 : R  <--------- image | 1 | : 2
                | 1 |

o13 : ComplexMap

i14 : e = map(C,E,apply(spots C, i->inducedMap(C_i,E_i, id_C _i)))

           1
o14 = 0 : R  <--------- image | 1 | : 0
                | 1 |

           2
      1 : R  <----------- image | 1 0 | : 1
                | 1 0 |         | 0 0 |
                | 0 0 |

o14 : ComplexMap

i15 : isWellDefined d

o15 = true

i16 : isWellDefined e

o16 = true

i17 : K = filteredComplex({d,e})

o17 = -1 : image 0 <-- image 0 <-- image 0
                                    
           0           1           2

      0 : image | 1 | <-- image | 1 0 | <-- image 0
                                | 0 0 |      
          0                                 2
                          1

      1 : image | 1 | <-- image | 1 0 | <-- image | 1 |
                                | 0 0 |      
          0                                 2
                          1

           1      2      1
      2 : R  <-- R  <-- R
                         
          0      1      2

o17 : FilteredComplex

i18 : L = filteredComplex({d,e},Shift =>1)

o18 = -2 : image 0 <-- image 0 <-- image 0
                                    
           0           1           2

      -1 : image | 1 | <-- image | 1 0 | <-- image 0
                                 | 0 0 |      
           0                                 2
                           1

      0 : image | 1 | <-- image | 1 0 | <-- image | 1 |
                                | 0 0 |      
          0                                 2
                          1

           1      2      1
      1 : R  <-- R  <-- R
                         
          0      1      2

o18 : FilteredComplex

i19 : M = filteredComplex({d,e},Shift =>-1)

o19 = 0 : image 0 <-- image 0 <-- image 0
                                   
          0           1           2

      1 : image | 1 | <-- image | 1 0 | <-- image 0
                                | 0 0 |      
          0                                 2
                          1

      2 : image | 1 | <-- image | 1 0 | <-- image | 1 |
                                | 0 0 |      
          0                                 2
                          1

           1      2      1
      3 : R  <-- R  <-- R
                         
          0      1      2

o19 : FilteredComplex

i20 : 
