-- -*- M2-comint -*- hash: 792145670609946039

i1 : A = QQ[x,y,z,w];

i2 : B = freeResolution monomialCurveIdeal(A, {1,2,3});

i3 : C = freeResolution monomialCurveIdeal(A, {1,3,4});

i4 : F' = Hom(filteredComplex B, C)

o4 = -3 : image 0 <-- image 0 <-- image 0 <-- image 0 <-- image 0 <-- image 0
                                                                       
          -2          -1          0           1           2           3

     -2 : image {-3} | 1 0 | <-- image {-2} | 0 0 0 0 0 0 0 0 0 0 0 | <-- image {0} | 0 0 0 0 0 0 0 0 0 0 0 0 0 0 0 0 0 0 0 0 0 | <-- image {2} | 0 0 0 0 0 0 0 0 0 0 0 0 0 0 0 0 0 0 | <-- image 0 <-- image 0
                {-3} | 0 1 |           {-2} | 0 0 0 0 0 0 0 0 0 0 0 |           {0} | 0 0 0 0 0 0 0 0 0 0 0 0 0 0 0 0 0 0 0 0 0 |           {3} | 0 0 0 0 0 0 0 0 0 0 0 0 0 0 0 0 0 0 |                  
                                       {-2} | 0 0 0 0 0 0 0 0 0 0 0 |           {1} | 0 0 0 0 0 0 0 0 0 0 0 0 0 0 0 0 0 0 0 0 0 |           {3} | 0 0 0 0 0 0 0 0 0 0 0 0 0 0 0 0 0 0 |     2           3
          -2                           {-1} | 0 0 0 1 0 0 0 0 0 0 0 |           {1} | 0 0 0 0 0 0 0 0 0 0 0 0 0 0 0 0 0 0 0 0 0 |           {3} | 0 0 0 0 0 0 0 0 0 0 0 0 0 0 0 0 0 0 |
                                       {0}  | 0 0 0 0 1 0 0 0 0 0 0 |           {1} | 0 0 0 0 0 0 0 0 0 0 0 0 0 0 0 0 0 0 0 0 0 |           {2} | 0 0 0 0 0 0 0 0 0 0 0 0 0 0 0 0 0 0 |
                                       {0}  | 0 0 0 0 0 1 0 0 0 0 0 |           {0} | 0 0 0 0 0 0 0 0 0 0 0 0 0 0 0 0 0 0 0 0 0 |           {2} | 0 0 0 0 0 0 0 0 0 0 0 0 0 0 0 0 0 0 |
                                       {0}  | 0 0 0 0 0 0 1 0 0 0 0 |           {1} | 0 0 0 0 0 0 0 0 0 0 0 0 0 0 0 0 0 0 0 0 0 |           {2} | 0 0 0 0 0 0 0 0 0 0 0 0 0 0 0 0 0 0 |
                                       {-1} | 0 0 0 0 0 0 0 1 0 0 0 |           {1} | 0 0 0 0 0 0 0 0 0 0 0 0 0 0 0 0 0 0 0 0 0 |           {2} | 0 0 0 0 0 0 0 0 0 0 0 0 0 0 0 0 0 0 |
                                       {0}  | 0 0 0 0 0 0 0 0 1 0 0 |           {1} | 0 0 0 0 0 0 0 0 0 0 0 0 0 0 0 0 0 0 0 0 0 |           {2} | 0 0 0 0 0 0 0 0 0 0 0 0 0 0 0 0 0 0 |
                                       {0}  | 0 0 0 0 0 0 0 0 0 1 0 |           {0} | 0 0 0 0 0 0 0 0 0 0 0 0 0 0 0 0 0 0 0 0 0 |           {2} | 0 0 0 0 0 0 0 0 0 0 0 0 0 0 0 0 0 0 |
                                       {0}  | 0 0 0 0 0 0 0 0 0 0 1 |           {1} | 0 0 0 0 0 0 0 0 0 0 0 0 0 0 0 0 0 0 0 0 0 |           {2} | 0 0 0 0 0 0 0 0 0 0 0 0 0 0 0 0 0 0 |
                                                                                {1} | 0 0 0 0 0 0 0 0 0 0 0 0 0 0 0 0 0 0 0 0 0 |           {2} | 0 0 0 0 0 0 0 0 0 0 0 0 0 0 0 0 0 0 |
                                 -1                                             {1} | 0 0 0 0 0 0 0 0 0 0 0 0 0 0 0 0 0 0 0 0 0 |           {2} | 0 0 0 0 0 0 0 0 0 0 0 0 0 0 0 0 0 0 |
                                                                                {1} | 0 0 0 0 0 0 0 0 0 0 0 0 0 1 0 0 0 0 0 0 0 |           {2} | 0 0 0 0 0 0 0 0 0 0 0 0 0 0 0 0 0 0 |
                                                                                {1} | 0 0 0 0 0 0 0 0 0 0 0 0 0 0 1 0 0 0 0 0 0 |           {2} | 0 0 0 0 0 0 0 0 0 0 0 0 0 0 0 0 0 0 |
                                                                                {1} | 0 0 0 0 0 0 0 0 0 0 0 0 0 0 0 1 0 0 0 0 0 |           {2} | 0 0 0 0 0 0 0 0 0 0 0 0 0 0 0 0 0 0 |
                                                                                {1} | 0 0 0 0 0 0 0 0 0 0 0 0 0 0 0 0 1 0 0 0 0 |           {2} | 0 0 0 0 0 0 0 0 0 0 0 0 0 0 0 0 1 0 |
                                                                                {1} | 0 0 0 0 0 0 0 0 0 0 0 0 0 0 0 0 0 1 0 0 0 |           {2} | 0 0 0 0 0 0 0 0 0 0 0 0 0 0 0 0 0 1 |
                                                                                {1} | 0 0 0 0 0 0 0 0 0 0 0 0 0 0 0 0 0 0 1 0 0 |      
                                                                                {1} | 0 0 0 0 0 0 0 0 0 0 0 0 0 0 0 0 0 0 0 1 0 |     1
                                                                                {1} | 0 0 0 0 0 0 0 0 0 0 0 0 0 0 0 0 0 0 0 0 1 |
                                                                           
                                                                          0

     -1 : image {-3} | 1 0 | <-- image {-2} | 1 0 0 0 0 0 0 0 0 0 0 | <-- image {0} | 0 0 0 0 0 0 0 0 0 0 0 0 0 0 0 0 0 0 0 0 0 | <-- image {2} | 0 0 0 0 0 0 0 0 0 0 0 0 0 0 0 0 0 0 | <-- image {4} | 0 0 0 0 0 0 0 | <-- image 0
                {-3} | 0 1 |           {-2} | 0 1 0 0 0 0 0 0 0 0 0 |           {0} | 0 1 0 0 0 0 0 0 0 0 0 0 0 0 0 0 0 0 0 0 0 |           {3} | 0 0 0 0 0 0 0 0 0 0 0 0 0 0 0 0 0 0 |           {4} | 0 0 0 0 0 0 0 |      
                                       {-2} | 0 0 1 0 0 0 0 0 0 0 0 |           {1} | 0 0 1 0 0 0 0 0 0 0 0 0 0 0 0 0 0 0 0 0 0 |           {3} | 0 0 0 0 0 0 0 0 0 0 0 0 0 0 0 0 0 0 |           {4} | 0 0 0 0 0 0 0 |     3
          -2                           {-1} | 0 0 0 1 0 0 0 0 0 0 0 |           {1} | 0 0 0 1 0 0 0 0 0 0 0 0 0 0 0 0 0 0 0 0 0 |           {3} | 0 0 0 0 0 0 0 0 0 0 0 0 0 0 0 0 0 0 |           {4} | 0 0 0 0 0 0 0 |
                                       {0}  | 0 0 0 0 1 0 0 0 0 0 0 |           {1} | 0 0 0 0 1 0 0 0 0 0 0 0 0 0 0 0 0 0 0 0 0 |           {2} | 0 0 0 0 1 0 0 0 0 0 0 0 0 0 0 0 0 0 |           {3} | 0 0 0 0 1 0 0 |
                                       {0}  | 0 0 0 0 0 1 0 0 0 0 0 |           {0} | 0 0 0 0 0 1 0 0 0 0 0 0 0 0 0 0 0 0 0 0 0 |           {2} | 0 0 0 0 0 1 0 0 0 0 0 0 0 0 0 0 0 0 |           {3} | 0 0 0 0 0 1 0 |
                                       {0}  | 0 0 0 0 0 0 1 0 0 0 0 |           {1} | 0 0 0 0 0 0 1 0 0 0 0 0 0 0 0 0 0 0 0 0 0 |           {2} | 0 0 0 0 0 0 1 0 0 0 0 0 0 0 0 0 0 0 |           {3} | 0 0 0 0 0 0 1 |
                                       {-1} | 0 0 0 0 0 0 0 1 0 0 0 |           {1} | 0 0 0 0 0 0 0 1 0 0 0 0 0 0 0 0 0 0 0 0 0 |           {2} | 0 0 0 0 0 0 0 1 0 0 0 0 0 0 0 0 0 0 |      
                                       {0}  | 0 0 0 0 0 0 0 0 1 0 0 |           {1} | 0 0 0 0 0 0 0 0 1 0 0 0 0 0 0 0 0 0 0 0 0 |           {2} | 0 0 0 0 0 0 0 0 1 0 0 0 0 0 0 0 0 0 |     2
                                       {0}  | 0 0 0 0 0 0 0 0 0 1 0 |           {0} | 0 0 0 0 0 0 0 0 0 1 0 0 0 0 0 0 0 0 0 0 0 |           {2} | 0 0 0 0 0 0 0 0 0 1 0 0 0 0 0 0 0 0 |
                                       {0}  | 0 0 0 0 0 0 0 0 0 0 1 |           {1} | 0 0 0 0 0 0 0 0 0 0 1 0 0 0 0 0 0 0 0 0 0 |           {2} | 0 0 0 0 0 0 0 0 0 0 1 0 0 0 0 0 0 0 |
                                                                                {1} | 0 0 0 0 0 0 0 0 0 0 0 1 0 0 0 0 0 0 0 0 0 |           {2} | 0 0 0 0 0 0 0 0 0 0 0 1 0 0 0 0 0 0 |
                                 -1                                             {1} | 0 0 0 0 0 0 0 0 0 0 0 0 1 0 0 0 0 0 0 0 0 |           {2} | 0 0 0 0 0 0 0 0 0 0 0 0 1 0 0 0 0 0 |
                                                                                {1} | 0 0 0 0 0 0 0 0 0 0 0 0 0 1 0 0 0 0 0 0 0 |           {2} | 0 0 0 0 0 0 0 0 0 0 0 0 0 1 0 0 0 0 |
                                                                                {1} | 0 0 0 0 0 0 0 0 0 0 0 0 0 0 1 0 0 0 0 0 0 |           {2} | 0 0 0 0 0 0 0 0 0 0 0 0 0 0 1 0 0 0 |
                                                                                {1} | 0 0 0 0 0 0 0 0 0 0 0 0 0 0 0 1 0 0 0 0 0 |           {2} | 0 0 0 0 0 0 0 0 0 0 0 0 0 0 0 1 0 0 |
                                                                                {1} | 0 0 0 0 0 0 0 0 0 0 0 0 0 0 0 0 1 0 0 0 0 |           {2} | 0 0 0 0 0 0 0 0 0 0 0 0 0 0 0 0 1 0 |
                                                                                {1} | 0 0 0 0 0 0 0 0 0 0 0 0 0 0 0 0 0 1 0 0 0 |           {2} | 0 0 0 0 0 0 0 0 0 0 0 0 0 0 0 0 0 1 |
                                                                                {1} | 0 0 0 0 0 0 0 0 0 0 0 0 0 0 0 0 0 0 1 0 0 |      
                                                                                {1} | 0 0 0 0 0 0 0 0 0 0 0 0 0 0 0 0 0 0 0 1 0 |     1
                                                                                {1} | 0 0 0 0 0 0 0 0 0 0 0 0 0 0 0 0 0 0 0 0 1 |
                                                                           
                                                                          0

          2      11      21      18      7      1
     0 : A  <-- A   <-- A   <-- A   <-- A  <-- A
                                                
         -2     -1      0       1       2      3

o4 : FilteredComplex

i5 : F'' = Hom(B,filteredComplex C)

o5 = -1 : image 0 <-- image 0 <-- image 0 <-- image 0 <-- image 0 <-- image 0
                                                                       
          -2          -1          0           1           2           3

     0 : image {-3} | 1 0 | <-- image {-2} | 1 0 0 0 0 0 0 0 0 0 0 | <-- image {0} | 1 0 0 0 0 0 0 0 0 0 0 0 0 0 0 0 0 0 0 0 0 | <-- image 0 <-- image 0 <-- image 0
               {-3} | 0 1 |           {-2} | 0 1 0 0 0 0 0 0 0 0 0 |           {0} | 0 0 0 0 0 0 0 0 0 0 0 0 0 0 0 0 0 0 0 0 0 |                              
                                      {-2} | 0 0 1 0 0 0 0 0 0 0 0 |           {1} | 0 0 0 0 0 0 0 0 0 0 0 0 0 0 0 0 0 0 0 0 0 |     1           2           3
         -2                           {-1} | 0 0 0 0 0 0 0 0 0 0 0 |           {1} | 0 0 0 0 0 0 0 0 0 0 0 0 0 0 0 0 0 0 0 0 0 |
                                      {0}  | 0 0 0 0 0 0 0 0 0 0 0 |           {1} | 0 0 0 0 0 0 0 0 0 0 0 0 0 0 0 0 0 0 0 0 0 |
                                      {0}  | 0 0 0 0 0 0 0 0 0 0 0 |           {0} | 0 0 0 0 0 0 0 0 0 0 0 0 0 0 0 0 0 0 0 0 0 |
                                      {0}  | 0 0 0 0 0 0 0 0 0 0 0 |           {1} | 0 0 0 0 0 0 0 0 0 0 0 0 0 0 0 0 0 0 0 0 0 |
                                      {-1} | 0 0 0 0 0 0 0 0 0 0 0 |           {1} | 0 0 0 0 0 0 0 0 0 0 0 0 0 0 0 0 0 0 0 0 0 |
                                      {0}  | 0 0 0 0 0 0 0 0 0 0 0 |           {1} | 0 0 0 0 0 0 0 0 0 0 0 0 0 0 0 0 0 0 0 0 0 |
                                      {0}  | 0 0 0 0 0 0 0 0 0 0 0 |           {0} | 0 0 0 0 0 0 0 0 0 0 0 0 0 0 0 0 0 0 0 0 0 |
                                      {0}  | 0 0 0 0 0 0 0 0 0 0 0 |           {1} | 0 0 0 0 0 0 0 0 0 0 0 0 0 0 0 0 0 0 0 0 0 |
                                                                               {1} | 0 0 0 0 0 0 0 0 0 0 0 0 0 0 0 0 0 0 0 0 0 |
                                -1                                             {1} | 0 0 0 0 0 0 0 0 0 0 0 0 0 0 0 0 0 0 0 0 0 |
                                                                               {1} | 0 0 0 0 0 0 0 0 0 0 0 0 0 0 0 0 0 0 0 0 0 |
                                                                               {1} | 0 0 0 0 0 0 0 0 0 0 0 0 0 0 0 0 0 0 0 0 0 |
                                                                               {1} | 0 0 0 0 0 0 0 0 0 0 0 0 0 0 0 0 0 0 0 0 0 |
                                                                               {1} | 0 0 0 0 0 0 0 0 0 0 0 0 0 0 0 0 0 0 0 0 0 |
                                                                               {1} | 0 0 0 0 0 0 0 0 0 0 0 0 0 0 0 0 0 0 0 0 0 |
                                                                               {1} | 0 0 0 0 0 0 0 0 0 0 0 0 0 0 0 0 0 0 0 0 0 |
                                                                               {1} | 0 0 0 0 0 0 0 0 0 0 0 0 0 0 0 0 0 0 0 0 0 |
                                                                               {1} | 0 0 0 0 0 0 0 0 0 0 0 0 0 0 0 0 0 0 0 0 0 |
                                                                          
                                                                         0

     1 : image {-3} | 1 0 | <-- image {-2} | 1 0 0 0 0 0 0 0 0 0 0 | <-- image {0} | 1 0 0 0 0 0 0 0 0 0 0 0 0 0 0 0 0 0 0 0 0 | <-- image {2} | 1 0 0 0 0 0 0 0 0 0 0 0 0 0 0 0 0 0 | <-- image 0 <-- image 0
               {-3} | 0 1 |           {-2} | 0 1 0 0 0 0 0 0 0 0 0 |           {0} | 0 1 0 0 0 0 0 0 0 0 0 0 0 0 0 0 0 0 0 0 0 |           {3} | 0 1 0 0 0 0 0 0 0 0 0 0 0 0 0 0 0 0 |                  
                                      {-2} | 0 0 1 0 0 0 0 0 0 0 0 |           {1} | 0 0 1 0 0 0 0 0 0 0 0 0 0 0 0 0 0 0 0 0 0 |           {3} | 0 0 1 0 0 0 0 0 0 0 0 0 0 0 0 0 0 0 |     2           3
         -2                           {-1} | 0 0 0 1 0 0 0 0 0 0 0 |           {1} | 0 0 0 1 0 0 0 0 0 0 0 0 0 0 0 0 0 0 0 0 0 |           {3} | 0 0 0 1 0 0 0 0 0 0 0 0 0 0 0 0 0 0 |
                                      {0}  | 0 0 0 0 1 0 0 0 0 0 0 |           {1} | 0 0 0 0 1 0 0 0 0 0 0 0 0 0 0 0 0 0 0 0 0 |           {2} | 0 0 0 0 0 0 0 0 0 0 0 0 0 0 0 0 0 0 |
                                      {0}  | 0 0 0 0 0 1 0 0 0 0 0 |           {0} | 0 0 0 0 0 1 0 0 0 0 0 0 0 0 0 0 0 0 0 0 0 |           {2} | 0 0 0 0 0 0 0 0 0 0 0 0 0 0 0 0 0 0 |
                                      {0}  | 0 0 0 0 0 0 1 0 0 0 0 |           {1} | 0 0 0 0 0 0 1 0 0 0 0 0 0 0 0 0 0 0 0 0 0 |           {2} | 0 0 0 0 0 0 0 0 0 0 0 0 0 0 0 0 0 0 |
                                      {-1} | 0 0 0 0 0 0 0 1 0 0 0 |           {1} | 0 0 0 0 0 0 0 1 0 0 0 0 0 0 0 0 0 0 0 0 0 |           {2} | 0 0 0 0 0 0 0 0 0 0 0 0 0 0 0 0 0 0 |
                                      {0}  | 0 0 0 0 0 0 0 0 1 0 0 |           {1} | 0 0 0 0 0 0 0 0 1 0 0 0 0 0 0 0 0 0 0 0 0 |           {2} | 0 0 0 0 0 0 0 0 0 0 0 0 0 0 0 0 0 0 |
                                      {0}  | 0 0 0 0 0 0 0 0 0 1 0 |           {0} | 0 0 0 0 0 0 0 0 0 1 0 0 0 0 0 0 0 0 0 0 0 |           {2} | 0 0 0 0 0 0 0 0 0 0 0 0 0 0 0 0 0 0 |
                                      {0}  | 0 0 0 0 0 0 0 0 0 0 1 |           {1} | 0 0 0 0 0 0 0 0 0 0 1 0 0 0 0 0 0 0 0 0 0 |           {2} | 0 0 0 0 0 0 0 0 0 0 0 0 0 0 0 0 0 0 |
                                                                               {1} | 0 0 0 0 0 0 0 0 0 0 0 1 0 0 0 0 0 0 0 0 0 |           {2} | 0 0 0 0 0 0 0 0 0 0 0 0 0 0 0 0 0 0 |
                                -1                                             {1} | 0 0 0 0 0 0 0 0 0 0 0 0 1 0 0 0 0 0 0 0 0 |           {2} | 0 0 0 0 0 0 0 0 0 0 0 0 0 0 0 0 0 0 |
                                                                               {1} | 0 0 0 0 0 0 0 0 0 0 0 0 0 0 0 0 0 0 0 0 0 |           {2} | 0 0 0 0 0 0 0 0 0 0 0 0 0 0 0 0 0 0 |
                                                                               {1} | 0 0 0 0 0 0 0 0 0 0 0 0 0 0 0 0 0 0 0 0 0 |           {2} | 0 0 0 0 0 0 0 0 0 0 0 0 0 0 0 0 0 0 |
                                                                               {1} | 0 0 0 0 0 0 0 0 0 0 0 0 0 0 0 0 0 0 0 0 0 |           {2} | 0 0 0 0 0 0 0 0 0 0 0 0 0 0 0 0 0 0 |
                                                                               {1} | 0 0 0 0 0 0 0 0 0 0 0 0 0 0 0 0 0 0 0 0 0 |           {2} | 0 0 0 0 0 0 0 0 0 0 0 0 0 0 0 0 0 0 |
                                                                               {1} | 0 0 0 0 0 0 0 0 0 0 0 0 0 0 0 0 0 0 0 0 0 |           {2} | 0 0 0 0 0 0 0 0 0 0 0 0 0 0 0 0 0 0 |
                                                                               {1} | 0 0 0 0 0 0 0 0 0 0 0 0 0 0 0 0 0 0 0 0 0 |      
                                                                               {1} | 0 0 0 0 0 0 0 0 0 0 0 0 0 0 0 0 0 0 0 0 0 |     1
                                                                               {1} | 0 0 0 0 0 0 0 0 0 0 0 0 0 0 0 0 0 0 0 0 0 |
                                                                          
                                                                         0

     2 : image {-3} | 1 0 | <-- image {-2} | 1 0 0 0 0 0 0 0 0 0 0 | <-- image {0} | 1 0 0 0 0 0 0 0 0 0 0 0 0 0 0 0 0 0 0 0 0 | <-- image {2} | 1 0 0 0 0 0 0 0 0 0 0 0 0 0 0 0 0 0 | <-- image {4} | 1 0 0 0 0 0 0 | <-- image 0
               {-3} | 0 1 |           {-2} | 0 1 0 0 0 0 0 0 0 0 0 |           {0} | 0 1 0 0 0 0 0 0 0 0 0 0 0 0 0 0 0 0 0 0 0 |           {3} | 0 1 0 0 0 0 0 0 0 0 0 0 0 0 0 0 0 0 |           {4} | 0 1 0 0 0 0 0 |      
                                      {-2} | 0 0 1 0 0 0 0 0 0 0 0 |           {1} | 0 0 1 0 0 0 0 0 0 0 0 0 0 0 0 0 0 0 0 0 0 |           {3} | 0 0 1 0 0 0 0 0 0 0 0 0 0 0 0 0 0 0 |           {4} | 0 0 1 0 0 0 0 |     3
         -2                           {-1} | 0 0 0 1 0 0 0 0 0 0 0 |           {1} | 0 0 0 1 0 0 0 0 0 0 0 0 0 0 0 0 0 0 0 0 0 |           {3} | 0 0 0 1 0 0 0 0 0 0 0 0 0 0 0 0 0 0 |           {4} | 0 0 0 1 0 0 0 |
                                      {0}  | 0 0 0 0 1 0 0 0 0 0 0 |           {1} | 0 0 0 0 1 0 0 0 0 0 0 0 0 0 0 0 0 0 0 0 0 |           {2} | 0 0 0 0 1 0 0 0 0 0 0 0 0 0 0 0 0 0 |           {3} | 0 0 0 0 0 0 0 |
                                      {0}  | 0 0 0 0 0 1 0 0 0 0 0 |           {0} | 0 0 0 0 0 1 0 0 0 0 0 0 0 0 0 0 0 0 0 0 0 |           {2} | 0 0 0 0 0 1 0 0 0 0 0 0 0 0 0 0 0 0 |           {3} | 0 0 0 0 0 0 0 |
                                      {0}  | 0 0 0 0 0 0 1 0 0 0 0 |           {1} | 0 0 0 0 0 0 1 0 0 0 0 0 0 0 0 0 0 0 0 0 0 |           {2} | 0 0 0 0 0 0 1 0 0 0 0 0 0 0 0 0 0 0 |           {3} | 0 0 0 0 0 0 0 |
                                      {-1} | 0 0 0 0 0 0 0 1 0 0 0 |           {1} | 0 0 0 0 0 0 0 1 0 0 0 0 0 0 0 0 0 0 0 0 0 |           {2} | 0 0 0 0 0 0 0 1 0 0 0 0 0 0 0 0 0 0 |      
                                      {0}  | 0 0 0 0 0 0 0 0 1 0 0 |           {1} | 0 0 0 0 0 0 0 0 1 0 0 0 0 0 0 0 0 0 0 0 0 |           {2} | 0 0 0 0 0 0 0 0 1 0 0 0 0 0 0 0 0 0 |     2
                                      {0}  | 0 0 0 0 0 0 0 0 0 1 0 |           {0} | 0 0 0 0 0 0 0 0 0 1 0 0 0 0 0 0 0 0 0 0 0 |           {2} | 0 0 0 0 0 0 0 0 0 1 0 0 0 0 0 0 0 0 |
                                      {0}  | 0 0 0 0 0 0 0 0 0 0 1 |           {1} | 0 0 0 0 0 0 0 0 0 0 1 0 0 0 0 0 0 0 0 0 0 |           {2} | 0 0 0 0 0 0 0 0 0 0 1 0 0 0 0 0 0 0 |
                                                                               {1} | 0 0 0 0 0 0 0 0 0 0 0 1 0 0 0 0 0 0 0 0 0 |           {2} | 0 0 0 0 0 0 0 0 0 0 0 1 0 0 0 0 0 0 |
                                -1                                             {1} | 0 0 0 0 0 0 0 0 0 0 0 0 1 0 0 0 0 0 0 0 0 |           {2} | 0 0 0 0 0 0 0 0 0 0 0 0 1 0 0 0 0 0 |
                                                                               {1} | 0 0 0 0 0 0 0 0 0 0 0 0 0 1 0 0 0 0 0 0 0 |           {2} | 0 0 0 0 0 0 0 0 0 0 0 0 0 1 0 0 0 0 |
                                                                               {1} | 0 0 0 0 0 0 0 0 0 0 0 0 0 0 1 0 0 0 0 0 0 |           {2} | 0 0 0 0 0 0 0 0 0 0 0 0 0 0 1 0 0 0 |
                                                                               {1} | 0 0 0 0 0 0 0 0 0 0 0 0 0 0 0 1 0 0 0 0 0 |           {2} | 0 0 0 0 0 0 0 0 0 0 0 0 0 0 0 1 0 0 |
                                                                               {1} | 0 0 0 0 0 0 0 0 0 0 0 0 0 0 0 0 1 0 0 0 0 |           {2} | 0 0 0 0 0 0 0 0 0 0 0 0 0 0 0 0 0 0 |
                                                                               {1} | 0 0 0 0 0 0 0 0 0 0 0 0 0 0 0 0 0 1 0 0 0 |           {2} | 0 0 0 0 0 0 0 0 0 0 0 0 0 0 0 0 0 0 |
                                                                               {1} | 0 0 0 0 0 0 0 0 0 0 0 0 0 0 0 0 0 0 1 0 0 |      
                                                                               {1} | 0 0 0 0 0 0 0 0 0 0 0 0 0 0 0 0 0 0 0 1 0 |     1
                                                                               {1} | 0 0 0 0 0 0 0 0 0 0 0 0 0 0 0 0 0 0 0 0 1 |
                                                                          
                                                                         0

          2      11      21      18      7      1
     3 : A  <-- A   <-- A   <-- A   <-- A  <-- A
                                                
         -2     -1      0       1       2      3

o5 : FilteredComplex

i6 : 
