-- -*- M2-comint -*- hash: 6913060866986891838

i1 : A = QQ[a,b,c,d];

i2 : D = simplicialComplex {a*d*c, a*b, a*c, b*c};

i3 : F2D = D;

i4 : F1D = simplicialComplex {a*c, d};

i5 : F0D = simplicialComplex {a,d};

i6 : K = filteredComplex({F2D, F1D, F0D},ReducedHomology => false);

i7 : C = K_infinity;

i8 : prune HH C

       1       1
o8 = QQ  <-- QQ
              
     0       1

o8 : Complex

i9 : E = spectralSequence(K);

i10 : e = prune E;

i11 : E^2

      +------------------------------------------------+------------------------------------------------------------------+---------------------------------------+
o11 = |subquotient (| 1 0 1  0 0 0 0 |, | 1  0 0 0 0 |)|subquotient (| 0  |, | 0  |)                                      |image 0                                |
      |             | 0 0 0  0 0 0 0 |  | 0  0 0 0 0 | |             | -1 |  | -1 |                                       |                                       |
      |             | 0 0 -1 0 0 0 0 |  | -1 0 0 0 0 | |             | 1  |  | 1  |                                       |{2, 0}                                 |
      |             | 0 1 0  0 0 0 0 |  | 0  0 0 0 0 | |             | 0  |  | 0  |                                       |                                       |
      |                                                |             | -1 |  | -1 |                                       |                                       |
      |{0, 0}                                          |                                                                  |                                       |
      |                                                |{1, 0}                                                            |                                       |
      +------------------------------------------------+------------------------------------------------------------------+---------------------------------------+
      |0                                               |subquotient (| 1 0 0 1  1  1  0  0  1 0 |, | 1  1  1  0  0  1 0 |)|subquotient (| 0 1  0 0  0 |, | 0  0 |)|
      |                                                |             | 0 0 0 -1 0  0  1  0  0 0 |  | -1 0  0  1  0  0 0 | |             | 0 -1 1 -1 1 |  | -1 1 | |
      |{0, -1}                                         |             | 0 1 0 0  -1 0  -1 1  0 0 |  | 0  -1 0  -1 1  0 0 | |             | 1 0  0 1  0 |  | 1  0 | |
      |                                                |             | 0 0 1 0  0  -1 0  -1 0 1 |  | 0  0  -1 0  -1 0 1 | |             | 0 1  0 0  0 |  | 0  0 | |
      |                                                |                                                                  |             | 0 0  1 -1 0 |  | -1 0 | |
      |                                                |{1, -1}                                                           |                                       |
      |                                                |                                                                  |{2, -1}                                |
      +------------------------------------------------+------------------------------------------------------------------+---------------------------------------+

o11 : SpectralSequencePage

i12 : e^2

      +-------+-------+-------+
      |  2    |       |       |
o12 = |QQ     |0      |0      |
      |       |       |       |
      |{0, 0} |{1, 0} |{2, 0} |
      +-------+-------+-------+
      |       |       |  2    |
      |0      |0      |QQ     |
      |       |       |       |
      |{0, -1}|{1, -1}|{2, -1}|
      +-------+-------+-------+

o12 : SpectralSequencePage

i13 : edgeComplex E

o13 = subquotient (| 1 0 0 1  1  1  0  0  1 0 |, | 1  1  1  0  0  1 0 |) <-- cokernel | 1  1  1  0  0  | <-- subquotient (| 1 0 1  0 0 0 0 |, | 1  0 0 0 0 |) <-- subquotient (| 0 1  0 0  0 |, | 0  0 |) <-- subquotient (| 1  0  |, | 0  |)
                   | 0 0 0 -1 0  0  1  0  0 0 |  | -1 0  0  1  0  0 0 |               | -1 0  0  1  0  |                  | 0 0 0  0 0 0 0 |  | 0  0 0 0 0 |                   | 0 -1 1 -1 1 |  | -1 1 |                   | -1 1  |  | -1 |
                   | 0 1 0 0  -1 0  -1 1  0 0 |  | 0  -1 0  -1 1  0 0 |               | 0  -1 0  -1 1  |                  | 0 0 -1 0 0 0 0 |  | -1 0 0 0 0 |                   | 1 0  0 1  0 |  | 1  0 |                   | 0  -1 |  | 1  |
                   | 0 0 1 0  0  -1 0  -1 0 1 |  | 0  0  -1 0  -1 0 1 |               | 0  0  -1 0  -1 |                  | 0 1 0  0 0 0 0 |  | 0  0 0 0 0 |                   | 0 1  0 0  0 |  | 0  0 |                   | 1  0  |  | 0  |
                                                                                                                                                                               | 0 0  1 -1 0 |  | -1 0 |                   | 0  1  |  | -1 |
      0                                                                      1                               2                                                                                                 
                                                                                                                                                                  3                                           4

o13 : Complex

i14 : prune edgeComplex E

        1       2       2       1
o14 = QQ  <-- QQ  <-- QQ  <-- QQ
                               
      1       2       3       4

o14 : Complex

i15 : prune HH edgeComplex E

o15 = 0
       
      0

o15 : Complex

i16 : 
