-- -*- M2-comint -*- hash: 14319106937853624615

i1 : B = QQ[a..d];

i2 : C = (koszulComplex vars B)[2]

      1      4      6      4      1
o2 = B  <-- B  <-- B  <-- B  <-- B
                                  
     -2     -1     0      1      2

o2 : Complex

i3 : naiveTruncation(C, 10)

o3 = 0
      
     0

o3 : Complex

i4 : naiveTruncation(C, 2)

      6      4      1
o4 = B  <-- B  <-- B
                    
     0      1      2

o4 : Complex

i5 : naiveTruncation(C, 1)

      4      6      4      1
o5 = B  <-- B  <-- B  <-- B
                           
     -1     0      1      2

o5 : Complex

i6 : naiveTruncation(C, 0)

      1      4      6      4      1
o6 = B  <-- B  <-- B  <-- B  <-- B
                                  
     -2     -1     0      1      2

o6 : Complex

i7 : naiveTruncation(C,-1)

      1      4      6      4
o7 = B  <-- B  <-- B  <-- B
                           
     -2     -1     0      1

o7 : Complex

i8 : naiveTruncation(C,-2)

      1      4      6
o8 = B  <-- B  <-- B
                    
     -2     -1     0

o8 : Complex

i9 : naiveTruncation(C,-10)

o9 = 0
      
     0

o9 : Complex

i10 : 
