-- -*- M2-comint -*- hash: 13392622920348803583

i1 : P112 = ccRefinement transpose matrix {{1,0},{0,1},{-1,-2}};

i2 : D = {1,0,0};

i3 : L = toricVectorBundle(1, P112, toList(3: matrix{{1_QQ}}), apply( D, i-> matrix{{-i}}));

i4 : details L

o4 = HashTable{| -1 | => (| 1 |, | -1 |)}
               | -2 |
               | 0 | => (| 1 |, 0)
               | 1 |
               | 1 | => (| 1 |, 0)
               | 0 |

o4 : HashTable

i5 : cI = cartierInd L

o5 = 2

i6 : isLocallyFree L

o6 = false

i7 : L2 = toricVectorBundle(1, P112, toList(3: matrix{{1_QQ}}), apply( cI*D, i-> matrix{{-i}}));

i8 : isLocallyFree L2

o8 = true

i9 : 
