-- -*- M2-comint -*- hash: 17473590857072640045

i1 : A3 = fan coneFromVData matrix {{1,0,0},{0,1,0},{0,0,1}};

i2 : filtMat = apply( { {{1,0,0},{0,1,0},{0,0,1}}, {{0,1,0},{1,0,0},{0,0,1}}, {{1,1,0},{1,0,0},{0,0,1}} }, matrix);

i3 : filtStep = apply( { {{0,1,1}}, {{0,1,1}}, {{0,1,1}} }, matrix);

i4 : E = toricVectorBundle (3,A3,filtMat,filtStep);

i5 : details E

o5 = HashTable{| 0 | => (| 1 0 0 |, | 0 1 1 |)}
               | 0 |     | 0 1 0 |
               | 1 |     | 0 0 1 |
               | 0 | => (| 0 1 0 |, | 0 1 1 |)
               | 1 |     | 1 0 0 |
               | 0 |     | 0 0 1 |
               | 1 | => (| 1 1 0 |, | 0 1 1 |)
               | 0 |     | 1 0 0 |
               | 0 |     | 0 0 1 |

o5 : HashTable

i6 : isLocallyWeil E

o6 = false

i7 : compatibleBases E

o7 = HashTable{| 1 0 0 | => | 0 1 0 1 |}
               | 0 1 0 |    | 0 0 1 1 |
               | 0 0 1 |    | 1 0 0 0 |

o7 : HashTable

i8 : 
