-- -*- M2-comint -*- hash: 3697870343679522409

i1 : E = tangentBundle(projectiveSpaceFan 2)

o1 = {dimension of the variety => 2 }
      number of affine charts => 3
      number of rays => 3
      rank of the vector bundle => 2

o1 : ToricVectorBundleKlyachko

i2 : restrictToInvCurves E

o2 = HashTable{| -1 | => {2, 1}}
               | -1 |
               | 0 | => {1, 2}
               | 1 |
               | 1 | => {2, 1}
               | 0 |

o2 : HashTable

i3 : isNef E

o3 = true

i4 : isAmple E

o4 = true

i5 : 
