-- -*- M2-comint -*- hash: 18073124022909910453

i1 : T = tangentBundle projectiveSpaceFan 2

o1 = {dimension of the variety => 2 }
      number of affine charts => 3
      number of rays => 3
      rank of the vector bundle => 2

o1 : ToricVectorBundleKlyachko

i2 : E = T ** (dual T)

o2 = {dimension of the variety => 2 }
      number of affine charts => 3
      number of rays => 3
      rank of the vector bundle => 4

o2 : ToricVectorBundleKlyachko

i3 : details E

o3 = HashTable{| -1 | => (| 0 1  0 1  |, | 0 -1 1 0 |)}
               | -1 |     | 1 -1 1 -1 |
                          | 0 1  0 0  |
                          | 1 -1 0 0  |
               | 0 | => (| 0 0 0 1 |, | 0 -1 1 0 |)
               | 1 |     | 0 0 1 0 |
                         | 0 1 0 0 |
                         | 1 0 0 0 |
               | 1 | => (| 1 0 0 0 |, | 0 -1 1 0 |)
               | 0 |     | 0 1 0 0 |
                         | 0 0 1 0 |
                         | 0 0 0 1 |

o3 : HashTable

i4 : toricChernCharacter E

o4 = HashTable{| -1 0 | => {| 2  |, | -1 |, | -1 |, | 2  |}}
               | -1 1 |     | -1 |  | 1  |  | 0  |  | -1 |
               | 1 -1 | => {| -1 |, | 1  |, | 0  |, | -1 |}
               | 0 -1 |     | 2  |  | -1 |  | -1 |  | 2  |
               | 1 0 | => {| -1 |, | 0 |, | 1 |, | -1 |}
               | 0 1 |     | -1 |  | 1 |  | 0 |  | -1 |

o4 : HashTable

i5 : F = wellformedBundleFiltrations E

o5 = {dimension of the variety => 2 }
      number of affine charts => 3
      number of rays => 3
      rank of the vector bundle => 4

o5 : ToricVectorBundleKlyachko

i6 : details F

o6 = HashTable{| -1 | => (| 1  0 1  0 |, | -1 0 0 1 |)}
               | -1 |     | -1 1 -1 1 |
                          | 1  0 0  0 |
                          | -1 1 0  0 |
               | 0 | => (| 0 0 1 0 |, | -1 0 0 1 |)
               | 1 |     | 0 0 0 1 |
                         | 1 0 0 0 |
                         | 0 1 0 0 |
               | 1 | => (| 0 1 0 0 |, | -1 0 0 1 |)
               | 0 |     | 1 0 0 0 |
                         | 0 0 0 1 |
                         | 0 0 1 0 |

o6 : HashTable

i7 : toricChernCharacter F

o7 = HashTable{| -1 0 | => {0, | 0 |, | 0  |, 0}}
               | -1 1 |        | 1 |  | -1 |
               | 1 -1 | => {0, | 1 |, | -1 |, 0}
               | 0 -1 |        | 0 |  | 0  |
               | 1 0 | => {0, | -1 |, | 1  |, 0}
               | 0 1 |        | 1  |  | -1 |

o7 : HashTable

i8 : 
