-- -*- M2-comint -*- hash: 12540897778194080941

i1 : makeWA(QQ[x,y])

o1 = QQ[x..y, dx, dy]

o1 : PolynomialRing, 2 differential variable(s)

i2 : A = matrix{{2*x^2+1,y*dy},{9*x*dx, x*y*dx^2}}

o2 = | 2x2+1 ydy    |
     | 9xdx  xydx^2 |

                              2                       2
o2 : Matrix (QQ[x..y, dx, dy])  <-- (QQ[x..y, dx, dy])

i3 : Fourier A

o3 = | 2dx^2+1 -ydy-1      |
     | -9xdx-9 x2dxdy+2xdy |

                              2                       2
o3 : Matrix (QQ[x..y, dx, dy])  <-- (QQ[x..y, dx, dy])

i4 : L = x^2*dy + y*dy^2 + 3*dx^5*dy

        5      2         2
o4 = 3dx dy + x dy + y*dy

o4 : QQ[x..y, dx, dy]

i5 : Fourier L

       5        2    2
o5 = 3x y + y*dx  - y dy - 2y

o5 : QQ[x..y, dx, dy]

i6 : I = ideal(8*x*y*dy^3+y^5, dx^7+5)

             5          3    7
o6 = ideal (y  + 8x*y*dy , dx  + 5)

o6 : Ideal of QQ[x..y, dx, dy]

i7 : Fourier I

              3          5      2     7
o7 = ideal (8y dx*dy - dy  + 24y dx, x  + 5)

o7 : Ideal of QQ[x..y, dx, dy]

i8 : 
