-- -*- M2-comint -*- hash: 5823860633861935504

i1 : R = QQ[x,y,z];

i2 : M = matrix {{x,y,z}};

             1      3
o2 : Matrix R  <-- R

i3 : C = janetResolution M

      1      3      3      1
o3 = R  <-- R  <-- R  <-- R  <-- 0
                                  
     0      1      2      3      4

o3 : Complex

i4 : janetBasis(C, 2)

     +------+---------+
o4 = || -y ||{z, y, x}|
     ||  x ||         |
     ||  0 ||         |
     +------+---------+
     || -z ||{z, y, x}|
     ||  0 ||         |
     ||  x ||         |
     +------+---------+
     ||  0 ||{z, y}   |
     || -z ||         |
     ||  y ||         |
     +------+---------+

o4 : InvolutiveBasis

i5 : multVar(C, 2)

o5 = {set {z, y, x}, set {z, y, x}, set {z, y}}

o5 : List

i6 : R = QQ[x,y,z];

i7 : I = ideal(x,y,z);

o7 : Ideal of R

i8 : freeResolution(I, Strategy => Involutive)

      1      3      3      1
o8 = R  <-- R  <-- R  <-- R  <-- 0
                                  
     0      1      2      3      4

o8 : Complex

i9 : 
