-- -*- M2-comint -*- hash: 5844574857235044421

i1 : R = QQ[x,y,z]

o1 = R

o1 : PolynomialRing

i2 : I = ideal(x, y, z)

o2 = ideal (x, y, z)

o2 : Ideal of R

i3 : msolveGB(I, Verbosity => 2, Threads => 6) 
 -- running: /usr/bin/msolve -g 2 -t 6 -v 2 -f /tmp/M2-59812-0/0-in.ms -o /tmp/M2-59812-0/0-out.ms

--------------- INPUT DATA ---------------
#variables                       3
#equations                       3
#invalid equations               0
field characteristic             0
homogeneous input?               1
signature-based computation      0
monomial order                 DRL
basis hash table resetting     OFF
linear algebra option            2
initial hash table size     131072 (2^17)
max pair selection             ALL
reduce gb                        1
#threads                         6
info level                       2
generate pbm files               0
------------------------------------------
Initial prime = 1081963529

Legend for f4 information
--------------------------------------------------------
deg       current degree of pairs selected in this round
sel       number of pairs selected in this round
pairs     total number of pairs in pair list
mat       matrix dimensions (# rows x # columns)
density   density of the matrix
new data  # new elements for basis in this round
          # zero reductions during linear algebra
time(rd)  time of the current f4 round in seconds given
          for real and cpu time
--------------------------------------------------------

deg     sel   pairs        mat          density            new data         time(rd) in sec (real|cpu)
------------------------------------------------------------------------------------------------------
------------------------------------------------------------------------------------------------------
reduce final basis        3 x 3          33.33%        3 new       0 zero         0.00 | 0.00         
------------------------------------------------------------------------------------------------------

---------------- TIMINGS ----------------
overall(elapsed)        0.00 sec
overall(cpu)            0.00 sec
select                  0.00 sec   0.0%
symbolic prep.          0.00 sec   0.0%
update                  0.00 sec  83.3%
convert                 0.00 sec  12.5%
linear algebra          0.00 sec   0.2%
reduce gb               0.00 sec   0.0%
-----------------------------------------

---------- COMPUTATIONAL DATA -----------
size of basis                     3
#terms in basis                   3
#pairs reduced                    0
#GM criterion                     3
#redundant elements               0
#rows reduced                     3
#zero reductions                  0
max. matrix data                  3 x 3 (33.333%)
max. symbolic hash table size  2^11
max. basis hash table size     2^16
-----------------------------------------


---------- COMPUTATIONAL DATA -----------
[3]
#polynomials to lift              3
-----------------------------------------
New prime = 1140616117

---------------- TIMINGS ----------------
multi-mod overall(elapsed)      0.00 sec
learning phase                  0.00 Gops/sec
application phase               0.00 Gops/sec
-----------------------------------------

multi-modular steps
------------------------------------------------------------------------------------------------------
{1}{2}<100.00%> 
------------------------------------------------------------------------------------------------------


---------- COMPUTATIONAL DATA -----------
Max coeff. bitsize                1
#primes                           3
#bad primes                       0
-----------------------------------------

---------------- TIMINGS ----------------
CRT     (elapsed)               0.00 sec
ratrecon(elapsed)               0.00 sec
-----------------------------------------


------------------------------------------------------------------------------------
msolve overall time           0.02 sec (elapsed) /  0.01 sec (cpu)
------------------------------------------------------------------------------------

o3 = | z y x |

             1      3
o3 : Matrix R  <-- R

i4 : 
