-- -*- M2-comint -*- hash: 7709023735587881395

i1 : R = QQ[x,y]

o1 = R

o1 : PolynomialRing

i2 : I = ideal {(x-1)*x, y^2-5}

             2       2
o2 = ideal (x  - x, y  - 5)

o2 : Ideal of R

i3 : rationalIntervalSols = msolveRealSolutions I

        18446744073709551615  18446744073709551617    20624086856177974293 
o3 = {{{--------------------, --------------------}, {--------------------,
        18446744073709551616  18446744073709551616     9223372036854775808 
     ------------------------------------------------------------------------
     20624086856177974295                      2006703563               
     --------------------}}, {{- --------------------------------------,
      9223372036854775808        42535295865117307932921825928971026432 
     ------------------------------------------------------------------------
                   11938980589                  41248173712355948587 
     ---------------------------------------}, {--------------------,
     340282366920938463463374607431768211456    18446744073709551616 
     ------------------------------------------------------------------------
     10312043428088987147      18446744073709551615  18446744073709551617  
     --------------------}}, {{--------------------, --------------------},
      4611686018427387904      18446744073709551616  18446744073709551616  
     ------------------------------------------------------------------------
        10312043428088987147    41248173712355948587       
     {- --------------------, - --------------------}}, {{-
         4611686018427387904    18446744073709551616       
     ------------------------------------------------------------------------
               1609631842585563245           
     ---------------------------------------,
     340282366920938463463374607431768211456 
     ------------------------------------------------------------------------
               2196656601096771077                20624086856177974295   
     ---------------------------------------}, {- --------------------, -
     170141183460469231731687303715884105728       9223372036854775808   
     ------------------------------------------------------------------------
     20624086856177974293
     --------------------}}}
      9223372036854775808

o3 : List

i4 : rationalApproxSols = msolveRealSolutions(I, QQ)

          10312043428088987147                     4114647915               
o4 = {{1, --------------------}, {- ---------------------------------------,
           4611686018427387904      680564733841876926926749214863536422912 
     ------------------------------------------------------------------------
     82496347424711897175         82496347424711897175  
     --------------------}, {1, - --------------------},
     36893488147419103232         36893488147419103232  
     ------------------------------------------------------------------------
                2783681359607978909              10312043428088987147
     {---------------------------------------, - --------------------}}
      680564733841876926926749214863536422912     4611686018427387904

o4 : List

i5 : floatIntervalSols = msolveRealSolutions(I, RRi)

o5 = {{[1,1], [2.23607,2.23607]}, {[-4.71774e-29,3.50855e-29],
     ------------------------------------------------------------------------
     [2.23607,2.23607]}, {[1,1], [-2.23607,-2.23607]},
     ------------------------------------------------------------------------
     {[-4.73028e-21,1.29108e-20], [-2.23607,-2.23607]}}

o5 : List

i6 : floatIntervalSols = msolveRealSolutions(I, RRi_10)

o6 = {{[.999999,1], [2.23607,2.23607]}, {[-1.4743e-7,2.41046e-7],
     ------------------------------------------------------------------------
     [2.23607,2.23607]}, {[.999999,1], [-2.23607,-2.23606]},
     ------------------------------------------------------------------------
     {[-1.12332e-8,8.16453e-9], [-2.23607,-2.23607]}}

o6 : List

i7 : floatApproxSols = msolveRealSolutions(I, RR)

o7 = {{1, 2.23607}, {-6.04593e-30, 2.23607}, {1, -2.23607}, {4.09025e-21,
     ------------------------------------------------------------------------
     -2.23607}}

o7 : List

i8 : floatApproxSols = msolveRealSolutions(I, RR_10)

o8 = {{1, 2.23607}, {4.68081e-8, 2.23607}, {1, -2.23607}, {-1.53432e-9,
     ------------------------------------------------------------------------
     -2.23607}}

o8 : List

i9 : I = ideal {(x-1)*x^3, (y^2-5)^2}

             4    3   4      2
o9 = ideal (x  - x , y  - 10y  + 25)

o9 : Ideal of R

i10 : floatApproxSols = msolveRealSolutions(I, RRi)

o10 = {{[1,1], [2.23607,2.23607]}, {[-4.71774e-29,3.50855e-29],
      -----------------------------------------------------------------------
      [2.23607,2.23607]}, {[1,1], [-2.23607,-2.23607]},
      -----------------------------------------------------------------------
      {[-4.73028e-21,1.29108e-20], [-2.23607,-2.23607]}}

o10 : List

i11 : 
