-- -*- M2-comint -*- hash: 5594489616513100400

i1 : R=ZZ/1073741827[z_1..z_3]

o1 = R

o1 : PolynomialRing

i2 : I=ideal(z_1*(z_2^2-17*z_1-z_3^3),z_1*z_2)

                 3      2      2
o2 = ideal (- z z  + z z  - 17z , z z )
               1 3    1 2      1   1 2

o2 : Ideal of R

i3 : satMsolve=ideal msolveSaturate(I,z_1)

                 3
o3 = ideal (z , z  + 17z )
             2   3      1

o3 : Ideal of R

i4 : satM2=saturate(I,z_1)

                 3
o4 = ideal (z , z  + 17z )
             2   3      1

o4 : Ideal of R

i5 : 
