-- -*- M2-comint -*- hash: 2241341660257781335

i1 : randomUnipotent 5

o1 = | 1 9/2 9/4 3/4  7/4  |
     | 0 1   7/9 7/10 7/10 |
     | 0 0   1   7/3  7    |
     | 0 0   0   1    3/7  |
     | 0 0   0   0    1    |

              5       5
o1 : Matrix QQ  <-- QQ

i2 : randomUnipotent(3, CC)

o2 = | 1 .424521+.641878ii .267055+.0430999ii |
     | 0 1                 .500492+.387244ii  |
     | 0 0                 1                  |

                3         3
o2 : Matrix CC    <-- CC
              53        53

i3 : randomUnipotent(3, RR[x,y])

o3 = | 1 .98071 .65684  |
     | 0 1      .215998 |
     | 0 0      1       |

                        3                 3
o3 : Matrix (RR  [x..y])  <-- (RR  [x..y])
               53                53

i4 : 
