-- -*- M2-comint -*- hash: 9418424534852280723

i1 : A = zeroTensor {2,2};

i2 : B = zeroTensor {2,2};

i3 : A#{0,0} = 3;  A#{0,1} = 0;  A#{1,0} = 0;  A#{1,1} = 2;

i7 : B#{0,0} = 2;  B#{0,1} = 0;  B#{1,0} = 0;  B#{1,1} = 3;

i11 : X = {randomTensor {2,2,2}, randomTensor {2,2,2}, randomTensor {2,2,2}}

o11 = {Tensor{...11...}, Tensor{...11...}, Tensor{...11...}}

o11 : List

i12 : randomGame {2,2,2}

o12 = {Tensor{...11...}, Tensor{...11...}, Tensor{...11...}}

o12 : List

i13 : NR = nashEquilibriumRing X;

i14 : I = nashEquilibriumIdeal(NR,X)

               67                  1                 31                
o14 = ideal (- --p      p       - --p      p       - --p      p       +
               18 {1, 0} {2, 0}   20 {1, 1} {2, 0}   20 {1, 0} {2, 1}  
      -----------------------------------------------------------------------
       7                  43                 19                 39           
      --p      p      , - --p      p       - --p      p       + --p      p   
      12 {1, 1} {2, 1}     7 {0, 0} {2, 0}   20 {0, 1} {2, 0}    7 {0, 0} {2,
      -----------------------------------------------------------------------
           13                  35                  1                 17    
         + --p      p      , - --p      p       - --p      p       - --p   
      1}   63 {0, 1} {2, 1}     9 {0, 0} {1, 0}   24 {0, 1} {1, 0}    2 {0,
      -----------------------------------------------------------------------
                  23
        p       - --p      p      , p       + p       - 1, p       + p      
      0} {1, 1}    5 {0, 1} {1, 1}   {0, 0}    {0, 1}       {1, 0}    {1, 1}
      -----------------------------------------------------------------------
      - 1, p       + p       - 1)
            {2, 0}    {2, 1}

o14 : Ideal of NR

i15 : dim I

o15 = 0

i16 : degree I

o16 = 2

i17 : D = deltaList {2,2,2}

o17 = {Polyhedron{...1...}, Polyhedron{...1...}, Polyhedron{...1...}}

o17 : List

i18 : mixedVolume D

o18 = 2

o18 : QQ

i19 : blockDerangements {2,2,2}

o19 = {{set {(2, 0)}, set {(0, 0)}, set {(1, 0)}}, {set {(1, 0)}, set {(2,
      -----------------------------------------------------------------------
      0)}, set {(0, 0)}}}

o19 : List

i20 : numberTMNE {2,2,2}

o20 = 2

i21 : CE1 = correlatedEquilibria {A, B}

o21 = CE1

o21 : Polyhedron

i22 : dim CE1

o22 = 3

i23 : vertices CE1

o23 = | 1 0 2/7 3/8 6/25 |
      | 0 0 3/7 0   9/25 |
      | 0 0 0   1/4 4/25 |
      | 0 1 2/7 3/8 6/25 |

               4       5
o23 : Matrix QQ  <-- QQ

i24 : facets CE1

o24 = (| 0  -1 0  0  |, 0)
       | -3 2  0  0  |
       | 0  0  -1 0  |
       | -2 0  3  0  |
       | 0  2  0  -3 |
       | 0  0  3  -2 |

o24 : Sequence

i25 : CE2 = correlatedEquilibria randomGame{2,2,2}

o25 = CE2

o25 : Polyhedron

i26 : dim CE2

o26 = 7

i27 : PR = probabilityRing {2,2,2};

i28 : X = randomGame {2,2,2};

i29 : spohnMatrices(PR,X)

o29 = {| p_{0, 0, 0}+p_{0, 0, 1}+p_{0, 1, 0}+p_{0, 1, 1} 5/3p_{0, 0,
       | p_{1, 0, 0}+p_{1, 0, 1}+p_{1, 1, 0}+p_{1, 1, 1} 6/5p_{1, 0,
      -----------------------------------------------------------------------
      0}+3p_{0, 0, 1}+8/7p_{0, 1, 0}+6/5p_{0, 1, 1}  |, | p_{0, 0, 0}+p_{0,
      0}+6/7p_{1, 0, 1}+6p_{1, 1, 0}+3/10p_{1, 1, 1} |  | p_{0, 1, 0}+p_{0,
      -----------------------------------------------------------------------
      0, 1}+p_{1, 0, 0}+p_{1, 0, 1}
      1, 1}+p_{1, 1, 0}+p_{1, 1, 1}
      -----------------------------------------------------------------------
      9/4p_{0, 0, 0}+1/3p_{0, 0, 1}+1/2p_{1, 0, 0}+1/3p_{1, 0, 1}  |, | p_{0,
      3/10p_{0, 1, 0}+3/8p_{0, 1, 1}+1/2p_{1, 1, 0}+8/7p_{1, 1, 1} |  | p_{0,
      -----------------------------------------------------------------------
      0, 0}+p_{0, 1, 0}+p_{1, 0, 0}+p_{1, 1, 0} 5/7p_{0, 0,
      0, 1}+p_{0, 1, 1}+p_{1, 0, 1}+p_{1, 1, 1} 3/2p_{0, 0,
      -----------------------------------------------------------------------
      0}+7p_{0, 1, 0}+6/5p_{1, 0, 0}+1/5p_{1, 1, 0}   |}
      1}+5/3p_{0, 1, 1}+3/2p_{1, 0, 1}+5/4p_{1, 1, 1} |

o29 : List

i30 : spohnIdeal(PR,X);

o30 : Ideal of PR

i31 : konstanzMatrix(PR,X)

o31 = | k_0-5/3 k_0-3   k_0-8/7  k_0-6/5 0       0       0       0        |
      | 0       0       0        0       k_0-6/5 k_0-6/7 k_0-6   k_0-3/10 |
      | k_1-9/4 k_1-1/3 0        0       k_1-1/2 k_1-1/3 0       0        |
      | 0       0       k_1-3/10 k_1-3/8 0       0       k_1-1/2 k_1-8/7  |
      | k_2-5/7 0       k_2-7    0       k_2-6/5 0       k_2-1/5 0        |
      | 0       k_2-3/2 0        k_2-5/3 0       k_2-3/2 0       k_2-5/4  |

                         6                 8
o31 : Matrix (PR[k ..k ])  <-- (PR[k ..k ])
                  0   2             0   2

i32 : G1 = graph ({}, Singletons => {1,2,3});

i33 : G2 = graph ({{1,2}}, Singletons => {3});

i34 : I1 = spohnCI(PR,X,G1);

o34 : Ideal of PR

i35 : I2 = spohnCI(PR,X,G2);

o35 : Ideal of PR

i36 : J = probabilitySumIdeal(PR)

o36 = ideal(p          + p          + p          + p          + p          +
             {0, 0, 0}    {0, 0, 1}    {0, 1, 0}    {0, 1, 1}    {1, 0, 0}  
      -----------------------------------------------------------------------
      p          + p          + p          - 1)
       {1, 0, 1}    {1, 1, 0}    {1, 1, 1}

o36 : Ideal of PR

i37 : J1 = I1 + J;

o37 : Ideal of PR

i38 : J2 = I2 + J;

o38 : Ideal of PR

i39 : 
