-- -*- M2-comint -*- hash: 18362331091783447220

i1 : D = {3,3,3};

i2 : BD = blockDerangements D;

i3 : netList BD

     +--------------------+--------------------+--------------------+
o3 = |set {(2, 1), (1, 1)}|set {(0, 1), (2, 0)}|set {(0, 0), (1, 0)}|
     +--------------------+--------------------+--------------------+
     |set {(1, 0), (1, 1)}|set {(2, 1), (2, 0)}|set {(0, 0), (0, 1)}|
     +--------------------+--------------------+--------------------+
     |set {(2, 1), (1, 0)}|set {(0, 0), (2, 0)}|set {(0, 1), (1, 1)}|
     +--------------------+--------------------+--------------------+
     |set {(2, 0), (1, 1)}|set {(2, 1), (0, 0)}|set {(1, 0), (0, 1)}|
     +--------------------+--------------------+--------------------+
     |set {(2, 1), (1, 0)}|set {(0, 1), (2, 0)}|set {(0, 0), (1, 1)}|
     +--------------------+--------------------+--------------------+
     |set {(2, 0), (1, 1)}|set {(2, 1), (0, 1)}|set {(0, 0), (1, 0)}|
     +--------------------+--------------------+--------------------+
     |set {(2, 1), (2, 0)}|set {(0, 0), (0, 1)}|set {(1, 0), (1, 1)}|
     +--------------------+--------------------+--------------------+
     |set {(1, 0), (2, 0)}|set {(2, 1), (0, 0)}|set {(0, 1), (1, 1)}|
     +--------------------+--------------------+--------------------+
     |set {(2, 1), (1, 1)}|set {(0, 0), (2, 0)}|set {(1, 0), (0, 1)}|
     +--------------------+--------------------+--------------------+
     |set {(1, 0), (2, 0)}|set {(2, 1), (0, 1)}|set {(0, 0), (1, 1)}|
     +--------------------+--------------------+--------------------+

i4 : 
