-- -*- M2-comint -*- hash: 17459702472108727523

i1 : FF = ZZ/32003;

i2 : d = {2,3,2};

i3 : PR = probabilityRing (d, CoefficientRing => FF);

i4 : G = graph ({}, Singletons => {1,2,3});

i5 : I = ciIdeal (PR, G)

o5 = ideal (- p         p          + p         p         , - p         p   
               {0, 0, 1} {1, 0, 0}    {0, 0, 0} {1, 0, 1}     {0, 1, 0} {1,
     ------------------------------------------------------------------------
           + p         p         , - p         p          + p         p      
     0, 0}    {0, 0, 0} {1, 1, 0}     {0, 1, 0} {1, 0, 1}    {0, 0, 1} {1, 1,
     ------------------------------------------------------------------------
       , - p         p          + p         p         , - p         p      
     0}     {0, 1, 1} {1, 0, 0}    {0, 0, 0} {1, 1, 1}     {0, 1, 1} {1, 0,
     ------------------------------------------------------------------------
        + p         p         , - p         p          + p         p      
     1}    {0, 0, 1} {1, 1, 1}     {0, 1, 1} {1, 1, 0}    {0, 1, 0} {1, 1,
     ------------------------------------------------------------------------
       , - p         p          + p         p         , - p         p      
     1}     {0, 2, 0} {1, 0, 0}    {0, 0, 0} {1, 2, 0}     {0, 2, 0} {1, 0,
     ------------------------------------------------------------------------
        + p         p         , - p         p          + p         p      
     1}    {0, 0, 1} {1, 2, 0}     {0, 2, 0} {1, 1, 0}    {0, 1, 0} {1, 2,
     ------------------------------------------------------------------------
       , - p         p          + p         p         , - p         p      
     0}     {0, 2, 0} {1, 1, 1}    {0, 1, 1} {1, 2, 0}     {0, 2, 1} {1, 0,
     ------------------------------------------------------------------------
        + p         p         , - p         p          + p         p      
     0}    {0, 0, 0} {1, 2, 1}     {0, 2, 1} {1, 0, 1}    {0, 0, 1} {1, 2,
     ------------------------------------------------------------------------
       , - p         p          + p         p         , - p         p      
     1}     {0, 2, 1} {1, 1, 0}    {0, 1, 0} {1, 2, 1}     {0, 2, 1} {1, 1,
     ------------------------------------------------------------------------
        + p         p         , - p         p          + p         p      
     1}    {0, 1, 1} {1, 2, 1}     {0, 2, 1} {1, 2, 0}    {0, 2, 0} {1, 2,
     ------------------------------------------------------------------------
       , - p         p          + p         p         , - p         p      
     1}     {0, 0, 1} {0, 1, 0}    {0, 0, 0} {0, 1, 1}     {0, 1, 0} {1, 0,
     ------------------------------------------------------------------------
        + p         p         , - p         p          + p         p      
     0}    {0, 0, 0} {1, 1, 0}     {0, 1, 1} {1, 0, 0}    {0, 0, 1} {1, 1,
     ------------------------------------------------------------------------
       , - p         p          + p         p         , - p         p      
     0}     {0, 1, 0} {1, 0, 1}    {0, 0, 0} {1, 1, 1}     {0, 1, 1} {1, 0,
     ------------------------------------------------------------------------
        + p         p         , - p         p          + p         p      
     1}    {0, 0, 1} {1, 1, 1}     {1, 0, 1} {1, 1, 0}    {1, 0, 0} {1, 1,
     ------------------------------------------------------------------------
       , - p         p          + p         p         , - p         p      
     1}     {0, 0, 1} {0, 2, 0}    {0, 0, 0} {0, 2, 1}     {0, 2, 0} {1, 0,
     ------------------------------------------------------------------------
        + p         p         , - p         p          + p         p      
     0}    {0, 0, 0} {1, 2, 0}     {0, 2, 1} {1, 0, 0}    {0, 0, 1} {1, 2,
     ------------------------------------------------------------------------
       , - p         p          + p         p         , - p         p      
     0}     {0, 2, 0} {1, 0, 1}    {0, 0, 0} {1, 2, 1}     {0, 2, 1} {1, 0,
     ------------------------------------------------------------------------
        + p         p         , - p         p          + p         p      
     1}    {0, 0, 1} {1, 2, 1}     {1, 0, 1} {1, 2, 0}    {1, 0, 0} {1, 2,
     ------------------------------------------------------------------------
       , - p         p          + p         p         , - p         p      
     1}     {0, 1, 1} {0, 2, 0}    {0, 1, 0} {0, 2, 1}     {0, 2, 0} {1, 1,
     ------------------------------------------------------------------------
        + p         p         , - p         p          + p         p      
     0}    {0, 1, 0} {1, 2, 0}     {0, 2, 1} {1, 1, 0}    {0, 1, 1} {1, 2,
     ------------------------------------------------------------------------
       , - p         p          + p         p         , - p         p      
     0}     {0, 2, 0} {1, 1, 1}    {0, 1, 0} {1, 2, 1}     {0, 2, 1} {1, 1,
     ------------------------------------------------------------------------
        + p         p         , - p         p          + p         p      
     1}    {0, 1, 1} {1, 2, 1}     {1, 1, 1} {1, 2, 0}    {1, 1, 0} {1, 2,
     ------------------------------------------------------------------------
       , - p         p          + p         p         , - p         p      
     1}     {0, 0, 1} {0, 1, 0}    {0, 0, 0} {0, 1, 1}     {0, 0, 1} {0, 2,
     ------------------------------------------------------------------------
        + p         p         , - p         p          + p         p      
     0}    {0, 0, 0} {0, 2, 1}     {0, 1, 1} {0, 2, 0}    {0, 1, 0} {0, 2,
     ------------------------------------------------------------------------
       , - p         p          + p         p         , - p         p      
     1}     {0, 0, 1} {1, 0, 0}    {0, 0, 0} {1, 0, 1}     {0, 1, 1} {1, 0,
     ------------------------------------------------------------------------
        + p         p         , - p         p          + p         p      
     0}    {0, 1, 0} {1, 0, 1}     {0, 2, 1} {1, 0, 0}    {0, 2, 0} {1, 0,
     ------------------------------------------------------------------------
       , - p         p          + p         p         , - p         p      
     1}     {0, 0, 1} {1, 1, 0}    {0, 0, 0} {1, 1, 1}     {0, 1, 1} {1, 1,
     ------------------------------------------------------------------------
        + p         p         , - p         p          + p         p      
     0}    {0, 1, 0} {1, 1, 1}     {0, 2, 1} {1, 1, 0}    {0, 2, 0} {1, 1,
     ------------------------------------------------------------------------
       , - p         p          + p         p         , - p         p      
     1}     {1, 0, 1} {1, 1, 0}    {1, 0, 0} {1, 1, 1}     {0, 0, 1} {1, 2,
     ------------------------------------------------------------------------
        + p         p         , - p         p          + p         p      
     0}    {0, 0, 0} {1, 2, 1}     {0, 1, 1} {1, 2, 0}    {0, 1, 0} {1, 2,
     ------------------------------------------------------------------------
       , - p         p          + p         p         , - p         p      
     1}     {0, 2, 1} {1, 2, 0}    {0, 2, 0} {1, 2, 1}     {1, 0, 1} {1, 2,
     ------------------------------------------------------------------------
        + p         p         , - p         p          + p         p      
     0}    {1, 0, 0} {1, 2, 1}     {1, 1, 1} {1, 2, 0}    {1, 1, 0} {1, 2,
     ------------------------------------------------------------------------
       )
     1}

o5 : Ideal of PR

i6 : FF = ZZ/32003

o6 = FF

o6 : QuotientRing

i7 : d = {2,3,2};

i8 : PR = probabilityRing (d, CoefficientRing => FF);

i9 : G = graph {{John,Matthew},{Matthew,Sarah}};

i10 : I = ciIdeal (PR, G, {John,Matthew,Sarah})

o10 = ideal (- p         p          + p         p         , - p         p   
                {0, 0, 1} {1, 0, 0}    {0, 0, 0} {1, 0, 1}     {0, 1, 1} {1,
      -----------------------------------------------------------------------
            + p         p         , - p         p          + p         p   
      1, 0}    {0, 1, 0} {1, 1, 1}     {0, 2, 1} {1, 2, 0}    {0, 2, 0} {1,
      -----------------------------------------------------------------------
           )
      2, 1}

o10 : Ideal of PR

i11 : FF = ZZ/32003

o11 = FF

o11 : QuotientRing

i12 : d = {2,3,2};

i13 : PR = probabilityRing (d, CoefficientRing => FF);

i14 : G = graph {{1,2},{2,3}};

i15 : L = {{{1},{3},{2}}}

o15 = {{{1}, {3}, {2}}}

o15 : List

i16 : I1 = ciIdeal (PR,G)

o16 = ideal (- p         p          + p         p         , - p         p   
                {0, 0, 1} {1, 0, 0}    {0, 0, 0} {1, 0, 1}     {0, 1, 1} {1,
      -----------------------------------------------------------------------
            + p         p         , - p         p          + p         p   
      1, 0}    {0, 1, 0} {1, 1, 1}     {0, 2, 1} {1, 2, 0}    {0, 2, 0} {1,
      -----------------------------------------------------------------------
           )
      2, 1}

o16 : Ideal of PR

i17 : I2 = ciIdeal (PR,L)

o17 = ideal (- p         p          + p         p         , - p         p   
                {0, 0, 1} {1, 0, 0}    {0, 0, 0} {1, 0, 1}     {0, 1, 1} {1,
      -----------------------------------------------------------------------
            + p         p         , - p         p          + p         p   
      1, 0}    {0, 1, 0} {1, 1, 1}     {0, 2, 1} {1, 2, 0}    {0, 2, 0} {1,
      -----------------------------------------------------------------------
           )
      2, 1}

o17 : Ideal of PR

i18 : I1 == I2

o18 = true

i19 : 
