-- -*- M2-comint -*- hash: 5106584277803892609

i1 : Di = {2,2,3};

i2 : PR = probabilityRing(Di);

i3 : X = randomGame(Di);

i4 : K = konstanzMatrix(PR,X)

o4 = | k_0-9/2 k_0-9/4 k_0-3/4  k_0-7/4 k_0-7/9 k_0-7/10 0        0       
     | 0       0       0        0       0       0        k_0-7/10 k_0-7/3 
     | k_1-5/4 k_1-2/9 k_1-3/10 0       0       0        k_1-10   k_1-3/2 
     | 0       0       0        k_1-3/7 k_1-5   k_1-10/9 0        0       
     | k_2-5/3 0       0        k_2-6/5 0       0        k_2-5/3  0       
     | 0       k_2-7/2 0        0       k_2-5/7 0        0        k_2-1/10
     | 0       0       k_2-2/5  0       0       k_2-5/9  0        0       
     ------------------------------------------------------------------------
     0       0       0        0       |
     k_0-7   k_0-3/7 k_0-6/7  k_0-6   |
     k_1-7/8 0       0        0       |
     0       k_1-5/6 k_1-5    k_1-2/5 |
     0       k_2-3/7 0        0       |
     0       0       k_2-9/10 0       |
     k_2-4/3 0       0        k_2-4/7 |

                        7                 12
o4 : Matrix (PR[k ..k ])  <-- (PR[k ..k ])
                 0   2             0   2

i5 : Di = {2,2};

i6 : PR = probabilityRing(Di);

i7 : X = randomGame(Di);

i8 : K = konstanzMatrix(PR,X, KonstanzVariableName => "z")

o8 = | z_0-5/9 z_0-5/9 0       0       |
     | 0       0       z_0-6/7 z_0-6   |
     | z_1-5/4 0       z_1-8/5 0       |
     | 0       z_1-2/9 0       z_1-9/4 |

                        4                 4
o8 : Matrix (PR[z ..z ])  <-- (PR[z ..z ])
                 0   1             0   1

i9 : 
