-- -*- M2-comint -*- hash: 17196468025606495017

i1 : R = probabilityRing {2,3,4};

i2 : markovR = toMarkovRing R;

i3 : F = mapToMarkovRing R

o3 = map (markovR, R, {q     , q     , q     , q     , q     , q     , q     , q     , q     , q     , q     , q     , q     , q     , q     , q     , q     , q     , q     , q     , q     , q     , q     , q     })
                        1,1,1   1,1,2   1,1,3   1,1,4   1,2,1   1,2,2   1,2,3   1,2,4   1,3,1   1,3,2   1,3,3   1,3,4   2,1,1   2,1,2   2,1,3   2,1,4   2,2,1   2,2,2   2,2,3   2,2,4   2,3,1   2,3,2   2,3,3   2,3,4

o3 : RingMap markovR <-- R

i4 : target F

o4 = markovR

o4 : PolynomialRing

i5 : source F

o5 = R

o5 : PolynomialRing

i6 : isInjective F

o6 = true

i7 : F.matrix

o7 = | q_(1,1,1) q_(1,1,2) q_(1,1,3) q_(1,1,4) q_(1,2,1) q_(1,2,2) q_(1,2,3)
     ------------------------------------------------------------------------
     q_(1,2,4) q_(1,3,1) q_(1,3,2) q_(1,3,3) q_(1,3,4) q_(2,1,1) q_(2,1,2)
     ------------------------------------------------------------------------
     q_(2,1,3) q_(2,1,4) q_(2,2,1) q_(2,2,2) q_(2,2,3) q_(2,2,4) q_(2,3,1)
     ------------------------------------------------------------------------
     q_(2,3,2) q_(2,3,3) q_(2,3,4) |

                   1            24
o7 : Matrix markovR  <-- markovR

i8 : 
