-- -*- M2-comint -*- hash: 17785465277353364065

i1 : tensors = randomGame {2,2,2};

i2 : R = nashEquilibriumRing tensors;

i3 : I = nashEquilibriumIdeal(R, tensors)

              67                  1                 31                  7    
o3 = ideal (- --p      p       - --p      p       - --p      p       + --p   
              18 {1, 0} {2, 0}   20 {1, 1} {2, 0}   20 {1, 0} {2, 1}   12 {1,
     ------------------------------------------------------------------------
                  43                 19                 39                
       p      , - --p      p       - --p      p       + --p      p       +
     1} {2, 1}     7 {0, 0} {2, 0}   20 {0, 1} {2, 0}    7 {0, 0} {2, 1}  
     ------------------------------------------------------------------------
     13                  35                  1                 17           
     --p      p      , - --p      p       - --p      p       - --p      p   
     63 {0, 1} {2, 1}     9 {0, 0} {1, 0}   24 {0, 1} {1, 0}    2 {0, 0} {1,
     ------------------------------------------------------------------------
          23
        - --p      p      , p       + p       - 1, p       + p       - 1,
     1}    5 {0, 1} {1, 1}   {0, 0}    {0, 1}       {1, 0}    {1, 1}     
     ------------------------------------------------------------------------
     p       + p       - 1)
      {2, 0}    {2, 1}

o3 : Ideal of R

i4 : 
