-- -*- M2-comint -*- hash: 17634016967533068193

i1 : Di = {2,3,2};

i2 : PR = probabilityRing Di;

i3 : numgens PR

o3 = 12

i4 : pairs PR#"probabilityVariable"

o4 = {(indexes, {{0, 0, 0}, {0, 0, 1}, {0, 1, 0}, {0, 1, 1}, {0, 2, 0}, {0,
                                                                           
     ------------------------------------------------------------------------
     2, 1}, {1, 0, 0}, {1, 0, 1}, {1, 1, 0}, {1, 1, 1}, {1, 2, 0}, {1, 2,
                                                                         
     ------------------------------------------------------------------------
     1}}), ({1, 1, 0}, p         ), ({1, 1, 1}, p         ), ({1, 0, 0}, p   
                        {1, 1, 0}                {1, 1, 1}                {1,
     ------------------------------------------------------------------------
          ), ({0, 2, 0}, p         ), ({1, 0, 1}, p         ), ({0, 2, 1},
     0, 0}                {0, 2, 0}                {1, 0, 1}              
     ------------------------------------------------------------------------
     p         ), ({0, 1, 0}, p         ), ({0, 1, 1}, p         ), (format,
      {0, 2, 1}                {0, 1, 0}                {0, 1, 1}           
     ------------------------------------------------------------------------
     {2, 3, 2}), ({0, 0, 0}, p         ), ({0, 0, 1}, p         ), ({1, 2,
                              {0, 0, 0}                {0, 0, 1}          
     ------------------------------------------------------------------------
     0}, p         ), ({1, 2, 1}, p         ), (coefficients, PR)}
          {1, 2, 0}                {1, 2, 1}

o4 : List

i5 : PR2 = probabilityRing (Di, CoefficientRing=>RR, ProbabilityVariableName=>"q");

i6 : coefficientRing PR2

o6 = RR
       53

o6 : RealField

i7 : pairs PR2#"probabilityVariable"

o7 = {(indexes, {{0, 0, 0}, {0, 0, 1}, {0, 1, 0}, {0, 1, 1}, {0, 2, 0}, {0,
                                                                           
     ------------------------------------------------------------------------
     2, 1}, {1, 0, 0}, {1, 0, 1}, {1, 1, 0}, {1, 1, 1}, {1, 2, 0}, {1, 2,
                                                                         
     ------------------------------------------------------------------------
     1}}), ({1, 1, 0}, q         ), ({1, 1, 1}, q         ), ({1, 0, 0}, q   
                        {1, 1, 0}                {1, 1, 1}                {1,
     ------------------------------------------------------------------------
          ), ({0, 2, 0}, q         ), ({1, 0, 1}, q         ), ({0, 2, 1},
     0, 0}                {0, 2, 0}                {1, 0, 1}              
     ------------------------------------------------------------------------
     q         ), ({0, 1, 0}, q         ), ({0, 1, 1}, q         ), (format,
      {0, 2, 1}                {0, 1, 0}                {0, 1, 1}           
     ------------------------------------------------------------------------
     {2, 3, 2}), ({0, 0, 0}, q         ), ({0, 0, 1}, q         ), ({1, 2,
                              {0, 0, 0}                {0, 0, 1}          
     ------------------------------------------------------------------------
     0}, q         ), ({1, 2, 1}, q         ), (coefficients, PR2)}
          {1, 2, 0}                {1, 2, 1}

o7 : List

i8 : 
