-- -*- M2-comint -*- hash: 17093868384211083110

i1 : X = randomGame({2,2});

i2 : peek X#0

o2 = Tensor{coefficients => QQ                         }
            format => {2, 2}
            indexes => {{0, 0}, {0, 1}, {1, 0}, {1, 1}}
                      3
            {1, 0} => -
                      4
                      7
            {1, 1} => -
                      4
                      9
            {0, 0} => -
                      2
                      9
            {0, 1} => -
                      4

i3 : peek X#1

o3 = Tensor{coefficients => QQ                         }
            format => {2, 2}
            indexes => {{0, 0}, {0, 1}, {1, 0}, {1, 1}}
                       7
            {0, 1} => --
                      10
                       7
            {1, 0} => --
                      10
                      7
            {0, 0} => -
                      9
                      7
            {1, 1} => -
                      3

i4 : X = randomGame({2,2}, CoefficientRing => ZZ);

i5 : peek X#0

o5 = Tensor{{0, 0} => 6                                }
            {0, 1} => 0
            {1, 0} => 2
            {1, 1} => 6
            coefficients => ZZ
            format => {2, 2}
            indexes => {{0, 0}, {0, 1}, {1, 0}, {1, 1}}

i6 : peek X#1

o6 = Tensor{{0, 0} => 9                                }
            {0, 1} => 3
            {1, 0} => 5
            {1, 1} => 6
            coefficients => ZZ
            format => {2, 2}
            indexes => {{0, 0}, {0, 1}, {1, 0}, {1, 1}}

i7 : 
