-- -*- M2-comint -*- hash: 3790004716922677619

i1 : S = ZZ/101[a,b]

o1 = S

o1 : PolynomialRing

i2 : F = complex{map(S^1,S^{-1},a)}

      1      1
o2 = S  <-- S
             
     0      1

o2 : Complex

i3 : G = complex{map(S^1,S^{-1},b)}[3]

      1      1
o3 = S  <-- S
             
     -3     -2

o3 : Complex

i4 : phi = reverseFactors(F,G)

           1             1
o4 = -3 : S  <--------- S  : -3
                | 1 |

           2                    2
     -2 : S  <---------------- S  : -2
                {1} | 0 -1 |
                {1} | 1 0  |

           1                 1
     -1 : S  <------------- S  : -1
                {2} | 1 |

o4 : ComplexMap

i5 : G**F

      1      2      1
o5 = S  <-- S  <-- S
                    
     -3     -2     -1

o5 : Complex

i6 : F**G

      1      2      1
o6 = S  <-- S  <-- S
                    
     -3     -2     -1

o6 : Complex

i7 : apply(1+length(F**G), i->(
                 (phi_i)*((F**G).dd_(i+1)) ==  ((G**F).dd_(i+1))*phi_(i+1)
                 ))

o7 = {true, true, true}

o7 : List

i8 : apply(length (F**G), i -> (rank phi_i) == rank ((F**G)_i))

o8 = {true, true}

o8 : List

i9 : 
