-- -*- M2-comint -*- hash: 2957686307327617656

i1 : R = MultiProjCoordRing({2,2})

o1 = R

o1 : PolynomialRing

i2 : I=ideal(R_0*R_1*R_3-R_0^2*R_3,random({0,1},R),random({1,2},R));

o2 : Ideal of R

i3 : time CSM(I,Method=>DirectCompletInt)
 -- used 1.40988s (cpu); 1.2076s (thread); 0s (gc)

       2 2     2         2
o3 = 2h h  + 2h h  + 5h h
       1 2     1 2     1 2

     ZZ[h ..h ]
         1   2
o3 : ----------
        3   3
      (h , h )
        1   2

i4 : time CSM(I,Method=>DirectCompletInt,IndsOfSmooth=>{1,2})
 -- used 1.41031s (cpu); 1.22437s (thread); 0s (gc)

       2 2     2         2
o4 = 2h h  + 2h h  + 5h h
       1 2     1 2     1 2

     ZZ[h ..h ]
         1   2
o4 : ----------
        3   3
      (h , h )
        1   2

i5 : 
