-- -*- M2-comint -*- hash: 90541637445314370

i1 : R = ZZ/32749[x_0..x_4];

i2 : I=ideal(random(2,R),random(2,R),random(1,R));

o2 : Ideal of R

i3 : time CSM I
 -- used 0.564168s (cpu); 0.472454s (thread); 0s (gc)

       3
o3 = 4h
       1

     ZZ[h ]
         1
o3 : ------
        5
       h
        1

i4 : time CSM(I,InputIsSmooth=>true)
 -- used 0.042608s (cpu); 0.0424344s (thread); 0s (gc)

       3
o4 = 4h
       1

     ZZ[h ]
         1
o4 : ------
        5
       h
        1

i5 : time Chern I
 -- used 0.0412247s (cpu); 0.0410462s (thread); 0s (gc)

       3
o5 = 4h
       1

     ZZ[h ]
         1
o5 : ------
        5
       h
        1

i6 : 
