-- -*- M2-comint -*- hash: 13778052206149479624

i1 : F = GF(9, Variable => a)

o1 = F

o1 : GaloisField

i2 : Q = cellCollection {{1,1}, {1,2}, {2,1}, {2,2}};

i3 : I = adjacent2MinorIdeal(Q, Field => F, TermOrder => Lex)

o3 = ideal (x   x    - x   x   , x   x    - x   x   , x   x    - x   x   ,
             2,2 1,1    2,1 1,2   2,3 1,2    2,2 1,3   3,2 2,1    3,1 2,2 
     ------------------------------------------------------------------------
     x   x    - x   x   )
      3,3 2,2    3,2 2,3

o3 : Ideal of F[x   , x   , x   , x   , x   , x   , x   , x   , x   ]
                 3,3   3,2   3,1   2,3   2,2   2,1   1,3   1,2   1,1

i4 : F = GF(81,Variable=>a)

o4 = F

o4 : GaloisField

i5 : Q= cellCollection {{1,1},{2,1},{2,2}};

i6 : I = polyoIdeal(Q,Field=> F,RingChoice=>1,TermOrder=> GRevLex)

o6 = ideal (- x   x    + x   x   , - x   x    + x   x   , - x   x    +
               2,1 1,2    2,2 1,1     3,1 1,2    3,2 1,1     3,2 2,3  
     ------------------------------------------------------------------------
     x   x   , - x   x    + x   x   , - x   x    + x   x   )
      3,3 2,2     3,1 2,2    3,2 2,1     3,1 2,3    3,3 2,1

o6 : Ideal of F[x   , x   , x   , x   , x   , x   , x   , x   ]
                 3,3   3,2   3,1   2,3   2,2   2,1   1,2   1,1

i7 : 
