-- -*- M2-comint -*- hash: 7159605909481539961

i1 : Q = cellCollection {{1,1},{2,1},{2,2}};

i2 : I = polyoIdeal(Q);

o2 : Ideal of QQ[x   , x   , x   , x   , x   , x   , x   , x   ]
                  3,3   3,2   3,1   2,3   2,2   2,1   1,2   1,1

i3 : R=ring I;

i4 : describe R

o4 = QQ[x   , x   , x   , x   , x   , x   , x   , x   , Degrees => {8:1}, Heft => {1}, MonomialOrder => {MonomialSize => 32}]
         3,3   3,2   3,1   2,3   2,2   2,1   1,2   1,1                                                  {Lex => 8          }
                                                                                                        {Position => Up    }

i5 : Q = cellCollection {{1,1},{2,1},{2,2}};

i6 : I = polyoIdeal(Q,RingChoice=>1);

o6 : Ideal of QQ[x   , x   , x   , x   , x   , x   , x   , x   ]
                  3,3   3,2   3,1   2,3   2,2   2,1   1,2   1,1

i7 : R=ring I;

i8 : describe R

o8 = QQ[x   , x   , x   , x   , x   , x   , x   , x   , Degrees => {8:1}, Heft => {1}, MonomialOrder => {MonomialSize => 32}]
         3,3   3,2   3,1   2,3   2,2   2,1   1,2   1,1                                                  {Lex => 8          }
                                                                                                        {Position => Up    }

i9 : Q = cellCollection {{1,1},{2,1},{2,2}};

i10 : I = polyoIdeal(Q,RingChoice=>1,TermOrder=> GRevLex);

o10 : Ideal of QQ[x   , x   , x   , x   , x   , x   , x   , x   ]
                   3,3   3,2   3,1   2,3   2,2   2,1   1,2   1,1

i11 : R=ring I;

i12 : describe R

o12 = QQ[x   , x   , x   , x   , x   , x   , x   , x   , Degrees => {8:1}, Heft => {1}]
          3,3   3,2   3,1   2,3   2,2   2,1   1,2   1,1

i13 : Q = cellCollection {{1, 2}, {2, 2}, {1, 3}, {2, 3}, {2, 4}, {3, 2}, {3, 1}};

i14 : I = polyoIdeal(Q,RingChoice=>2);

o14 : Ideal of QQ[x   , x   , x   , x   , x   , x   , x   , x   , x   , x   , x   , x   , x   , x   , x   ]
                   2,5   3,5   1,4   2,4   3,4   4,1   3,1   1,2   2,2   4,2   3,2   1,3   2,3   4,3   3,3

i15 : R=ring I;

i16 : describe R

o16 = QQ[x   , x   , x   , x   , x   , x   , x   , x   , x   , x   , x   , x   , x   , x   , x   , Degrees => {15:1}, Heft => {1}, MonomialOrder => {MonomialSize => 32}, Global => false]
          2,5   3,5   1,4   2,4   3,4   4,1   3,1   1,2   2,2   4,2   3,2   1,3   2,3   4,3   3,3                                                   {RevLex => 15      }
                                                                                                                                                    {Position => Up    }

i17 : Q = cellCollection {{1, 3}, {2, 2}, {2, 3}, {2, 4}, {3, 4}, {3, 3}, {3, 2}, {3, 1}, {3, 5}, {4, 4}, {4, 3}, {5, 4}};

i18 : I = polyoIdeal(Q,RingChoice=>2);

o18 : Ideal of QQ[x   , x   , x   , x   , x   , x   , x   , x   , x   , x   , x   , x   , x   , x   , x   , x   , x   , x   , x   , x   , x   , x   , x   ]
                   3,6   4,6   3,1   4,1   2,2   3,2   4,2   1,3   5,3   2,3   3,3   4,3   6,5   5,5   2,5   3,5   4,5   1,4   6,4   5,4   2,4   3,4   4,4

i19 : In = monomialIdeal(leadTerm(I))

o19 = monomialIdeal (x   x   , x   x   , x   x   , x   x   , x   x   ,
                      4,6 3,1   4,6 3,2   4,1 3,2   3,2 2,3   4,2 2,3 
      -----------------------------------------------------------------------
      x   x   , x   x   , x   x   , x   x   , x   x   , x   x   , x   x   ,
       4,6 3,3   4,1 3,3   4,2 3,3   2,3 5,5   3,3 5,5   4,3 5,5   3,2 2,5 
      -----------------------------------------------------------------------
      x   x   , x   x   , x   x   , x   x   , x   x   , x   x   , x   x   ,
       4,2 2,5   3,3 2,5   4,3 2,5   4,6 3,5   4,1 3,5   4,2 3,5   4,3 3,5 
      -----------------------------------------------------------------------
      x   x   , x   x   , x   x   , x   x   , x   x   , x   x   , x   x   ,
       5,3 1,4   2,3 1,4   3,3 1,4   4,3 1,4   5,5 6,4   2,5 6,4   3,5 6,4 
      -----------------------------------------------------------------------
      x   x   , x   x   , x   x   , x   x   , x   x   , x   x   , x   x   ,
       4,5 6,4   2,3 5,4   3,3 5,4   4,3 5,4   2,5 5,4   3,5 5,4   4,5 5,4 
      -----------------------------------------------------------------------
      x   x   , x   x   , x   x   , x   x   , x   x   , x   x   , x   x   ,
       3,2 2,4   4,2 2,4   3,3 2,4   4,3 2,4   3,5 2,4   4,5 2,4   4,6 3,4 
      -----------------------------------------------------------------------
      x   x   , x   x   , x   x   , x   x   )
       4,1 3,4   4,2 3,4   4,3 3,4   4,5 3,4

o19 : MonomialIdeal of QQ[x   , x   , x   , x   , x   , x   , x   , x   , x   , x   , x   , x   , x   , x   , x   , x   , x   , x   , x   , x   , x   , x   , x   ]
                           3,6   4,6   3,1   4,1   2,2   3,2   4,2   1,3   5,3   2,3   3,3   4,3   6,5   5,5   2,5   3,5   4,5   1,4   6,4   5,4   2,4   3,4   4,4

i20 : 
