-- -*- M2-comint -*- hash: 11076445494910699713

i1 : Q= cellCollection {{1, 1}, {2, 1}, {3, 1}, {3, 2}, {3, 3}, {2, 3}, {1, 3}, {1, 2}};

i2 : J=polyoToric(Q,{{2,2}})

o2 = ideal (- x   x    + x   x   , - x   x    + x   x   , - x   x    +
               2,2 1,1    2,1 1,2     3,2 1,1    3,1 1,2     4,2 1,1  
     ------------------------------------------------------------------------
     x   x   , - x   x    + x   x   , - x   x    + x   x   , - x   x    +
      4,1 1,2     2,3 1,1    2,1 1,3     2,3 1,2    2,2 1,3     2,4 1,1  
     ------------------------------------------------------------------------
     x   x   , - x   x    + x   x   , - x   x    + x   x   , - x   x    +
      2,1 1,4     2,4 1,2    2,2 1,4     2,4 1,3    2,3 1,4     3,4 1,3  
     ------------------------------------------------------------------------
     x   x   , - x   x    + x   x   , - x   x    + x   x   , - x   x    +
      3,3 1,4     4,4 1,3    4,3 1,4     3,2 2,1    3,1 2,2     4,2 2,1  
     ------------------------------------------------------------------------
     x   x   , - x   x    + x   x   , - x   x    + x   x   , - x   x    +
      4,1 2,2     3,4 2,3    3,3 2,4     4,4 2,3    4,3 2,4     4,2 3,1  
     ------------------------------------------------------------------------
     x   x   , - x   x    + x   x   , - x   x    + x   x   , - x   x    +
      4,1 3,2     4,3 3,1    4,1 3,3     4,3 3,2    4,2 3,3     4,4 3,1  
     ------------------------------------------------------------------------
     x   x   , - x   x    + x   x   , - x   x    + x   x   )
      4,1 3,4     4,4 3,2    4,2 3,4     4,4 3,3    4,3 3,4

o2 : Ideal of QQ[x   , x   , x   , x   , x   , x   , x   , x   , x   , x   , x   , x   , x   , x   , x   , x   ]
                  4,4   4,3   4,2   4,1   3,4   3,3   3,2   3,1   2,4   2,3   2,2   2,1   1,4   1,3   1,2   1,1

i3 : Q= cellCollection {{3, 1}, {4, 1}, {5, 1}, {5, 2}, {5, 3}, {5, 4}, {5, 5}, {4, 5}, {3, 2}, {3, 3}, {2, 3}, {1, 3}, {1, 4}, {1, 5}, {2, 5}, {3, 5}};

i4 : I=polyoIdeal(Q);

o4 : Ideal of QQ[x   , x   , x   , x   , x   , x   , x   , x   , x   , x   , x   , x   , x   , x   , x   , x   , x   , x   , x   , x   , x   , x   , x   , x   , x   , x   , x   , x   , x   , x   , x   , x   ]
                  6,6   6,5   6,4   6,3   6,2   6,1   5,6   5,5   5,4   5,3   5,2   5,1   4,6   4,5   4,4   4,3   4,2   4,1   3,6   3,5   3,4   3,3   3,2   3,1   2,6   2,5   2,4   2,3   1,6   1,5   1,4   1,3

i5 : J=polyoToric(Q,{{2,4}});

o5 : Ideal of QQ[x   , x   , x   , x   , x   , x   , x   , x   , x   , x   , x   , x   , x   , x   , x   , x   , x   , x   , x   , x   , x   , x   , x   , x   , x   , x   , x   , x   , x   , x   , x   , x   ]
                  6,6   6,5   6,4   6,3   6,2   6,1   5,6   5,5   5,4   5,3   5,2   5,1   4,6   4,5   4,4   4,3   4,2   4,1   3,6   3,5   3,4   3,3   3,2   3,1   2,6   2,5   2,4   2,3   1,6   1,5   1,4   1,3

i6 : R=ring I

o6 = R

o6 : PolynomialRing

i7 : J=substitute(J,R);

o7 : Ideal of R

i8 : J==I

o8 = true

i9 : Q= cellCollection {{2, 1}, {3, 1}, {2, 2}, {1, 2}, {3, 2}, {2, 3}};

i10 : I=polyoIdeal(Q);

o10 : Ideal of QQ[x   , x   , x   , x   , x   , x   , x   , x   , x   , x   , x   , x   , x   ]
                   4,3   4,2   4,1   3,4   3,3   3,2   3,1   2,4   2,3   2,2   2,1   1,3   1,2

i11 : J=polyoToric(Q,{});

o11 : Ideal of QQ[x   , x   , x   , x   , x   , x   , x   , x   , x   , x   , x   , x   , x   ]
                   4,3   4,2   4,1   3,4   3,3   3,2   3,1   2,4   2,3   2,2   2,1   1,3   1,2

i12 : R=ring I

o12 = R

o12 : PolynomialRing

i13 : J=substitute(J,R);

o13 : Ideal of R

i14 : J==I

o14 = true

i15 : Q= cellCollection {{2, 1}, {3, 2}, {1, 2}, {2, 3}};

i16 : I=polyoIdeal(Q);

o16 : Ideal of QQ[x   , x   , x   , x   , x   , x   , x   , x   , x   , x   , x   , x   ]
                   4,3   4,2   3,4   3,3   3,2   3,1   2,4   2,3   2,2   2,1   1,3   1,2

i17 : J=polyoToric(Q,{{2,2}});

o17 : Ideal of QQ[x   , x   , x   , x   , x   , x   , x   , x   , x   , x   , x   , x   ]
                   4,3   4,2   3,4   3,3   3,2   3,1   2,4   2,3   2,2   2,1   1,3   1,2

i18 : R=ring I

o18 = R

o18 : PolynomialRing

i19 : J=substitute(J,R);

o19 : Ideal of R

i20 : J==I

o20 = false

i21 : select(first entries gens J,f->first degree f>=3)

o21 = {x   x   x    - x   x   x   , x   x   x    - x   x   x   , -
        3,2 2,1 1,3    3,1 2,3 1,2   4,3 3,2 2,4    4,2 3,4 2,3   
      -----------------------------------------------------------------------
      x   x   x   x    + x   x   x   x   }
       4,3 3,1 2,4 1,2    4,2 3,4 2,1 1,3

o21 : List

i22 : 
