-- -*- M2-comint -*- hash: 1731505477798768102

i1 : Q = cellCollection {{1,1},{2,1},{3,1},{3,2},{1,2},{1,3},{2,3}};

i2 : L = polyoLattice Q

o2 = ideal (- x   x    + x   x   , - x   x    + x   x   , - x   x    +
               1,1 4,2    1,2 4,1     2,1 4,2    2,2 4,1     3,1 4,2  
     ------------------------------------------------------------------------
     x   x   , - x   x    + x   x   , - x   x    + x   x   , - x   x    +
      3,2 4,1     2,3 1,4    2,4 1,3     3,3 1,4    3,4 1,3     2,2 1,4  
     ------------------------------------------------------------------------
     x   x   , - x   x    + x   x   , - x   x    + x   x   , - x   x    +
      2,4 1,2     2,2 1,3    2,3 1,2     2,1 1,4    2,4 1,1     2,1 1,3  
     ------------------------------------------------------------------------
     x   x   , - x   x    + x   x   , - x   x    + x   x   , - x   x    +
      2,3 1,1     2,1 1,2    2,2 1,1     3,1 1,2    3,2 1,1     3,3 2,4  
     ------------------------------------------------------------------------
     x   x   , - x   x    + x   x   , x   x    - x   x   , x   x    -
      3,4 2,3     3,1 2,2    3,2 2,1   3,2 4,3    3,3 4,2   3,1 4,3  
     ------------------------------------------------------------------------
     x   x   )
      3,3 4,1

o2 : Ideal of QQ[x   ..x   , x   ..x   , x   ..x   , x   ..x   ]
                  3,1   3,4   2,1   2,4   1,1   1,4   4,1   4,3

i3 : 
