-- -*- M2-comint -*- hash: 1729337223734498371

i1 : Q = toricQuiver(matrix({{-1,-1,-1,-1},{0,0,1,1},{1,1,0,0}}), Flow => "Random")

o1 = ToricQuiver{flow => {3, 7, 8, 1}                  }
                 IncidenceMatrix => | -1 -1 -1 -1 |
                                    | 1  1  0  0  |
                                    | 0  0  1  1  |
                 Q0 => {0, 1, 2}
                 Q1 => {{0, 1}, {0, 1}, {0, 2}, {0, 2}}
                 weights => {-19, 10, 9}

o1 : ToricQuiver

i2 : Q = toricQuiver(matrix({{-1,-1,-1,-1},{0,0,1,1},{1,1,0,0}}), Flow => "Random", Height => 100)

o2 = ToricQuiver{flow => {19, 91, 72, 19}              }
                 IncidenceMatrix => | -1 -1 -1 -1 |
                                    | 1  1  0  0  |
                                    | 0  0  1  1  |
                 Q0 => {0, 1, 2}
                 Q1 => {{0, 1}, {0, 1}, {0, 2}, {0, 2}}
                 weights => {-201, 110, 91}

o2 : ToricQuiver

i3 : 
