-- -*- M2-comint -*- hash: 15683520532957889329

i1 : Q = bipartiteQuiver (2, 3)

o1 = ToricQuiver{flow => {1, 1, 1, 1, 1, 1}                            }
                 IncidenceMatrix => | -1 -1 -1 0  0  0  |
                                    | 0  0  0  -1 -1 -1 |
                                    | 1  0  0  1  0  0  |
                                    | 0  1  0  0  1  0  |
                                    | 0  0  1  0  0  1  |
                 Q0 => {0, 1, 2, 3, 4}
                 Q1 => {{0, 2}, {0, 3}, {0, 4}, {1, 2}, {1, 3}, {1, 4}}
                 weights => {-3, -3, 2, 2, 2}

o1 : ToricQuiver

i2 : Q = bipartiteQuiver (2, 3, Flow => "Random")

o2 = ToricQuiver{flow => {8, 1, 3, 7, 8, 3}                            }
                 IncidenceMatrix => | -1 -1 -1 0  0  0  |
                                    | 0  0  0  -1 -1 -1 |
                                    | 1  0  0  1  0  0  |
                                    | 0  1  0  0  1  0  |
                                    | 0  0  1  0  0  1  |
                 Q0 => {0, 1, 2, 3, 4}
                 Q1 => {{0, 2}, {0, 3}, {0, 4}, {1, 2}, {1, 3}, {1, 4}}
                 weights => {-12, -18, 15, 9, 6}

o2 : ToricQuiver

i3 : Q = bipartiteQuiver (2, 3, Flow => {1, 2, 1, 3, 1, 4})

o3 = ToricQuiver{flow => {1, 2, 1, 3, 1, 4}                            }
                 IncidenceMatrix => | -1 -1 -1 0  0  0  |
                                    | 0  0  0  -1 -1 -1 |
                                    | 1  0  0  1  0  0  |
                                    | 0  1  0  0  1  0  |
                                    | 0  0  1  0  0  1  |
                 Q0 => {0, 1, 2, 3, 4}
                 Q1 => {{0, 2}, {0, 3}, {0, 4}, {1, 2}, {1, 3}, {1, 4}}
                 weights => {-4, -8, 4, 3, 5}

o3 : ToricQuiver

i4 : 
