-- -*- M2-comint -*- hash: 8510127519752608934

i1 : isSemistable ({0, 1}, bipartiteQuiver(2,3))

o1 = false

i2 : isSemistable ({0, 1, 3, 4, 5}, bipartiteQuiver(2,3))

o2 = true

i3 : Q = bipartiteQuiver(2, 3);

i4 : S = first(subquivers(Q, Format => "quiver", AsSubquiver => true))

o4 = ToricQuiver{flow => {1, 0, 0, 0, 0, 0}                            }
                 IncidenceMatrix => | -1 -1 -1 0  0  0  |
                                    | 0  0  0  -1 -1 -1 |
                                    | 1  0  0  1  0  0  |
                                    | 0  1  0  0  1  0  |
                                    | 0  0  1  0  0  1  |
                 Q0 => {0, 1, 2, 3, 4}
                 Q1 => {{0, 2}, {0, 3}, {0, 4}, {1, 2}, {1, 3}, {1, 4}}
                 weights => {-1, 0, 1, 0, 0}

o4 : ToricQuiver

i5 : isSemistable (S, Q)

o5 = false

i6 : 
