-- -*- M2-comint -*- hash: 15691386216641501063

i1 : mergeOnArrow (bipartiteQuiver (2, 3), 0, bipartiteQuiver (2, 3), 0)

o1 = ToricQuiver{flow => {1, 1, 1, 1, 1, 1, 1, 1, 1, 1, 1}                                                     }
                 IncidenceMatrix => | 1  0  0  1  0  0  0  0  0  0  0  |
                                    | -1 -1 -1 0  0  0  0  0  0  0  0  |
                                    | 0  1  0  0  1  0  0  0  0  0  0  |
                                    | 0  0  0  -1 -1 -1 -1 -1 0  0  0  |
                                    | 0  0  1  0  0  1  0  0  1  0  0  |
                                    | 0  0  0  0  0  0  1  0  0  1  0  |
                                    | 0  0  0  0  0  0  0  0  -1 -1 -1 |
                                    | 0  0  0  0  0  0  0  1  0  0  1  |
                 Q0 => {0, 1, 2, 3, 4, 5, 6, 7}
                 Q1 => {{1, 0}, {1, 2}, {1, 4}, {3, 0}, {3, 2}, {3, 4}, {3, 5}, {3, 7}, {6, 4}, {6, 5}, {6, 7}}
                 weights => {2, -3, 2, -5, 3, 2, -3, 2}

o1 : ToricQuiver

i2 : mergeOnArrow (bipartiteQuiver (2, 3), 0, matrix({{-1,-1,-1,-1},{1,1,0,0},{0,0,1,1}}), 0)

o2 = ToricQuiver{flow => {1, 1, 1, 1, 1, 1, 1, 1, 1}                                           }
                 IncidenceMatrix => | 1  0  0  1  0  0  0  0  0  |
                                    | -1 -1 -1 0  0  0  0  0  0  |
                                    | 0  1  0  0  1  0  0  0  0  |
                                    | 0  0  0  -1 -1 -1 -1 -1 -1 |
                                    | 0  0  1  0  0  1  1  0  0  |
                                    | 0  0  0  0  0  0  0  1  1  |
                 Q0 => {0, 1, 2, 3, 4, 5}
                 Q1 => {{1, 0}, {1, 2}, {1, 4}, {3, 0}, {3, 2}, {3, 4}, {3, 4}, {3, 5}, {3, 5}}
                 weights => {2, -3, 2, -6, 3, 2}

o2 : ToricQuiver

i3 : mergeOnArrow (matrix ({{-1,-1,-1,-1},{1,1,0,0},{0,0,1,1}}), 0, bipartiteQuiver (2, 3), 0)

o3 = ToricQuiver{flow => {1, 1, 1, 1, 1, 1, 1, 1, 1}                                           }
                 IncidenceMatrix => | 1  1  0  0  0  0  0  0  0  |
                                    | -1 -1 -1 -1 -1 -1 0  0  0  |
                                    | 0  0  1  1  0  0  1  0  0  |
                                    | 0  0  0  0  1  0  0  1  0  |
                                    | 0  0  0  0  0  0  -1 -1 -1 |
                                    | 0  0  0  0  0  1  0  0  1  |
                 Q0 => {0, 1, 2, 3, 4, 5}
                 Q1 => {{1, 0}, {1, 0}, {1, 2}, {1, 2}, {1, 3}, {1, 5}, {4, 2}, {4, 3}, {4, 5}}
                 weights => {2, -6, 3, 2, -3, 2}

o3 : ToricQuiver

i4 : 
