-- -*- M2-comint -*- hash: 7629304186495781306

i1 : Q = toricQuiver matrix({{-1,-1,-1,-1},{1,1,0,0},{0,0,1,1}})

o1 = ToricQuiver{flow => {1, 1, 1, 1}                  }
                 IncidenceMatrix => | -1 -1 -1 -1 |
                                    | 1  1  0  0  |
                                    | 0  0  1  1  |
                 Q0 => {0, 1, 2}
                 Q1 => {{0, 1}, {0, 1}, {0, 2}, {0, 2}}
                 weights => {-4, 2, 2}

o1 : ToricQuiver

i2 : Q = toricQuiver(matrix({{-1,-1,-1,-1},{1,1,0,0},{0,0,1,1}}), {3, 1, 0, 5})

o2 = ToricQuiver{flow => {3, 1, 0, 5}                  }
                 IncidenceMatrix => | -1 -1 -1 -1 |
                                    | 1  1  0  0  |
                                    | 0  0  1  1  |
                 Q0 => {0, 1, 2}
                 Q1 => {{0, 1}, {0, 1}, {0, 2}, {0, 2}}
                 weights => {-9, 4, 5}

o2 : ToricQuiver

i3 : Q = toricQuiver {{0,1},{0,1},{0,2},{0,2}}

o3 = ToricQuiver{flow => {1, 1, 1, 1}                  }
                 IncidenceMatrix => | -1 -1 -1 -1 |
                                    | 1  1  0  0  |
                                    | 0  0  1  1  |
                 Q0 => {0, 1, 2}
                 Q1 => {{0, 1}, {0, 1}, {0, 2}, {0, 2}}
                 weights => {-4, 2, 2}

o3 : ToricQuiver

i4 : Q = toricQuiver ({{0,1},{0,1},{0,2},{0,2}}, {1,2,3,4})

o4 = ToricQuiver{flow => {1, 2, 3, 4}                  }
                 IncidenceMatrix => | -1 -1 -1 -1 |
                                    | 1  1  0  0  |
                                    | 0  0  1  1  |
                 Q0 => {0, 1, 2}
                 Q1 => {{0, 1}, {0, 1}, {0, 2}, {0, 2}}
                 weights => {-10, 3, 7}

o4 : ToricQuiver

i5 : Q = toricQuiver(matrix({{-1,-1,-1,-1},{1,1,0,0},{0,0,1,1}}), Flow => "Canonical")

o5 = ToricQuiver{flow => {1, 1, 1, 1}                  }
                 IncidenceMatrix => | -1 -1 -1 -1 |
                                    | 1  1  0  0  |
                                    | 0  0  1  1  |
                 Q0 => {0, 1, 2}
                 Q1 => {{0, 1}, {0, 1}, {0, 2}, {0, 2}}
                 weights => {-4, 2, 2}

o5 : ToricQuiver

i6 : Q = toricQuiver(matrix({{-1,-1,-1,-1},{0,0,1,1},{1,1,0,0}}), Flow => "Random")

o6 = ToricQuiver{flow => {3, 7, 8, 1}                  }
                 IncidenceMatrix => | -1 -1 -1 -1 |
                                    | 1  1  0  0  |
                                    | 0  0  1  1  |
                 Q0 => {0, 1, 2}
                 Q1 => {{0, 1}, {0, 1}, {0, 2}, {0, 2}}
                 weights => {-19, 10, 9}

o6 : ToricQuiver

i7 : Q = toricQuiver(matrix({{-1,-1,-1,-1},{0,0,1,1},{1,1,0,0}}), Flow => "Random", Height => 201)

o7 = ToricQuiver{flow => {19, 19, 72, 122}             }
                 IncidenceMatrix => | -1 -1 -1 -1 |
                                    | 1  1  0  0  |
                                    | 0  0  1  1  |
                 Q0 => {0, 1, 2}
                 Q1 => {{0, 1}, {0, 1}, {0, 2}, {0, 2}}
                 weights => {-232, 38, 194}

o7 : ToricQuiver

i8 : Q = toricQuiver(matrix({{-1,-1,-1,-1},{0,0,1,1},{1,1,0,0}}), Flow => "Random");

i9 : R = toricQuiver(Q)

o9 = ToricQuiver{flow => {8, 5, 7, 8}                  }
                 IncidenceMatrix => | -1 -1 -1 -1 |
                                    | 1  1  0  0  |
                                    | 0  0  1  1  |
                 Q0 => {0, 1, 2}
                 Q1 => {{0, 1}, {0, 1}, {0, 2}, {0, 2}}
                 weights => {-28, 13, 15}

o9 : ToricQuiver

i10 : R = toricQuiver(Q, {1,2,3,4})

o10 = ToricQuiver{flow => {1, 2, 3, 4}                  }
                  IncidenceMatrix => | -1 -1 -1 -1 |
                                     | 1  1  0  0  |
                                     | 0  0  1  1  |
                  Q0 => {0, 1, 2}
                  Q1 => {{0, 1}, {0, 1}, {0, 2}, {0, 2}}
                  weights => {-10, 3, 7}

o10 : ToricQuiver

i11 : 
