-- -*- M2-comint -*- hash: 10625427001726698741

i1 : K = randomAbstractSimplicialComplex(4)

o1 = AbstractSimplicialComplex{-1 => {{}}                                           }
                               0 => {{1}, {2}, {3}, {4}}
                               1 => {{1, 2}, {1, 3}, {1, 4}, {2, 3}, {2, 4}, {3, 4}}
                               2 => {{1, 2, 3}, {1, 2, 4}}

o1 : AbstractSimplicialComplex

i2 : prune HH simplicialChainComplex K

       1       1
o2 = ZZ  <-- ZZ
              
     0       1

o2 : Complex

i3 : L = randomAbstractSimplicialComplex(6,3)

o3 = AbstractSimplicialComplex{-1 => {{}}                                                                                                                    }
                               0 => {{1}, {2}, {3}, {4}, {5}, {6}}
                               1 => {{1, 2}, {1, 3}, {1, 4}, {1, 5}, {1, 6}, {2, 3}, {2, 4}, {2, 5}, {2, 6}, {3, 4}, {3, 5}, {3, 6}, {4, 5}, {4, 6}, {5, 6}}
                               2 => {{1, 2, 3}, {1, 2, 5}, {1, 2, 6}, {1, 3, 4}, {1, 4, 6}, {2, 3, 6}, {2, 4, 6}, {2, 5, 6}, {3, 4, 5}, {3, 5, 6}, {4, 5, 6}}

o3 : AbstractSimplicialComplex

i4 : prune HH simplicialChainComplex L

       1             1
o4 = ZZ  <-- 0 <-- ZZ
                    
     0       1     2

o4 : Complex

i5 : M = randomAbstractSimplicialComplex(6,3,2)

o5 = AbstractSimplicialComplex{-1 => {{}}                                                                                                                   }
                               0 => {{1}, {2}, {3}, {4}, {5}, {6}}
                               1 => {{1, 2}, {1, 3}, {1, 4}, {1, 5}, {1, 6}, {2, 3}, {2, 4}, {2, 5}, {2, 6}, {3, 4}, {3, 5}, {3, 6}, {4, 5}, {4, 6}, {5, 6}}
                               2 => {{2, 3, 4}, {3, 5, 6}, {4, 5, 6}}

o5 : AbstractSimplicialComplex

i6 : prune HH simplicialChainComplex M

       1       7
o6 = ZZ  <-- ZZ
              
     0       1

o6 : Complex

i7 : N = randomAbstractSimplicialComplex(6,3,2,Verify => true)

o7 = AbstractSimplicialComplex{-1 => {{}}                                                                                                                   }
                               0 => {{1}, {2}, {3}, {4}, {5}, {6}}
                               1 => {{1, 2}, {1, 3}, {1, 4}, {1, 5}, {1, 6}, {2, 3}, {2, 4}, {2, 5}, {2, 6}, {3, 4}, {3, 5}, {3, 6}, {4, 5}, {4, 6}, {5, 6}}
                               2 => {{1, 2, 5}, {1, 3, 6}, {2, 4, 5}}

o7 : AbstractSimplicialComplex

i8 : K = randomAbstractSimplicialComplex(4)

o8 = AbstractSimplicialComplex{-1 => {{}}                                           }
                               0 => {{1}, {2}, {3}, {4}}
                               1 => {{1, 2}, {1, 3}, {1, 4}, {2, 3}, {2, 4}, {3, 4}}
                               2 => {{1, 2, 3}, {1, 2, 4}, {1, 3, 4}, {2, 3, 4}}
                               3 => {{1, 2, 3, 4}}

o8 : AbstractSimplicialComplex

i9 : J = randomSubSimplicialComplex(K)

o9 = AbstractSimplicialComplex{-1 => {{}}     }
                               0 => {{2}, {3}}
                               1 => {{2, 3}}

o9 : AbstractSimplicialComplex

i10 : inducedSimplicialChainComplexMap(K,J)

            4                2
o10 = 0 : ZZ  <----------- ZZ  : 0
                 | 0 0 |
                 | 1 0 |
                 | 0 1 |
                 | 0 0 |

            6              1
      1 : ZZ  <--------- ZZ  : 1
                 | 0 |
                 | 0 |
                 | 0 |
                 | 1 |
                 | 0 |
                 | 0 |

o10 : ComplexMap

i11 : 
