-- -*- M2-comint -*- hash: 13623441203883027162

i1 : abstractSimplicialComplex({{1,2,3,4}})

o1 = AbstractSimplicialComplex{-1 => {{}}                                           }
                               0 => {{1}, {2}, {3}, {4}}
                               1 => {{1, 2}, {1, 3}, {1, 4}, {2, 3}, {2, 4}, {3, 4}}
                               2 => {{1, 2, 3}, {1, 2, 4}, {1, 3, 4}, {2, 3, 4}}
                               3 => {{1, 2, 3, 4}}

o1 : AbstractSimplicialComplex

i2 : abstractSimplicialComplex({{4,1,2,3}, {3,2,5},{1,5}})

o2 = AbstractSimplicialComplex{-1 => {{}}                                                                   }
                               0 => {{1}, {2}, {3}, {4}, {5}}
                               1 => {{1, 2}, {1, 3}, {1, 4}, {1, 5}, {2, 3}, {2, 4}, {2, 5}, {3, 4}, {3, 5}}
                               2 => {{1, 2, 3}, {1, 2, 4}, {1, 3, 4}, {2, 3, 4}, {2, 3, 5}}
                               3 => {{1, 2, 3, 4}}

o2 : AbstractSimplicialComplex

i3 : abstractSimplicialComplex(4)

o3 = AbstractSimplicialComplex{-1 => {{}}                                           }
                               0 => {{1}, {2}, {3}, {4}}
                               1 => {{1, 2}, {1, 3}, {1, 4}, {2, 3}, {2, 4}, {3, 4}}
                               2 => {{1, 2, 3}, {1, 2, 4}, {1, 3, 4}, {2, 3, 4}}
                               3 => {{1, 2, 3, 4}}

o3 : AbstractSimplicialComplex

i4 : abstractSimplicialComplex(4,2)

o4 = AbstractSimplicialComplex{-1 => {{}}                                           }
                               0 => {{1}, {2}, {3}, {4}}
                               1 => {{1, 2}, {1, 3}, {1, 4}, {2, 3}, {2, 4}, {3, 4}}

o4 : AbstractSimplicialComplex

i5 : 
