-- -*- M2-comint -*- hash: 6007767875816901169

i1 : K = randomAbstractSimplicialComplex(4)

o1 = AbstractSimplicialComplex{-1 => {{}}                                           }
                               0 => {{1}, {2}, {3}, {4}}
                               1 => {{1, 2}, {1, 3}, {1, 4}, {2, 3}, {2, 4}, {3, 4}}
                               2 => {{1, 2, 3}, {1, 2, 4}}

o1 : AbstractSimplicialComplex

i2 : L = randomAbstractSimplicialComplex(6,3)

o2 = AbstractSimplicialComplex{-1 => {{}}                                                                                                                    }
                               0 => {{1}, {2}, {3}, {4}, {5}, {6}}
                               1 => {{1, 2}, {1, 3}, {1, 4}, {1, 5}, {1, 6}, {2, 3}, {2, 4}, {2, 5}, {2, 6}, {3, 4}, {3, 5}, {3, 6}, {4, 5}, {4, 6}, {5, 6}}
                               2 => {{1, 2, 3}, {1, 2, 5}, {1, 2, 6}, {1, 3, 4}, {1, 4, 6}, {2, 3, 6}, {2, 4, 6}, {2, 5, 6}, {3, 4, 5}, {3, 5, 6}, {4, 5, 6}}

o2 : AbstractSimplicialComplex

i3 : N = randomAbstractSimplicialComplex(6,3,2)

o3 = AbstractSimplicialComplex{-1 => {{}}                                                                                                                   }
                               0 => {{1}, {2}, {3}, {4}, {5}, {6}}
                               1 => {{1, 2}, {1, 3}, {1, 4}, {1, 5}, {1, 6}, {2, 3}, {2, 4}, {2, 5}, {2, 6}, {3, 4}, {3, 5}, {3, 6}, {4, 5}, {4, 6}, {5, 6}}
                               2 => {{2, 3, 4}, {3, 5, 6}, {4, 5, 6}}

o3 : AbstractSimplicialComplex

i4 : tally apply(1000, i ->  #(randomAbstractSimplicialComplex(5,3,2))_2)

o4 = Tally{1 => 13 }
           2 => 282
           3 => 705

o4 : Tally

i5 : tally apply(1000, i -> #(randomAbstractSimplicialComplex(5,3,2,Verify=>true))_2)

o5 = Tally{3 => 1000}

o5 : Tally

i6 : 
