-- -*- M2-comint -*- hash: 7435100373406937277

i1 : Qs = lrTableaux({3,2,1}, {2,1}, {2,1});

i2 : T = {{0,0,0},{1,1},{2}};   -- highest-weight vector of S_(3,2,1) QQ^3

i3 : applyLR(({3,2,1}, {2,1}, {2,1}), Qs#0, T, 3)

       27                                                                
o3 = {{--, {{0, 0}, {1}}, {{0, 1}, {2}, {}}}, {9, {{0, 0}, {1}}, {{0, 2},
        4                                                                
     ------------------------------------------------------------------------
                   63                                        9          
     {1}, {}}}, {- --, {{0, 0}, {2}}, {{0, 1}, {1}, {}}}, {- -, {{0, 1},
                    4                                        2          
     ------------------------------------------------------------------------
                                27                                        9
     {1}}, {{0, 0}, {2}, {}}}, {--, {{0, 1}, {2}}, {{0, 0}, {1}, {}}}, {- -,
                                 4                                        4
     ------------------------------------------------------------------------
     {{0, 2}, {1}}, {{0, 0}, {1}, {}}}}

o3 : List

i4 : displayLRImage applyLR(({3,2,1}, {2,1}, {2,1}), Qs#0, T, 3)

o4 =   +  27/4 . [1 1 ] ⊗ [1 2 ]
                  2        3 
       +  9 . [1 1 ] ⊗ [1 3 ]
               2        2 
       -  63/4 . [1 1 ] ⊗ [1 2 ]
                  3        2 
       -  9/2 . [1 2 ] ⊗ [1 1 ]
                 2        3 
       +  27/4 . [1 2 ] ⊗ [1 1 ]
                  3        2 
       -  9/4 . [1 3 ] ⊗ [1 1 ]
                 2        2 

i5 : -- Non-standard input: row-Garnir straightening before applying.
     Tnonstd = {{1,0},{2}};   -- row 0 not weakly-increasing

i6 : applyLR(({2,1}, {1}, {1,1}), (lrTableaux({2,1},{1},{1,1}))#0, Tnonstd, 3)

       3                           3
o6 = {{-, {{0}, {2}}, {{1}, {}}}, {-, {{1}, {2}}, {{0}, {}}}}
       2                           2

o6 : List

i7 : 
