-- -*- M2-comint -*- hash: 16513281982918384959

i1 : shapes = ({2,1}, {1}, {1,1});

i2 : Q = (lrTableaux shapes)#0;

i3 : M = lrMap(shapes, Q, 3);   -- inclusion S_(2,1) V -> S_(1,1) V ⊗ S_(1) V

              9       8
o3 : Matrix QQ  <-- QQ

i4 : N = dualLR(shapes, Q, 3);  -- projection back onto Q's copy

              8       9
o4 : Matrix QQ  <-- QQ

i5 : N * M == id_(QQ^(numColumns M))

o5 = true

i6 : Qs = lrTableaux({3,2,1}, {2,1}, {2,1});  -- multiplicity-2 case

i7 : M0 = lrMap(({3,2,1},{2,1},{2,1}), Qs#0, 3);

              64       8
o7 : Matrix QQ   <-- QQ

i8 : M1 = lrMap(({3,2,1},{2,1},{2,1}), Qs#1, 3);

              64       8
o8 : Matrix QQ   <-- QQ

i9 : N0 = dualLR(({3,2,1},{2,1},{2,1}), Qs#0, 3);

              8       64
o9 : Matrix QQ  <-- QQ

i10 : N0 * M0 == id_(QQ^(numColumns M0))   -- recovers Q_0's copy

o10 = true

i11 : N0 * M1 == 0                          -- annihilates Q_1's copy

o11 = true

i12 : 
