-- -*- M2-comint -*- hash: 3281128839151811891

i1 : shapes = ({2,1}, {1}, {1,1});                  -- a multiplicity-1 example

i2 : Q = (lrTableaux shapes)#0;

i3 : Mrow = lrMap(shapes, Q, 3, Convention => "Row")

o3 = | 3 0 0   0   0    0   0 0   |
     | 0 0 3/2 0   0    0   0 0   |
     | 0 0 0   0   3/2  0   0 0   |
     | 0 3 0   0   0    0   0 0   |
     | 0 0 0   3/2 0    0   0 0   |
     | 0 0 0   0   0    3/2 0 0   |
     | 0 0 0   3/2 -3/2 0   0 0   |
     | 0 0 0   0   0    0   3 0   |
     | 0 0 0   0   0    0   0 3/2 |

              9       8
o3 : Matrix QQ  <-- QQ

i4 : shapes = ({2,1}, {1}, {1,1});

i5 : Q = (lrTableaux shapes)#0;

i6 : Mfilling = lrMap(shapes, Q, 3, Convention => "Filling")

o6 = | 3 0 0  0 0 0 0 0 |
     | 0 3 0  0 0 0 0 0 |
     | 0 0 2  0 1 0 0 0 |
     | 0 0 0  3 0 0 0 0 |
     | 0 0 1  0 2 0 0 0 |
     | 0 0 0  0 0 3 0 0 |
     | 0 0 -1 0 1 0 0 0 |
     | 0 0 0  0 0 0 3 0 |
     | 0 0 0  0 0 0 0 3 |

              9       8
o6 : Matrix QQ  <-- QQ

i7 : shapes = ({2,1}, {1}, {1,1});

i8 : Q = (lrTableaux shapes)#0;

i9 : Mweyl = lrMap(shapes, Q, 3, Convention => "Weyl")

o9 = | 3 0 0   0   0    0   0 0   |
     | 0 0 3/2 0   0    0   0 0   |
     | 0 0 0   0   3/2  0   0 0   |
     | 0 3 0   0   0    0   0 0   |
     | 0 0 0   3/2 0    0   0 0   |
     | 0 0 0   0   0    3/2 0 0   |
     | 0 0 0   3/2 -3/2 0   0 0   |
     | 0 0 0   0   0    0   3 0   |
     | 0 0 0   0   0    0   0 3/2 |

              9       8
o9 : Matrix QQ  <-- QQ

i10 : shapes = ({2,1}, {1}, {1,1});

i11 : Q = (lrTableaux shapes)#0;

i12 : Mrow = lrMap(shapes, Q, 3, Convention => "Row");

               9       8
o12 : Matrix QQ  <-- QQ

i13 : Mfilling = lrMap(shapes, Q, 3, Convention => "Filling");

               9       8
o13 : Matrix QQ  <-- QQ

i14 : Mweyl = lrMap(shapes, Q, 3, Convention => "Weyl");

               9       8
o14 : Matrix QQ  <-- QQ

i15 : (rank Mrow, rank Mfilling, rank Mweyl)

o15 = (8, 8, 8)

o15 : Sequence

i16 : Qs = lrTableaux({3,2,1}, {2,1}, {2,1});  -- two distinct LR tableaux

i17 : M1 = lrMap(({3,2,1}, {2,1}, {2,1}), Qs#0, 3);

               64       8
o17 : Matrix QQ   <-- QQ

i18 : M2 = lrMap(({3,2,1}, {2,1}, {2,1}), Qs#1, 3);

               64       8
o18 : Matrix QQ   <-- QQ

i19 : rank M1, rank M2          -- each = dim S_(3,2,1) = 8

o19 = (8, 8)

o19 : Sequence

i20 : rank(M1 | M2) == 16       -- 2 * 8: M1 and M2 are linearly independent

o20 = true

i21 : shapes = ({2,1}, {1}, {1,1});

i22 : Q = (lrTableaux shapes)#0;

i23 : symbolicForm lrMap(shapes, Q, 3)

      +-----+-------------------+
      |+-+-+|      +-+     +-+  |
o23 = ||0|0||3  *  |0|  ⊗  |0|  |
      ||1| ||      |1|     +-+  |
      |+-+-+|      +-+          |
      +-----+-------------------+
      |+-+-+|      +-+     +-+  |
      ||0|0||3  *  |0|  ⊗  |0|  |
      ||2| ||      |2|     +-+  |
      |+-+-+|      +-+          |
      +-----+-------------------+
      |+-+-+|3     +-+     +-+  |
      ||0|1||-  *  |0|  ⊗  |1|  |
      ||1| ||2     |1|     +-+  |
      |+-+-+|      +-+          |
      +-----+-------------------+
      |+-+-+|3     +-+     +-+  |
      ||0|1||-  *  |0|  ⊗  |1|  |
      ||2| ||2     |2|     +-+  |
      |+-+-+|      +-+          |
      |     |3     +-+     +-+  |
      |     |-  *  |1|  ⊗  |0|  |
      |     |2     |2|     +-+  |
      |     |      +-+          |
      +-----+-------------------+
      |+-+-+|3     +-+     +-+  |
      ||0|2||-  *  |0|  ⊗  |2|  |
      ||1| ||2     |1|     +-+  |
      |+-+-+|      +-+          |
      |     |  3     +-+     +-+|
      |     |- -  *  |1|  ⊗  |0||
      |     |  2     |2|     +-+|
      |     |        +-+        |
      +-----+-------------------+
      |+-+-+|3     +-+     +-+  |
      ||0|2||-  *  |0|  ⊗  |2|  |
      ||2| ||2     |2|     +-+  |
      |+-+-+|      +-+          |
      +-----+-------------------+
      |+-+-+|      +-+     +-+  |
      ||1|1||3  *  |1|  ⊗  |1|  |
      ||2| ||      |2|     +-+  |
      |+-+-+|      +-+          |
      +-----+-------------------+
      |+-+-+|3     +-+     +-+  |
      ||1|2||-  *  |1|  ⊗  |2|  |
      ||2| ||2     |2|     +-+  |
      |+-+-+|      +-+          |
      +-----+-------------------+

i24 : 
