-- -*- M2-comint -*- hash: 1331382825593

i1 : symbolicForm pmToFillingMatrix({2,1}, 3)

     +-----+-------------+
     |+-+-+|      +-+-+  |
o1 = ||0|0||1  *  |0|0|  |
     ||1| ||      |1| |  |
     |+-+-+|      +-+-+  |
     +-----+-------------+
     |+-+-+|      +-+-+  |
     ||0|0||1  *  |0|0|  |
     ||2| ||      |2| |  |
     |+-+-+|      +-+-+  |
     +-----+-------------+
     |+-+-+|1     +-+-+  |
     ||0|1||-  *  |0|1|  |
     ||1| ||2     |1| |  |
     |+-+-+|      +-+-+  |
     +-----+-------------+
     |+-+-+|  1     +-+-+|
     ||0|1||- -  *  |0|2||
     ||2| ||  2     |1| ||
     |+-+-+|        +-+-+|
     |     |      +-+-+  |
     |     |1  *  |0|1|  |
     |     |      |2| |  |
     |     |      +-+-+  |
     +-----+-------------+
     |+-+-+|      +-+-+  |
     ||0|2||1  *  |0|2|  |
     ||1| ||      |1| |  |
     |+-+-+|      +-+-+  |
     |     |  1     +-+-+|
     |     |- -  *  |0|1||
     |     |  2     |2| ||
     |     |        +-+-+|
     +-----+-------------+
     |+-+-+|1     +-+-+  |
     ||0|2||-  *  |0|2|  |
     ||2| ||2     |2| |  |
     |+-+-+|      +-+-+  |
     +-----+-------------+
     |+-+-+|      +-+-+  |
     ||1|1||1  *  |1|1|  |
     ||2| ||      |2| |  |
     |+-+-+|      +-+-+  |
     +-----+-------------+
     |+-+-+|1     +-+-+  |
     ||1|2||-  *  |1|2|  |
     ||2| ||2     |2| |  |
     |+-+-+|      +-+-+  |
     +-----+-------------+

i2 : 
