-- -*- M2-comint -*- hash: 5252366658245845840

i1 : needsPackage "SchurFunctors";

i2 : pmToFilling {{0,1},{2}}

               +-+-+      1
o2 = HashTable{|0|2| => - -}
               |1| |      2
               +-+-+
               +-+-+
               |0|1| => 1
               |2| |
               +-+-+

o2 : HashTable

i3 : pmToFilling {{0,0,0},{1,1},{2}}  -- highest-weight vector of S_(3,2,1) Q^3

               +-+-+-+
o3 = HashTable{|0|0|0| => 1}
               |1|1| |
               |2| | |
               +-+-+-+

o3 : HashTable

i4 : 
