-- -*- M2-comint -*- hash: 13264812474374360869

i1 : P = QQ[a,b,c];

i2 : M = pieri({2,1}, {1}, P);

             3      8
o2 : Matrix P  <-- P

i3 : symbolicForm M

     +-----+----------+
     |+-+-+|       +-+|
o3 = ||0|0||2a  *  |0||
     ||1| ||       |1||
     |+-+-+|       +-+|
     +-----+----------+
     |+-+-+|       +-+|
     ||0|0||2a  *  |0||
     ||2| ||       |2||
     |+-+-+|       +-+|
     +-----+----------+
     |+-+-+|      +-+ |
     ||0|1||b  *  |0| |
     ||1| ||      |1| |
     |+-+-+|      +-+ |
     +-----+----------+
     |+-+-+|      +-+ |
     ||0|1||b  *  |0| |
     ||2| ||      |2| |
     |+-+-+|      +-+ |
     |     |      +-+ |
     |     |a  *  |1| |
     |     |      |2| |
     |     |      +-+ |
     +-----+----------+
     |+-+-+|      +-+ |
     ||0|2||c  *  |0| |
     ||1| ||      |1| |
     |+-+-+|      +-+ |
     |     |       +-+|
     |     |-a  *  |1||
     |     |       |2||
     |     |       +-+|
     +-----+----------+
     |+-+-+|      +-+ |
     ||0|2||c  *  |0| |
     ||2| ||      |2| |
     |+-+-+|      +-+ |
     +-----+----------+
     |+-+-+|       +-+|
     ||1|1||2b  *  |1||
     ||2| ||       |2||
     |+-+-+|       +-+|
     +-----+----------+
     |+-+-+|      +-+ |
     ||1|2||c  *  |1| |
     ||2| ||      |2| |
     |+-+-+|      +-+ |
     +-----+----------+

i4 : shapes = ({2,1}, {1}, {1,1});

i5 : Q = (lrTableaux shapes)#0;

i6 : N = lrMap(shapes, Q, 3);

              9       8
o6 : Matrix QQ  <-- QQ

i7 : symbolicForm N

     +-----+-------------------+
     |+-+-+|      +-+     +-+  |
o7 = ||0|0||3  *  |0|  ⊗  |0|  |
     ||1| ||      |1|     +-+  |
     |+-+-+|      +-+          |
     +-----+-------------------+
     |+-+-+|      +-+     +-+  |
     ||0|0||3  *  |0|  ⊗  |0|  |
     ||2| ||      |2|     +-+  |
     |+-+-+|      +-+          |
     +-----+-------------------+
     |+-+-+|3     +-+     +-+  |
     ||0|1||-  *  |0|  ⊗  |1|  |
     ||1| ||2     |1|     +-+  |
     |+-+-+|      +-+          |
     +-----+-------------------+
     |+-+-+|3     +-+     +-+  |
     ||0|1||-  *  |0|  ⊗  |1|  |
     ||2| ||2     |2|     +-+  |
     |+-+-+|      +-+          |
     |     |3     +-+     +-+  |
     |     |-  *  |1|  ⊗  |0|  |
     |     |2     |2|     +-+  |
     |     |      +-+          |
     +-----+-------------------+
     |+-+-+|3     +-+     +-+  |
     ||0|2||-  *  |0|  ⊗  |2|  |
     ||1| ||2     |1|     +-+  |
     |+-+-+|      +-+          |
     |     |  3     +-+     +-+|
     |     |- -  *  |1|  ⊗  |0||
     |     |  2     |2|     +-+|
     |     |        +-+        |
     +-----+-------------------+
     |+-+-+|3     +-+     +-+  |
     ||0|2||-  *  |0|  ⊗  |2|  |
     ||2| ||2     |2|     +-+  |
     |+-+-+|      +-+          |
     +-----+-------------------+
     |+-+-+|      +-+     +-+  |
     ||1|1||3  *  |1|  ⊗  |1|  |
     ||2| ||      |2|     +-+  |
     |+-+-+|      +-+          |
     +-----+-------------------+
     |+-+-+|3     +-+     +-+  |
     ||1|2||-  *  |1|  ⊗  |2|  |
     ||2| ||2     |2|     +-+  |
     |+-+-+|      +-+          |
     +-----+-------------------+

i8 : 
