-- -*- M2-comint -*- hash: 8389773187256084313

i1 : H1=new HashTable from { {{1,3},1}, {{1,4},1} };

i2 : divisorClassRepresentativeM0nbar(6,H1)

o2 = DivisorClassRepresentativeM0nbar{"DivisorExpression" => HashTable{{1, 3} => 1}}
                                                                       {1, 4} => 1
                                      "NumberOfMarkedPoints" => 6

o2 : DivisorClassRepresentativeM0nbar

i3 : H=new HashTable from { {{1,3},1}, {{1,4},1}, {{1,3},2}}

o3 = HashTable{{1, 3} => 2}
               {1, 4} => 1

o3 : HashTable

i4 : L= { {{1,3},1}, {{1,4},1}, {{1,3},2}}

o4 = {{{1, 3}, 1}, {{1, 4}, 1}, {{1, 3}, 2}}

o4 : List

i5 : divisorClassRepresentativeM0nbar(6,L)

o5 = DivisorClassRepresentativeM0nbar{"DivisorExpression" => HashTable{{1, 3} => 3}}
                                                                       {1, 4} => 1
                                      "NumberOfMarkedPoints" => 6

o5 : DivisorClassRepresentativeM0nbar

i6 : 
