-- -*- M2-comint -*- hash: 3519181584416964247

i1 : R = QQ[x,y]

o1 = R

o1 : PolynomialRing

i2 : I = ideal(x^4+x*y+y^2-3, x^2*y+y^3-2)

             4          2       2     3
o2 = ideal (x  + x*y + y  - 3, x y + y  - 2)

o2 : Ideal of R

i3 : E = eliminationTemplate(x,I)

o3 =  action variable: x

o3 : EliminationTemplate

i4 : getTemplateMatrix(E)

o4 = | 1 0 0 0 0 0 0  0 1 1 0 0 0 0  0 -3 0 0  0  |
     | 0 1 0 0 0 0 0  0 0 0 0 1 1 0  0 0  0 -3 0  |
     | 0 0 0 0 1 0 0  0 0 0 0 0 0 0  1 1  0 0  -3 |
     | 1 0 1 0 0 0 -2 0 0 0 0 0 0 0  0 0  0 0  0  |
     | 0 1 0 1 0 0 0  0 0 0 0 0 0 -2 0 0  0 0  0  |
     | 0 0 0 0 0 1 0  0 0 1 0 0 0 0  0 0  0 -2 0  |
     | 0 0 0 0 0 0 1  0 0 0 0 0 1 0  0 0  0 0  -2 |

              7       19
o4 : Matrix QQ  <-- QQ

i5 : 
