-- -*- M2-comint -*- hash: 1330768784459

i1 : doublePuzzle("0101","0101","0101","0101",Equivariant=>false)

o1 = {                   /\                   ,
                        /  \                   
                       1    0                  
                      /      \                 
                      ---10---                 
                    /\        /\               
                   /  \      /  \              
                  0    0    1    1             
                 /      \  /      \            
                 ---0----  ---1----            
               /\        /\        /\          
              /  \      /  \      /  \         
             1    1    10   1    1    0        
            /      \  /      \  /      \       
            ---1----  ---0----  ---10---       
          /\        /\        /\        /\     
         /  \      /  \      /  \      /  \    
        0   10    0    0    0    0    1    1   
       /      \  /      \  /      \  /      \  
       ---1----  ---0----  ---0----  ---1----  
       \      /  \      /  \      /  \      /  
        1    1    0    0    0    0    10   0   
         \  /      \  /      \  /      \  /    
          \/        \/        \/        \/     
            ---10---  ---0----  ---1----       
            \      /  \      /  \      /       
             0    1    1   10    1    1        
              \  /      \  /      \  /         
               \/        \/        \/          
                 ---1----  ---0----            
                 \      /  \      /            
                  1    1    0    0             
                   \  /      \  /              
                    \/        \/               
                      ---10---                 
                      \      /                 
                       0    1                  
                        \  /                   
                         \/                    
     ------------------------------------------------------------------------
                       /\                   }
                      /  \  
                     1    0  
                    /      \ 
                    ---10--- 
                  /\        /\    
                 /  \      /  \  
                0    0    1    1  
               /      \  /      \ 
               ---0----  ---1---- 
             /\        /\        /\    
            /  \      /  \      /  \  
           1    0    0   10    0    0  
          /      \  /      \  /      \ 
          ---10---  ---1----  ---0---- 
        /\        /\        /\        /\    
       /  \      /  \      /  \      /  \  
      0    0    1    1    1    1    10   1  
     /      \  /      \  /      \  /      \ 
     ---0----  ---1----  ---1----  ---0---- 
     \      /  \      /  \      /  \      / 
      1   10    1    1    1    1    0    0  
       \  /      \  /      \  /      \  /  
        \/        \/        \/        \/    
          ---0----  ---1----  ---10--- 
          \      /  \      /  \      / 
           0    0    10   0    0    1  
            \  /      \  /      \  /  
             \/        \/        \/    
               ---1----  ---0---- 
               \      /  \      / 
                1    1    0    0  
                 \  /      \  /  
                  \/        \/    
                    ---10--- 
                    \      / 
                     0    1  
                      \  /  
                       \/    

o1 : List

i2 : 
