-- -*- M2-comint -*- hash: 1332120501856

i1 : puzzle ("0101","1001",Equivariant=>false)

o1 = {                   /\                   ,
                        /  \                   
                       1    1                  
                      /      \                 
                      ---1----                 
                    /\        /\               
                   /  \      /  \              
                  0   10    0    0             
                 /      \  /      \            
                 ---1----  ---0----            
               /\        /\        /\          
              /  \      /  \      /  \         
             1    1    1    0    0    0        
            /      \  /      \  /      \       
            ---1----  ---10---  ---0----       
          /\        /\        /\        /\     
         /  \      /  \      /  \      /  \    
        0   10    0    0    1    1    10   1   
       /      \  /      \  /      \  /      \  
       ---1----  ---0----  ---1----  ---0----  
     ------------------------------------------------------------------------
                       /\                   }
                      /  \  
                     1    1  
                    /      \ 
                    ---1---- 
                  /\        /\    
                 /  \      /  \  
                0   10    0    0  
               /      \  /      \ 
               ---1----  ---0---- 
             /\        /\        /\    
            /  \      /  \      /  \  
           1    1    1    0    0    0  
          /      \  /      \  /      \ 
          ---1----  ---10---  ---0---- 
        /\        /\        /\        /\    
       /  \      /  \      /  \      /  \  
      0   10    0   10    10   1    10   1  
     /      \  /      \  /      \  /      \ 
     ---1----  ---1----  ---0----  ---0---- 

o1 : List

i2 : 
