-- -*- M2-comint -*- hash: 13745690804274444573

i1 : p = 5;

i2 : L = {3,7,8};

i3 : hanMonsky(p, L)

                      7
o3 = HashTable{2 => 2q            }
                     6
               4 => q
                      6     5
               5 => 2q  + 2q
                     5
               6 => q
                      4
               8 => 2q
                      4     3    2
               10 => q  + 3q  + q
                       2
               12 => 2q
               14 => q
               15 => q + 1

o3 : HashTable

i4 : p = 0;

i5 : L = {3,7,8};

i6 : hanMonsky(p, L)

                      7
o6 = HashTable{2 => 2q  }
                      6
               4 => 3q
                      5
               6 => 3q
                      4
               8 => 3q
                       3
               10 => 3q
                       2
               12 => 3q
               14 => 2q
               16 => 1

o6 : HashTable

i7 : p = 5;

i8 : L = {3,7,8}

o8 = {3, 7, 8}

o8 : List

i9 : hanMonsky(p, L, UseConjecture =>false)

                      7
o9 = HashTable{2 => 2q            }
                     6
               4 => q
                      6     5
               5 => 2q  + 2q
                     5
               6 => q
                      4
               8 => 2q
                      4     3    2
               10 => q  + 3q  + q
                       2
               12 => 2q
               14 => q
               15 => q + 1

o9 : HashTable

i10 : 
