-- -*- M2-comint -*- hash: -425621039

i1 : -- A general GM fourfold of discriminant 20
     X = specialGushelMukaiFourfold("surface of degree 9 and genus 2",ZZ/33331);

o1 : ProjectiveVariety, GM fourfold containing a surface of degree 9 and sectional genus 2

i2 : describe X

o2 = Special Gushel-Mukai fourfold of discriminant 20
     containing a surface in PP^8 of degree 9 and sectional genus 2
     cut out by 19 hypersurfaces of degree 2
     and with class in G(1,4) given by 6*s_(3,1)+3*s_(2,2)
     Type: ordinary
     (case 17 of Table 1 in arXiv:2002.07026)

i3 : time f = detectCongruence X;
S: surface of degree 9 and sectional genus 2 in PP^8 cut out by 19 hypersurfaces of degree 2
phi: quadratic rational map from 5-dimensional subvariety of PP^8 to PP^13
Z=phi(del Pezzo fivefold)
number lines contained in Z and passing through the point phi(p): 7
number 1-secant lines to S passing through p: 6
number 3-secant conics to S passing through p: 1
     -- used 8.70403 seconds

i4 : Y = grassmannianHull X; -- del Pezzo fivefold containing X

o4 : ProjectiveVariety, 5-dimensional subvariety of PP^8

i5 : p := point Y -- random point on Y

o5 = point of coordinates [-9582, -7186, 8344, -12405, 1156, -8040, -10778, -13730, 1]

o5 : ProjectiveVariety, a point in PP^8

i6 : time C = f p; -- 3-secant conic to the surface
     -- used 0.260342 seconds

o6 : ProjectiveVariety, curve in PP^8

i7 : S = surface X;

o7 : ProjectiveVariety, surface in PP^8

i8 : assert(dim C == 1 and degree C == 2 and dim(C*S) == 0 and degree(C*S) == 3 and isSubset(p,C) and isSubset(C,Y))

i9 : 
