-- -*- M2-comint -*- hash: 3455701143666534588

i1 : outfile = temporaryFileName()

o1 = /tmp/M2-30819-0/0

i2 : template = outfile | ".in"

o2 = /tmp/M2-30819-0/0.in

i3 : template << "@M2BANNER@" << endl << endl;

i4 : template << "This is an example file for the generateGrammar method!";

i5 : template << endl;

i6 : template << "String regex: @M2STRINGS@" << endl;

i7 : template << "List of keywords: {" << endl;

i8 : template << "    @M2KEYWORDS@" << endl;

i9 : template << "}" << endl << close;

i10 : get template

o10 = @M2BANNER@

      This is an example file for the generateGrammar method!
      String regex: @M2STRINGS@
      List of keywords: {
          @M2KEYWORDS@
      }


i11 : generateGrammar(template, outfile, x -> demark(",\n    ", x))
 -- generating /tmp/M2-30819-0/0

i12 : get outfile

o12 = Auto-generated for Macaulay2-1.26.05. Do not modify this file manually.

      This is an example file for the generateGrammar method!
      String regex: "///\\(/?/?[^/]\\|\\(//\\)*////[^/]\\)*\\(//\\)*///"
      List of keywords: {
          SPACE,
          TEST,
          and,
          break,
          breakpoint,
          catch,
          continue,
          do,
          elapsedTime,
          elapsedTiming,
          else,
          except,
          finish,
          for,
          from,
          global,
          if,
          in,
          list,
          local,
          new,
          not,
          of,
          or,
          profile,
          return,
          shield,
          step,
          symbol,
          then,
          threadLocal,
          threadVariable,
          throw,
          time,
          timing,
          to,
          trap,
          try,
          when,
          while,
          xor
      }


i13 : 
