-- -*- M2-comint -*- hash: 103282631431283903

i1 : x = toPython 2

o1 = 2

o1 : PythonObject of class int

i2 : x ^= toPython 3

o2 = 8

o2 : PythonObject of class int

i3 : x

o3 = 8

o3 : PythonObject of class int

i4 : x = toPython 6

o4 = 6

o4 : PythonObject of class int

i5 : x **= toPython 2

o5 = 36

o5 : PythonObject of class int

i6 : x

o6 = 36

o6 : PythonObject of class int

i7 : x = toPython 16

o7 = 16

o7 : PythonObject of class int

i8 : x ^= 2

o8 = 256

o8 : PythonObject of class int

i9 : x

o9 = 256

o9 : PythonObject of class int

i10 : 
