-- -*- M2-comint -*- hash: 1562136845393174301

i1 : toPython true or toPython true

o1 = True

o1 : PythonObject of class bool

i2 : toPython true or false

o2 = True

o2 : PythonObject of class bool

i3 : false or toPython true

o3 = True

o3 : PythonObject of class bool

i4 : toPython 0 or toPython "foo"

o4 = foo

o4 : PythonObject of class str

i5 : toPython 5 or toPython "bar"

o5 = 5

o5 : PythonObject of class int

i6 : stopIfError = false

o6 = false

i7 : toPython 1 or 1/0
stdio:7:15:(3):[1]: error: division by zero

i8 : true or pythonValue "1/0"

o8 = true

i9 : 
