-- -*- M2-comint -*- hash: 12527435912626836215

i1 : x = toPython 2

o1 = 2

o1 : PythonObject of class int

i2 : x *= toPython 3

o2 = 6

o2 : PythonObject of class int

i3 : x

o3 = 6

o3 : PythonObject of class int

i4 : x = toPython 4

o4 = 4

o4 : PythonObject of class int

i5 : x *= 5

o5 = 20

o5 : PythonObject of class int

i6 : x

o6 = 20

o6 : PythonObject of class int

i7 : x = toPython {1, 2, 3}

o7 = [1, 2, 3]

o7 : PythonObject of class list

i8 : x *= 3

o8 = [1, 2, 3, 1, 2, 3, 1, 2, 3]

o8 : PythonObject of class list

i9 : x

o9 = [1, 2, 3, 1, 2, 3, 1, 2, 3]

o9 : PythonObject of class list

i10 : 
