-- -*- M2-comint -*- hash: 570471715874586170

i1 : x = toPython 5

o1 = 5

o1 : PythonObject of class int

i2 : x -= toPython 3

o2 = 2

o2 : PythonObject of class int

i3 : x

o3 = 2

o3 : PythonObject of class int

i4 : x = toPython 9

o4 = 9

o4 : PythonObject of class int

i5 : x -= 5

o5 = 4

o5 : PythonObject of class int

i6 : x

o6 = 4

o6 : PythonObject of class int

i7 : x = toPython set {1, 2, 3}

o7 = {1, 2, 3}

o7 : PythonObject of class set

i8 : x -= set {3}

o8 = {1, 2}

o8 : PythonObject of class set

i9 : x

o9 = {1, 2}

o9 : PythonObject of class set

i10 : 
