-- -*- M2-comint -*- hash: 12056207961137343663

i1 : x = toPython 2

o1 = 2

o1 : PythonObject of class int

i2 : x += toPython 3

o2 = 5

o2 : PythonObject of class int

i3 : x

o3 = 5

o3 : PythonObject of class int

i4 : x = toPython 4

o4 = 4

o4 : PythonObject of class int

i5 : x += 5

o5 = 9

o5 : PythonObject of class int

i6 : x

o6 = 9

o6 : PythonObject of class int

i7 : x = toPython {1, 2, 3}

o7 = [1, 2, 3]

o7 : PythonObject of class list

i8 : x += {4}

o8 = [1, 2, 3, 4]

o8 : PythonObject of class list

i9 : x

o9 = [1, 2, 3, 4]

o9 : PythonObject of class list

i10 : 
