-- -*- M2-comint -*- hash: 7621713231391378141

i1 : toPython true and toPython true

o1 = True

o1 : PythonObject of class bool

i2 : toPython true and false

o2 = false

i3 : false and toPython true

o3 = false

i4 : toPython 0 and toPython "foo"

o4 = 0

o4 : PythonObject of class int

i5 : toPython 5 and toPython "bar"

o5 = bar

o5 : PythonObject of class str

i6 : stopIfError = false

o6 = false

i7 : toPython 0 and 1/0
stdio:7:16:(3):[1]: error: division by zero

i8 : false and pythonValue "1/0"

o8 = false

i9 : 
