-- -*- M2-comint -*- hash: 14277039377822184593

i1 : (q, r) = quotientRemainder(toPython 5, toPython 3)

o1 = (1, 2)

o1 : Sequence

i2 : q

o2 = 1

o2 : PythonObject of class int

i3 : r

o3 = 2

o3 : PythonObject of class int

i4 : quotientRemainder(toPython 9, 5)

o4 = (1, 4)

o4 : Sequence

i5 : quotientRemainder(11, toPython 7)

o5 = (1, 4)

o5 : Sequence

i6 : quotientRemainder(5, -3)

o6 = (-1, 2)

o6 : Sequence

i7 : quotientRemainder(toPython 5, -3)

o7 = (-2, -1)

o7 : Sequence

i8 : 
