-- -*- M2-comint -*- hash: 16581462038819209327

i1 : math = import "math"

o1 = <module 'math' (built-in)>

o1 : PythonObject of class module

i2 : pysqrt = toFunction math@@sqrt

o2 = pysqrt

o2 : FunctionClosure

i3 : pysqrt 2

o3 = 1.4142135623730951

o3 : PythonObject of class float

i4 : builtins = import "builtins"

o4 = <module 'builtins' (built-in)>

o4 : PythonObject of class module

i5 : int = toFunction builtins@@int

o5 = int

o5 : FunctionClosure

i6 : int("deadbeef", "base" => 16)

o6 = 3735928559

o6 : PythonObject of class int

i7 : math@@cos pi

o7 = -1.0

o7 : PythonObject of class float

i8 : 
