-- -*- M2-comint -*- hash: 11676613167871410207

i1 : R := ZZ; n := 6; m := matrix{{3, 2, 4, 6}};

              1       4
o3 : Matrix ZZ  <-- ZZ

i4 : result := LRtriple(n,m);

i5 : stdio << "the fixed flags :\n" << result_0;
the fixed flags :
 -4.08248290463863E-01   0.00000000000000E+00 -5.52291153840595E-01  -3.20354786736258E-01  3.00148680954392E-01  -1.38372183005239E-02 -6.37666992991896E-03   1.41805624757839E-01 -4.65529995487783E-02  -4.08015348853064E-03 -3.49013097649924E-02   5.58433969305074E-01
  3.75348404566087E-01   1.60562267847585E-01 -1.20998623584318E-01   1.48355783340275E-01  3.84163821944504E-03   4.79330393639519E-01 -5.65682436165631E-01   3.49113198989077E-02  2.66433307738229E-01  -3.18072056992082E-01  7.97202212219973E-02   2.59197936134032E-01
 -2.73213278542767E-01  -3.03349915270433E-01 -4.77232740077307E-01   4.95350947442754E-01 -4.93141317988064E-02   1.96820817594326E-01 -4.78466555072548E-02   4.19391410361424E-02  2.01521435622253E-02  -7.78270264220679E-02 -3.94603890391076E-01  -3.90916598429806E-01
  4.05652481790899E-01  -4.59644502148204E-02 -1.33593977884285E-01   9.00525542076860E-02  1.02178576434291E-01  -5.85708922237358E-01 -4.21513296950303E-01   9.91413218152666E-02 -8.47493772899914E-02   3.35392574181780E-01 -3.72596271443866E-01   8.87695801391876E-02
  1.59376382092429E-01  -3.75853476101785E-01 -5.20504767775197E-02   1.68015390176812E-01 -2.05919043059226E-01   5.06806865869043E-02  3.20796661913698E-02  -5.14878596732920E-01 -5.83927688364331E-01  -1.18421335653380E-01  8.17193794668647E-02   3.60029771357107E-01
 -4.00522034116776E-01  -7.90491420170170E-02  1.47660201302845E-01  -6.22476131795562E-02 -8.92747966170439E-02  -4.82016619794069E-01 -4.20404964427120E-01  -1.55611761642322E-01  8.39291249217268E-02  -5.80935954286932E-01  1.06740343577971E-01  -1.02300955285558E-01

THE MOVED FLAG :
  1  1  1  1  1  1
 -1 -1 -1 -1 -1  0
  1  1  1  1  0  0
 -1 -1 -1  0  0  0
  1  1  0  0  0  0
 -1  0  0  0  0  0

THE 3-SOLUTION PLANES :
 -8.49166417601345E-01   4.72045784058650E-01  0.00000000000000E+00   0.00000000000000E+00  0.00000000000000E+00   0.00000000000000E+00
  1.00000000000000E+00   0.00000000000000E+00  0.00000000000000E+00   0.00000000000000E+00  0.00000000000000E+00   0.00000000000000E+00
  0.00000000000000E+00   0.00000000000000E+00  1.01395525687074E-01   3.07415607777435E-01  0.00000000000000E+00   0.00000000000000E+00
  0.00000000000000E+00   0.00000000000000E+00  1.00000000000000E+00   0.00000000000000E+00  0.00000000000000E+00   0.00000000000000E+00
  0.00000000000000E+00   0.00000000000000E+00  0.00000000000000E+00   0.00000000000000E+00 -6.21177571007610E-01   8.92699867194805E-01
  0.00000000000000E+00   0.00000000000000E+00  0.00000000000000E+00   0.00000000000000E+00  1.00000000000000E+00   0.00000000000000E+00

 -4.98813940323641E-01   5.88891269363012E-01  0.00000000000000E+00   0.00000000000000E+00  0.00000000000000E+00   0.00000000000000E+00
  1.00000000000000E+00   0.00000000000000E+00  0.00000000000000E+00   0.00000000000000E+00  0.00000000000000E+00   0.00000000000000E+00
  0.00000000000000E+00   0.00000000000000E+00 -1.10107931003632E+00  -1.71334175838280E+00  0.00000000000000E+00   0.00000000000000E+00
  0.00000000000000E+00   0.00000000000000E+00  1.00000000000000E+00   0.00000000000000E+00  0.00000000000000E+00   0.00000000000000E+00
  0.00000000000000E+00   0.00000000000000E+00  0.00000000000000E+00   0.00000000000000E+00 -1.02440491331343E-01  -8.19943121309393E-01
  0.00000000000000E+00   0.00000000000000E+00  0.00000000000000E+00   0.00000000000000E+00  1.00000000000000E+00   0.00000000000000E+00


i6 : stdio << "polynomial system solved :\n" << result_1;
polynomial system solved :
 6 3

+( 3.48721188060071E-02 + 2.75824157956500E-01*i)*x11*x32*x53
+(-2.49083079516095E-01 + 7.83927527997234E-01*i)*x11*x32
+(-6.52750199919717E-02 + 1.06896253850106E-01*i)*x11*x53
+( 3.53623690132164E-01 + 1.67404718498563E-01*i)*x32*x53
+(-1.64223351013978E-01 + 3.43278469448339E-01*i)*x11
+( 2.04496424887261E-01 + 5.33066257419077E-01*i)*x32
+( 2.96090794537048E-01 + 1.59542371365535E-01*i)*x53
+( 2.32363547079551E-01 + 1.37559793672126E-01*i);

+( 1.06341203591152E-01 + 1.93717804615133E-01*i)*x11*x32*x53
+(-1.64400796591072E-01 + 3.85600633512091E-01*i)*x11*x32
+( 3.17905790603765E-02 + 4.44768300824267E-01*i)*x11*x53
+( 2.83439538829934E-01 + 1.53355128402779E-01*i)*x32*x53
+(-2.76653544027069E-01 + 4.58958519576222E-01*i)*x11
+( 1.49273439759627E-01 + 3.40391099915240E-01*i)*x32
+( 2.98152320806321E-01 + 4.67751491480367E-01*i)*x53
+( 1.13225824970332E-01 + 5.28056021523180E-01*i);

+(-2.32005635638251E-01 + 6.36519184619751E-01*i)*x11*x32*x53
+( 1.71521151077799E-01 + 1.79147036560128E-01*i)*x11*x32
+( 4.49071488731622E-02 + 3.77668926772083E-02*i)*x11*x53
+( 3.05544493012809E-01 + 4.26644700959873E-01*i)*x32*x53
+(-7.03686492290483E-03 - 7.50204893244611E-02*i)*x11
+( 1.92832471749043E-01 - 5.04009830606959E-02*i)*x32
+( 8.91981978728679E-02 + 1.32833717422883E-02*i)*x53
+( 3.84561924418515E-02 - 1.19812098479945E-01*i);

+(-4.91852841375505E-01 + 2.00265419758288E-01*i)*x11*x32*x53
+(-2.64326876933734E-01 + 3.58432197909083E-01*i)*x11*x32
+(-5.23714558218484E-01 - 3.61657578537216E-01*i)*x11*x53
+(-2.50007757961144E-01 + 1.09167215671634E-01*i)*x32*x53
+(-7.56995185387563E-01 + 2.56294628527244E-01*i)*x11
+(-1.01149620132580E-01 + 2.97234924068728E-01*i)*x32
+(-2.95515643654871E-01 - 2.61330654696900E-01*i)*x53
+(-4.84716352525925E-01 + 1.00187589240229E-01*i);

+( 1.10861160800096E-01 + 4.04513129780771E-02*i)*x11*x32*x53
+( 2.54474710752582E-02 - 2.10330853644820E-01*i)*x11*x32
+( 1.77248393607912E-01 + 3.76388944838629E-01*i)*x11*x53
+( 6.90155394068714E-02 + 7.00501618579355E-03*i)*x32*x53
+( 4.81935025342755E-01 + 5.90585627321777E-02*i)*x11
+(-9.19163393595927E-02 - 1.07243959591949E-01*i)*x32
+( 2.45230157967257E-01 + 1.13821000479450E-01*i)*x53
+( 2.86213193461383E-01 - 1.79239180111174E-01*i);

+(-6.63334138037311E-02 - 1.74832550131945E-01*i)*x11*x32*x53
+( 1.63686913989856E-01 - 2.95864938136864E-01*i)*x11*x32
+(-6.95104409829512E-02 - 2.34732104189612E-01*i)*x11*x53
+(-2.62855336342464E-01 - 1.97406184056208E-01*i)*x32*x53
+(-2.41749593995229E-01 - 1.45943251382589E-01*i)*x11
+(-1.88131312067032E-01 - 2.51055348607522E-01*i)*x32
+(-1.27617205052390E-01 - 3.45630004403724E-01*i)*x53
+(-3.98811707367800E-01 - 1.48516868169714E-01*i);

ROOT REFINING PARAMETERS
  1. output during the iterations    :  no
  2. deflate isolated singularities  :  yes
  3. tolerance for error on the root :  1.000E-08
  4. tolerance for the residual      :  1.000E-08
  5. tolerance for singular roots    :  1.000E-08
  6. maximum number of iterations    :  3


i7 : stdio << "solutions :\n" << result_2;
solutions :

2 3
===========================================================================
solution 1 :    start residual :  1.044E-15   #iterations : 1   success
t :  1.00000000000000E+00   0.00000000000000E+00
m : 1
the solution for t :
 x11 : -8.49166417601345E-01   4.72045784058650E-01
 x32 :  1.01395525687074E-01   3.07415607777434E-01
 x53 : -6.21177571007610E-01   8.92699867194805E-01
== err :  5.106E-16 = rco :  2.077E-01 = res :  1.457E-16 = complex regular ==
solution 2 :    start residual :  5.093E-15   #iterations : 1   success
t :  1.00000000000000E+00   0.00000000000000E+00
m : 1
the solution for t :
 x11 : -4.98813940323641E-01   5.88891269363012E-01
 x32 : -1.10107931003632E+00  -1.71334175838280E+00
 x53 : -1.02440491331345E-01  -8.19943121309389E-01
== err :  2.430E-15 = rco :  9.824E-02 = res :  3.331E-16 = complex regular ==
===========================================================================
A list of 2 solutions has been refined :
Number of regular solutions     : 2.
Number of singular solutions    : 0.
Number of real solutions        : 0.
Number of complex solutions     : 2.
Number of clustered solutions   : 0.
Number of solutions at infinity : 0.
Number of failures              : 0.
===========================================================================
Frequency tables for correction, residual, and condition numbers :
FreqCorr :  0 0 0 0 0 0 0 0 0 0 0 0 0 0 0 2 : 2
FreqResi :  0 0 0 0 0 0 0 0 0 0 0 0 0 0 0 2 : 2
FreqCond :  1 1 0 0 0 0 0 0 0 0 0 0 0 0 0 0 : 2
Small correction terms and residuals counted to the right.
Well conditioned and distinct roots counted to the left.

THE SOLUTIONS :
2 3
===========================================================================
solution 1 :
t :  1.00000000000000E+00   0.00000000000000E+00
m : 1
the solution for t :
 x11 : -8.49166417601345E-01   4.72045784058650E-01
 x32 :  1.01395525687074E-01   3.07415607777434E-01
 x53 : -6.21177571007610E-01   8.92699867194805E-01
== err :  5.106E-16 = rco :  2.077E-01 = res :  1.457E-16 ==
solution 2 :
t :  1.00000000000000E+00   0.00000000000000E+00
m : 1
the solution for t :
 x11 : -4.98813940323641E-01   5.88891269363012E-01
 x32 : -1.10107931003632E+00  -1.71334175838280E+00
 x53 : -1.02440491331345E-01  -8.19943121309389E-01
== err :  2.430E-15 = rco :  9.824E-02 = res :  3.331E-16 ==

TIMING INFORMATION for Root refining
The elapsed time in seconds was                  0.000540000 =  0h 0m 0s  1ms
User time in seconds was                         0.000540000 =  0h 0m 0s  1ms
System CPU time in seconds was                   0.000000000 =  0h 0m 0s  0ms
Non-I/O page faults was                                   7
I/O page faults was                                       0
Signals delivered was                                     0
Swaps was                                                 0
Total context switches was                                0

TIMING INFORMATION for resolving a Schubert problem
The elapsed time in seconds was                  0.011327000 =  0h 0m 0s 11ms
User time in seconds was                         0.011327000 =  0h 0m 0s 11ms
System CPU time in seconds was                   0.000000000 =  0h 0m 0s  0ms
Non-I/O page faults was                                  57
I/O page faults was                                       0
Signals delivered was                                     0
Swaps was                                                 0
Total context switches was                                1

Seed used in random number generators : 45402.
PHCv2.4.90 released 2024-03-20

i8 : 
