-- -*- M2-comint -*- hash: 15252345435300204184

i1 : (ipt, otp) := PieriHomotopies(2,2);

i2 : print ipt
{| -.5                 -.244109+.617325ii  |, | -.5                -.545807-.098816ii  |, | -.5                .351088-.343207ii  |, | -.5                 -.280123-.281995ii |}
 | .134774+.481493ii   -.379732+.0228917ii |  | .497963-.0450906ii -.446656+.0163973ii |  | -.425855+.262007ii -.612855-.158763ii |  | .0586336+.49655ii   -.611051+.103753ii |
 | .124142+.484344ii   -.267478+.362334ii  |  | .0987589+.49015ii  .516646-.106397ii   |  | .108881+.488001ii  .442801-.0138364ii |  | -.498043-.0441993ii .0758491+.449634ii |
 | -.0143564-.499794ii -.0906695+.451164ii |  | -.220944-.448535ii .448997-.112775ii   |  | .499136+.0293785ii -.148909-.373779ii |  | .35123-.355861ii    -.465096-.183368ii |

i3 : print otp
{| 1                   0                  |, | 1                0                  |}
 | .0605868-1.0909ii   -1.28449-.953831ii |  | .538743-.3879ii  -.555036+.108627ii |
 | -.114608+.0448008ii 1                  |  | .238329-1.3715ii 1                  |
 | 0                   -1.57758+.716733ii |  | 0                .661307+.498088ii  |

i4 : in0 = ipt_0

o4 = | -.5                 -.244109+.617325ii  |
     | .134774+.481493ii   -.379732+.0228917ii |
     | .124142+.484344ii   -.267478+.362334ii  |
     | -.0143564-.499794ii -.0906695+.451164ii |

                4         2
o4 : Matrix CC    <-- CC
              53        53

i5 : out0 = otp_0

o5 = | 1                   0                  |
     | .0605868-1.0909ii   -1.28449-.953831ii |
     | -.114608+.0448008ii 1                  |
     | 0                   -1.57758+.716733ii |

                4         2
o5 : Matrix CC    <-- CC
              53        53

i6 : m = in0|out0

o6 = | -.5                 -.244109+.617325ii  1                  
     | .134774+.481493ii   -.379732+.0228917ii .0605868-1.0909ii  
     | .124142+.484344ii   -.267478+.362334ii  -.114608+.0448008ii
     | -.0143564-.499794ii -.0906695+.451164ii 0                  
     ------------------------------------------------------------------------
     0                  |
     -1.28449-.953831ii |
     1                  |
     -1.57758+.716733ii |

                4         4
o6 : Matrix CC    <-- CC
              53        53

i7 : det m

o7 = -7.218986261377312e-16+1.049883581666524e-15*ii

o7 : CC (of precision 53)

i8 : 
