-- -*- M2-comint -*- hash: 9868346020429268805

i1 : (f, p, s) = LRtriple(6,matrix{{3, 2, 4, 6}});

i2 : (R, pols, sols, fixedFlags, movedFlag, solutionPlanes) = parseTriplet(f, p, s)

o2 = (R, {(- .196774 + .116858*ii)x11*x32*x53 + (.264655 + .270055*ii)x11*x32
                                                                             
                                                                             
                                                                             
                                                                             
                                                                             
     ------------------------------------------------------------------------
     + (.0284366 + .108394*ii)x11*x53 + (- .0103847 + .105671*ii)x32*x53 +
                                                                          
                                                                          
                                                                          
                                                                          
                                                                          
     ------------------------------------------------------------------------
     (.35334 + .499757*ii)x11 + (- .046372 - .158243*ii)x32 + (.0778081 +
                                                                         
                                                                         
                                                                         
                                                                         
                                                                         
     ------------------------------------------------------------------------
     .0186199*ii)x53 + .0496511 + .331821*ii, (- .366263 -
                                                          
                                                          
                                                          
                                                          
                                                          
     ------------------------------------------------------------------------
     .439336*ii)x11*x32*x53 + (- .556955 + .429833*ii)x11*x32 + (- .610645 -
                                                                            
                                                                            
                                                                            
                                                                            
                                                                            
     ------------------------------------------------------------------------
     .259414*ii)x11*x53 + (- .00876343 + .0121187*ii)x32*x53 + (- .299591 +
                                                                           
                                                                           
                                                                           
                                                                           
                                                                           
     ------------------------------------------------------------------------
     .401486*ii)x11 + (- .0987596 + .213187*ii)x32 + (- .289076 -
                                                                 
                                                                 
                                                                 
                                                                 
                                                                 
     ------------------------------------------------------------------------
     .109131*ii)x53 - .112068 + .181386*ii, (- .997715 +
                                                        
                                                        
                                                        
                                                        
                                                        
     ------------------------------------------------------------------------
     .00552903*ii)x11*x32*x53 + (- .804737 - .396531*ii)x11*x32 + (- .862887
                                                                            
                                                                            
                                                                            
                                                                            
                                                                            
     ------------------------------------------------------------------------
     - .23162*ii)x11*x53 + (- .88714 - .496677*ii)x32*x53 + (- .521237 -
                                                                        
                                                                        
                                                                        
                                                                        
                                                                        
     ------------------------------------------------------------------------
     .565757*ii)x11 + (- .566515 - .668184*ii)x32 + (- .680162 -
                                                                
                                                                
                                                                
                                                                
                                                                
     ------------------------------------------------------------------------
     .530195*ii)x53 - .299347 - .687185*ii, (.350587 + .586194*ii)x11*x32*x53
                                                                             
                                                                             
                                                                             
                                                                             
                                                                             
     ------------------------------------------------------------------------
     + (- .0187159 + .0773046*ii)x11*x32 + (.0311978 + .35787*ii)x11*x53 +
                                                                          
                                                                          
                                                                          
                                                                          
                                                                          
     ------------------------------------------------------------------------
     (.40078 + .477682*ii)x32*x53 + (- .0365135 - .270014*ii)x11 + (.0900891
                                                                            
                                                                            
                                                                            
                                                                            
                                                                            
     ------------------------------------------------------------------------
     + .0408774*ii)x32 + (.359767 + .37903*ii)x53 + .201351 - .147811*ii, (-
                                                                            
                                                                            
                                                                            
                                                                            
                                                                            
     ------------------------------------------------------------------------
     .574088 + .160076*ii)x11*x32*x53 + (.00865423 - .287752*ii)x11*x32 + (-
                                                                            
                                                                            
                                                                            
                                                                            
                                                                            
     ------------------------------------------------------------------------
     .327738 + .24547*ii)x11*x53 + (- .164712 + .0349886*ii)x32*x53 +
                                                                     
                                                                     
                                                                     
                                                                     
                                                                     
     ------------------------------------------------------------------------
     (.00154827 + .0676447*ii)x11 + (.287197 - .172673*ii)x32 + (- .197754 +
                                                                            
                                                                            
                                                                            
                                                                            
                                                                            
     ------------------------------------------------------------------------
     .0871318*ii)x53 + .137094 + .0578296*ii, (.617629 +
                                                        
                                                        
                                                        
                                                        
                                                        
     ------------------------------------------------------------------------
     .838135*ii)x11*x32*x53 + (.152257 + .775565*ii)x11*x32 + (.842617 +
                                                                        
                                                                        
                                                                        
                                                                        
                                                                        
     ------------------------------------------------------------------------
     .35479*ii)x11*x53 + (.154884 - .0696169*ii)x32*x53 + (.795534 +
                                                                    
                                                                    
                                                                    
                                                                    
                                                                    
     ------------------------------------------------------------------------
     .730853*ii)x11 + (.166972 + .136284*ii)x32 + (.314024 + .0718551*ii)x53
                                                                            
                                                                            
                                                                            
                                                                            
                                                                            
     ------------------------------------------------------------------------
     + .586342 + .437935*ii}, {{-1.03487-.029234*ii, -.531069+.263283*ii,
                                                                         
                                                                         
                                                                         
                                                                         
                                                                         
     ------------------------------------------------------------------------
     -.625958-.354345*ii}, {-.235332-.658583*ii, -.873056-.128462*ii,
                                                                     
                                                                     
                                                                     
                                                                     
                                                                     
     ------------------------------------------------------------------------
     1.06398-1.17148*ii}}, {| -.408248           .0577174+.350554ii 
                            | -.33914-.227268ii  -.551323+.0937365ii
                            | -.182447+.365212ii -.287847-.250784ii 
                            | .244167+.327184ii  -.354157+.197727ii 
                            | -.244586+.326871ii -.166654-.307867ii 
                            | -.367049+.178722ii .20216+.295534ii   
     ------------------------------------------------------------------------
     .0487067+.213613ii  -.717897+.133446ii  .0234791-.150157ii  
     .00428938-.228593ii .398587+.253563ii   -.0749285-.326372ii 
     -.366064-.053623ii  -.123107+.155424ii  -.397471+.422892ii  
     -.137913+.266487ii  -.0664923+.151121ii .0328659-.542562ii  
     .63577+.412905ii    .127645-.319833ii   -.0831285-.0480796ii
     .175545-.259426ii   .235804+.0537551ii  .462188+.0982544ii  
     ------------------------------------------------------------------------
     -.106514-.302462ii   |}, | 1  1  1  1  1  1 |, {| -1.03487-.0292339ii
     -.192625-.309698ii   |   | -1 -1 -1 -1 -1 0 |   | 1                  
     .364358-.204494ii    |   | 1  1  1  1  0  0 |   | 0                  
     .34018+.37462ii      |   | -1 -1 -1 0  0  0 |   | 0                  
     -.0005346-.0909707ii |   | 1  1  0  0  0  0 |   | 0                  
     .569617-.0278857ii   |   | -1 0  0  0  0  0 |   | 0                  
     ------------------------------------------------------------------------
     0                  0                  |, | -.235332-.658583ii
     0                  0                  |  | 1                 
     -.531069+.263283ii 0                  |  | 0                 
     1                  0                  |  | 0                 
     0                  -.625958-.354345ii |  | 0                 
     0                  1                  |  | 0                 
     ------------------------------------------------------------------------
     0                  0                 |})
     0                  0                 |
     -.873056-.128462ii 0                 |
     1                  0                 |
     0                  1.06398-1.17148ii |
     0                  1                 |

o2 : Sequence

i3 : vars(R)

o3 = | x11 x32 x53 |

             1      3
o3 : Matrix R  <-- R

i4 : peek sols

o4 = {Point{cache => CacheTable{...3...}                             
            Coordinates => {-1.03487-.029234*ii, -.531069+.263283*ii,
     ------------------------------------------------------------------------
                         }, Point{cache => CacheTable{...3...}        
     -.625958-.354345*ii}         Coordinates => {-.235332-.658583*ii,
     ------------------------------------------------------------------------
                                             }}
     -.873056-.128462*ii, 1.06398-1.17148*ii}

i5 : peek solutionPlanes

o5 = {Matrix{cache => CacheTable{}                                                    }, Matrix{cache => CacheTable{}                                                 }}
             RawMatrix => -1.03487-0.0292339i 0                   0                             RawMatrix => -0.235332-0.658583i 0                   0                
                          1                   0                   0                                          1                   0                   0                
                          0                   -0.531069+0.263283i 0                                          0                   -0.873056-0.128462i 0                
                          0                   1                   0                                          0                   1                   0                
                          0                   0                   -0.625958-0.354345i                        0                   0                   1.06398-1.17148i 
                          0                   0                   1                                          0                   0                   1                

             ring => CC                                                                         ring => CC
                       53                                                                                 53
                           3                                                                                  3
             source => CC                                                                       source => CC
                         53                                                                                 53
                           6                                                                                  6
             target => CC                                                                       target => CC
                         53                                                                                 53

i6 : 
