-- -*- M2-comint -*- hash: 16331461213181971354

i1 : R = QQ[x_0..x_4]

o1 = R

o1 : PolynomialRing

i2 : p = new Partition from {2,2,1}

o2 = Partition{2, 2, 1}

o2 : Partition

i3 : S  = youngTableau(p,{0,2,1,3,4})

o3 = | 0 2 |
     | 1 3 |
     | 4 |

o3 : YoungTableau

i4 : T  = youngTableau(p,{0,1,2,3,4})

o4 = | 0 1 |
     | 2 3 |
     | 4 |

o4 : YoungTableau

i5 : time higherSpechtPolynomial(S,T,R)
 -- used 0.00183373s (cpu); 0.00183213s (thread); 0s (gc)

      3 2          2 3      3     2        3 2    3   2      2   3    
o5 = x x x x  - x x x x  - x x x x  + x x x x  + x x x x  - x x x x  -
      0 1 2 3    0 1 2 3    0 1 2 3    0 1 2 3    0 1 2 4    0 1 2 4  
     ------------------------------------------------------------------------
      3 2        3 2        2 3        2 3        3   2        3 2    
     x x x x  - x x x x  + x x x x  + x x x x  + x x x x  - x x x x  -
      0 1 3 4    0 2 3 4    0 2 3 4    1 2 3 4    0 1 3 4    1 2 3 4  
     ------------------------------------------------------------------------
      3     2        3 2    3     2      3   2    2     3        2 3  
     x x x x  + x x x x  + x x x x  - x x x x  + x x x x  - x x x x  +
      0 1 2 4    0 1 2 4    0 2 3 4    0 2 3 4    0 1 2 4    0 1 2 4  
     ------------------------------------------------------------------------
        2   3    2     3    2     3      2   3        2 3        2 3
     x x x x  - x x x x  - x x x x  + x x x x  - x x x x  + x x x x
      0 1 3 4    0 2 3 4    1 2 3 4    0 2 3 4    0 1 3 4    1 2 3 4

o5 : R

i6 : time higherSpechtPolynomial(S,T,R, Robust => false)
 -- used 0.00162326s (cpu); 0.00162339s (thread); 0s (gc)

      3 2          2 3      3     2        3 2    3   2      2   3    
o6 = x x x x  - x x x x  - x x x x  + x x x x  + x x x x  - x x x x  -
      0 1 2 3    0 1 2 3    0 1 2 3    0 1 2 3    0 1 2 4    0 1 2 4  
     ------------------------------------------------------------------------
      3 2        3 2        2 3        2 3        3   2        3 2    
     x x x x  - x x x x  + x x x x  + x x x x  + x x x x  - x x x x  -
      0 1 3 4    0 2 3 4    0 2 3 4    1 2 3 4    0 1 3 4    1 2 3 4  
     ------------------------------------------------------------------------
      3     2        3 2    3     2      3   2    2     3        2 3  
     x x x x  + x x x x  + x x x x  - x x x x  + x x x x  - x x x x  +
      0 1 2 4    0 1 2 4    0 2 3 4    0 2 3 4    0 1 2 4    0 1 2 4  
     ------------------------------------------------------------------------
        2   3    2     3    2     3      2   3        2 3        2 3
     x x x x  - x x x x  - x x x x  + x x x x  - x x x x  + x x x x
      0 1 3 4    0 2 3 4    1 2 3 4    0 2 3 4    0 1 3 4    1 2 3 4

o6 : R

i7 : time higherSpechtPolynomial(S,T,R, Robust => false, AsExpression => true)
 -- used 0.00243815s (cpu); 0.00243831s (thread); 0s (gc)

o7 = (- x  + x )(- x  + x )(- x  + x )(- x  + x )((x  + x  + x )(x )(x ) + (x )(x )(x ))
         0    2     0    4     2    4     1    3    0    2    4   3   1      4   2   0

o7 : Expression of class Product

i8 : 
