-- -*- M2-comint -*- hash: 15686564125947666730

i1 : B = threeDimSklyanin(QQ,{1,1,-1},{x,y,z})

o1 = B

o1 : FreeAlgebraQuotient

i2 : ncBasis(2,B)

o2 = | yx y2 yz zx zy z2 |

             1      6
o2 : Matrix B  <-- B

i3 : normalElements(B,2,r)

        2   2
o3 = ({y , z }, {| r_(z*x) r_(y*z)-r_(z*y) r_(y*x) |})

o3 : Sequence

i4 : normalElements(B,3,t)

o4 = ({}, {| t_(z^2*y) t_(z^2*x) t_(z*y*z) t_(z*y^2) t_(z*y*x)+t_(z^3)
     ------------------------------------------------------------------------
     t_(y*z*y) t_(y*z*x)-t_(z^3) t_(y^3)+t_(z^3) t_(y^2*x) |})

o4 : Sequence

i5 : g = -y^3-z*y*x+y*z*x+z^3

        3                    3
o5 = - y  + y*z*x - z*y*x + z

o5 : B

i6 : isCentral g

o6 = true

i7 : 
