-- -*- M2-comint -*- hash: 985890470730103878

i1 : kk = ZZ/32009

o1 = kk

o1 : QuotientRing

i2 : R = skewPolynomialRing(kk,1_kk,{x,y,z,w})

o2 = R

o2 : FreeAlgebraQuotient

i3 : nak = superpotential R

o3 = x*y*z*w - x*y*w*z - x*z*y*w + x*z*w*y + x*w*y*z - x*w*z*y - y*x*z*w +
     ------------------------------------------------------------------------
     y*x*w*z + y*z*x*w - y*z*w*x - y*w*x*z + y*w*z*x + z*x*y*w - z*x*w*y -
     ------------------------------------------------------------------------
     z*y*x*w + z*y*w*x + z*w*x*y - z*w*y*x - w*x*y*z + w*x*z*y + w*y*x*z -
     ------------------------------------------------------------------------
     w*y*z*x - w*z*x*y + w*z*y*x

o3 : kk <|x, y, z, w|>

i4 : ll = frac(QQ[a,b,c])

o4 = ll

o4 : FractionField

i5 : M = matrix {{1,a,b},{a^(-1),1,c},{b^(-1),c^(-1),1}}

o5 = | 1   a   b |
     | 1/a 1   c |
     | 1/b 1/c 1 |

              3       3
o5 : Matrix ll  <-- ll

i6 : S = skewPolynomialRing(ll,M,{x,y,z})

o6 = S

o6 : FreeAlgebraQuotient

i7 : wS = superpotential(S, Strategy => "Naive")

o7 = - a*b*c*x*y*z + a*b*x*z*y + b*c*y*x*z - c*y*z*x - a*z*x*y + z*y*x

o7 : ll <|x, y, z|>

i8 : T = threeDimSklyanin(QQ,{p,q,r})

o8 = T

o8 : FreeAlgebraQuotient

i9 : ideal T

            3 2   9      9     9      3 2   9     9      9      3 2
o9 = ideal (-p  + -q*r + -r*q, -p*r + -q  + -r*p, -p*q + -q*p + -r )
            4     2      4     4      4     2     2      4      4

o9 : Ideal of QQ <|p, q, r|>

i10 : wT = superpotential(T, Strategy => "Naive")

       3                               3                               3
o10 = p  + 6p*q*r + 3p*r*q + 3q*p*r + q  + 6q*r*p + 6r*p*q + 3r*q*p + r

o10 : QQ <|p, q, r|>

i11 : A = kk <| u,v |>

o11 = A

o11 : FreeAlgebra

i12 : I = ideal (u^2*v + v*u^2, v^2*u + u*v^2 )

              2       2     2    2
o12 = ideal (u v + v*u , u*v  + v u)

o12 : Ideal of A

i13 : Igb = NCGB(I, 10)

o13 = | u2v+vu2 uv2+v2u |

              1      2
o13 : Matrix A  <-- A

i14 : U = A/I

o14 = U

o14 : FreeAlgebraQuotient

i15 : wU = superpotential U

       2 2      2       2     2 2
o15 = u v  + u*v u + v*u v + v u

o15 : A

i16 : 
