-- -*- M2-comint -*- hash: 6860996532851631556

i1 : elapsedTime nonWeierstrassSemigroups(6,7)
(6, 7,  all semigroups are smoothable)
 -- 1.57754s elapsed

o1 = {}

o1 : List

i2 : LLdifficult={{6, 8, 9, 11}}

o2 = {{6, 8, 9, 11}}

o2 : List

i3 : elapsedTime nonWeierstrassSemigroups(6,8,LLdifficult,Verbose=>true)
(17, 5)
{6, 7, 8, 17}
unfolding
 -- .465944s elapsed
flatteningRelations
 -- .172516s elapsed
next gb
 -- .00197728s elapsed
true
 -- 1.01437s elapsed
{6, 7, 9, 17}
unfolding
 -- .475267s elapsed
flatteningRelations
 -- .209158s elapsed
next gb
 -- .00285754s elapsed
decompose
 -- .193138s elapsed
number of components: 2
support c, codim c: {(2, 2), (5, 2)}
{0, -1}
 -- 3.36299s elapsed
{6, 8, 9, 10}
unfolding
 -- .106461s elapsed
flatteningRelations
 -- .140063s elapsed
next gb
 -- .000438832s elapsed
true
 -- 1.26517s elapsed
{6, 8, 10, 11, 13}
unfolding
 -- .600728s elapsed
flatteningRelations
 -- .276314s elapsed
next gb
 -- .00431556s elapsed
decompose
 -- .934049s elapsed
number of components: 1
support c, codim c: {(5, 1)}
{-1}
 -- 3.02748s elapsed
 -- 8.67012s elapsed
0

{}
 -- .000003577s elapsed
 -- 8.7661s elapsed

o3 = {{6, 8, 9, 11}}

o3 : List

i4 : 
