-- -*- M2-comint -*- hash: 18390966075818191008

i1 : F = toField(QQ[c]/(c^3-2));

i2 : QQ[x]; F' = splittingField(x^3-2);

i4 : c' = baseChange_F' c

      1 4
o4 = --a
     18

o4 : F'

i5 : c'^3 == 2

o5 = true

i6 : F[x,y]; I = ideal(x-c, y-c^2);

o7 : Ideal of F[x..y]

i8 : baseChange_F' I

                 1 4      1 2
o8 = ideal (x - --a , y + -a )
                18        3

o8 : Ideal of F'[x..y]

i9 : F'[x]; c'' = last zeros(x^3-2);

i11 : baseChange(F', I, PrimitiveElement => c'')

                  1 4   1        1 5   1 2
o11 = ideal (x + --a  + -a, y - --a  - -a )
                 36     2       36     6

o11 : Ideal of F'[x..y]

i12 : QQ[x]; baseChange_7 (x^3-2)

       3
o13 = x  - 2

      ZZ
o13 : --[x]
       7

i14 : F[x]; baseChange_7 ideal(x-c)

                 2
o15 = ideal(x - a  - a + 3)

o15 : Ideal of GF 343[x]

i16 : baseChange_CC c

o16 = 1.259921049894873-5.517780598248869e-61*ii

o16 : CC (of precision 53)

i17 : oo^3

o17 = 1.999999999999999-2.627679217856992e-60*ii

o17 : CC (of precision 53)

i18 : baseChange_CC (c^3)

o18 = 2

o18 : CC (of precision 53)

i19 : baseChange(CC, c, PrimitiveElement => -.6+1.1*ii)

o19 = -.6299605249474365+1.091123635971721*ii

o19 : CC (of precision 53)

i20 : 
