-- -*- M2-comint -*- hash: 4764954370505373884

i1 : n = {2,3,2}

o1 = {2, 3, 2}

o1 : List

i2 : time degreeDeterminant n
 -- used 7.1484e-05s (cpu); 6.8558e-05s (thread); 0s (gc)

o2 = 6

i3 : M = genericMultidimensionalMatrix n;
warning: clearing value of symbol x2 to allow access to subscripted variables based on it
       : debug with expression   debug 1368   or with command line option   --debug 1368
warning: clearing value of symbol x1 to allow access to subscripted variables based on it
       : debug with expression   debug 5513   or with command line option   --debug 5513
warning: clearing value of symbol x0 to allow access to subscripted variables based on it
       : debug with expression   debug 6010   or with command line option   --debug 6010

o3 : 3-dimensional matrix of shape 2 x 3 x 2 over ZZ[a     ..a     ]
                                                      0,0,0   1,2,1

i4 : time degree determinant M
 -- used 0.0431138s (cpu); 0.0425007s (thread); 0s (gc)

o4 = {6}

o4 : List

i5 : 
