-- -*- M2-comint -*- hash: 6013064849487134497

i1 : genericSkewMultidimensionalMatrix(3,4)

o1 = {{{0, 0, 0, 0}, {0, 0, -a , -a }, {0, a , 0, -a }, {0, a , a , 0}}, {{0,
                              3    2        3       0        2   0           
     ------------------------------------------------------------------------
     0, a , a }, {0, 0, 0, 0}, {-a , 0, 0, -a }, {-a , 0, a , 0}}, {{0, -a ,
         3   2                    3          1      2      1              3 
     ------------------------------------------------------------------------
     0, a }, {a , 0, 0, a }, {0, 0, 0, 0}, {-a , -a , 0, 0}}, {{0, -a , -a ,
         0     3         1                    0    1                 2    0 
     ------------------------------------------------------------------------
     0}, {a , 0, -a , 0}, {a , a , 0, 0}, {0, 0, 0, 0}}}
           2       1        0   1

o1 : 3-dimensional matrix of shape 4 x 4 x 4 over QQ[a ..a ]
                                                      0   3

i2 : genericSkewMultidimensionalMatrix(3,4,CoefficientRing=>ZZ/101)

o2 = {{{0, 0, 0, 0}, {0, 0, -a , -a }, {0, a , 0, -a }, {0, a , a , 0}}, {{0,
                              3    2        3       0        2   0           
     ------------------------------------------------------------------------
     0, a , a }, {0, 0, 0, 0}, {-a , 0, 0, -a }, {-a , 0, a , 0}}, {{0, -a ,
         3   2                    3          1      2      1              3 
     ------------------------------------------------------------------------
     0, a }, {a , 0, 0, a }, {0, 0, 0, 0}, {-a , -a , 0, 0}}, {{0, -a , -a ,
         0     3         1                    0    1                 2    0 
     ------------------------------------------------------------------------
     0}, {a , 0, -a , 0}, {a , a , 0, 0}, {0, 0, 0, 0}}}
           2       1        0   1

                                                   ZZ
o2 : 3-dimensional matrix of shape 4 x 4 x 4 over ---[a ..a ]
                                                  101  0   3

i3 : genericSkewMultidimensionalMatrix(3,4,CoefficientRing=>ZZ/101,Variable=>"b")

o3 = {{{0, 0, 0, 0}, {0, 0, -b , -b }, {0, b , 0, -b }, {0, b , b , 0}}, {{0,
                              3    2        3       0        2   0           
     ------------------------------------------------------------------------
     0, b , b }, {0, 0, 0, 0}, {-b , 0, 0, -b }, {-b , 0, b , 0}}, {{0, -b ,
         3   2                    3          1      2      1              3 
     ------------------------------------------------------------------------
     0, b }, {b , 0, 0, b }, {0, 0, 0, 0}, {-b , -b , 0, 0}}, {{0, -b , -b ,
         0     3         1                    0    1                 2    0 
     ------------------------------------------------------------------------
     0}, {b , 0, -b , 0}, {b , b , 0, 0}, {0, 0, 0, 0}}}
           2       1        0   1

                                                   ZZ
o3 : 3-dimensional matrix of shape 4 x 4 x 4 over ---[b ..b ]
                                                  101  0   3

i4 : 
