-- -*- M2-comint -*- hash: 11182692451998420039

i1 : d = 2;

i2 : k = 3;

i3 : R = wordAlgebra(d);

i4 : Cd = CMonTensor(k, R); Cd // wordFormat --k-th level signature of the canonical monomial path in R^d

     1              1              2              1              4          
o5 = - [2, 2, 2] + -- [2, 2, 1] + -- [2, 1, 2] + -- [2, 1, 1] + -- [1, 2, 2]
     6             10             15             12             15          
     ------------------------------------------------------------------------
       1             1             1
     + - [1, 2, 1] + - [1, 1, 2] + - [1, 1, 1]
       6             4             6

i6 : R=QQ[t];

i7 : CMonPath = polyPath(for i from 1 to d list t^i) -- The canonical axis path in dimension d

o7 = Path in 2-dimensional space with 1 polynomial segment:

           2
     {{t, t }}

o7 : Path

i8 : Cd2 = sig(CMonPath, k); Cd2 // wordFormat --The k-th level signature

     1              1              2              1              4          
o9 = - [2, 2, 2] + -- [2, 2, 1] + -- [2, 1, 2] + -- [2, 1, 1] + -- [1, 2, 2]
     6             10             15             12             15          
     ------------------------------------------------------------------------
       1             1             1
     + - [1, 2, 1] + - [1, 1, 2] + - [1, 1, 1]
       6             4             6

i10 : 
