-- -*- M2-comint -*- hash: 997420962616587460

i1 : words = toList apply((3:1)..(3:3), i -> new Array from i);

i2 : lwords = lyndonWords(3,3)

o2 = {[1], [1, 1, 2], [1, 1, 3], [1, 2], [1, 2, 2], [1, 2, 3], [1, 3], [1, 3,
     ------------------------------------------------------------------------
     2], [1, 3, 3], [2], [2, 2, 3], [2, 3], [2, 3, 3], [3]}

o2 : List

i3 : R = QQ new Array from apply(words, i->x_i);

i4 : Q = QQ new Array from (apply(lwords,i->y_i) | {Degrees => apply(lwords, i->length(i))});

i5 : A3 = wordAlgebra(3);

i6 : lpolyHT = apply(words, i -> lyndonShuffle(i_A3));

i7 : lpols = apply(lpolyHT, f -> sum(pairs f, (term,coef) -> coef * product(pairs term, (word,ex)-> y_word^ex)));

i8 : lpols_{0..4}

      1 3
o8 = {-y   , y         , y         , - 2y          + y   y      , y         }
      6 [1]   [1, 1, 2]   [1, 1, 3]      [1, 1, 2]    [1] [1, 2]   [1, 2, 2]

o8 : List

i9 : m = map(Q,R,lpols);

o9 : RingMap Q <-- R

i10 : I = ker m;

o10 : Ideal of R

i11 : dim I

o11 = 14

i12 : degree I

o12 = 24

i13 : betti mingens I

             0  1
o13 = total: 1 81
          0: 1  .
          1: . 81

o13 : BettiTally

i14 : (mingens I)_(0,0)

                              2                                           
o14 = x         x          + x          + 2x         x          + 3x      
       [2, 3, 3] [3, 2, 3]    [3, 2, 3]     [2, 3, 3] [3, 3, 2]     [3, 2,
      -----------------------------------------------------------------------
                       2
        x          + 2x          - 3x         x          - 6x         x
      3] [3, 3, 2]     [3, 3, 2]     [2, 3, 2] [3, 3, 3]     [3, 2, 2] [3, 3,
      -----------------------------------------------------------------------
      3]

o14 : R

i15 : mons = flatten entries basis(3,Q);

i16 : S = QQ[z_1..z_(length mons)];

i17 : m = map(Q,S,mons);

o17 : RingMap Q <-- S

i18 : I = ker m;

o18 : Ideal of S

i19 : dim I

o19 = 14

i20 : degree I

o20 = 24

i21 : betti mingens I

             0  1
o21 = total: 1 81
          0: 1  .
          1: . 81

o21 : BettiTally

i22 : words = toList apply((4:1)..(4:2), i-> new Array from i);

i23 : lwords = lyndonWords(2,4);

i24 : R = QQ new Array from apply(words,i->x_i);

i25 : Q = QQ new Array from (apply(lwords,i->y_i) | {Degrees => apply(lwords, i->length(i))});

i26 : A2 = wordAlgebra(2);

i27 : lpolyHT = apply(words, i -> lyndonShuffle(i_A2));

i28 : lpols = apply(lpolyHT, f -> sum(pairs f, (term,coef) -> coef * product(pairs term, (word,ex)-> y_word^ex)));

i29 : mons = basis(4,Q)

o29 = | y_[1]^4 y_[1]^3y_[2] y_[1]^2y_[1, 2] y_[1]^2y_[2]^2 y_[1]y_[1, 1, 2]
      -----------------------------------------------------------------------
      y_[1]y_[1, 2]y_[2] y_[1]y_[1, 2, 2] y_[1]y_[2]^3 y_[1, 1, 1, 2] y_[1,
      -----------------------------------------------------------------------
      1, 2]y_[2] y_[1, 1, 2, 2] y_[1, 2]^2 y_[1, 2]y_[2]^2 y_[1, 2, 2]y_[2]
      -----------------------------------------------------------------------
      y_[1, 2, 2, 2] y_[2]^4 |

              1      16
o29 : Matrix Q  <-- Q

i30 : M = sub(matrix apply(lpols, i -> (flatten entries (coefficients(i, Monomials => mons))#1) ),QQ)

o30 = | 1/24 0   0    0   0  0  0  0   0  0  0  0    0    0  0  0    |
      | 0    0   0    0   0  0  0  0   1  0  0  0    0    0  0  0    |
      | 0    0   0    0   1  0  0  0   -3 0  0  0    0    0  0  0    |
      | 0    0   0    0   0  0  0  0   0  0  1  0    0    0  0  0    |
      | 0    0   1/2  0   -2 0  0  0   3  0  0  0    0    0  0  0    |
      | 0    0   0    0   0  0  0  0   0  0  -2 1/2  0    0  0  0    |
      | 0    0   0    0   0  0  1  0   0  0  0  -1/2 0    0  0  0    |
      | 0    0   0    0   0  0  0  0   0  0  0  0    0    0  1  0    |
      | 0    1/6 -1/2 0   1  0  0  0   -1 0  0  0    0    0  0  0    |
      | 0    0   0    0   0  0  0  0   0  1  0  -1/2 0    0  0  0    |
      | 0    0   0    0   0  1  -2 0   0  -2 2  1/2  0    0  0  0    |
      | 0    0   0    0   0  0  0  0   0  0  0  0    0    1  -3 0    |
      | 0    0   0    1/4 0  -1 1  0   0  1  -1 0    0    0  0  0    |
      | 0    0   0    0   0  0  0  0   0  0  0  0    1/2  -2 3  0    |
      | 0    0   0    0   0  0  0  1/6 0  0  0  0    -1/2 1  -1 0    |
      | 0    0   0    0   0  0  0  0   0  0  0  0    0    0  0  1/24 |

               16       16
o30 : Matrix QQ   <-- QQ

i31 : M^(-1)

o31 = | 24 0 0 0 0 0 0 0 0 0 0 0 0 0 0 0  |
      | 0  6 6 0 6 0 0 0 6 0 0 0 0 0 0 0  |
      | 0  6 4 0 2 0 0 0 0 0 0 0 0 0 0 0  |
      | 0  0 0 4 0 4 4 0 0 4 4 0 4 0 0 0  |
      | 0  3 1 0 0 0 0 0 0 0 0 0 0 0 0 0  |
      | 0  0 0 4 0 3 2 0 0 2 1 0 0 0 0 0  |
      | 0  0 0 2 0 1 1 0 0 0 0 0 0 0 0 0  |
      | 0  0 0 0 0 0 0 6 0 0 0 6 0 6 6 0  |
      | 0  1 0 0 0 0 0 0 0 0 0 0 0 0 0 0  |
      | 0  0 0 2 0 1 0 0 0 1 0 0 0 0 0 0  |
      | 0  0 0 1 0 0 0 0 0 0 0 0 0 0 0 0  |
      | 0  0 0 4 0 2 0 0 0 0 0 0 0 0 0 0  |
      | 0  0 0 0 0 0 0 6 0 0 0 4 0 2 0 0  |
      | 0  0 0 0 0 0 0 3 0 0 0 1 0 0 0 0  |
      | 0  0 0 0 0 0 0 1 0 0 0 0 0 0 0 0  |
      | 0  0 0 0 0 0 0 0 0 0 0 0 0 0 0 24 |

               16       16
o31 : Matrix QQ   <-- QQ

i32 : A2 = wordAlgebra(2, CoefficientRing => Q)

o32 = A2

o32 : NCPolynomialRing

i33 : lbasis = apply(lwords, i -> lieBasis(i,A2));

i34 : lT = sum(0..length(lbasis)-1, i-> Q_i * lbasis_i);

i35 : gT = tensorExp(lT,4);

i36 : lpols = apply(words, i-> gT @ i_A2)

        1 4                    1                 1 2             1 3         
o36 = {--y   , y             + -y   y          + -y   y       + --y   y   , -
       24 [1]   [1, 1, 1, 2]   2 [1] [1, 1, 2]   6 [1] [1, 2]   24 [1] [2]   
      -----------------------------------------------------------------------
                       1                  1 3                       
      3y             - -y   y          + --y   y   , y             +
        [1, 1, 1, 2]   2 [1] [1, 1, 2]   24 [1] [2]   [1, 1, 2, 2]  
      -----------------------------------------------------------------------
      1                 1                 1                   1 2   2   
      -y   y          + -y         y    + -y   y      y    + --y   y   ,
      2 [1] [1, 2, 2]   2 [1, 1, 2] [2]   6 [1] [1, 2] [2]   24 [1] [2] 
      -----------------------------------------------------------------------
                       1                  1 3                           1 2  
      3y             - -y   y          + --y   y   , - 2y             + -y   
        [1, 1, 1, 2]   2 [1] [1, 1, 2]   24 [1] [2]      [1, 1, 2, 2]   2 [1,
      -----------------------------------------------------------------------
                                             1                   1 2   2     
         - y   y          - y         y    + -y   y      y    + --y   y   , -
      2]    [1] [1, 2, 2]    [1, 1, 2] [2]   6 [1] [1, 2] [2]   24 [1] [2]   
      -----------------------------------------------------------------------
      1 2                          1 2   2                    1              
      -y       + y   y          + --y   y   , y             + -y         y   
      2 [1, 2]    [1] [1, 2, 2]   24 [1] [2]   [1, 2, 2, 2]   2 [1, 2, 2] [2]
      -----------------------------------------------------------------------
        1        2      1     3                      1                
      + -y      y    + --y   y   , - y             + -y   y          -
        6 [1, 2] [2]   24 [1] [2]     [1, 1, 1, 2]   2 [1] [1, 1, 2]  
      -----------------------------------------------------------------------
      1 2             1 3          1 2                          1 2   2   
      -y   y       + --y   y   , - -y       + y         y    + --y   y   ,
      6 [1] [1, 2]   24 [1] [2]    2 [1, 2]    [1, 1, 2] [2]   24 [1] [2] 
      -----------------------------------------------------------------------
                       1 2                                          1        
      2y             + -y       - y   y          - y         y    - -y   y   
        [1, 1, 2, 2]   2 [1, 2]    [1] [1, 2, 2]    [1, 1, 2] [2]   6 [1] [1,
      -----------------------------------------------------------------------
                1 2   2                       1                  1     3     
        y    + --y   y   , - 3y             - -y         y    + --y   y   , -
      2] [2]   24 [1] [2]      [1, 2, 2, 2]   2 [1, 2, 2] [2]   24 [1] [2]   
      -----------------------------------------------------------------------
                      1                 1                 1                 
      y             + -y   y          + -y         y    - -y   y      y    +
       [1, 1, 2, 2]   2 [1] [1, 2, 2]   2 [1, 1, 2] [2]   6 [1] [1, 2] [2]  
      -----------------------------------------------------------------------
       1 2   2                     1                  1     3                
      --y   y   , 3y             - -y         y    + --y   y   , - y         
      24 [1] [2]    [1, 2, 2, 2]   2 [1, 2, 2] [2]   24 [1] [2]     [1, 2, 2,
      -----------------------------------------------------------------------
           1                 1        2      1     3     1 4
         + -y         y    - -y      y    + --y   y   , --y   }
      2]   2 [1, 2, 2] [2]   6 [1, 2] [2]   24 [1] [2]  24 [2]

o36 : List

i37 : M = sub(matrix apply(lpols, i -> (flatten entries (coefficients(i, Monomials => mons))#1) ),QQ);

               16       16
o37 : Matrix QQ   <-- QQ

i38 : M^(-1)

o38 = | 24 0   0    0   0    0    0    0   0   0    0    0    0    0    0  
      | 0  6   6    0   6    0    0    0   6   0    0    0    0    0    0  
      | 0  3   1    0   -1   0    0    0   -3  0    0    0    0    0    0  
      | 0  0   0    4   0    4    4    0   0   4    4    0    4    0    0  
      | 0  1/2 -1/2 0   -1/2 0    0    0   1/2 0    0    0    0    0    0  
      | 0  0   0    2   0    1    0    0   0   0    -1   0    -2   0    0  
      | 0  0   0    1/3 0    -1/6 1/3  0   0   -2/3 -1/6 0    1/3  0    0  
      | 0  0   0    0   0    0    0    6   0   0    0    6    0    6    6  
      | 0  0   -1/6 0   1/6  0    0    0   0   0    0    0    0    0    0  
      | 0  0   0    1/3 0    -1/6 -2/3 0   0   1/3  -1/6 0    1/3  0    0  
      | 0  0   0    1/6 0    -1/6 0    0   0   0    1/6  0    -1/6 0    0  
      | 0  0   0    1   0    0    -1   0   0   -1   0    0    1    0    0  
      | 0  0   0    0   0    0    0    3   0   0    0    1    0    -1   -3 
      | 0  0   0    0   0    0    0    1/2 0   0    0    -1/2 0    -1/2 1/2
      | 0  0   0    0   0    0    0    0   0   0    0    -1/6 0    1/6  0  
      | 0  0   0    0   0    0    0    0   0   0    0    0    0    0    0  
      -----------------------------------------------------------------------
      0  |
      0  |
      0  |
      0  |
      0  |
      0  |
      0  |
      0  |
      0  |
      0  |
      0  |
      0  |
      0  |
      0  |
      0  |
      24 |

               16       16
o38 : Matrix QQ   <-- QQ

i39 : 
