-- -*- M2-comint -*- hash: 8575108541968695749

i1 : S = QQ[x,y];

i2 : p = {x^2,x*y,y^2} -- A map of affine spaces, the degree 2 Veronese morphism R^2 -> R^3

       2        2
o2 = {x , x*y, y }

o2 : List

i3 : wA2 = wordAlgebra(2); -- signatures of paths in dimension 2

i4 : wA3 = wordAlgebra(3); -- signatures of paths in dimension 3

i5 : R = QQ[t];

i6 : X = polyPath({t,t^2}) -- A path in 2 dimensional space

o6 = Path in 2-dimensional space with 1 polynomial segment:

           2
     {{t, t }}

o6 : Path

i7 : PP = apply(p, q -> sub(q, {x=>t, y=>t^2}));

i8 : Y = polyPath(PP) -- the transformed path in 3 dimensional space

o8 = Path in 3-dimensional space with 1 polynomial segment:

        2   3   4
     {{t , t , t }}

o8 : Path

i9 : vol = sgnVolTensor(wA3); vol // wordFormat -- consider the signed volume in R^3 and display it in word format

        1             1             1             1             1            
o10 = - - [3, 2, 1] + - [3, 1, 2] + - [2, 3, 1] - - [2, 1, 3] - - [1, 3, 2] +
        6             6             6             6             6            
      -----------------------------------------------------------------------
      1
      - [1, 2, 3]
      6

i11 : adw = adjointWord(vol, wA2, p); adw // wordFormat -- we compute its image through the induced homomorphism on algebras

                               2                      2                     
o12 = - 2 [2, 2, 2, 1, 1, 1] + - [2, 2, 1, 2, 1, 1] + - [2, 2, 1, 1, 2, 1] +
                               3                      3                     
      -----------------------------------------------------------------------
      2                      2                      2                      2
      - [2, 2, 1, 1, 1, 2] + - [2, 1, 2, 2, 1, 1] + - [2, 1, 2, 1, 2, 1] + -
      3                      3                      3                      3
      -----------------------------------------------------------------------
                           2                      2                      2
      [2, 1, 2, 1, 1, 2] - - [2, 1, 1, 2, 2, 1] - - [2, 1, 1, 2, 1, 2] - -
                           3                      3                      3
      -----------------------------------------------------------------------
                           2                      2                      2
      [2, 1, 1, 1, 2, 2] + - [1, 2, 2, 2, 1, 1] + - [1, 2, 2, 1, 2, 1] + -
                           3                      3                      3
      -----------------------------------------------------------------------
                           2                      2                      2
      [1, 2, 2, 1, 1, 2] - - [1, 2, 1, 2, 2, 1] - - [1, 2, 1, 2, 1, 2] - -
                           3                      3                      3
      -----------------------------------------------------------------------
                           2                      2                      2
      [1, 2, 1, 1, 2, 2] - - [1, 1, 2, 2, 2, 1] - - [1, 1, 2, 2, 1, 2] - -
                           3                      3                      3
      -----------------------------------------------------------------------
      [1, 1, 2, 1, 2, 2] + 2 [1, 1, 1, 2, 2, 2]

i13 : sig(Y, vol)  -- the signed volume of the transformed path

       1
o13 = ---
      630

o13 : QQ

i14 : sig(X, adw)  -- is given by evaluating at adw for the original path.

       1
o14 = ---
      630

o14 : QQ

i15 : 
