-- -*- M2-comint -*- hash: 924103977012688554

i1 : A3 = wordAlgebra(3);

i2 : T = [3,2,1]_A3;

i3 : f = lyndonShuffle(T)

o3 = HashTable{HashTable{[1, 2, 3] => 1} => 1}
               HashTable{[1, 2] => 1} => -1
                         [3] => 1
               HashTable{[1] => 1   } => -1
                         [2, 3] => 1
               HashTable{[1] => 1} => 1
                         [2] => 1
                         [3] => 1

o3 : HashTable

i4 : var = new Array from apply(lyndonWords(3,3), i->x_i)

o4 = [x   , x         , x         , x      , x         , x         , x      ,
       [1]   [1, 1, 2]   [1, 1, 3]   [1, 2]   [1, 2, 2]   [1, 2, 3]   [1, 3] 
     ------------------------------------------------------------------------
     x         , x         , x   , x         , x      , x         , x   ]
      [1, 3, 2]   [1, 3, 3]   [2]   [2, 2, 3]   [2, 3]   [2, 3, 3]   [3]

o4 : Array

i5 : R = QQ var;

i6 : pol = sum(pairs f, (term,coef) -> coef * product(pairs term, (word,ex)-> x_word^ex))

o6 = x   x   x    - x   x       - x      x    + x
      [1] [2] [3]    [1] [2, 3]    [1, 2] [3]    [1, 2, 3]

o6 : R

i7 : ([1]_A3**[2]_A3**[3]_A3 - [1]_A3**[2,3]_A3 - [1,2]_A3**[3]_A3 + [1,2,3]_A3) // wordFormat

o7 = [3, 2, 1]

i8 : polh = applyKeys(standardForm pol, i-> applyKeys(i,j-> last baseName R_j));

i9 : sum(pairs polh, (term,coef) -> coef * fold(flatten apply(pairs term, (word,ex)-> toList (ex:(word_A3))),(i,j)->i**j)) // wordFormat

o9 = [3, 2, 1]

i10 : 
