-- -*- M2-comint -*- hash: 13785892648620800304

i1 : M = matrix {{0,0,1,1}, {0,1,0,0}, {1,0,0,1}}

o1 = | 0 0 1 1 |
     | 0 1 0 0 |
     | 1 0 0 1 |

              3       4
o1 : Matrix ZZ  <-- ZZ

i2 : A = wordAlgebra(4);

i3 : B = wordAlgebra(3);

i4 : F = matrixAction(M, A, B)

o4 = NCRingMap B <--- A

o4 : NCRingMap

i5 : w = [1,2]_A + 2* [4]_A

o5 = 2Lt +Lt Lt
        4   1  2

o5 : A

i6 : Mw = matrixAction(M, w, B)

o6 = Lt Lt +2Lt +2Lt
       3  2    3    1

o6 : B

i7 : F(w) == Mw

o7 = true

i8 : M * w

o8 = Lt Lt +2Lt +2Lt
       3  2    3    1

o8 : QQ{Lt , Lt , Lt }
          1    2    3

i9 : 
     
