-- -*- M2-comint -*- hash: 3859185791495196610

i1 : d = 5;

i2 : l1 = {getSymbol "a", getSymbol "b", getSymbol "c"};

i3 : A = wordAlgebra(l1)

o3 = A

o3 : NCPolynomialRing

i4 : gens A

o4 = {Lt , Lt , Lt }
        a    b    c

o4 : List

i5 : l2 = toList(1..d);

i6 : B = wordAlgebra(l2)

o6 = B

o6 : NCPolynomialRing

i7 : gens B

o7 = {Lt , Lt , Lt , Lt , Lt }
        1    2    3    4    5

o7 : List

i8 : B = wordAlgebra(d);

i9 : gens B

o9 = {Lt , Lt , Lt , Lt , Lt }
        1    2    3    4    5

o9 : List

i10 : coefficientRing B

o10 = QQ

o10 : Ring

i11 : C = wordAlgebra(d, CoefficientRing => CC)

o11 = C

o11 : NCPolynomialRing

i12 : coefficientRing C

o12 = CC
        53

o12 : ComplexField

i13 : d = 5;

i14 : R = wordAlgebra(d); -- create a free associative algebra over two letters Lt_1, Lt_2

i15 : f = 2 * [1,d]_R - [2,d]_R  -- [i_1,...,i_k]_R defines a word.

o15 = -Lt Lt +2Lt Lt
         2  5    1  5

o15 : R

i16 : f === 2 * Lt_1 * Lt_d - Lt_2 * Lt_d

o16 = true

i17 : f^3 // wordFormat

o17 = - [2, 5, 2, 5, 2, 5] + 2 [2, 5, 2, 5, 1, 5] + 2 [2, 5, 1, 5, 2, 5] - 4
      -----------------------------------------------------------------------
      [2, 5, 1, 5, 1, 5] + 2 [1, 5, 2, 5, 2, 5] - 4 [1, 5, 2, 5, 1, 5] - 4
      -----------------------------------------------------------------------
      [1, 5, 1, 5, 2, 5] + 8 [1, 5, 1, 5, 1, 5]

i18 : f^3 // wordString

o18 = - [2, 5, 2, 5, 2, 5] + 2 [2, 5, 2, 5, 1, 5] + 2 [2, 5, 1, 5, 2, 5] - 4
      [2, 5, 1, 5, 1, 5] + 2 [1, 5, 2, 5, 2, 5] - 4 [1, 5, 2, 5, 1, 5] - 4
      [1, 5, 1, 5, 2, 5] + 8 [1, 5, 1, 5, 1, 5]

i19 : a = [1]_R ** [2]_R; wordFormat a -- the shuffle product

o20 = [2, 1] + [1, 2]

i21 : b = [1,2]_R ** [3,4]_R; wordFormat b

o22 = [3, 4, 1, 2] + [3, 1, 4, 2] + [3, 1, 2, 4] + [1, 3, 4, 2] + [1, 3, 2,
      -----------------------------------------------------------------------
      4] + [1, 2, 3, 4]

i23 : c = [1]_R >> [2,3]_R; wordFormat c -- the half-shuffle product

o24 = [2, 1, 3] + [1, 2, 3]

i25 : 
