-- -*- M2-comint -*- hash: 10987424712847794551

i1 : G = momentGraph projectiveSpace 1;

i2 : H = momentGraph generalizedFlagVariety("C",2,{2}); -- The isotropic Grassmannian SpGr(2,4)

i3 : J = G ** H;

i4 : peek J

o4 = MomentGraph{cache => CacheTable{}                                                                                                                                                                                                       }
                 edges => HashTable{{(set {0}, {set {0, 1*}}), (set {0}, {set {0, 1}})} => {0, 2}    }
                                    {(set {0}, {set {0, 1*}}), (set {0}, {set {1*, 0*}})} => {-2, 0}
                                    {(set {0}, {set {0, 1*}}), (set {0}, {set {1, 0*}})} => {-1, 1}
                                    {(set {0}, {set {0, 1*}}), (set {1}, {set {0, 1*}})} => {-1, 1}
                                    {(set {0}, {set {0, 1*}}), (set {1}, {set {1, 0*}})} => {-1, 1}
                                    {(set {0}, {set {0, 1}}), (set {0}, {set {1*, 0*}})} => {-1, -1}
                                    {(set {0}, {set {0, 1}}), (set {0}, {set {1, 0*}})} => {-2, 0}
                                    {(set {0}, {set {0, 1}}), (set {1}, {set {0, 1}})} => {-1, 1}
                                    {(set {0}, {set {1*, 0*}}), (set {1}, {set {1*, 0*}})} => {-1, 1}
                                    {(set {0}, {set {1, 0*}}), (set {0}, {set {1*, 0*}})} => {0, -2}
                                    {(set {0}, {set {1, 0*}}), (set {1}, {set {1, 0*}})} => {-1, 1}
                                    {(set {1}, {set {0, 1*}}), (set {1}, {set {0, 1}})} => {0, 2}
                                    {(set {1}, {set {0, 1*}}), (set {1}, {set {1*, 0*}})} => {-2, 0}
                                    {(set {1}, {set {0, 1*}}), (set {1}, {set {1, 0*}})} => {-1, 1}
                                    {(set {1}, {set {0, 1}}), (set {1}, {set {1*, 0*}})} => {-1, -1}
                                    {(set {1}, {set {0, 1}}), (set {1}, {set {1, 0*}})} => {-2, 0}
                                    {(set {1}, {set {1, 0*}}), (set {1}, {set {1*, 0*}})} => {0, -2}
                 HTpt => QQ[t ..t ]
                             0   1
                 vertices => {(set {0}, {set {1, 0*}}), (set {0}, {set {1*, 0*}}), (set {1}, {set {0, 1*}}), (set {1}, {set {0, 1}}), (set {0}, {set {0, 1*}}), (set {0}, {set {0, 1}}), (set {1}, {set {1*, 0*}}), (set {1}, {set {1, 0*}})}

i5 : 
