-- -*- M2-comint -*- hash: 13177954069434615273

i1 : R = QQ[x,y,z]/ideal(x^8-z^6-y^2*z^4-z^3);

i2 : time R' = integralClosure(R, Verbosity => 2)
 [jacobian time .000683815 sec #minors 3]
integral closure nvars 3 numgens 1 is S2 codim 1 codimJ 2

 [step 0: 
      radical (use minprimes) .0030724 seconds
      idlizer1:  .0102874 seconds
      idlizer2:  .0117363 seconds
      minpres:   .0112337 seconds
  time .0507994 sec  #fractions 4]
 [step 1: 
      radical (use minprimes) .00306393 seconds
      idlizer1:  .0151611 seconds
      idlizer2:  .014119 seconds
      minpres:   .0155827 seconds
  time .0620842 sec  #fractions 4]
 [step 2: 
      radical (use minprimes) .0939251 seconds
      idlizer1:  .0149656 seconds
      idlizer2:  .0128926 seconds
      minpres:   .0122496 seconds
  time .147945 sec  #fractions 5]
 [step 3: 
      radical (use minprimes) .00319276 seconds
      idlizer1:  .0170122 seconds
      idlizer2:  .0184473 seconds
      minpres:   .0225109 seconds
  time .0774192 sec  #fractions 5]
 [step 4: 
      radical (use minprimes) .00322903 seconds
      idlizer1:  .0119199 seconds
      idlizer2:  .0213197 seconds
      minpres:   .015293 seconds
  time .0685174 sec  #fractions 5]
 [step 5: 
      radical (use minprimes) .00308025 seconds
      idlizer1:  .0108519 seconds
  time .0227359 sec  #fractions 5]
 -- used 0.434615s (cpu); 0.391984s (thread); 0s (gc)

o2 = R'

o2 : QuotientRing

i3 : trim ideal R'

                     3   2                     2 2    4           4         
o3 = ideal (w   z - x , w   x - w   , w   x - y z  - z  - z, w   x  - w   z,
             4,0         4,0     1,1   1,1                    4,0      1,1  
     ------------------------------------------------------------------------
                 2 2     2 3    2   3      2   3 2      4 2      2 4       2 
     w   w    - x y z - x z  - x , w    + w   x y  - x*y z  - x*y z  - 2x*y z
      4,0 1,1                       4,0    4,0                               
     ------------------------------------------------------------------------
          3           3    2      6 2    6 2
     - x*z  - x, w   x  - w    + x y  + x z )
                  4,0      1,1

o3 : Ideal of QQ[w   , w   , x..z]
                  4,0   1,1

i4 : icFractions R

       3   2 2    4
      x   y z  + z  + z
o4 = {--, -------------, x, y, z}
       z        x

o4 : List

i5 : 
