-- -*- M2-comint -*- hash: 4557521403665421735

i1 : D = makeWeylAlgebra(QQ[x,y]);

i2 : I = ideal(x*dx^2-y*dy^2+2*dx-2*dy, x*dx+y*dy+1);

o2 : Ideal of D

i3 : A = pfaffianSystem I;

i4 : M = matrix {{x,0}, {0,y}};

             2      2
o4 : Matrix D  <-- D

i5 : gaugeTransform(M, A, D)

o5 = {| 0 -1 |, | 0 x/y  |}
      | 0 0  |  | 0 -1/y |

o5 : List

i6 : D = makeWeylAlgebra(frac(QQ[a])[x]);

i7 : I = ideal(x^2*dx^2 + x*dx + (x^2-a^2))

            2  2           2    2
o7 = ideal(x dx  + x*dx + x  - a )

o7 : Ideal of D

i8 : A = pfaffianSystem I

o8 = {| 0           1    |}
      | (-x2+a2)/x2 -1/x |

o8 : List

i9 : M = gaugeMatrix(I,{dx,x^2*dx^2+x*dx+x^2});

                            2                     2
o9 : Matrix (frac(QQ[x, a]))  <-- (frac(QQ[x, a]))

i10 : gaugeTransform(M,A)

o10 = {| -1/x (-x2+a2)/x2a2 |}
       | a2   0             |

o10 : List

i11 : 
