-- -*- M2-comint -*- hash: 11288145272767858705

i1 : D = makeWeylAlgebra(QQ[x,y], {2, 1})

o1 = D

o1 : PolynomialRing, 2 differential variable(s)

i2 : I = ideal (x*dx^2-y*dy^2+2*dx-2*dy, x*dx+y*dy+1)

                2             2
o2 = ideal (x*dx  + 2dx - y*dy  - 2dy, x*dx + y*dy + 1)

o2 : Ideal of D

i3 : A = pfaffianSystem I

o3 = {| -1/x -y/x |, | 0 1    |}
      | 0    0    |  | 0 -2/y |

o3 : List

i4 : D = makeWeylAlgebra(QQ[x,y]);

i5 : I = ideal (dx^2-y^2, dy^2-x^2);

o5 : Ideal of D

i6 : A = pfaffianSystem(I,{1_D,dx})

o6 = {| 0  1 |, | 0  x/y |}
      | y2 0 |  | xy 1/y |

o6 : List

i7 : B = pfaffianSystem(I)

o7 = {| 0  y/x |, | 0  1 |}
      | xy 1/x |  | x2 0 |

o7 : List

i8 : M = gaugeMatrix(I,{1_D,dx})

o8 = | 1 0   |
     | 0 y/x |

                            2                     2
o8 : Matrix (frac(QQ[x..y]))  <-- (frac(QQ[x..y]))

i9 : A2 = gaugeTransform(M,B)

o9 = {| 0  1 |, | 0  x/y |}
      | y2 0 |  | xy 1/y |

o9 : List

i10 : 
