-- -*- M2-comint -*- hash: 7877250667045283746

i1 : x = RObject 2

o1 = [1] 2

o1 : RObject of type integer

i2 : y = RObject 7

o2 = [1] 7

o2 : RObject of type integer

i3 : x:y

o3 = [1] 2 3 4 5 6 7

o3 : RObject of type integer

i4 : y:x

o4 = [1] 7 6 5 4 3 2

o4 : RObject of type integer

i5 : x..y

o5 = [1] 2 3 4 5 6 7

o5 : RObject of type integer

i6 : x:7

o6 = [1] 2 3 4 5 6 7

o6 : RObject of type integer

i7 : 2:y

o7 = ([1] 7, [1] 7)

o7 : Sequence

i8 : 2..y

o8 = [1] 2 3 4 5 6 7

o8 : RObject of type integer

i9 : 
