-- -*- M2-comint -*- hash: 954015095605621254

i1 : RValue "choose(10, 3)"

o1 = [1] 120

o1 : RObject of type double

i2 : n = 5

o2 = 5

i3 : RValue("factorial(", n, ")")

o3 = [1] 120

o3 : RObject of type double

i4 : env = RObject hashTable {"n" => 10_ZZ, "k" => 3_ZZ}

o4 = <environment: 0x7f118ee3a210>

o4 : RObject of type environment

i5 : RValue("choose(n, k)", Environment => env)

o5 = [1] 120

o5 : RObject of type double

i6 : env2 = hashTable {"x" => 3}

o6 = HashTable{"x" => 3}

o6 : HashTable

i7 : RValue("x + 5", Environment => env2)

o7 = [1] 8

o7 : RObject of type double

i8 : 
