-- -*- M2-comint -*- hash: 1730166336299305212

i1 : totalBettiTally(3,2,0)

            0  1   2   3   4   5  6 7
o1 = total: 1 27 105 189 189 105 27 1
         0: 1  .   .   .   .   .  . .
         1: . 27 105 189 189 105 27 .
         2: .  .   .   .   .   .  . 1

o1 : BettiTally

i2 : lexWeightsBetti(3,2,0)

o2 = HashTable{(0, 0) => {0, 0, 0}}
               (0, 1) => {}
               (0, 2) => {}
               (1, 0) => {}
               (1, 1) => {4, 2, 0}
               (1, 2) => {}
               (2, 0) => {}
               (2, 1) => {6, 2, 1}
               (2, 2) => {}
               (3, 0) => {}
               (3, 1) => {7, 4, 1}
               (3, 2) => {}
               (4, 0) => {}
               (4, 1) => {8, 5, 2}
               (4, 2) => {}
               (5, 0) => {}
               (5, 1) => {9, 5, 4}
               (5, 2) => {}
               (6, 0) => {}
               (6, 1) => {9, 7, 5}
               (6, 2) => {}
               (7, 0) => {}
               (7, 1) => {}
               (7, 2) => {9, 9, 9}

o2 : HashTable

i3 : 
