-- -*- M2-comint -*- hash: 1331330746523

i1 : schurBetti(3,2,0)

o1 = HashTable{(0, 0) => {({0, 0, 0}, 1)}                                                                                                }
               (0, 1) => {}
               (0, 2) => {}
               (1, 0) => {}
               (1, 1) => {({4, 2, 0}, 1)}
               (1, 2) => {}
               (2, 0) => {}
               (2, 1) => {({6, 2, 1}, 1), ({5, 4, 0}, 1), ({5, 3, 1}, 1), ({4, 3, 2}, 1)}
               (2, 2) => {}
               (3, 0) => {}
               (3, 1) => {({7, 4, 1}, 1), ({7, 3, 2}, 1), ({6, 5, 1}, 1), ({6, 4, 2}, 1), ({6, 3, 3}, 1), ({5, 5, 2}, 1), ({5, 4, 3}, 1)}
               (3, 2) => {}
               (4, 0) => {}
               (4, 1) => {({8, 5, 2}, 1), ({8, 4, 3}, 1), ({7, 6, 2}, 1), ({7, 5, 3}, 1), ({7, 4, 4}, 1), ({6, 6, 3}, 1), ({6, 5, 4}, 1)}
               (4, 2) => {}
               (5, 0) => {}
               (5, 1) => {({9, 5, 4}, 1), ({8, 7, 3}, 1), ({8, 6, 4}, 1), ({7, 6, 5}, 1)}
               (5, 2) => {}
               (6, 0) => {}
               (6, 1) => {({9, 7, 5}, 1)}
               (6, 2) => {}
               (7, 0) => {}
               (7, 1) => {}
               (7, 2) => {({9, 9, 9}, 1)}

o1 : HashTable

i2 : 
