-- -*- M2-comint -*- hash: 1731312049066132695

i1 : B = totalBetti(3,2,0)

o1 = HashTable{(0, 0) => 1  }
               (0, 1) => 0
               (0, 2) => 0
               (1, 0) => 0
               (1, 1) => 27
               (1, 2) => 0
               (2, 0) => 0
               (2, 1) => 105
               (2, 2) => 0
               (3, 0) => 0
               (3, 1) => 189
               (3, 2) => 0
               (4, 0) => 0
               (4, 1) => 189
               (4, 2) => 0
               (5, 0) => 0
               (5, 1) => 105
               (5, 2) => 0
               (6, 0) => 0
               (6, 1) => 27
               (6, 2) => 0
               (7, 0) => 0
               (7, 1) => 0
               (7, 2) => 1

o1 : HashTable

i2 : makeBettiTally B

            0  1   2   3   4   5  6 7
o2 = total: 1 27 105 189 189 105 27 1
         0: 1  .   .   .   .   .  . .
         1: . 27 105 189 189 105 27 .
         2: .  .   .   .   .   .  . 1

o2 : BettiTally

i3 : 
