-- -*- M2-comint -*- hash: 11049882326853402131

i1 : R = QQ[x,y,z,w]

o1 = R

o1 : PolynomialRing

i2 : I = monomialCurveIdeal(R, {1,2,3})

             2                    2
o2 = ideal (z  - y*w, y*z - x*w, y  - x*z)

o2 : Ideal of R

i3 : s = saveMRDI I

o3 = {"_type": {"params": "6caf806b-9118-4741-bec7-217a71096848", "name":
     "Ideal"}, "data": [[[["0", "0", "2", "0"], ["1", "1"]], [["0", "1", "0",
     "1"], ["-1", "1"]]], [[["0", "1", "1", "0"], ["1", "1"]], [["1", "0",
     "0", "1"], ["-1", "1"]]], [[["0", "2", "0", "0"], ["1", "1"]], [["1",
     "0", "1", "0"], ["-1", "1"]]]], "_ns": {"Macaulay2":
     ["https://macaulay2.com", "1.26.05"]}, "_refs":
     {"6caf806b-9118-4741-bec7-217a71096848": {"_type": {"params": {"_type":
     "Ring", "data": "QQ"}, "name": "PolynomialRing"}, "data": {"variables":
     ["x", "y", "z", "w"]}}}}

i4 : loadMRDI s

             2                    2
o4 = ideal (z  - y*w, y*z - x*w, y  - x*z)

o4 : Ideal of R

i5 : 
