-- -*- M2-comint -*- hash: 1029274315600727862

i1 : saveMRDI 5

o1 = {"_ns": {"Macaulay2": ["https://macaulay2.com", "1.26.05"]}, "_type":
     "ZZ", "data": "5"}

i2 : R = QQ[x,y,z];

i3 : f = x^2 + y*z - 3*x

      2
o3 = x  + y*z - 3x

o3 : R

i4 : saveMRDI f

o4 = {"_type": {"params": "6caf806b-9118-4741-bec7-217a71096848", "name":
     "RingElement"}, "data": [[["2", "0", "0"], ["1", "1"]], [["0", "1",
     "1"], ["1", "1"]], [["1", "0", "0"], ["-3", "1"]]], "_ns": {"Macaulay2":
     ["https://macaulay2.com", "1.26.05"]}, "_refs":
     {"6caf806b-9118-4741-bec7-217a71096848": {"_type": {"params": {"_type":
     "Ring", "data": "QQ"}, "name": "PolynomialRing"}, "data": {"variables":
     ["x", "y", "z"]}}}}

i5 : I = ideal(x^2 - y, y^2 - z)

             2       2
o5 = ideal (x  - y, y  - z)

o5 : Ideal of R

i6 : saveMRDI I

o6 = {"_type": {"params": "6caf806b-9118-4741-bec7-217a71096848", "name":
     "Ideal"}, "data": [[[["2", "0", "0"], ["1", "1"]], [["0", "1", "0"],
     ["-1", "1"]]], [[["0", "2", "0"], ["1", "1"]], [["0", "0", "1"], ["-1",
     "1"]]]], "_ns": {"Macaulay2": ["https://macaulay2.com", "1.26.05"]},
     "_refs": {"6caf806b-9118-4741-bec7-217a71096848": {"_type": {"params":
     {"_type": "Ring", "data": "QQ"}, "name": "PolynomialRing"}, "data":
     {"variables": ["x", "y", "z"]}}}}

i7 : fn = temporaryFileName() | ".mrdi"

o7 = /tmp/M2-61295-0/0.mrdi

i8 : saveMRDI(f, FileName => fn)

o8 = {"_type": {"params": "6caf806b-9118-4741-bec7-217a71096848", "name":
     "RingElement"}, "data": [[["2", "0", "0"], ["1", "1"]], [["0", "1",
     "1"], ["1", "1"]], [["1", "0", "0"], ["-3", "1"]]], "_ns": {"Macaulay2":
     ["https://macaulay2.com", "1.26.05"]}, "_refs":
     {"6caf806b-9118-4741-bec7-217a71096848": {"_type": {"params": {"_type":
     "Ring", "data": "QQ"}, "name": "PolynomialRing"}, "data": {"variables":
     ["x", "y", "z"]}}}}

i9 : removeFile fn

i10 : saveMRDI(5, Namespace => "Oscar")

o10 = {"_ns": {"Oscar": ["https://github.com/oscar-system/Oscar.jl",
      "1.6.0"]}, "_type": {"params": {"_type": "ZZRing"}, "name":
      "ZZRingElem"}, "data": "5"}

i11 : saveMRDI(5, ToString => false)

o11 = HashTable{"_ns" => HashTable{"Macaulay2" => {https://macaulay2.com, 1.26.05}}}
                "_type" => ZZ
                "data" => 5

o11 : HashTable

i12 : methods {"Macaulay2", saveMRDI}

o12 = {0 => ({Macaulay2, saveMRDI}, Matrix)        }
      {1 => ({Macaulay2, saveMRDI}, GaloisField)   }
      {2 => ({Macaulay2, saveMRDI}, Ideal)         }
      {3 => ({Macaulay2, saveMRDI}, PolynomialRing)}
      {4 => ({Macaulay2, saveMRDI}, ZZ)            }
      {5 => ({Macaulay2, saveMRDI}, QuotientRing)  }
      {6 => ({Macaulay2, saveMRDI}, RingElement)   }
      {7 => ({Macaulay2, saveMRDI}, Ring)          }

o12 : NumberedVerticalList

i13 : methods {"Oscar", saveMRDI}

o13 = {0 => ({Oscar, saveMRDI}, QQ)            }
      {1 => ({Oscar, saveMRDI}, ZZ)            }
      {2 => ({Oscar, saveMRDI}, RingElement)   }
      {3 => ({Oscar, saveMRDI}, Ring)          }
      {4 => ({Oscar, saveMRDI}, PolynomialRing)}

o13 : NumberedVerticalList

i14 : 
