-- -*- M2-comint -*- hash: 16042171241385178472

i1 : M = makeRandomCpMackeyFunctor(2);

i2 : N = makeRandomCpMackeyFunctor(2);

i3 : f = makeRandomMackeyFunctorHomomorphism(M,N)

o3 =                   fix : 0
            0       <--------------------- cokernel | 6 |
           ^ |                                      | 0 |
           | |                                   ^ | 
           | |                                   | | 
           | v                                   | v 
     cokernel | 2 | <--------------------- cokernel | 2 |
           ^ |         und : | 0 1 1 0 |            | 0 |
           └-┘                                      | 0 |
                                                    | 0 |
                                                 ^ | 
                                                 └-┘ 

o3 : MackeyFunctorHomomorphism

i4 : id_(M)

o4 =                   fix : | 1 0 |
                             | 0 1 |
     cokernel | 6 | <--------------------- cokernel | 6 |
              | 0 |                                 | 0 |
           ^ |                                   ^ | 
           | |                                   | | 
           | v                                   | v 
     cokernel | 2 | <--------------------- cokernel | 2 |
              | 0 |    und : | 1 0 0 0 |            | 0 |
              | 0 |          | 0 1 0 0 |            | 0 |
              | 0 |          | 0 0 1 0 |            | 0 |
           ^ |               | 0 0 0 1 |         ^ | 
           └-┘                                   └-┘ 

o4 : MackeyFunctorHomomorphism

i5 : 
