-- -*- M2-comint -*- hash: 1331735103450

i1 : boxProduct(makeUnderlyingFreeMackeyFunctor(3),complexLinearizationMap(3))

o1 =                                                        fix : | 1 3 1 1 1 |
                                                                  | 0 0 0 0 0 |
                                                                  | 0 0 0 0 0 |
                                                                  | 0 0 0 0 0 |
                                                                  | 0 0 0 0 0 |
                                                                  | 0 0 0 0 0 |
     cokernel | 1  0  0  1  0  0  1  0  0  1  0  0  0  | <----------------------- cokernel | 1  0  1  0  1  0  0  0  0  0  |
              | 0  1  0  0  1  0  0  1  0  1  0  0  0  |                                   | 0  1  0  1  0  1  1  0  0  0  |
              | 0  0  1  0  0  1  0  0  1  1  0  0  0  |                                   | -1 -3 0  0  0  0  -1 1  0  -1 |
              | -1 -1 -1 0  0  0  0  0  0  -1 1  0  -1 |                                   | 0  0  -1 -3 0  0  -1 -1 1  0  |
              | 0  0  0  -1 -1 -1 0  0  0  -1 -1 1  0  |                                   | 0  0  0  0  -1 -3 -1 0  -1 1  |
              | 0  0  0  0  0  0  -1 -1 -1 -1 0  -1 1  |                                              ^ | 
                             ^ |                                                                      | | 
                             | |                                                                      | | 
                             | v                                                                      | v 
                                3                        <-----------------------                       3
                              ZZ                            und : | 1 0 0 |                           ZZ
                             ^ |                                  | 0 1 0 |                           ^ | 
                             └-┘                                  | 0 0 1 |                           └-┘ 

o1 : MackeyFunctorHomomorphism

i2 : 
