-- -*- M2-comint -*- hash: 1730124938652402641

i1 : M = makeRandomCpMackeyFunctor(2)

o1 =                   Res : | 1 0 |
                             | 0 0 |
                             | 0 0 |
                             | 0 1 |
     cokernel | 6 |  ---------------------------> cokernel | 2 |  -┐ Conj : | 1 1    0    0 |
              | 0 | <---------------------------           | 0 |  <┘        | 0 -1   0    0 |
                       Tr : | 0 3    0    0 |              | 0 |            | 0 0    -1   0 |
                            | 0 1671 2347 2 |              | 0 |            | 0 1671 2347 1 |

o1 : CpMackeyFunctor

i2 : drawVerticalCpMackeyFunctor M

o2 =           cokernel | 6 |   
                        | 0 |
                     ^ |
      Res            | |         Tr
     | 1 0 |         | |        | 0 3    0    0 |
     | 0 0 |         | |        | 0 1671 2347 2 |
     | 0 0 |         | |
     | 0 1 |         | |
                     | V
               cokernel | 2 |
                        | 0 |
                        | 0 |
                        | 0 |
                       ^
                     └-┘
                      c
              | 1 1    0    0 |
              | 0 -1   0    0 |
              | 0 0    -1   0 |
              | 0 1671 2347 1 |

i3 : 
