-- -*- M2-comint -*- hash: 5137647876678809980

i1 : B = cokernel(matrix({{11}}));

i2 : B1 = makeZeroOnUnderlyingMackeyFunctor(11,B)

o2 =                    Res : 0
     cokernel | 11 |  -----------> 0  -┐ Conj : 0
                     <-----------     <┘
                        Tr : 0

o2 : CpMackeyFunctor

i3 : Z = makeFixedPointMackeyFunctor(11,id_(ZZ^1))

o3 =        Res : | 1 |
       1  ---------------->   1  -┐ Conj : | 1 |
     ZZ  <----------------  ZZ   <┘
            Tr : | 11 |

o3 : CpMackeyFunctor

i4 : for i to 3 do (print (prune ExtCoh(i,B1,Z)))
     Res : 0
0  -----------> 0  -┐ Conj : 0
  <-----------     <┘
     Tr : 0
     Res : 0
0  -----------> 0  -┐ Conj : 0
  <-----------     <┘
     Tr : 0
     Res : 0
0  -----------> 0  -┐ Conj : 0
  <-----------     <┘
     Tr : 0
                   Res : 0
cokernel | 11 |  -----------> 0  -┐ Conj : 0
                <-----------     <┘
                   Tr : 0

i5 : B = cokernel(matrix({{11}}));

i6 : B1 = makeZeroOnUnderlyingMackeyFunctor(11,B)

o6 =                    Res : 0
     cokernel | 11 |  -----------> 0  -┐ Conj : 0
                     <-----------     <┘
                        Tr : 0

o6 : CpMackeyFunctor

i7 : DZ = makeOrbitMackeyFunctor(11,id_(ZZ^1))

o7 =        Res : | 11 |
       1  ---------------->   1  -┐ Conj : | 1 |
     ZZ  <----------------  ZZ   <┘
            Tr : | 1 |

o7 : CpMackeyFunctor

i8 : for i to 3 do (print (prune TorCoh(i,B1,B1)))
                   Res : 0
cokernel | 11 |  -----------> 0  -┐ Conj : 0
                <-----------     <┘
                   Tr : 0
     Res : 0
0  -----------> 0  -┐ Conj : 0
  <-----------     <┘
     Tr : 0
     Res : 0
0  -----------> 0  -┐ Conj : 0
  <-----------     <┘
     Tr : 0
                   Res : 0
cokernel | 11 |  -----------> 0  -┐ Conj : 0
                <-----------     <┘
                   Tr : 0

i9 : for i to 3 do (print (prune TorCoh(i,DZ,DZ)))
       Res : | 11 |
  1  ---------------->   1  -┐ Conj : | 1 |
ZZ  <----------------  ZZ   <┘
       Tr : | 1 |
                   Res : 0
cokernel | 11 |  -----------> 0  -┐ Conj : 0
                <-----------     <┘
                   Tr : 0
     Res : 0
0  -----------> 0  -┐ Conj : 0
  <-----------     <┘
     Tr : 0
     Res : 0
0  -----------> 0  -┐ Conj : 0
  <-----------     <┘
     Tr : 0

i10 : 
