-- -*- M2-comint -*- hash: 1731597565189361928

i1 : M = makeZeroOnUnderlyingMackeyFunctor(3,ZZ^1);

i2 : res(M,3)

o2 = {        fix : | 1 0 |       ,         fix : | 0 |           ,    
        1  <-----------------   2                 | 1 |               1
      ZZ                      ZZ      2  <-------------------   1   ZZ 
      ^ |                     ^ |   ZZ                        ZZ    ^ |
      | |                     | |   ^ |                       ^ |   | |
      | v                     | v   | |                       | |   | v
        0  <-----------------   1   | v                       | v     3
      ^ |     und : 0         ZZ      1  <-------------------   3   ZZ 
      └-┘                     ^ |   ZZ      und : | 1 1 1 |   ZZ    ^ |
                              └-┘   ^ |                       ^ |   └-┘
                                    └-┘                       └-┘ 
     ------------------------------------------------------------------------
        fix : 0                  ,         fix : | 3 1 3 |         }
     <----------------------   1     1  <---------------------   3
                             ZZ    ZZ                          ZZ
                             ^ |   ^ |                         ^ | 
                             | |   | |                         | | 
                             | v   | v                         | v 
     <----------------------   3     3  <---------------------   4
        und : | -1 0  1  |   ZZ    ZZ      und : | 1 1 1 1 |   ZZ
              | 1  -1 0  |   ^ |   ^ |           | 1 1 1 1 |   ^ | 
              | 0  1  -1 |   └-┘   └-┘           | 1 1 1 1 |   └-┘ 

o2 : List

i3 : 
