-- -*- M2-comint -*- hash: 1331920317704

i1 : internalHom(makeRealRepresentationMackeyFunctor 3, makeComplexRepresentationMackeyFunctor 3)

o1 =                       Res : | 0 0 -1 |
     image | 0  0  -1 |  --------------------> image | 1 |  -┐ Conj : | 1 |
           | -1 1  -1 | <--------------------        | 1 |  <┘
           | 1  0  1  |    Tr : | 4  |               | 1 |
           | 0  -1 -1 |         | 2  |               | 1 |
           | 1  -1 0  |         | -3 |               | 1 |
           | -1 0  -2 |                              | 1 |
           | 0  1  0  |                              | 2 |
           | 0  0  -1 |                              | 2 |
           | 0  0  -1 |                              | 2 |
           | 0  0  -1 |                              | 1 |
           | 0  0  -2 |                              | 1 |
           | 0  0  -2 |                              | 1 |
           | 0  0  -2 |                              | 1 |
           | 0  0  -1 |                              | 1 |
           | 0  0  -1 |                              | 1 |
           | 0  0  -1 |                              | 1 |
                                                     | 1 |
                                                     | 1 |

o1 : CpMackeyFunctor

i2 : 
