-- -*- M2-comint -*- hash: 3751111536462228037

i1 : N = cokernel(matrix({{3}}));

i2 : M = makeZeroOnUnderlyingMackeyFunctor (3,N);

i3 : resolutionCohomological(M,4)

o3 = {                  fix : | 1 |       ,         fix : | 3 |           ,
      cokernel | 3 | <---------------   1     1  <-------------------   1  
            ^ |                       ZZ    ZZ                        ZZ   
            | |                       ^ |   ^ |                       ^ |  
            | |                       | |   | |                       | |  
            | v                       | v   | v                       | v  
             0       <---------------   1     1  <-------------------   3  
            ^ |         und : 0       ZZ    ZZ      und : | 1 1 1 |   ZZ   
            └-┘                       ^ |   ^ |                       ^ |  
                                      └-┘   └-┘                       └-┘  
                                                                           
                                                                           
     ------------------------------------------------------------------------
             fix : 0                  ,         fix : | 3 1 |           ,    
       1  <----------------------   1     1  <---------------------   2      
     ZZ                           ZZ    ZZ                          ZZ      2
     ^ |                          ^ |   ^ |                         ^ |   ZZ 
     | |                          | |   | |                         | |   ^ |
     | v                          | v   | v                         | v   | |
       3  <----------------------   3     3  <---------------------   4   | v
     ZZ      und : | -1 0  1  |   ZZ    ZZ      und : | 1 1 1 1 |   ZZ      4
     ^ |           | 1  -1 0  |   ^ |   ^ |           | 1 1 1 1 |   ^ |   ZZ 
     └-┘           | 0  1  -1 |   └-┘   └-┘           | 1 1 1 1 |   └-┘   ^ |
                                                                          └-┘
                                                                             
     ------------------------------------------------------------------------
        fix : | -1 |             }
              | 3  |
     <----------------------   1
                             ZZ
                             ^ | 
                             | | 
                             | v 
     <----------------------   3
        und : | -1 0  0  |   ZZ
              | 0  -1 0  |   ^ | 
              | 0  0  -1 |   └-┘ 
              | 1  1  1  |

o3 : List

i4 : 
