-- -*- M2-comint -*- hash: 17935518243691383932

i1 : M = makeRandomCpMackeyFunctor(3,GenBound=>2);

i2 : id_M

o2 =                     fix : | 1 |
       cokernel | 6 | <---------------   cokernel | 6 |
            ^ |                               ^ | 
            | |                               | | 
            | v                               | v 
     cokernel | 126 | <--------------- cokernel | 126 |
            ^ |          und : | 1 |          ^ | 
            └-┘                               └-┘ 

o2 : MackeyFunctorHomomorphism

i3 : Hom(makeRandomCpMackeyFunctor(2,GenBound=>2),makeRandomCpMackeyFunctor(2,GenBound=>2))

o3 = 0

o3 : ZZ-module

i4 : prune oo

o4 = 0

o4 : ZZ-module

i5 : M = prune makeRandomCpMackeyFunctor(3,GenBound=>2);

i6 : class res(M,2)

o6 = List

o6 : Type

i7 : length resolution(M,2)

o7 = 3

i8 : 
