-- -*- M2-comint -*- hash: 9809012883140571571

i1 : sl3=simpleLieAlgebra("A",2)

o1 = sl3

o1 : simple LieAlgebra

i2 : V=irreducibleLieAlgebraModule({1,1},sl3)

o2 = V

o2 : irreducible LieAlgebraModule over sl3

i3 : L=GTrepresentationMatrices(V)

o3 = {| 1 0  0 0 0  0 0 0  |, | 1 0 0  0 0 0 0  0  |, | 0 1 0 0 0 0 0 0 |, |
      | 0 -1 0 0 0  0 0 0  |  | 0 2 0  0 0 0 0  0  |  | 0 0 0 0 0 0 0 0 |  |
      | 0 0  2 0 0  0 0 0  |  | 0 0 -1 0 0 0 0  0  |  | 0 0 0 2 0 0 0 0 |  |
      | 0 0  0 0 0  0 0 0  |  | 0 0 0  0 0 0 0  0  |  | 0 0 0 0 2 0 0 0 |  |
      | 0 0  0 0 -2 0 0 0  |  | 0 0 0  0 1 0 0  0  |  | 0 0 0 0 0 0 0 0 |  |
      | 0 0  0 0 0  0 0 0  |  | 0 0 0  0 0 0 0  0  |  | 0 0 0 0 0 0 0 0 |  |
      | 0 0  0 0 0  0 1 0  |  | 0 0 0  0 0 0 -2 0  |  | 0 0 0 0 0 0 0 1 |  |
      | 0 0  0 0 0  0 0 -1 |  | 0 0 0  0 0 0 0  -1 |  | 0 0 0 0 0 0 0 0 |  |
     ------------------------------------------------------------------------
     0 0 1 0 0 0 0   0   |, | 0 0 0 -1 0  3 0 0    |, | 0 0 0 0 0 0 0 0 |, |
     0 0 0 1 0 3 0   0   |  | 0 0 0 0  -2 0 0 0    |  | 1 0 0 0 0 0 0 0 |  |
     0 0 0 0 0 0 0   0   |  | 0 0 0 0  0  0 3 0    |  | 0 0 0 0 0 0 0 0 |  |
     0 0 0 0 0 0 3/2 0   |  | 0 0 0 0  0  0 0 3/2  |  | 0 0 1 0 0 0 0 0 |  |
     0 0 0 0 0 0 0   3/2 |  | 0 0 0 0  0  0 0 0    |  | 0 0 0 1 0 0 0 0 |  |
     0 0 0 0 0 0 3/2 0   |  | 0 0 0 0  0  0 0 -3/2 |  | 0 0 0 0 0 0 0 0 |  |
     0 0 0 0 0 0 0   0   |  | 0 0 0 0  0  0 0 0    |  | 0 0 0 0 0 0 0 0 |  |
     0 0 0 0 0 0 0   0   |  | 0 0 0 0  0  0 0 0    |  | 0 0 0 0 0 0 1 0 |  |
     ------------------------------------------------------------------------
     0 0   0 0   0   0 0 0 |, | 0    0    0   0   0 0  0 0 |}
     0 0   0 0   0   0 0 0 |  | 0    0    0   0   0 0  0 0 |
     1 0   0 0   0   0 0 0 |  | 0    0    0   0   0 0  0 0 |
     0 1/2 0 0   0   0 0 0 |  | -1/2 0    0   0   0 0  0 0 |
     0 0   0 0   0   0 0 0 |  | 0    -1/2 0   0   0 0  0 0 |
     0 1/2 0 0   0   0 0 0 |  | 1/2  0    0   0   0 0  0 0 |
     0 0   0 1/3 0   1 0 0 |  | 0    0    1/3 0   0 0  0 0 |
     0 0   0 0   2/3 0 0 0 |  | 0    0    0   1/3 0 -1 0 0 |

o3 : List

i4 : LAB=lieAlgebraBasis(sl3);

i5 : rho1=lieAlgebraRepresentation(V,LAB,L)

o5 = LieAlgebraRepresentation{"Basis" => Enhanced basis of sl3                                                                                                                                                                                                    }
                              "Module" => V
                              "RepresentationMatrices" => {| 1 0  0 0 0  0 0 0  |, | 1 0 0  0 0 0 0  0  |, | 0 1 0 0 0 0 0 0 |, | 0 0 1 0 0 0 0   0   |, | 0 0 0 -1 0  3 0 0    |, | 0 0 0 0 0 0 0 0 |, | 0 0   0 0   0   0 0 0 |, | 0    0    0   0   0 0  0 0 |}
                                                           | 0 -1 0 0 0  0 0 0  |  | 0 2 0  0 0 0 0  0  |  | 0 0 0 0 0 0 0 0 |  | 0 0 0 1 0 3 0   0   |  | 0 0 0 0  -2 0 0 0    |  | 1 0 0 0 0 0 0 0 |  | 0 0   0 0   0   0 0 0 |  | 0    0    0   0   0 0  0 0 |
                                                           | 0 0  2 0 0  0 0 0  |  | 0 0 -1 0 0 0 0  0  |  | 0 0 0 2 0 0 0 0 |  | 0 0 0 0 0 0 0   0   |  | 0 0 0 0  0  0 3 0    |  | 0 0 0 0 0 0 0 0 |  | 1 0   0 0   0   0 0 0 |  | 0    0    0   0   0 0  0 0 |
                                                           | 0 0  0 0 0  0 0 0  |  | 0 0 0  0 0 0 0  0  |  | 0 0 0 0 2 0 0 0 |  | 0 0 0 0 0 0 3/2 0   |  | 0 0 0 0  0  0 0 3/2  |  | 0 0 1 0 0 0 0 0 |  | 0 1/2 0 0   0   0 0 0 |  | -1/2 0    0   0   0 0  0 0 |
                                                           | 0 0  0 0 -2 0 0 0  |  | 0 0 0  0 1 0 0  0  |  | 0 0 0 0 0 0 0 0 |  | 0 0 0 0 0 0 0   3/2 |  | 0 0 0 0  0  0 0 0    |  | 0 0 0 1 0 0 0 0 |  | 0 0   0 0   0   0 0 0 |  | 0    -1/2 0   0   0 0  0 0 |
                                                           | 0 0  0 0 0  0 0 0  |  | 0 0 0  0 0 0 0  0  |  | 0 0 0 0 0 0 0 0 |  | 0 0 0 0 0 0 3/2 0   |  | 0 0 0 0  0  0 0 -3/2 |  | 0 0 0 0 0 0 0 0 |  | 0 1/2 0 0   0   0 0 0 |  | 1/2  0    0   0   0 0  0 0 |
                                                           | 0 0  0 0 0  0 1 0  |  | 0 0 0  0 0 0 -2 0  |  | 0 0 0 0 0 0 0 1 |  | 0 0 0 0 0 0 0   0   |  | 0 0 0 0  0  0 0 0    |  | 0 0 0 0 0 0 0 0 |  | 0 0   0 1/3 0   1 0 0 |  | 0    0    1/3 0   0 0  0 0 |
                                                           | 0 0  0 0 0  0 0 -1 |  | 0 0 0  0 0 0 0  -1 |  | 0 0 0 0 0 0 0 0 |  | 0 0 0 0 0 0 0   0   |  | 0 0 0 0  0  0 0 0    |  | 0 0 0 0 0 0 1 0 |  | 0 0   0 0   2/3 0 0 0 |  | 0    0    0   1/3 0 -1 0 0 |

o5 : LieAlgebraRepresentation

i6 : rho2=adjointRepresentation(sl3)

o6 = LieAlgebraRepresentation{"Basis" => Enhanced basis of sl3                                                                                                                                                                                         }
                              "Module" => V
                              "RepresentationMatrices" => {| 0 0 0 0  0 0  0 0  |, | 0 0 0  0 0 0 0  0  |, | 0  0 0 0 0 1 0 0  |, | 0 0  0  0 0 0 0 0 |, | 0  0  0 0 0 0  0 1 |, | 0 0  -1 0 0 0 0  0 |, | 0  0 0 0  0  0 0 0 |, | 0 0 0 0  -1 0 0 0 |}
                                                           | 0 0 0 0  0 0  0 0  |  | 0 0 0  0 0 0 0  0  |  | 0  0 0 0 0 0 0 0  |  | 0 0  0  0 0 0 1 0 |  | 0  0  0 0 0 0  0 1 |  | 0 0  0  0 0 0 0  0 |  | 0  0 0 -1 0  0 0 0 |  | 0 0 0 0  -1 0 0 0 |
                                                           | 0 0 2 0  0 0  0 0  |  | 0 0 -1 0 0 0 0  0  |  | -2 1 0 0 0 0 0 0  |  | 0 0  0  0 0 0 0 0 |  | 0  0  0 0 0 0  1 0 |  | 0 0  0  0 0 0 0  0 |  | 0  0 0 0  -1 0 0 0 |  | 0 0 0 0  0  0 0 0 |
                                                           | 0 0 0 -1 0 0  0 0  |  | 0 0 0  2 0 0 0  0  |  | 0  0 0 0 0 0 0 0  |  | 1 -2 0  0 0 0 0 0 |  | 0  0  0 0 0 -1 0 0 |  | 0 0  0  0 1 0 0  0 |  | 0  0 0 0  0  0 0 0 |  | 0 0 0 0  0  0 0 0 |
                                                           | 0 0 0 0  1 0  0 0  |  | 0 0 0  0 1 0 0  0  |  | 0  0 0 1 0 0 0 0  |  | 0 0  -1 0 0 0 0 0 |  | -1 -1 0 0 0 0  0 0 |  | 0 0  0  0 0 0 0  0 |  | 0  0 0 0  0  0 0 0 |  | 0 0 0 0  0  0 0 0 |
                                                           | 0 0 0 0  0 -2 0 0  |  | 0 0 0  0 0 1 0  0  |  | 0  0 0 0 0 0 0 0  |  | 0 0  0  0 0 0 0 1 |  | 0  0  0 0 0 0  0 0 |  | 2 -1 0  0 0 0 0  0 |  | 0  0 0 0  0  0 0 0 |  | 0 0 0 -1 0  0 0 0 |
                                                           | 0 0 0 0  0 0  1 0  |  | 0 0 0  0 0 0 -2 0  |  | 0  0 0 0 0 0 0 -1 |  | 0 0  0  0 0 0 0 0 |  | 0  0  0 0 0 0  0 0 |  | 0 0  0  0 0 0 0  0 |  | -1 2 0 0  0  0 0 0 |  | 0 0 1 0  0  0 0 0 |
                                                           | 0 0 0 0  0 0  0 -1 |  | 0 0 0  0 0 0 0  -1 |  | 0  0 0 0 0 0 0 0  |  | 0 0  0  0 0 0 0 0 |  | 0  0  0 0 0 0  0 0 |  | 0 0  0  0 0 0 -1 0 |  | 0  0 0 0  0  1 0 0 |  | 1 1 0 0  0  0 0 0 |

o6 : LieAlgebraRepresentation

i7 : isomorphismOfRepresentations(rho1,rho2)
Length 1 complete. 3 new words found
Length 2 complete. 4 new words found

o7 = | 0 0    0  0 1 0   0    0   |
     | 0 0    0  1 0 0   0    0   |
     | 0 0    -1 0 0 0   0    0   |
     | 1 -1/2 0  0 0 0   0    0   |
     | 0 0    0  0 0 1/2 0    0   |
     | 0 -1/2 0  0 0 0   0    0   |
     | 0 0    0  0 0 0   -1/3 0   |
     | 0 0    0  0 0 0   0    1/3 |

              8       8
o7 : Matrix QQ  <-- QQ

i8 : 
