-- -*- M2-comint -*- hash: 8963464654604295633

i1 : V = adjointRepresentation("A",2);

i2 : W = standardRepresentation("A",2);

i3 : U = V**W;

i4 : first(U#"RepresentationMatrices")

o4 = | 1 0  0 0 0  0 0 0 0 0 0  0  0 0 0 0  0  0  0 0 0 0 0  0  |
     | 0 -1 0 0 0  0 0 0 0 0 0  0  0 0 0 0  0  0  0 0 0 0 0  0  |
     | 0 0  0 0 0  0 0 0 0 0 0  0  0 0 0 0  0  0  0 0 0 0 0  0  |
     | 0 0  0 1 0  0 0 0 0 0 0  0  0 0 0 0  0  0  0 0 0 0 0  0  |
     | 0 0  0 0 -1 0 0 0 0 0 0  0  0 0 0 0  0  0  0 0 0 0 0  0  |
     | 0 0  0 0 0  0 0 0 0 0 0  0  0 0 0 0  0  0  0 0 0 0 0  0  |
     | 0 0  0 0 0  0 3 0 0 0 0  0  0 0 0 0  0  0  0 0 0 0 0  0  |
     | 0 0  0 0 0  0 0 1 0 0 0  0  0 0 0 0  0  0  0 0 0 0 0  0  |
     | 0 0  0 0 0  0 0 0 2 0 0  0  0 0 0 0  0  0  0 0 0 0 0  0  |
     | 0 0  0 0 0  0 0 0 0 0 0  0  0 0 0 0  0  0  0 0 0 0 0  0  |
     | 0 0  0 0 0  0 0 0 0 0 -2 0  0 0 0 0  0  0  0 0 0 0 0  0  |
     | 0 0  0 0 0  0 0 0 0 0 0  -1 0 0 0 0  0  0  0 0 0 0 0  0  |
     | 0 0  0 0 0  0 0 0 0 0 0  0  2 0 0 0  0  0  0 0 0 0 0  0  |
     | 0 0  0 0 0  0 0 0 0 0 0  0  0 0 0 0  0  0  0 0 0 0 0  0  |
     | 0 0  0 0 0  0 0 0 0 0 0  0  0 0 1 0  0  0  0 0 0 0 0  0  |
     | 0 0  0 0 0  0 0 0 0 0 0  0  0 0 0 -1 0  0  0 0 0 0 0  0  |
     | 0 0  0 0 0  0 0 0 0 0 0  0  0 0 0 0  -3 0  0 0 0 0 0  0  |
     | 0 0  0 0 0  0 0 0 0 0 0  0  0 0 0 0  0  -2 0 0 0 0 0  0  |
     | 0 0  0 0 0  0 0 0 0 0 0  0  0 0 0 0  0  0  2 0 0 0 0  0  |
     | 0 0  0 0 0  0 0 0 0 0 0  0  0 0 0 0  0  0  0 0 0 0 0  0  |
     | 0 0  0 0 0  0 0 0 0 0 0  0  0 0 0 0  0  0  0 0 1 0 0  0  |
     | 0 0  0 0 0  0 0 0 0 0 0  0  0 0 0 0  0  0  0 0 0 0 0  0  |
     | 0 0  0 0 0  0 0 0 0 0 0  0  0 0 0 0  0  0  0 0 0 0 -2 0  |
     | 0 0  0 0 0  0 0 0 0 0 0  0  0 0 0 0  0  0  0 0 0 0 0  -1 |

              24       24
o4 : Matrix QQ   <-- QQ

i5 : 
