-- -*- M2-comint -*- hash: 1729955025546146506

i1 : LAB=lieAlgebraBasis("A",2)

o1 = Enhanced basis of 𝔞
                        2

o1 : LieAlgebraBasis

i2 : peek LAB

o2 = LieAlgebraBasis{BasisElements => {| 1 0  0 |, | 0 0 0  |, | 0 1 0 |, | 0 0 0 |, | 0 0 1 |, | 0 0 0 |, | 0 0 0 |, | 0 0 0 |}                                    }
                                       | 0 -1 0 |  | 0 1 0  |  | 0 0 0 |  | 0 0 1 |  | 0 0 0 |  | 1 0 0 |  | 0 0 0 |  | 0 0 0 |
                                       | 0 0  0 |  | 0 0 -1 |  | 0 0 0 |  | 0 0 0 |  | 0 0 0 |  | 0 0 0 |  | 0 1 0 |  | 1 0 0 |
                     Bracket => FunctionClosure[../../../../../Macaulay2/packages/LieAlgebraRepresentations/LieAlgebraBases/lieAlgebraBasisTypeAFH.m2:173:10-173:26]
                     DualBasis => {| 2/3 0    0    |, | 1/3 0   0    |, | 0 0 0 |, | 0 0 0 |, | 0 0 0 |, | 0 1 0 |, | 0 0 0 |, | 0 0 1 |}
                                   | 0   -1/3 0    |  | 0   1/3 0    |  | 1 0 0 |  | 0 0 0 |  | 0 0 0 |  | 0 0 0 |  | 0 0 1 |  | 0 0 0 |
                                   | 0   0    -1/3 |  | 0   0   -2/3 |  | 0 0 0 |  | 0 1 0 |  | 1 0 0 |  | 0 0 0 |  | 0 0 0 |  | 0 0 0 |
                     Labels => {Ha_1, Ha_2, E_(1,2), E_(2,3), E_(1,3), E_(2,1), E_(3,2), E_(3,1)}
                     LieAlgebra => 𝔞
                                    2
                     LoweringOperatorIndices => {5, 6, 7}
                     RaisingOperatorIndices => {2, 3, 4}
                     Weights => {{0, 0}, {0, 0}, {2, -1}, {-1, 2}, {1, 1}, {-2, 1}, {1, -2}, {-1, -1}}
                     WriteInBasis => writeInslnBasis

i3 : 
