-- -*- M2-comint -*- hash: 15329221861184863045

i1 : adjointRepresentation("A",2)

o1 = LieAlgebraRepresentation{"Basis" => Enhanced basis of 𝔞                                                                                                                                                                                           }
                                                            2
                              "Module" => LL   (𝔞 )
                                            1,1  2
                              "RepresentationMatrices" => {| 0 0 0 0  0 0  0 0  |, | 0 0 0  0 0 0 0  0  |, | 0  0 0 0 0 1 0 0  |, | 0 0  0  0 0 0 0 0 |, | 0  0  0 0 0 0  0 1 |, | 0 0  -1 0 0 0 0  0 |, | 0  0 0 0  0  0 0 0 |, | 0 0 0 0  -1 0 0 0 |}
                                                           | 0 0 0 0  0 0  0 0  |  | 0 0 0  0 0 0 0  0  |  | 0  0 0 0 0 0 0 0  |  | 0 0  0  0 0 0 1 0 |  | 0  0  0 0 0 0  0 1 |  | 0 0  0  0 0 0 0  0 |  | 0  0 0 -1 0  0 0 0 |  | 0 0 0 0  -1 0 0 0 |
                                                           | 0 0 2 0  0 0  0 0  |  | 0 0 -1 0 0 0 0  0  |  | -2 1 0 0 0 0 0 0  |  | 0 0  0  0 0 0 0 0 |  | 0  0  0 0 0 0  1 0 |  | 0 0  0  0 0 0 0  0 |  | 0  0 0 0  -1 0 0 0 |  | 0 0 0 0  0  0 0 0 |
                                                           | 0 0 0 -1 0 0  0 0  |  | 0 0 0  2 0 0 0  0  |  | 0  0 0 0 0 0 0 0  |  | 1 -2 0  0 0 0 0 0 |  | 0  0  0 0 0 -1 0 0 |  | 0 0  0  0 1 0 0  0 |  | 0  0 0 0  0  0 0 0 |  | 0 0 0 0  0  0 0 0 |
                                                           | 0 0 0 0  1 0  0 0  |  | 0 0 0  0 1 0 0  0  |  | 0  0 0 1 0 0 0 0  |  | 0 0  -1 0 0 0 0 0 |  | -1 -1 0 0 0 0  0 0 |  | 0 0  0  0 0 0 0  0 |  | 0  0 0 0  0  0 0 0 |  | 0 0 0 0  0  0 0 0 |
                                                           | 0 0 0 0  0 -2 0 0  |  | 0 0 0  0 0 1 0  0  |  | 0  0 0 0 0 0 0 0  |  | 0 0  0  0 0 0 0 1 |  | 0  0  0 0 0 0  0 0 |  | 2 -1 0  0 0 0 0  0 |  | 0  0 0 0  0  0 0 0 |  | 0 0 0 -1 0  0 0 0 |
                                                           | 0 0 0 0  0 0  1 0  |  | 0 0 0  0 0 0 -2 0  |  | 0  0 0 0 0 0 0 -1 |  | 0 0  0  0 0 0 0 0 |  | 0  0  0 0 0 0  0 0 |  | 0 0  0  0 0 0 0  0 |  | -1 2 0 0  0  0 0 0 |  | 0 0 1 0  0  0 0 0 |
                                                           | 0 0 0 0  0 0  0 -1 |  | 0 0 0  0 0 0 0  -1 |  | 0  0 0 0 0 0 0 0  |  | 0 0  0  0 0 0 0 0 |  | 0  0  0 0 0 0  0 0 |  | 0 0  0  0 0 0 -1 0 |  | 0  0 0 0  0  1 0 0 |  | 1 1 0 0  0  0 0 0 |

o1 : LieAlgebraRepresentation

i2 : sl4=simpleLieAlgebra("A",3)

o2 = sl4

o2 : simple LieAlgebra

i3 : adjointRepresentation(sl4)

o3 = LieAlgebraRepresentation{"Basis" => Enhanced basis of sl4                                                                                                                                                                                                                                                                                                                                                                                                                                                                                                                                                                                                     }
                              "Module" => LL     (sl4)
                                            1,0,1
                              "RepresentationMatrices" => {| 0 0 0 0 0  0 0 0  0 0  0 0 0  0 0  |, | 0 0 0 0  0 0  0 0 0 0 0  0 0  0  0 |, | 0 0 0 0 0  0 0  0 0 0 0 0  0 0  0  |, | 0  0 0 0 0 0 0 0 0 1 0 0 0  0 0  |, | 0 0  0 0  0 0 0 0 0 0 0 0 0 0  0 |, | 0 0 0  0 0  0 0  0 0 0 0 0 0 0 0 |, | 0  0  0 0 0 0 0 0 0 0  0 0 1 0 0  |, | 0 0  0  0  0 0 0 0 0 0 0  0 0 0 0 |, | 0  0 0  0 0 0 0 0 0 0  0 0 0  0 1 |, | 0 0  0 -1 0 0 0 0 0 0 0  0 0 0  0 |, | 0  0 0  0 0  0 0  0 0 0 0 0  0 0 0 |, | 0 0  0 0 0 0  0 0  0  0 0 0 0 0 0 |, | 0 0 0  0 0  0 -1 0 0 0 0 0  0 0 0 |, | 0  0 0 0 0 0  0 0  0  0 0 0 0 0 0 |, | 0 0 0 0 0 0  0 0  -1 0 0 0 0 0 0 |}
                                                           | 0 0 0 0 0  0 0 0  0 0  0 0 0  0 0  |  | 0 0 0 0  0 0  0 0 0 0 0  0 0  0  0 |  | 0 0 0 0 0  0 0  0 0 0 0 0  0 0  0  |  | 0  0 0 0 0 0 0 0 0 0 0 0 0  0 0  |  | 0 0  0 0  0 0 0 0 0 0 1 0 0 0  0 |  | 0 0 0  0 0  0 0  0 0 0 0 0 0 0 0 |  | 0  0  0 0 0 0 0 0 0 0  0 0 1 0 0  |  | 0 0  0  0  0 0 0 0 0 0 0  0 0 1 0 |  | 0  0 0  0 0 0 0 0 0 0  0 0 0  0 1 |  | 0 0  0 0  0 0 0 0 0 0 0  0 0 0  0 |  | 0  0 0  0 -1 0 0  0 0 0 0 0  0 0 0 |  | 0 0  0 0 0 0  0 0  0  0 0 0 0 0 0 |  | 0 0 0  0 0  0 -1 0 0 0 0 0  0 0 0 |  | 0  0 0 0 0 0  0 -1 0  0 0 0 0 0 0 |  | 0 0 0 0 0 0  0 0  -1 0 0 0 0 0 0 |
                                                           | 0 0 0 0 0  0 0 0  0 0  0 0 0  0 0  |  | 0 0 0 0  0 0  0 0 0 0 0  0 0  0  0 |  | 0 0 0 0 0  0 0  0 0 0 0 0  0 0  0  |  | 0  0 0 0 0 0 0 0 0 0 0 0 0  0 0  |  | 0 0  0 0  0 0 0 0 0 0 0 0 0 0  0 |  | 0 0 0  0 0  0 0  0 0 0 0 1 0 0 0 |  | 0  0  0 0 0 0 0 0 0 0  0 0 0 0 0  |  | 0 0  0  0  0 0 0 0 0 0 0  0 0 1 0 |  | 0  0 0  0 0 0 0 0 0 0  0 0 0  0 1 |  | 0 0  0 0  0 0 0 0 0 0 0  0 0 0  0 |  | 0  0 0  0 0  0 0  0 0 0 0 0  0 0 0 |  | 0 0  0 0 0 -1 0 0  0  0 0 0 0 0 0 |  | 0 0 0  0 0  0 0  0 0 0 0 0  0 0 0 |  | 0  0 0 0 0 0  0 -1 0  0 0 0 0 0 0 |  | 0 0 0 0 0 0  0 0  -1 0 0 0 0 0 0 |
                                                           | 0 0 0 2 0  0 0 0  0 0  0 0 0  0 0  |  | 0 0 0 -1 0 0  0 0 0 0 0  0 0  0  0 |  | 0 0 0 0 0  0 0  0 0 0 0 0  0 0  0  |  | -2 1 0 0 0 0 0 0 0 0 0 0 0  0 0  |  | 0 0  0 0  0 0 0 0 0 0 0 0 0 0  0 |  | 0 0 0  0 0  0 0  0 0 0 0 0 0 0 0 |  | 0  0  0 0 0 0 0 0 0 0  1 0 0 0 0  |  | 0 0  0  0  0 0 0 0 0 0 0  0 0 0 0 |  | 0  0 0  0 0 0 0 0 0 0  0 0 0  1 0 |  | 0 0  0 0  0 0 0 0 0 0 0  0 0 0  0 |  | 0  0 0  0 0  0 -1 0 0 0 0 0  0 0 0 |  | 0 0  0 0 0 0  0 0  0  0 0 0 0 0 0 |  | 0 0 0  0 0  0 0  0 0 0 0 0  0 0 0 |  | 0  0 0 0 0 0  0 0  -1 0 0 0 0 0 0 |  | 0 0 0 0 0 0  0 0  0  0 0 0 0 0 0 |
                                                           | 0 0 0 0 -1 0 0 0  0 0  0 0 0  0 0  |  | 0 0 0 0  2 0  0 0 0 0 0  0 0  0  0 |  | 0 0 0 0 -1 0 0  0 0 0 0 0  0 0  0  |  | 0  0 0 0 0 0 0 0 0 0 0 0 0  0 0  |  | 1 -2 1 0  0 0 0 0 0 0 0 0 0 0  0 |  | 0 0 0  0 0  0 0  0 0 0 0 0 0 0 0 |  | 0  0  0 0 0 0 0 0 0 -1 0 0 0 0 0  |  | 0 0  0  0  0 0 0 0 0 0 0  1 0 0 0 |  | 0  0 0  0 0 0 0 0 0 0  0 0 0  0 0 |  | 0 0  0 0  0 0 1 0 0 0 0  0 0 0  0 |  | 0  0 0  0 0  0 0  0 0 0 0 0  0 0 0 |  | 0 0  0 0 0 0  0 -1 0  0 0 0 0 0 0 |  | 0 0 0  0 0  0 0  0 0 0 0 0  0 0 0 |  | 0  0 0 0 0 0  0 0  0  0 0 0 0 0 0 |  | 0 0 0 0 0 0  0 0  0  0 0 0 0 0 0 |
                                                           | 0 0 0 0 0  0 0 0  0 0  0 0 0  0 0  |  | 0 0 0 0  0 -1 0 0 0 0 0  0 0  0  0 |  | 0 0 0 0 0  2 0  0 0 0 0 0  0 0  0  |  | 0  0 0 0 0 0 0 0 0 0 0 0 0  0 0  |  | 0 0  0 0  0 0 0 0 0 0 0 0 0 0  0 |  | 0 1 -2 0 0  0 0  0 0 0 0 0 0 0 0 |  | 0  0  0 0 0 0 0 0 0 0  0 0 0 0 0  |  | 0 0  0  0  0 0 0 0 0 0 -1 0 0 0 0 |  | 0  0 0  0 0 0 0 0 0 0  0 0 -1 0 0 |  | 0 0  0 0  0 0 0 0 0 0 0  0 0 0  0 |  | 0  0 0  0 0  0 0  1 0 0 0 0  0 0 0 |  | 0 0  0 0 0 0  0 0  0  0 0 0 0 0 0 |  | 0 0 0  0 0  0 0  0 1 0 0 0  0 0 0 |  | 0  0 0 0 0 0  0 0  0  0 0 0 0 0 0 |  | 0 0 0 0 0 0  0 0  0  0 0 0 0 0 0 |
                                                           | 0 0 0 0 0  0 1 0  0 0  0 0 0  0 0  |  | 0 0 0 0  0 0  1 0 0 0 0  0 0  0  0 |  | 0 0 0 0 0  0 -1 0 0 0 0 0  0 0  0  |  | 0  0 0 0 1 0 0 0 0 0 0 0 0  0 0  |  | 0 0  0 -1 0 0 0 0 0 0 0 0 0 0  0 |  | 0 0 0  0 0  0 0  0 0 0 0 0 0 0 0 |  | -1 -1 1 0 0 0 0 0 0 0  0 0 0 0 0  |  | 0 0  0  0  0 0 0 0 0 0 0  0 0 0 0 |  | 0  0 0  0 0 0 0 0 0 0  0 1 0  0 0 |  | 0 0  0 0  0 0 0 0 0 0 0  0 0 0  0 |  | 0  0 0  0 0  0 0  0 0 0 0 0  0 0 0 |  | 0 0  0 0 0 0  0 0  -1 0 0 0 0 0 0 |  | 0 0 0  0 0  0 0  0 0 0 0 0  0 0 0 |  | 0  0 0 0 0 0  0 0  0  0 0 0 0 0 0 |  | 0 0 0 0 0 0  0 0  0  0 0 0 0 0 0 |
                                                           | 0 0 0 0 0  0 0 -1 0 0  0 0 0  0 0  |  | 0 0 0 0  0 0  0 1 0 0 0  0 0  0  0 |  | 0 0 0 0 0  0 0  1 0 0 0 0  0 0  0  |  | 0  0 0 0 0 0 0 0 0 0 0 0 0  0 0  |  | 0 0  0 0  0 1 0 0 0 0 0 0 0 0  0 |  | 0 0 0  0 -1 0 0  0 0 0 0 0 0 0 0 |  | 0  0  0 0 0 0 0 0 0 0  0 0 0 0 0  |  | 1 -1 -1 0  0 0 0 0 0 0 0  0 0 0 0 |  | 0  0 0  0 0 0 0 0 0 -1 0 0 0  0 0 |  | 0 0  0 0  0 0 0 0 1 0 0  0 0 0  0 |  | 0  0 0  0 0  0 0  0 0 0 0 0  0 0 0 |  | 0 0  0 0 0 0  0 0  0  0 0 0 0 0 0 |  | 0 0 0  0 0  0 0  0 0 0 0 0  0 0 0 |  | 0  0 0 0 0 0  0 0  0  0 0 0 0 0 0 |  | 0 0 0 0 0 0  0 0  0  0 0 0 0 0 0 |
                                                           | 0 0 0 0 0  0 0 0  1 0  0 0 0  0 0  |  | 0 0 0 0  0 0  0 0 0 0 0  0 0  0  0 |  | 0 0 0 0 0  0 0  0 1 0 0 0  0 0  0  |  | 0  0 0 0 0 0 0 1 0 0 0 0 0  0 0  |  | 0 0  0 0  0 0 0 0 0 0 0 0 0 0  0 |  | 0 0 0  0 0  0 -1 0 0 0 0 0 0 0 0 |  | 0  0  0 0 0 1 0 0 0 0  0 0 0 0 0  |  | 0 0  0  -1 0 0 0 0 0 0 0  0 0 0 0 |  | -1 0 -1 0 0 0 0 0 0 0  0 0 0  0 0 |  | 0 0  0 0  0 0 0 0 0 0 0  0 0 0  0 |  | 0  0 0  0 0  0 0  0 0 0 0 0  0 0 0 |  | 0 0  0 0 0 0  0 0  0  0 0 0 0 0 0 |  | 0 0 0  0 0  0 0  0 0 0 0 0  0 0 0 |  | 0  0 0 0 0 0  0 0  0  0 0 0 0 0 0 |  | 0 0 0 0 0 0  0 0  0  0 0 0 0 0 0 |
                                                           | 0 0 0 0 0  0 0 0  0 -2 0 0 0  0 0  |  | 0 0 0 0  0 0  0 0 0 1 0  0 0  0  0 |  | 0 0 0 0 0  0 0  0 0 0 0 0  0 0  0  |  | 0  0 0 0 0 0 0 0 0 0 0 0 0  0 0  |  | 0 0  0 0  0 0 0 0 0 0 0 0 1 0  0 |  | 0 0 0  0 0  0 0  0 0 0 0 0 0 0 0 |  | 0  0  0 0 0 0 0 0 0 0  0 0 0 0 0  |  | 0 0  0  0  0 0 0 0 0 0 0  0 0 0 1 |  | 0  0 0  0 0 0 0 0 0 0  0 0 0  0 0 |  | 2 -1 0 0  0 0 0 0 0 0 0  0 0 0  0 |  | 0  0 0  0 0  0 0  0 0 0 0 0  0 0 0 |  | 0 0  0 0 0 0  0 0  0  0 0 0 0 0 0 |  | 0 0 0  0 -1 0 0  0 0 0 0 0  0 0 0 |  | 0  0 0 0 0 0  0 0  0  0 0 0 0 0 0 |  | 0 0 0 0 0 0  0 -1 0  0 0 0 0 0 0 |
                                                           | 0 0 0 0 0  0 0 0  0 0  1 0 0  0 0  |  | 0 0 0 0  0 0  0 0 0 0 -2 0 0  0  0 |  | 0 0 0 0 0  0 0  0 0 0 1 0  0 0  0  |  | 0  0 0 0 0 0 0 0 0 0 0 0 -1 0 0  |  | 0 0  0 0  0 0 0 0 0 0 0 0 0 0  0 |  | 0 0 0  0 0  0 0  0 0 0 0 0 0 1 0 |  | 0  0  0 0 0 0 0 0 0 0  0 0 0 0 0  |  | 0 0  0  0  0 0 0 0 0 0 0  0 0 0 0 |  | 0  0 0  0 0 0 0 0 0 0  0 0 0  0 0 |  | 0 0  0 0  0 0 0 0 0 0 0  0 0 0  0 |  | -1 2 -1 0 0  0 0  0 0 0 0 0  0 0 0 |  | 0 0  0 0 0 0  0 0  0  0 0 0 0 0 0 |  | 0 0 0  1 0  0 0  0 0 0 0 0  0 0 0 |  | 0  0 0 0 0 -1 0 0  0  0 0 0 0 0 0 |  | 0 0 0 0 0 0  0 0  0  0 0 0 0 0 0 |
                                                           | 0 0 0 0 0  0 0 0  0 0  0 0 0  0 0  |  | 0 0 0 0  0 0  0 0 0 0 0  1 0  0  0 |  | 0 0 0 0 0  0 0  0 0 0 0 -2 0 0  0  |  | 0  0 0 0 0 0 0 0 0 0 0 0 0  0 0  |  | 0 0  0 0  0 0 0 0 0 0 0 0 0 -1 0 |  | 0 0 0  0 0  0 0  0 0 0 0 0 0 0 0 |  | 0  0  0 0 0 0 0 0 0 0  0 0 0 0 -1 |  | 0 0  0  0  0 0 0 0 0 0 0  0 0 0 0 |  | 0  0 0  0 0 0 0 0 0 0  0 0 0  0 0 |  | 0 0  0 0  0 0 0 0 0 0 0  0 0 0  0 |  | 0  0 0  0 0  0 0  0 0 0 0 0  0 0 0 |  | 0 -1 2 0 0 0  0 0  0  0 0 0 0 0 0 |  | 0 0 0  0 0  0 0  0 0 0 0 0  0 0 0 |  | 0  0 0 0 1 0  0 0  0  0 0 0 0 0 0 |  | 0 0 0 0 0 0  1 0  0  0 0 0 0 0 0 |
                                                           | 0 0 0 0 0  0 0 0  0 0  0 0 -1 0 0  |  | 0 0 0 0  0 0  0 0 0 0 0  0 -1 0  0 |  | 0 0 0 0 0  0 0  0 0 0 0 0  1 0  0  |  | 0  0 0 0 0 0 0 0 0 0 0 0 0  0 0  |  | 0 0  0 0  0 0 0 0 0 0 0 0 0 0  0 |  | 0 0 0  0 0  0 0  0 0 0 0 0 0 0 1 |  | 0  0  0 0 0 0 0 0 0 0  0 0 0 0 0  |  | 0 0  0  0  0 0 0 0 0 0 0  0 0 0 0 |  | 0  0 0  0 0 0 0 0 0 0  0 0 0  0 0 |  | 0 0  0 0  0 0 0 0 0 0 -1 0 0 0  0 |  | 0  0 0  0 0  0 0  0 0 1 0 0  0 0 0 |  | 0 0  0 0 0 0  0 0  0  0 0 0 0 0 0 |  | 1 1 -1 0 0  0 0  0 0 0 0 0  0 0 0 |  | 0  0 0 0 0 0  0 0  0  0 0 0 0 0 0 |  | 0 0 0 0 0 -1 0 0  0  0 0 0 0 0 0 |
                                                           | 0 0 0 0 0  0 0 0  0 0  0 0 0  1 0  |  | 0 0 0 0  0 0  0 0 0 0 0  0 0  -1 0 |  | 0 0 0 0 0  0 0  0 0 0 0 0  0 -1 0  |  | 0  0 0 0 0 0 0 0 0 0 0 0 0  0 -1 |  | 0 0  0 0  0 0 0 0 0 0 0 0 0 0  0 |  | 0 0 0  0 0  0 0  0 0 0 0 0 0 0 0 |  | 0  0  0 0 0 0 0 0 0 0  0 0 0 0 0  |  | 0 0  0  0  0 0 0 0 0 0 0  0 0 0 0 |  | 0  0 0  0 0 0 0 0 0 0  0 0 0  0 0 |  | 0 0  0 0  0 0 0 0 0 0 0  0 0 0  0 |  | 0  0 0  0 0  0 0  0 0 0 0 -1 0 0 0 |  | 0 0  0 0 0 0  0 0  0  0 1 0 0 0 0 |  | 0 0 0  0 0  0 0  0 0 0 0 0  0 0 0 |  | -1 1 1 0 0 0  0 0  0  0 0 0 0 0 0 |  | 0 0 0 1 0 0  0 0  0  0 0 0 0 0 0 |
                                                           | 0 0 0 0 0  0 0 0  0 0  0 0 0  0 -1 |  | 0 0 0 0  0 0  0 0 0 0 0  0 0  0  0 |  | 0 0 0 0 0  0 0  0 0 0 0 0  0 0  -1 |  | 0  0 0 0 0 0 0 0 0 0 0 0 0  0 0  |  | 0 0  0 0  0 0 0 0 0 0 0 0 0 0  0 |  | 0 0 0  0 0  0 0  0 0 0 0 0 0 0 0 |  | 0  0  0 0 0 0 0 0 0 0  0 0 0 0 0  |  | 0 0  0  0  0 0 0 0 0 0 0  0 0 0 0 |  | 0  0 0  0 0 0 0 0 0 0  0 0 0  0 0 |  | 0 0  0 0  0 0 0 0 0 0 0  0 0 -1 0 |  | 0  0 0  0 0  0 0  0 0 0 0 0  0 0 0 |  | 0 0  0 0 0 0  0 0  0  0 0 0 1 0 0 |  | 0 0 0  0 0  0 0  0 0 0 0 -1 0 0 0 |  | 0  0 0 0 0 0  0 0  0  1 0 0 0 0 0 |  | 1 0 1 0 0 0  0 0  0  0 0 0 0 0 0 |

o3 : LieAlgebraRepresentation

i4 : LAB=lieAlgebraBasis("C",2)

o4 = Enhanced basis of 𝔠
                        2

o4 : LieAlgebraBasis

i5 : adjointRepresentation(LAB)

o5 = LieAlgebraRepresentation{"Basis" => Enhanced basis of 𝔠                                                                                                                                                                                                                                                                                    }
                                                            2
                              "Module" => LL   (𝔠 )
                                            2,0  2
                              "RepresentationMatrices" => {| 0 0 0 0  0 0 0  0 0 0  |, | 0 0 0  0 0 0 0 0  0  0 |, | 0  0 0 0 0 0 1 0 0  0  |, | 0 0  0  0 0 0 0 0 0 0 |, | 0 0  0  0 0 0 0  0 1 0 |, | 0  0 0 0 0 0 0  0 0 1 |, | 0 0  -1 0 0 0 0 0  0  0 |, | 0  0 0 0  0  0 0 0 0 0 |, | 0 0 0 0  -1 0  0 0 0 0 |, | 0 0 0 0 0  -1 0 0 0 0 |}
                                                           | 0 0 0 0  0 0 0  0 0 0  |  | 0 0 0  0 0 0 0 0  0  0 |  | 0  0 0 0 0 0 0 0 0  0  |  | 0 0  0  0 0 0 0 1 0 0 |  | 0 0  0  0 0 0 0  0 2 0 |  | 0  0 0 0 0 0 0  0 0 1 |  | 0 0  0  0 0 0 0 0  0  0 |  | 0  0 0 -1 0  0 0 0 0 0 |  | 0 0 0 0  -2 0  0 0 0 0 |  | 0 0 0 0 0  -1 0 0 0 0 |
                                                           | 0 0 2 0  0 0 0  0 0 0  |  | 0 0 -1 0 0 0 0 0  0  0 |  | -2 1 0 0 0 0 0 0 0  0  |  | 0 0  0  0 0 0 0 0 0 0 |  | 0 0  0  0 0 0 0  1 0 0 |  | 0  0 0 0 0 0 0  0 1 0 |  | 0 0  0  0 0 0 0 0  0  0 |  | 0  0 0 0  -1 0 0 0 0 0 |  | 0 0 0 0  0  -1 0 0 0 0 |  | 0 0 0 0 0  0  0 0 0 0 |
                                                           | 0 0 0 -2 0 0 0  0 0 0  |  | 0 0 0  2 0 0 0 0  0  0 |  | 0  0 0 0 0 0 0 0 0  0  |  | 2 -2 0  0 0 0 0 0 0 0 |  | 0 0  0  0 0 0 -2 0 0 0 |  | 0  0 0 0 0 0 0  0 0 0 |  | 0 0  0  0 2 0 0 0  0  0 |  | 0  0 0 0  0  0 0 0 0 0 |  | 0 0 0 0  0  0  0 0 0 0 |  | 0 0 0 0 0  0  0 0 0 0 |
                                                           | 0 0 0 0  0 0 0  0 0 0  |  | 0 0 0  0 1 0 0 0  0  0 |  | 0  0 0 1 0 0 0 0 0  0  |  | 0 0  -1 0 0 0 0 0 0 0 |  | 0 -1 0  0 0 0 0  0 0 0 |  | 0  0 0 0 0 0 -1 0 0 0 |  | 0 0  0  0 0 1 0 0  0  0 |  | 0  0 0 0  0  0 0 0 0 0 |  | 0 0 0 0  0  0  0 0 0 0 |  | 0 0 0 0 0  0  0 0 0 0 |
                                                           | 0 0 0 0  0 2 0  0 0 0  |  | 0 0 0  0 0 0 0 0  0  0 |  | 0  0 0 0 2 0 0 0 0  0  |  | 0 0  0  0 0 0 0 0 0 0 |  | 0 0  -2 0 0 0 0  0 0 0 |  | -2 0 0 0 0 0 0  0 0 0 |  | 0 0  0  0 0 0 0 0  0  0 |  | 0  0 0 0  0  0 0 0 0 0 |  | 0 0 0 0  0  0  0 0 0 0 |  | 0 0 0 0 0  0  0 0 0 0 |
                                                           | 0 0 0 0  0 0 -2 0 0 0  |  | 0 0 0  0 0 0 1 0  0  0 |  | 0  0 0 0 0 0 0 0 0  0  |  | 0 0  0  0 0 0 0 0 1 0 |  | 0 0  0  0 0 0 0  0 0 1 |  | 0  0 0 0 0 0 0  0 0 0 |  | 2 -1 0  0 0 0 0 0  0  0 |  | 0  0 0 0  0  0 0 0 0 0 |  | 0 0 0 -1 0  0  0 0 0 0 |  | 0 0 0 0 -1 0  0 0 0 0 |
                                                           | 0 0 0 0  0 0 0  2 0 0  |  | 0 0 0  0 0 0 0 -2 0  0 |  | 0  0 0 0 0 0 0 0 -2 0  |  | 0 0  0  0 0 0 0 0 0 0 |  | 0 0  0  0 0 0 0  0 0 0 |  | 0  0 0 0 0 0 0  0 0 0 |  | 0 0  0  0 0 0 0 0  0  0 |  | -2 2 0 0  0  0 0 0 0 0 |  | 0 0 2 0  0  0  0 0 0 0 |  | 0 0 0 0 0  0  0 0 0 0 |
                                                           | 0 0 0 0  0 0 0  0 0 0  |  | 0 0 0  0 0 0 0 0  -1 0 |  | 0  0 0 0 0 0 0 0 0  -1 |  | 0 0  0  0 0 0 0 0 0 0 |  | 0 0  0  0 0 0 0  0 0 0 |  | 0  0 0 0 0 0 0  0 0 0 |  | 0 0  0  0 0 0 0 -1 0  0 |  | 0  0 0 0  0  0 1 0 0 0 |  | 0 1 0 0  0  0  0 0 0 0 |  | 0 0 1 0 0  0  0 0 0 0 |
                                                           | 0 0 0 0  0 0 0  0 0 -2 |  | 0 0 0  0 0 0 0 0  0  0 |  | 0  0 0 0 0 0 0 0 0  0  |  | 0 0  0  0 0 0 0 0 0 0 |  | 0 0  0  0 0 0 0  0 0 0 |  | 0  0 0 0 0 0 0  0 0 0 |  | 0 0  0  0 0 0 0 0  -2 0 |  | 0  0 0 0  0  0 0 0 0 0 |  | 0 0 0 0  0  0  2 0 0 0 |  | 2 0 0 0 0  0  0 0 0 0 |

o5 : LieAlgebraRepresentation

i6 : 
