-- -*- M2-comint -*- hash: 2778504061690610807

i1 : sl3 = simpleLieAlgebra("A",2);

i2 : LAB = lieAlgebraBasis("A",2);

i3 : V=irreducibleLieAlgebraModule({1,1},sl3);

i4 : rho=lieAlgebraRepresentation(V,LAB,GTrepresentationMatrices(V));

i5 : basisWordsFromMatrixGenerators(rho)
Length 1 complete. 3 new words found
Length 2 complete. 4 new words found

o5 = {LieAlgebraModuleElement{"LieAlgebraModule" => V},
                              "Terms" => {{{}, 1}}     
                                                       
                                                       
     ------------------------------------------------------------------------
     LieAlgebraModuleElement{"LieAlgebraModule" => V},
                             "Terms" => {{{0}, 1}}    
                                                      
                                                      
     ------------------------------------------------------------------------
     LieAlgebraModuleElement{"LieAlgebraModule" => V},
                             "Terms" => {{{1}, 1}}    
                                                      
                                                      
     ------------------------------------------------------------------------
     LieAlgebraModuleElement{"LieAlgebraModule" => V },
                             "Terms" => {{{0, 1}, 1}}  
                                                       
                                                       
     ------------------------------------------------------------------------
     LieAlgebraModuleElement{"LieAlgebraModule" => V  },
                             "Terms" => {{{0, 2}, -2}}  
                                                        
                                                        
     ------------------------------------------------------------------------
     LieAlgebraModuleElement{"LieAlgebraModule" => V           },
                             "Terms" => {{{2}, 2}, {{0, 1}, 1}}  
                                                                 
                                                                 
     ------------------------------------------------------------------------
     LieAlgebraModuleElement{"LieAlgebraModule" => V },
                             "Terms" => {{{1, 2}, 3}}  
                                                       
                                                       
     ------------------------------------------------------------------------
     LieAlgebraModuleElement{"LieAlgebraModule" => V   }}
                                                    3
                             "Terms" => {{{2, 2}, - -}}
                                                    2

o5 : List

i6 : 
