-- -*- M2-comint -*- hash: 11832757743098602818

i1 : g = simpleLieAlgebra("A",2);

i2 : lambda = {1,1}

o2 = {1, 1}

o2 : List

i3 : deGraafBases(lambda,g)
Warning:  F4 Algorithm not available over current coefficient ring or inhomogeneous ideal.
Converting to Naive algorithm.
max-lev=6
Finished level 1. {#G,#B}={0, 3}
Finished level 2. {#G,#B}={2, 5}
Finished level 3. {#G,#B}={2, 7}
Finished level 4. {#G,#B}={3, 8}
Finished level 5. {#G,#B}={5, 8}
Finished level 6. {#G,#B}={6, 8}

         2            2     2            2                              
o3 = ({{Y , {-3, 3}, Y }, {Y , {3, -3}, Y }, {Y Y Y , {-1, -1}, Y Y Y  +
         1            1     2            2     1 2 3             1 2 3  
     ------------------------------------------------------------------------
     1 2       2              2       2              2     3             3   
     -Y }, {Y Y , {-3, 0}, Y Y }, {Y Y , {0, -3}, Y Y }, {Y , {-2, -2}, Y }},
     2 3     1 3            1 3     2 3            2 3     3             3   
     ------------------------------------------------------------------------
                                        2
     {1, Y , Y , Y , Y Y , Y Y , Y Y , Y })
          1   2   3   1 2   1 3   2 3   3

o3 : Sequence

i4 : 
     
