-- -*- M2-comint -*- hash: 11832757743630684515

i1 : g = simpleLieAlgebra("A",2);

i2 : lambda = {1,1}

o2 = {1, 1}

o2 : List

i3 : deGraafRepresentation(lambda,g)
Warning:  F4 Algorithm not available over current coefficient ring or inhomogeneous ideal.
Converting to Naive algorithm.
Warning:  F4 Algorithm not available over current coefficient ring or inhomogeneous ideal.
Converting to Naive algorithm.
max-lev=6
Finished level 1. {#G,#B}={0, 3}
Finished level 2. {#G,#B}={2, 5}
Finished level 3. {#G,#B}={2, 7}
Finished level 4. {#G,#B}={3, 8}
Finished level 5. {#G,#B}={5, 8}
Finished level 6. {#G,#B}={6, 8}
Compute rho(B_0)
Compute rho(B_1)
Compute rho(B_2)
Compute rho(B_3)
Compute rho(B_4)
Compute rho(B_5)
Compute rho(B_6)
Compute rho(B_7)

o3 = LieAlgebraRepresentation{"Basis" => Enhanced basis of g                                                                                                                                                                                         }
                              "Module" => LL   (g)
                                            1,1
                              "RepresentationMatrices" => {| 1 0  0 0 0 0  0 0  |, | 1 0 0  0 0 0 0  0  |, | 0 1 0 0  0 0  0 0  |, | 0 0 1 0 0 0 0 0 |, | 0 0 0 2 -1 0 0 0 |, | 0 0 0 0 0  0 0    0 |, | 0 0 0 0 0 0   0 0 |, | 0 0 0 0 0    0 0 0 |}
                                                           | 0 -1 0 0 0 0  0 0  |  | 0 2 0  0 0 0 0  0  |  | 0 0 0 0  0 0  0 0  |  | 0 0 0 1 1 0 0 0 |  | 0 0 0 0 0  1 0 0 |  | 1 0 0 0 0  0 0    0 |  | 0 0 0 0 0 0   0 0 |  | 0 0 0 0 0    0 0 0 |
                                                           | 0 0  2 0 0 0  0 0  |  | 0 0 -1 0 0 0 0  0  |  | 0 0 0 -1 2 0  0 0  |  | 0 0 0 0 0 0 0 0 |  | 0 0 0 0 0  0 1 0 |  | 0 0 0 0 0  0 0    0 |  | 1 0 0 0 0 0   0 0 |  | 0 0 0 0 0    0 0 0 |
                                                           | 0 0  0 0 0 0  0 0  |  | 0 0 0  0 0 0 0  0  |  | 0 0 0 0  0 0  0 0  |  | 0 0 0 0 0 0 1 0 |  | 0 0 0 0 0  0 0 2 |  | 0 0 0 0 0  0 0    0 |  | 0 1 0 0 0 0   0 0 |  | 1 0 0 0 0    0 0 0 |
                                                           | 0 0  0 0 0 0  0 0  |  | 0 0 0  0 0 0 0  0  |  | 0 0 0 0  0 -1 0 0  |  | 0 0 0 0 0 0 1 0 |  | 0 0 0 0 0  0 0 0 |  | 0 0 1 0 0  0 0    0 |  | 0 1 0 0 0 0   0 0 |  | 0 0 0 0 0    0 0 0 |
                                                           | 0 0  0 0 0 -2 0 0  |  | 0 0 0  0 0 1 0  0  |  | 0 0 0 0  0 0  0 0  |  | 0 0 0 0 0 0 0 2 |  | 0 0 0 0 0  0 0 0 |  | 0 0 0 1 -2 0 0    0 |  | 0 0 0 0 0 0   0 0 |  | 0 1 0 0 0    0 0 0 |
                                                           | 0 0  0 0 0 0  1 0  |  | 0 0 0  0 0 0 -2 0  |  | 0 0 0 0  0 0  0 -2 |  | 0 0 0 0 0 0 0 0 |  | 0 0 0 0 0  0 0 0 |  | 0 0 0 0 0  0 0    0 |  | 0 0 0 1 1 0   0 0 |  | 0 0 1 0 0    0 0 0 |
                                                           | 0 0  0 0 0 0  0 -1 |  | 0 0 0  0 0 0 0  -1 |  | 0 0 0 0  0 0  0 0  |  | 0 0 0 0 0 0 0 0 |  | 0 0 0 0 0  0 0 0 |  | 0 0 0 0 0  0 -1/2 0 |  | 0 0 0 0 0 1/2 0 0 |  | 0 0 0 1 -1/2 0 0 0 |

o3 : LieAlgebraRepresentation

i4 : 
     
