-- -*- M2-comint -*- hash: 1597632094992858685

i1 : P=gtPolytope("A",{2,0,0})

o1 = P

o1 : Polyhedron

i2 : dim P

o2 = 2

i3 : halfspaces(P)

o3 = (| -1 0 0 1  0 0  |, 0)
      | 0  0 0 0  0 -1 |
      | 0  0 0 -1 0 1  |

o3 : Sequence

i4 : hyperplanes(P)

o4 = (| -1 0 0 0 0 0 |, | -2 |)
      | 0  1 0 0 0 0 |  | 0  |
      | 0  0 1 0 0 0 |  | 0  |
      | 0  0 0 0 1 0 |  | 0  |

o4 : Sequence

i5 : vertices(P)

o5 = | 2 2 2 |
     | 0 0 0 |
     | 0 0 0 |
     | 0 2 2 |
     | 0 0 0 |
     | 0 0 2 |

              6       3
o5 : Matrix QQ  <-- QQ

i6 : 
