-- -*- M2-comint -*- hash: 3658957821978756056

i1 : spinRepresentationMatrices(3)

o1 = {| 0 0 0 0  0 0  0 0 |, | 0 0 0  0 0 0 0  0 |, | -1 0 0 0 0  0 0 0 |, |
      | 0 0 0 0  0 0  0 0 |  | 0 1 0  0 0 0 0  0 |  | 0  0 0 0 0  0 0 0 |  |
      | 0 0 1 0  0 0  0 0 |  | 0 0 -1 0 0 0 0  0 |  | 0  0 0 0 0  0 0 0 |  |
      | 0 0 0 -1 0 0  0 0 |  | 0 0 0  0 0 0 0  0 |  | 0  0 0 1 0  0 0 0 |  |
      | 0 0 0 0  1 0  0 0 |  | 0 0 0  0 0 0 0  0 |  | 0  0 0 0 -1 0 0 0 |  |
      | 0 0 0 0  0 -1 0 0 |  | 0 0 0  0 0 1 0  0 |  | 0  0 0 0 0  0 0 0 |  |
      | 0 0 0 0  0 0  0 0 |  | 0 0 0  0 0 0 -1 0 |  | 0  0 0 0 0  0 0 0 |  |
      | 0 0 0 0  0 0  0 0 |  | 0 0 0  0 0 0 0  0 |  | 0  0 0 0 0  0 0 1 |  |
     ------------------------------------------------------------------------
     0 0 0 0 0 0 0 0 |, | 0 0 0 0 0 0 0 0 |, | 0 0 0 0 0 0 0 0 |, | 0 0 0 0 
     0 0 0 0 0 0 0 0 |  | 0 0 1 0 0 0 0 0 |  | 0 0 0 0 0 0 0 0 |  | 0 0 0 -1
     0 0 0 1 0 0 0 0 |  | 0 0 0 0 0 0 0 0 |  | 0 0 0 0 0 0 0 0 |  | 0 0 0 0 
     0 0 0 0 0 0 0 0 |  | 0 0 0 0 0 0 0 0 |  | 1 0 0 0 0 0 0 0 |  | 0 0 0 0 
     0 0 0 0 0 1 0 0 |  | 0 0 0 0 0 0 0 0 |  | 0 0 0 0 0 0 0 0 |  | 0 0 0 0 
     0 0 0 0 0 0 0 0 |  | 0 0 0 0 0 0 1 0 |  | 0 0 0 0 0 0 0 0 |  | 0 0 0 0 
     0 0 0 0 0 0 0 0 |  | 0 0 0 0 0 0 0 0 |  | 0 0 0 0 0 0 0 0 |  | 0 0 0 0 
     0 0 0 0 0 0 0 0 |  | 0 0 0 0 0 0 0 0 |  | 0 0 0 0 1 0 0 0 |  | 0 0 0 0 
     ------------------------------------------------------------------------
     0 0 0 0 |, | 0 0 0 0 0 0  0 0 |, | 0 0 0 0 0 0 0 0 |, | 0 0 0 0 0 0 0 0
     0 0 0 0 |  | 0 0 0 0 0 0  0 0 |  | 1 0 0 0 0 0 0 0 |  | 0 0 0 0 0 0 0 0
     0 0 0 0 |  | 1 0 0 0 0 0  0 0 |  | 0 0 0 0 0 0 0 0 |  | 0 0 0 0 0 0 0 0
     0 0 0 0 |  | 0 0 0 0 0 0  0 0 |  | 0 0 0 0 0 0 0 0 |  | 0 0 1 0 0 0 0 0
     0 0 1 0 |  | 0 0 0 0 0 0  0 0 |  | 0 0 0 0 0 0 0 0 |  | 0 0 0 0 0 0 0 0
     0 0 0 0 |  | 0 0 0 0 0 0  0 0 |  | 0 0 0 0 0 0 0 0 |  | 0 0 0 0 1 0 0 0
     0 0 0 0 |  | 0 0 0 0 0 0  0 0 |  | 0 0 0 0 0 0 0 0 |  | 0 0 0 0 0 0 0 0
     0 0 0 0 |  | 0 0 0 0 0 -1 0 0 |  | 0 0 0 0 0 0 1 0 |  | 0 0 0 0 0 0 0 0
     ------------------------------------------------------------------------
     |, | 0 0 0 0 0 0 0 0 |, | 0 0 0 1 0 0 0 0 |, | 0 0  0 0 0 0 0 0 |, | 0 0
     |  | 0 0 0 0 0 0 0 0 |  | 0 0 0 0 0 0 0 0 |  | 0 0  0 0 0 0 0 0 |  | 0 0
     |  | 0 1 0 0 0 0 0 0 |  | 0 0 0 0 0 0 0 0 |  | 0 0  0 0 0 0 0 0 |  | 0 0
     |  | 0 0 0 0 0 0 0 0 |  | 0 0 0 0 0 0 0 0 |  | 0 -1 0 0 0 0 0 0 |  | 0 0
     |  | 0 0 0 0 0 0 0 0 |  | 0 0 0 0 0 0 0 1 |  | 0 0  0 0 0 0 0 0 |  | 0 0
     |  | 0 0 0 0 0 0 0 0 |  | 0 0 0 0 0 0 0 0 |  | 0 0  0 0 0 0 0 0 |  | 0 0
     |  | 0 0 0 0 0 1 0 0 |  | 0 0 0 0 0 0 0 0 |  | 0 0  0 0 1 0 0 0 |  | 0 0
     |  | 0 0 0 0 0 0 0 0 |  | 0 0 0 0 0 0 0 0 |  | 0 0  0 0 0 0 0 0 |  | 0 0
     ------------------------------------------------------------------------
     1 0 0 0 0 0  |, | 0 1 0 0 0 0 0 0 |}
     0 0 0 0 0 0  |  | 0 0 0 0 0 0 0 0 |
     0 0 0 0 0 0  |  | 0 0 0 0 0 0 0 0 |
     0 0 0 0 0 0  |  | 0 0 0 0 0 0 0 0 |
     0 0 0 0 0 0  |  | 0 0 0 0 0 0 0 0 |
     0 0 0 0 0 -1 |  | 0 0 0 0 0 0 0 0 |
     0 0 0 0 0 0  |  | 0 0 0 0 0 0 0 1 |
     0 0 0 0 0 0  |  | 0 0 0 0 0 0 0 0 |

o1 : List

i2 : halfspinRepresentationMatrices(3,0)

o2 = {| 0 0 0 0  |, | 0 0 0  0 |, | -1 0 0 0 |, | 0 0 0 0 |, | 0 0 0 0 |, | 0
      | 0 0 0 0  |  | 0 1 0  0 |  | 0  0 0 0 |  | 0 0 0 0 |  | 0 0 1 0 |  | 0
      | 0 0 1 0  |  | 0 0 -1 0 |  | 0  0 0 0 |  | 0 0 0 1 |  | 0 0 0 0 |  | 0
      | 0 0 0 -1 |  | 0 0 0  0 |  | 0  0 0 1 |  | 0 0 0 0 |  | 0 0 0 0 |  | 1
     ------------------------------------------------------------------------
     0 0 0 |, | 0 0 0 0  |, | 0 0 0 0 |, | 0 0 0 0 |, | 0 0 0 0 |, | 0 0 0 0
     0 0 0 |  | 0 0 0 -1 |  | 0 0 0 0 |  | 1 0 0 0 |  | 0 0 0 0 |  | 0 0 0 0
     0 0 0 |  | 0 0 0 0  |  | 1 0 0 0 |  | 0 0 0 0 |  | 0 0 0 0 |  | 0 1 0 0
     0 0 0 |  | 0 0 0 0  |  | 0 0 0 0 |  | 0 0 0 0 |  | 0 0 1 0 |  | 0 0 0 0
     ------------------------------------------------------------------------
     |, | 0 0 0 1 |, | 0 0  0 0 |, | 0 0 1 0 |, | 0 1 0 0 |}
     |  | 0 0 0 0 |  | 0 0  0 0 |  | 0 0 0 0 |  | 0 0 0 0 |
     |  | 0 0 0 0 |  | 0 0  0 0 |  | 0 0 0 0 |  | 0 0 0 0 |
     |  | 0 0 0 0 |  | 0 -1 0 0 |  | 0 0 0 0 |  | 0 0 0 0 |

o2 : List

i3 : halfspinRepresentationMatrices(3,1)

o3 = {| 1 0  0 0 |, | 0 0 0  0 |, | -1 0 0 0 |, | 0 1 0 0 |, | 0 0 0 0 |, | 0
      | 0 -1 0 0 |  | 0 1 0  0 |  | 0  0 0 0 |  | 0 0 0 0 |  | 0 0 1 0 |  | 0
      | 0 0  0 0 |  | 0 0 -1 0 |  | 0  0 0 0 |  | 0 0 0 0 |  | 0 0 0 0 |  | 0
      | 0 0  0 0 |  | 0 0 0  0 |  | 0  0 0 1 |  | 0 0 0 0 |  | 0 0 0 0 |  | 1
     ------------------------------------------------------------------------
     0 0 0 |, | 0 0 1 0 |, | 0 0  0 0 |, | 0 0 0 0 |, | 0 0 0 0 |, | 0 0 0 0
     0 0 0 |  | 0 0 0 0 |  | 0 0  0 0 |  | 0 0 0 0 |  | 1 0 0 0 |  | 0 0 0 0
     0 0 0 |  | 0 0 0 0 |  | 0 0  0 0 |  | 0 0 0 0 |  | 0 0 0 0 |  | 0 1 0 0
     0 0 0 |  | 0 0 0 0 |  | 0 -1 0 0 |  | 0 0 1 0 |  | 0 0 0 0 |  | 0 0 0 0
     ------------------------------------------------------------------------
     |, | 0 0 0 1 |, | 0 0 0 0 |, | 0 0 0 0  |, | 0 0 0 0 |}
     |  | 0 0 0 0 |  | 0 0 0 0 |  | 0 0 0 -1 |  | 0 0 0 0 |
     |  | 0 0 0 0 |  | 1 0 0 0 |  | 0 0 0 0  |  | 0 0 0 1 |
     |  | 0 0 0 0 |  | 0 0 0 0 |  | 0 0 0 0  |  | 0 0 0 0 |

o3 : List

i4 : 
     
