-- -*- M2-comint -*- hash: 12841601517366320261

i1 : LAB=lieAlgebraBasis("A",2);

i2 : peek LAB

o2 = LieAlgebraBasis{BasisElements => {| 1 0  0 |, | 0 0 0  |, | 0 1 0 |, | 0 0 0 |, | 0 0 1 |, | 0 0 0 |, | 0 0 0 |, | 0 0 0 |}                                    }
                                       | 0 -1 0 |  | 0 1 0  |  | 0 0 0 |  | 0 0 1 |  | 0 0 0 |  | 1 0 0 |  | 0 0 0 |  | 0 0 0 |
                                       | 0 0  0 |  | 0 0 -1 |  | 0 0 0 |  | 0 0 0 |  | 0 0 0 |  | 0 0 0 |  | 0 1 0 |  | 1 0 0 |
                     Bracket => FunctionClosure[../../../../../Macaulay2/packages/LieAlgebraRepresentations/LieAlgebraBases/lieAlgebraBasisTypeAFH.m2:173:10-173:26]
                     DualBasis => {| 2/3 0    0    |, | 1/3 0   0    |, | 0 0 0 |, | 0 0 0 |, | 0 0 0 |, | 0 1 0 |, | 0 0 0 |, | 0 0 1 |}
                                   | 0   -1/3 0    |  | 0   1/3 0    |  | 1 0 0 |  | 0 0 0 |  | 0 0 0 |  | 0 0 0 |  | 0 0 1 |  | 0 0 0 |
                                   | 0   0    -1/3 |  | 0   0   -2/3 |  | 0 0 0 |  | 0 1 0 |  | 1 0 0 |  | 0 0 0 |  | 0 0 0 |  | 0 0 0 |
                     Labels => {Ha_1, Ha_2, E_(1,2), E_(2,3), E_(1,3), E_(2,1), E_(3,2), E_(3,1)}
                     LieAlgebra => 𝔞
                                    2
                     LoweringOperatorIndices => {5, 6, 7}
                     RaisingOperatorIndices => {2, 3, 4}
                     Weights => {{0, 0}, {0, 0}, {2, -1}, {-1, 2}, {1, 1}, {-2, 1}, {1, -2}, {-1, -1}}
                     WriteInBasis => writeInslnBasis

i3 : sl3=simpleLieAlgebra("A",2);

i4 : lieAlgebraBasis(sl3)===LAB

o4 = false

i5 : LAB#"BasisElements"

o5 = {| 1 0  0 |, | 0 0 0  |, | 0 1 0 |, | 0 0 0 |, | 0 0 1 |, | 0 0 0 |, | 0
      | 0 -1 0 |  | 0 1 0  |  | 0 0 0 |  | 0 0 1 |  | 0 0 0 |  | 1 0 0 |  | 0
      | 0 0  0 |  | 0 0 -1 |  | 0 0 0 |  | 0 0 0 |  | 0 0 0 |  | 0 0 0 |  | 0
     ------------------------------------------------------------------------
     0 0 |, | 0 0 0 |}
     0 0 |  | 0 0 0 |
     1 0 |  | 1 0 0 |

o5 : List

i6 : LABLusztig = lieAlgebraBasis("A",2,"Method"=>"Lusztig");

i7 : LABLusztig#"BasisElements"

o7 = {| 1 0  0 |, | 0 0 0  |, | 0 1 0 |, | 0 0 0 |, | 0 0 1 |, | 0 0 0 |, | 0
      | 0 -1 0 |  | 0 1 0  |  | 0 0 0 |  | 0 0 1 |  | 0 0 0 |  | 1 0 0 |  | 0
      | 0 0  0 |  | 0 0 -1 |  | 0 0 0 |  | 0 0 0 |  | 0 0 0 |  | 0 0 0 |  | 0
     ------------------------------------------------------------------------
     0 0 |, | 0 0 0 |}
     0 0 |  | 0 0 0 |
     1 0 |  | 1 0 0 |

o7 : List

i8 : 
