-- -*- M2-comint -*- hash: 7160701697977770772

i1 : sl3=simpleLieAlgebra("A",2);

i2 : V=irreducibleLieAlgebraModule({1,0},sl3);

i3 : LAB = lieAlgebraBasis("A",2);

i4 : LAB#"BasisElements"

o4 = {| 1 0  0 |, | 0 0 0  |, | 0 1 0 |, | 0 0 0 |, | 0 0 1 |, | 0 0 0 |, | 0
      | 0 -1 0 |  | 0 1 0  |  | 0 0 0 |  | 0 0 1 |  | 0 0 0 |  | 1 0 0 |  | 0
      | 0 0  0 |  | 0 0 -1 |  | 0 0 0 |  | 0 0 0 |  | 0 0 0 |  | 0 0 0 |  | 0
     ------------------------------------------------------------------------
     0 0 |, | 0 0 0 |}
     0 0 |  | 0 0 0 |
     1 0 |  | 1 0 0 |

o4 : List

i5 : rho=lieAlgebraRepresentation(V,LAB,LAB#"BasisElements")

o5 = LieAlgebraRepresentation{"Basis" => Enhanced basis of sl3                                                                                      }
                              "Module" => V
                              "RepresentationMatrices" => {| 1 0  0 |, | 0 0 0  |, | 0 1 0 |, | 0 0 0 |, | 0 0 1 |, | 0 0 0 |, | 0 0 0 |, | 0 0 0 |}
                                                           | 0 -1 0 |  | 0 1 0  |  | 0 0 0 |  | 0 0 1 |  | 0 0 0 |  | 1 0 0 |  | 0 0 0 |  | 0 0 0 |
                                                           | 0 0  0 |  | 0 0 -1 |  | 0 0 0 |  | 0 0 0 |  | 0 0 0 |  | 0 0 0 |  | 0 1 0 |  | 1 0 0 |

o5 : LieAlgebraRepresentation

i6 : V=irreducibleLieAlgebraModule({2,0},sl3);

i7 : L = GTrepresentationMatrices(V)

o7 = {| 2 0 0  0 0  0 |, | 0 0 0 0  0 0  |, | 0 2 0 0 0 0 |, | 0 0 0 0 0 0 |,
      | 0 0 0  0 0  0 |  | 0 1 0 0  0 0  |  | 0 0 2 0 0 0 |  | 0 0 0 3 0 0 | 
      | 0 0 -2 0 0  0 |  | 0 0 2 0  0 0  |  | 0 0 0 0 0 0 |  | 0 0 0 0 3 0 | 
      | 0 0 0  1 0  0 |  | 0 0 0 -1 0 0  |  | 0 0 0 0 1 0 |  | 0 0 0 0 0 0 | 
      | 0 0 0  0 -1 0 |  | 0 0 0 0  0 0  |  | 0 0 0 0 0 0 |  | 0 0 0 0 0 4 | 
      | 0 0 0  0 0  0 |  | 0 0 0 0  0 -2 |  | 0 0 0 0 0 0 |  | 0 0 0 0 0 0 | 
     ------------------------------------------------------------------------
     | 0 0 0 6 0 0 |, | 0 0 0 0 0 0 |, | 0 0   0   0 0   0 |, | 0   0   0 0  
     | 0 0 0 0 3 0 |  | 1 0 0 0 0 0 |  | 0 0   0   0 0   0 |  | 0   0   0 0  
     | 0 0 0 0 0 0 |  | 0 1 0 0 0 0 |  | 0 0   0   0 0   0 |  | 0   0   0 0  
     | 0 0 0 0 0 4 |  | 0 0 0 0 0 0 |  | 0 1/3 0   0 0   0 |  | 1/3 0   0 0  
     | 0 0 0 0 0 0 |  | 0 0 0 1 0 0 |  | 0 0   2/3 0 0   0 |  | 0   1/3 0 0  
     | 0 0 0 0 0 0 |  | 0 0 0 0 0 0 |  | 0 0   0   0 1/2 0 |  | 0   0   0 1/2
     ------------------------------------------------------------------------
     0 0 |}
     0 0 |
     0 0 |
     0 0 |
     0 0 |
     0 0 |

o7 : List

i8 : lieAlgebraRepresentation(V,LAB,L)

o8 = LieAlgebraRepresentation{"Basis" => Enhanced basis of sl3                                                                                                                                                    }
                              "Module" => V
                              "RepresentationMatrices" => {| 2 0 0  0 0  0 |, | 0 0 0 0  0 0  |, | 0 2 0 0 0 0 |, | 0 0 0 0 0 0 |, | 0 0 0 6 0 0 |, | 0 0 0 0 0 0 |, | 0 0   0   0 0   0 |, | 0   0   0 0   0 0 |}
                                                           | 0 0 0  0 0  0 |  | 0 1 0 0  0 0  |  | 0 0 2 0 0 0 |  | 0 0 0 3 0 0 |  | 0 0 0 0 3 0 |  | 1 0 0 0 0 0 |  | 0 0   0   0 0   0 |  | 0   0   0 0   0 0 |
                                                           | 0 0 -2 0 0  0 |  | 0 0 2 0  0 0  |  | 0 0 0 0 0 0 |  | 0 0 0 0 3 0 |  | 0 0 0 0 0 0 |  | 0 1 0 0 0 0 |  | 0 0   0   0 0   0 |  | 0   0   0 0   0 0 |
                                                           | 0 0 0  1 0  0 |  | 0 0 0 -1 0 0  |  | 0 0 0 0 1 0 |  | 0 0 0 0 0 0 |  | 0 0 0 0 0 4 |  | 0 0 0 0 0 0 |  | 0 1/3 0   0 0   0 |  | 1/3 0   0 0   0 0 |
                                                           | 0 0 0  0 -1 0 |  | 0 0 0 0  0 0  |  | 0 0 0 0 0 0 |  | 0 0 0 0 0 4 |  | 0 0 0 0 0 0 |  | 0 0 0 1 0 0 |  | 0 0   2/3 0 0   0 |  | 0   1/3 0 0   0 0 |
                                                           | 0 0 0  0 0  0 |  | 0 0 0 0  0 -2 |  | 0 0 0 0 0 0 |  | 0 0 0 0 0 0 |  | 0 0 0 0 0 0 |  | 0 0 0 0 0 0 |  | 0 0   0   0 1/2 0 |  | 0   0   0 1/2 0 0 |

o8 : LieAlgebraRepresentation

i9 : 
