-- -*- M2-comint -*- hash: 13094097953778730776

i1 : sl3 = simpleLieAlgebra("A",2);

i2 : V=irreducibleLieAlgebraModule({1,1},sl3);

i3 : LAB = lieAlgebraBasis("A",2);

i4 : L1 = GTrepresentationMatrices(V);

i5 : rho = lieAlgebraRepresentation(V,LAB,L1);

i6 : L2 = representationWeights(rho)

o6 = {{1, 1}, {-1, 2}, {2, -1}, {0, 0}, {-2, 1}, {0, 0}, {1, -2}, {-1, -1}}

o6 : List

i7 : dynkinToPartition("A",{1,1})

o7 = {2, 1, 0}

o7 : List

i8 : L3 = gtPatterns("A",{2,1,0})

o8 = {{2, 1, 0, 2, 1, 2}, {2, 1, 0, 2, 1, 1}, {2, 1, 0, 2, 0, 2}, {2, 1, 0,
     ------------------------------------------------------------------------
     2, 0, 1}, {2, 1, 0, 2, 0, 0}, {2, 1, 0, 1, 1, 1}, {2, 1, 0, 1, 0, 1},
     ------------------------------------------------------------------------
     {2, 1, 0, 1, 0, 0}}

o8 : List

i9 : L3 = apply(L3, x -> (gtPatternFromEntries("A",x))#"weight")

o9 = {{1, 1}, {-1, 2}, {2, -1}, {0, 0}, {-2, 1}, {0, 0}, {1, -2}, {-1, -1}}

o9 : List

i10 : L2==L3

o10 = true

i11 : tally(L3)

o11 = Tally{{-1, -1} => 1}
            {-1, 2} => 1
            {-2, 1} => 1
            {0, 0} => 2
            {1, -2} => 1
            {1, 1} => 1
            {2, -1} => 1

o11 : Tally

i12 : weightDiagram(V)

o12 = VirtualTally{{-1, -1} => 1}
                   {-1, 2} => 1
                   {-2, 1} => 1
                   {0, 0} => 2
                   {1, -2} => 1
                   {1, 1} => 1
                   {2, -1} => 1

o12 : VirtualTally

i13 : weightDiagram(V) === new VirtualTally from tally(L3)

o13 = true

i14 : 
