-- -*- M2-comint -*- hash: 1331369566925

i1 : spinRepresentationMatrices(3)

o1 = {| 0 0 0 0  0 0  0 0 |, | 0 0 0  0 0 0 0  0 |, | -1 0 0 0 0  0 0 0 |, |
      | 0 0 0 0  0 0  0 0 |  | 0 1 0  0 0 0 0  0 |  | 0  0 0 0 0  0 0 0 |  |
      | 0 0 1 0  0 0  0 0 |  | 0 0 -1 0 0 0 0  0 |  | 0  0 0 0 0  0 0 0 |  |
      | 0 0 0 -1 0 0  0 0 |  | 0 0 0  0 0 0 0  0 |  | 0  0 0 1 0  0 0 0 |  |
      | 0 0 0 0  1 0  0 0 |  | 0 0 0  0 0 0 0  0 |  | 0  0 0 0 -1 0 0 0 |  |
      | 0 0 0 0  0 -1 0 0 |  | 0 0 0  0 0 1 0  0 |  | 0  0 0 0 0  0 0 0 |  |
      | 0 0 0 0  0 0  0 0 |  | 0 0 0  0 0 0 -1 0 |  | 0  0 0 0 0  0 0 0 |  |
      | 0 0 0 0  0 0  0 0 |  | 0 0 0  0 0 0 0  0 |  | 0  0 0 0 0  0 0 1 |  |
     ------------------------------------------------------------------------
     0 0 0 0 0 0 0 0 |, | 0 0 0 0 0 0 0 0 |, | 0 0 0 0 0 0 0 0 |, | 0 0 0 0 
     0 0 0 0 0 0 0 0 |  | 0 0 1 0 0 0 0 0 |  | 0 0 0 0 0 0 0 0 |  | 0 0 0 -1
     0 0 0 1 0 0 0 0 |  | 0 0 0 0 0 0 0 0 |  | 0 0 0 0 0 0 0 0 |  | 0 0 0 0 
     0 0 0 0 0 0 0 0 |  | 0 0 0 0 0 0 0 0 |  | 1 0 0 0 0 0 0 0 |  | 0 0 0 0 
     0 0 0 0 0 1 0 0 |  | 0 0 0 0 0 0 0 0 |  | 0 0 0 0 0 0 0 0 |  | 0 0 0 0 
     0 0 0 0 0 0 0 0 |  | 0 0 0 0 0 0 1 0 |  | 0 0 0 0 0 0 0 0 |  | 0 0 0 0 
     0 0 0 0 0 0 0 0 |  | 0 0 0 0 0 0 0 0 |  | 0 0 0 0 0 0 0 0 |  | 0 0 0 0 
     0 0 0 0 0 0 0 0 |  | 0 0 0 0 0 0 0 0 |  | 0 0 0 0 1 0 0 0 |  | 0 0 0 0 
     ------------------------------------------------------------------------
     0 0 0 0 |, | 0 0 0 0 0 0  0 0 |, | 0 0 0 0 0 0 0 0 |, | 0 0 0 0 0 0 0 0
     0 0 0 0 |  | 0 0 0 0 0 0  0 0 |  | 1 0 0 0 0 0 0 0 |  | 0 0 0 0 0 0 0 0
     0 0 0 0 |  | 1 0 0 0 0 0  0 0 |  | 0 0 0 0 0 0 0 0 |  | 0 0 0 0 0 0 0 0
     0 0 0 0 |  | 0 0 0 0 0 0  0 0 |  | 0 0 0 0 0 0 0 0 |  | 0 0 1 0 0 0 0 0
     0 0 1 0 |  | 0 0 0 0 0 0  0 0 |  | 0 0 0 0 0 0 0 0 |  | 0 0 0 0 0 0 0 0
     0 0 0 0 |  | 0 0 0 0 0 0  0 0 |  | 0 0 0 0 0 0 0 0 |  | 0 0 0 0 1 0 0 0
     0 0 0 0 |  | 0 0 0 0 0 0  0 0 |  | 0 0 0 0 0 0 0 0 |  | 0 0 0 0 0 0 0 0
     0 0 0 0 |  | 0 0 0 0 0 -1 0 0 |  | 0 0 0 0 0 0 1 0 |  | 0 0 0 0 0 0 0 0
     ------------------------------------------------------------------------
     |, | 0 0 0 0 0 0 0 0 |, | 0 0 0 1 0 0 0 0 |, | 0 0  0 0 0 0 0 0 |, | 0 0
     |  | 0 0 0 0 0 0 0 0 |  | 0 0 0 0 0 0 0 0 |  | 0 0  0 0 0 0 0 0 |  | 0 0
     |  | 0 1 0 0 0 0 0 0 |  | 0 0 0 0 0 0 0 0 |  | 0 0  0 0 0 0 0 0 |  | 0 0
     |  | 0 0 0 0 0 0 0 0 |  | 0 0 0 0 0 0 0 0 |  | 0 -1 0 0 0 0 0 0 |  | 0 0
     |  | 0 0 0 0 0 0 0 0 |  | 0 0 0 0 0 0 0 1 |  | 0 0  0 0 0 0 0 0 |  | 0 0
     |  | 0 0 0 0 0 0 0 0 |  | 0 0 0 0 0 0 0 0 |  | 0 0  0 0 0 0 0 0 |  | 0 0
     |  | 0 0 0 0 0 1 0 0 |  | 0 0 0 0 0 0 0 0 |  | 0 0  0 0 1 0 0 0 |  | 0 0
     |  | 0 0 0 0 0 0 0 0 |  | 0 0 0 0 0 0 0 0 |  | 0 0  0 0 0 0 0 0 |  | 0 0
     ------------------------------------------------------------------------
     1 0 0 0 0 0  |, | 0 1 0 0 0 0 0 0 |}
     0 0 0 0 0 0  |  | 0 0 0 0 0 0 0 0 |
     0 0 0 0 0 0  |  | 0 0 0 0 0 0 0 0 |
     0 0 0 0 0 0  |  | 0 0 0 0 0 0 0 0 |
     0 0 0 0 0 0  |  | 0 0 0 0 0 0 0 0 |
     0 0 0 0 0 -1 |  | 0 0 0 0 0 0 0 0 |
     0 0 0 0 0 0  |  | 0 0 0 0 0 0 0 1 |
     0 0 0 0 0 0  |  | 0 0 0 0 0 0 0 0 |

o1 : List

i2 : 
