-- -*- M2-comint -*- hash: 11444066755840863293

i1 : standardRepresentation("A",2)

o1 = LieAlgebraRepresentation{"Basis" => Enhanced basis of 𝔞                                                                                        }
                                                            2
                              "Module" => LL   (𝔞 )
                                            1,0  2
                              "RepresentationMatrices" => {| 1 0  0 |, | 0 0 0  |, | 0 1 0 |, | 0 0 0 |, | 0 0 1 |, | 0 0 0 |, | 0 0 0 |, | 0 0 0 |}
                                                           | 0 -1 0 |  | 0 1 0  |  | 0 0 0 |  | 0 0 1 |  | 0 0 0 |  | 1 0 0 |  | 0 0 0 |  | 0 0 0 |
                                                           | 0 0  0 |  | 0 0 -1 |  | 0 0 0 |  | 0 0 0 |  | 0 0 0 |  | 0 0 0 |  | 0 1 0 |  | 1 0 0 |

o1 : LieAlgebraRepresentation

i2 : sl4=simpleLieAlgebra("A",3)

o2 = sl4

o2 : simple LieAlgebra

i3 : standardRepresentation(sl4)

o3 = LieAlgebraRepresentation{"Basis" => Enhanced basis of sl4                                                                                                                                                                                                  }
                              "Module" => LL     (sl4)
                                            1,0,0
                              "RepresentationMatrices" => {| 1 0  0 0 |, | 0 0 0  0 |, | 0 0 0 0  |, | 0 1 0 0 |, | 0 0 0 0 |, | 0 0 0 0 |, | 0 0 1 0 |, | 0 0 0 0 |, | 0 0 0 1 |, | 0 0 0 0 |, | 0 0 0 0 |, | 0 0 0 0 |, | 0 0 0 0 |, | 0 0 0 0 |, | 0 0 0 0 |}
                                                           | 0 -1 0 0 |  | 0 1 0  0 |  | 0 0 0 0  |  | 0 0 0 0 |  | 0 0 1 0 |  | 0 0 0 0 |  | 0 0 0 0 |  | 0 0 0 1 |  | 0 0 0 0 |  | 1 0 0 0 |  | 0 0 0 0 |  | 0 0 0 0 |  | 0 0 0 0 |  | 0 0 0 0 |  | 0 0 0 0 |
                                                           | 0 0  0 0 |  | 0 0 -1 0 |  | 0 0 1 0  |  | 0 0 0 0 |  | 0 0 0 0 |  | 0 0 0 1 |  | 0 0 0 0 |  | 0 0 0 0 |  | 0 0 0 0 |  | 0 0 0 0 |  | 0 1 0 0 |  | 0 0 0 0 |  | 1 0 0 0 |  | 0 0 0 0 |  | 0 0 0 0 |
                                                           | 0 0  0 0 |  | 0 0 0  0 |  | 0 0 0 -1 |  | 0 0 0 0 |  | 0 0 0 0 |  | 0 0 0 0 |  | 0 0 0 0 |  | 0 0 0 0 |  | 0 0 0 0 |  | 0 0 0 0 |  | 0 0 0 0 |  | 0 0 1 0 |  | 0 0 0 0 |  | 0 1 0 0 |  | 1 0 0 0 |

o3 : LieAlgebraRepresentation

i4 : 
