-- -*- M2-comint -*- hash: 18157270197695078663

i1 : g=𝔢_8; dynkinDiagram g

o2 =         o 2
             |
     o---o---o---o---o---o---o
     1   3   4   5   6   7   8

i3 : subLieAlgebra(g,{1,2,3,4,5,8})

o3 = 𝔡  ++ 𝔞
      5     1

o3 : LieAlgebra, subalgebra of g

i4 : h=𝔣_4; dynkinDiagram h

o5 = o---o=>=o---o
     1   2   3   4

i6 : subLieAlgebra(h,{0,1,2,3})

o6 = 𝔟
      4

o6 : simple LieAlgebra, subalgebra of h

i7 : g=𝔢_6

o7 = g

o7 : simple LieAlgebra

i8 : h=subLieAlgebra(g,{2,4,{0,0,1,0,1,0},{1,0,0,0,0,1}}); describe h

o9 = 𝔣
      4

i10 : branchingRule(adjointModule g,h)

o10 = LL       (h) ++ LL       (h)
        0,0,0,1         1,0,0,0

o10 : LieAlgebraModule over h

i11 : g=𝔞_2; h=subLieAlgebra(g,"principal"); describe h

o13 = 𝔞
       1

i14 : V=LL_(2,4) g; qdim V

       12     10     8     6     4     2         -2     -4     -6     -8  
o15 = q   + 2q   + 4q  + 5q  + 7q  + 7q  + 8 + 7q   + 7q   + 5q   + 4q   +
      -----------------------------------------------------------------------
        -10    -12
      2q    + q

o15 : ZZ[q]

i16 : W=branchingRule(V,h); describe W

                        2                      2
o17 = LL (h) ++ (LL (h))  ++ LL (h) ++ (LL (h))  ++ LL  (h) ++ LL  (h)
        0          4           6          8           10         12

i18 : character W

       12     10     8     6     4     2         -2     -4     -6     -8  
o18 = x   + 2x   + 4x  + 5x  + 7x  + 7x  + 8 + 7x   + 7x   + 5x   + 4x   +
       1      1      1     1     1     1         1      1      1      1   
      -----------------------------------------------------------------------
        -10    -12
      2x    + x
        1      1

o18 : ZZ[x ]
          1

i19 : 
