-- -*- M2-comint -*- hash: 15098738409922709744

i1 : sl3 = simpleLieAlgebra("A",2)

o1 = sl3

o1 : simple LieAlgebra

i2 : S = universalEnvelopingAlgebra(sl3)
Warning:  F4 Algorithm not available over current coefficient ring or inhomogeneous ideal.
Converting to Naive algorithm.

                                                                             
                                                                             
o2 = (-----------------------------------------------------------------------
      (0, - h h  + h h , - x h  + h x  - 2x , - x h  + h x  + x , - x h  + h 
             2 1    1 2     1 1    1 1     1     2 1    1 2    2     3 1    1
     ------------------------------------------------------------------------
                                                                             
                                                                             
     ------------------------------------------------------------------------
     x  - x , h y  - y h  + 2y , h y  - y h  - y , h y  - y h  + y , h h  - h
      3    3   1 1    1 1     1   1 2    2 1    2   1 3    3 1    3   2 1    
     ------------------------------------------------------------------------
                                                                             
                                                                             
     ------------------------------------------------------------------------
      h , 0, - x h  + h x  + x , - x h  + h x  - 2x , - x h  + h x  - x , h y
     1 2        1 2    2 1    1     2 2    2 2     2     3 2    2 3    3   2 
     ------------------------------------------------------------------------
                                                                             
                                                                             
     ------------------------------------------------------------------------
       - y h  - y , h y  - y h  + 2y , h y  - y h  + y , x h  - h x  + 2x , x
     1    1 2    1   2 2    2 2     2   2 3    3 2    3   1 1    1 1     1   
     ------------------------------------------------------------------------
                                                                             
                                                                             
     ------------------------------------------------------------------------
      h  - h x  - x , 0, - x x  + x x  - x , - x x  + x x , x y  - y x  - h ,
     1 2    2 1    1        2 1    1 2    3     3 1    1 3   1 1    1 1    1 
     ------------------------------------------------------------------------
                                                                             
                                                                             
     ------------------------------------------------------------------------
      x y  - y x , x y  - y x  + y , x h  - h x  - x , x h  - h x  + 2x , x x
       1 2    2 1   1 3    3 1    2   2 1    1 2    2   2 2    2 2     2   2 
     ------------------------------------------------------------------------
                                                                          QQ 
                                                                             
     ------------------------------------------------------------------------
       - x x  + x , 0, - x x  + x x , x y  - y x , x y  - y x  - h , x y  - y
     1    1 2    3        3 2    2 3   2 1    1 2   2 2    2 2    2   2 3    
     ------------------------------------------------------------------------
     <|x , x , x , h , h , y , y , y |>
        3   2   1   2   1   3   2   1
     ------------------------------------------------------------------------
      x  - y , x h  - h x  + x , x h  - h x  + x , x x  - x x , x x  - x x , 
     3 2    1   3 1    1 3    3   3 2    2 3    3   3 1    1 3   3 2    2 3  
     ------------------------------------------------------------------------
     ------------------------------------------------------------------------
     0, x y  - y x  + x , x y  - y x  - x , x y  - y x  - h  - h , - h y  + y
         3 1    1 3    2   3 2    2 3    1   3 3    3 3    2    1     1 1    
     ------------------------------------------------------------------------
     ------------------------------------------------------------------------
      h  - 2y , - h y  + y h  + y , - x y  + y x  + h , - x y  + y x , - x y 
     1 1     1     2 1    1 2    1     1 1    1 1    1     2 1    1 2     3 1
     ------------------------------------------------------------------------
     ------------------------------------------------------------------------
      + y x  - x , 0, - y y  + y y  + y , - y y  + y y , - h y  + y h  + y , 
         1 3    2        2 1    1 2    3     3 1    1 3     1 2    2 1    2  
     ------------------------------------------------------------------------
     ------------------------------------------------------------------------
     - h y  + y h  - 2y , - x y  + y x , - x y  + y x  + h , - x y  + y x  + 
        2 2    2 2     2     1 2    2 1     2 2    2 2    2     3 2    2 3   
     ------------------------------------------------------------------------
     ------------------------------------------------------------------------
     x , y y  - y y  - y , 0, - y y  + y y , - h y  + y h  - y , - h y  + y h
      1   2 1    1 2    3        3 2    2 3     1 3    3 1    3     2 3    3 
     ------------------------------------------------------------------------
     ------------------------------------------------------------------------
       - y , - x y  + y x  - y , - x y  + y x  + y , - x y  + y x  + h  + h ,
     2    3     1 3    3 1    2     2 3    3 2    1     3 3    3 3    2    1 
     ------------------------------------------------------------------------
     -----------------------------, {4, 3, 2, 1, 0, 7, 6, 5}, {4, 3, 2, 1, 0,
      y y  - y y , y y  - y y , 0)
       3 1    1 3   3 2    2 3
     ------------------------------------------------------------------------
     7, 6, 5})

o2 : Sequence

i3 : U = first S

o3 = U

o3 : FreeAlgebraQuotient

i4 : x_1*y_2*y_3

               2
o4 = y y x  - y
      2 3 1    2

o4 : U

i5 : 
