-- -*- M2-comint -*- hash: 5254461814222858075

i1 : sl4 = simpleLieAlgebra("A",3);

i2 : LAB=lieAlgebraBasis(sl4);

i3 : V=irreducibleLieAlgebraModule({1,1,0},sl4);

i4 : L = GTrepresentationMatrices(V);

i5 : rhoV = lieAlgebraRepresentation(V,LAB,L);

i6 : W=irreducibleLieAlgebraModule({0,1,1},sl4);

i7 : L = GTrepresentationMatrices(W);

i8 : rhoW = lieAlgebraRepresentation(W,LAB,L);

i9 : weightNuHighestWeightVectorsInVtensorW({1,0,1},rhoV,rhoW)
Constructing the Casimir operator...
Other EVs: {24, 20, 16, 12, 0}
Beginning projections...
    j=0:
        EV 24 complete
        EV 20 complete
        EV 16 complete
        EV 12 complete
        EV 0 complete
    #hwvs=0
    j=1:
        EV 24 complete
        EV 20 complete
        EV 16 complete
        EV 12 complete
        EV 0 complete
    #hwvs=1

                                                                        
o9 = {111A B  - 9A B   - 222A B  - 222A B  + 18A B   + 111A B  - 9A B  +
          0 7     0 11       1 6       2 5      2 10       3 4     3 9  
     ------------------------------------------------------------------------
                                                                      
     111A B  + 3A B  - 148A B  + 84A B  - 42A B  + 14A  B  - 30A  B  +
         5 4     5 9       6 3      8 2      9 1      11 0      14 1  
     ------------------------------------------------------------------------
              768        1536        768       256       2304       1152    
     30A  B , ---A B   - ----A B   + ---A B  - ---A B  + ----A B  - ----A B 
        15 0   37 0 11    37  2 10    37 3 9    37 5 9    37  8 2    37  9 1
     ------------------------------------------------------------------------
       384        192        192
     + ---A  B  + ---A  B  - ---A  B }
        37 11 0    37 14 1    37 15 0

o9 : List

i10 : 
