-- -*- M2-comint -*- hash: 7893562019946680704

i1 : g=simpleLieAlgebra("A",2)

o1 = g

o1 : simple LieAlgebra

i2 : V=irreducibleLieAlgebraModule({2,1},g)

o2 = V

o2 : irreducible LieAlgebraModule over g

i3 : weightDiagram(V)

o3 = VirtualTally{{-1, -2} => 1}
                  {-1, 1} => 2
                  {-2, 0} => 1
                  {-2, 3} => 1
                  {-3, 2} => 1
                  {0, -1} => 2
                  {0, 2} => 1
                  {1, -3} => 1
                  {1, 0} => 2
                  {2, -2} => 1
                  {2, 1} => 1
                  {3, -1} => 1

o3 : VirtualTally

i4 : 
