-- -*- M2-comint -*- hash: 12351066673865252559

i1 : QQ[x_0..x_3]; P1xP1 = ideal(x_0*x_1-x_2*x_3)

o2 = ideal(x x  - x x )
            0 1    2 3

o2 : Ideal of QQ[x ..x ]
                  0   3

i3 : time (P1xP1xP2,P1xP1xP2') = cayleyTrick(P1xP1,2);
 -- used 0.132821s (cpu); 0.0907819s (thread); 0s (gc)

i4 : time (P1xP1xP1,P1xP1xP1') = cayleyTrick(P1xP1,1)
 -- used 0.203643s (cpu); 0.11409s (thread); 0s (gc)

                                                                           
o4 = (ideal (x   x    - x   x   , x   x    - x   x   , x   x    - x   x   ,
              0,3 1,2    0,2 1,3   1,0 1,1    1,2 1,3   0,3 1,1    0,1 1,3 
     ------------------------------------------------------------------------
                                                                            
     x   x    - x   x   , x   x    - x   x   , x   x    - x   x   , x   x   
      0,2 1,1    0,1 1,2   0,0 1,1    0,2 1,3   0,3 1,0    0,0 1,3   0,2 1,0
     ------------------------------------------------------------------------
                                                                   2   2    
     - x   x   , x   x    - x   x   , x   x    - x   x   ), ideal(x   x    -
        0,0 1,2   0,1 1,0    0,2 1,3   0,0 0,1    0,2 0,3          0,1 1,0  
     ------------------------------------------------------------------------
                                              2   2                        
     2x   x   x   x    + 4x   x   x   x    + x   x    - 2x   x   x   x    -
       0,0 0,1 1,0 1,1     0,2 0,3 1,0 1,1    0,0 1,1     0,1 0,3 1,0 1,2  
     ------------------------------------------------------------------------
                          2   2                                            
     2x   x   x   x    + x   x    - 2x   x   x   x    - 2x   x   x   x    +
       0,0 0,3 1,1 1,2    0,3 1,2     0,1 0,2 1,0 1,3     0,0 0,2 1,1 1,3  
     ------------------------------------------------------------------------
                                              2   2
     4x   x   x   x    - 2x   x   x   x    + x   x   ))
       0,0 0,1 1,2 1,3     0,2 0,3 1,2 1,3    0,2 1,3

o4 : Sequence

i5 : time cayleyTrick(P1xP1,1,Duality=>true);
 -- used 0.226906s (cpu); 0.144072s (thread); 0s (gc)

i6 : assert(oo == (P1xP1xP1,P1xP1xP1'))

i7 : time cayleyTrick(P1xP1,2,Duality=>true);
 -- used 0.242337s (cpu); 0.154928s (thread); 0s (gc)

i8 : assert(oo == (P1xP1xP2,P1xP1xP2'))

i9 : 
