-- -*- M2-comint -*- hash: 4758907267440447114

i1 : P4 = Grass(0,4,ZZ/33331,Variable=>x); G'1'4 = Grass(1,4,ZZ/33331,Variable=>x);

i3 : L = trim ideal apply(3,i->random(1,P4))  -- a line in P^4

o3 = ideal (x  + 8480x  - 11656x , x  - 6727x  + 14853x , x  + 15777x  -
             2        3         4   1        3         4   0         3  
     ------------------------------------------------------------------------
     664x )
         4

o3 : Ideal of P4

i4 : time p = plucker L
 -- used 0.00613197s (cpu); 0.00613246s (thread); 0s (gc)

o4 = ideal (x    + 8480x   , x    - 6727x   , x    + 15777x   , x    +
             2,4        3,4   1,4        3,4   0,4         3,4   2,3  
     ------------------------------------------------------------------------
     11656x   , x    - 14853x   , x    + 664x   , x    + 13522x   , x    +
           3,4   1,3         3,4   0,3       3,4   1,2         3,4   0,2  
     ------------------------------------------------------------------------
     11804x   , x    + 14854x   )
           3,4   0,1         3,4

o4 : Ideal of G'1'4

i5 : time L' = plucker p
 -- used 0.0999866s (cpu); 0.0582998s (thread); 0s (gc)

o5 = ideal (x  + 8480x  - 11656x , x  - 6727x  + 14853x , x  + 15777x  -
             2        3         4   1        3         4   0         3  
     ------------------------------------------------------------------------
     664x )
         4

o5 : Ideal of P4

i6 : assert(L' == L)

i7 : Y = ideal apply(5,i->random(1,G'1'4)); -- an elliptic curve

o7 : Ideal of G'1'4

i8 : time W = plucker Y; -- surface swept out by the lines of Y
 -- used 0.107806s (cpu); 0.0624566s (thread); 0s (gc)

o8 : Ideal of P4

i9 : (codim W,degree W)

o9 = (2, 5)

o9 : Sequence

i10 : time Y' = plucker(W,1); -- variety of lines contained in W
 -- used 0.192291s (cpu); 0.192294s (thread); 0s (gc)

o10 : Ideal of G'1'4

i11 : assert(Y' == Y)

i12 : 
