-- -*- M2-comint -*- hash: 13073052559576185674

i1 : S = QQ[x,y]

o1 = S

o1 : PolynomialRing

i2 : J = inverseSystem x^2

                3
o2 = ideal (y, x )

o2 : Ideal of S

i3 : J' = inverseSystem (x+y)^2

                    3
o3 = ideal (x - y, y )

o3 : Ideal of S

i4 : J'' = inverseSystem(matrix{{(x+y)^2}}, DividedPowers=>true)

                    2   2    2
o4 = ideal (x*y - 2y , x  - y )

o4 : Ideal of S

i5 : betti res J''

            0 1 2
o5 = total: 1 2 1
         0: 1 . .
         1: . 2 .
         2: . . 1

o5 : BettiTally

i6 : kk = QQ

o6 = QQ

o6 : Ring

i7 : n = 3

o7 = 3

i8 : S = kk[a,b,c]

o8 = S

o8 : PolynomialRing

i9 : M = matrix{{a^2,b^3+c^3}}

o9 = | a2 b3+c3 |

             1      2
o9 : Matrix S  <-- S

i10 : G = random(S^3, S^3)

o10 = | 9/2 7/4  7/10 |
      | 9/4 7/9  7/3  |
      | 3/4 7/10 7    |

              3      3
o10 : Matrix S  <-- S

i11 : g = map(S,S,(vars S)*G)

                  9    9    3   7    7     7    7    7
o11 = map (S, S, {-a + -b + -c, -a + -b + --c, --a + -b + 7c})
                  2    4    4   4    9    10   10    3

o11 : RingMap S <-- S

i12 : g' = map(S,S,(vars S)*(transpose G))

                  9    7     7   9    7    7   3     7
o12 = map (S, S, {-a + -b + --c, -a + -b + -c, -a + --b + 7c})
                  2    4    10   4    9    3   4    10

o12 : RingMap S <-- S

i13 : h =  map(S,S,(vars S)*(transpose G)^(-1))

                    280    288    260   2400    5310    1530      170     45     75
o13 = map (S, S, {- ---a + ---b - ---c, ----a - ----b + ----c, - ----a + ---b + ----c})
                    489    163    489   1141    1141    1141     1141    163    1141

o13 : RingMap S <-- S

i14 : inverseSystem M

                             3    3   3
o14 = ideal (b*c, a*c, a*b, b  - c , a )

o14 : Ideal of S

i15 : g'(inverseSystem g(M))

               329749                  391363       135779      134638     
o15 = ideal (- ------a*b - 164304a*c - ------b*c, - ------a*b - ------a*c -
                 40                      30           120          5       
      -----------------------------------------------------------------------
      223636       167727      11915463      1150128     92637 3   247653 2 
      ------b*c, - ------a*b - --------a*c - -------b*c, -----a  + ------a b
        75           16           40            25         64        80     
      -----------------------------------------------------------------------
        798357   2       3   432243 2    65121        685657 2    504063   2
      + ------a*b  + 343b  + ------a c + -----a*b*c + ------b c + ------a*c 
          400                  16          2            100          4      
      -----------------------------------------------------------------------
        171157   2       3  318789 3   895041 2    3146829   2   8232 3  
      + ------b*c  - 343c , ------a  + ------a b + -------a*b  + ----b  +
           5                  64         80          400           5     
      -----------------------------------------------------------------------
      3718449 2    12202617        4113942 2    8671089   2   4107768   2  
      -------a c + --------a*b*c + -------b c + -------a*c  + -------b*c  -
         40           100            125           20            25        
      -----------------------------------------------------------------------
      8232 3
      ----c )
        5

o15 : Ideal of S

i16 : g'(inverseSystem g(M)) == inverseSystem M

o16 = true

i17 : h(inverseSystem M) == inverseSystem g(M)

o17 = true

i18 : S = ZZ/101[a,b,c]

o18 = S

o18 : PolynomialRing

i19 : M = random(S^{0,1}, S^{-1,-1,-2,-2})

o19 = {0}  | 22a-34b-47c                  45a-48b+47c                
      {-1} | 7a2+43ab+33b2+36ac-28bc-47c2 15a2-17ab+40b2+35ac+bc-23c2
      -----------------------------------------------------------------------
      19a2-23ab+11b2-11ac+11bc-3c2                           
      -7a3+29a2b-13ab2-22b3+15a2c+30abc-9b2c+39ac2-20bc2-30c3
      -----------------------------------------------------------------------
      -16a2+39ab-38b2+48ac+46bc+22c2                          |
      2a3-47a2b-10ab2+32b3-37a2c-18abc-32b2c+27ac2+24bc2-48c3 |

              2      4
o19 : Matrix S  <-- S

i20 : d = 6

o20 = 6

i21 : N = inverseSystem(d, M)

o21 = {0}  | -20a5+11a4b-34a3b2+35a2b3-13ab4-11b5-4a4c+a3bc-45a2b2c+28ab3c
      {-1} | 49a6-19a5b+35a4b2-8a3b3-41a2b4+30ab5+5b6-21a5c-50a4bc-7a3b2c+
      -----------------------------------------------------------------------
      +28b4c+10a3c2-33a2bc2+39ab2c2+46b3c2+7a2c3-5abc3+4b2c3-25ac4+44bc4+16c5
      38a2b3c+10ab4c-11b5c-45a4c2+3a3bc2+29a2b2c2+3ab3c2+5b4c2+43a3c3-19a2bc3
      -----------------------------------------------------------------------
                                                        
      +7ab2c3+19b3c3-36a2c4+abc4-12b2c4-17ac5-10bc5-17c6
      -----------------------------------------------------------------------
      -19a4-27a3b+11a2b2+43ab3+19b4+31a3c+20a2bc-21ab2c-28b3c+26a2c2+38abc2-
      -8a5-12a4b-34a3b2-39a2b3+38ab4+50b5-46a4c-13a3bc+29a2b2c-13ab3c+20b4c-
      -----------------------------------------------------------------------
      25b2c2                                                             |
      20a3c2+9a2bc2+31ab2c2-15b3c2-32a2c3+46abc3+44b2c3+35ac4+16bc4+23c5 |

              2      2
o21 : Matrix S  <-- S

i22 : image M == inverseSystem N

o22 = true

i23 : d = 5

o23 = 5

i24 : N = inverseSystem(d, M)

o24 = {0}  | 47a4+31a3b-44a2b2-25ab3-5b4+12a3c-26a2bc-20ab2c+24b3c
      {-1} | 46a5-8a4b-a3b2-12a2b3+11ab4-6b5-12a4c-46a3bc+43a2b2c-
      -----------------------------------------------------------------------
      -47a2c2+45abc2-21c4                                                
      8ab3c+12b4c+28a3c2-32a2bc2+18ab2c2+17b3c2-16a2c3+14abc3+6b2c3+8ac4+
      -----------------------------------------------------------------------
                -19a4-27a3b+11a2b2+43ab3+19b4+31a3c+20a2bc-21ab2c-28b3c+
      12bc4-7c5 -8a5-12a4b-34a3b2-39a2b3+38ab4+50b5-46a4c-13a3bc+29a2b2c
      -----------------------------------------------------------------------
      26a2c2+38abc2-25b2c2                                                  
      -13ab3c+20b4c-20a3c2+9a2bc2+31ab2c2-15b3c2-32a2c3+46abc3+44b2c3+35ac4+
      -----------------------------------------------------------------------
                 43a4+43a3b+28a2b2+44ab3+18b4+45a3c+10a2bc-45ab2c-b3c+
      16bc4+23c5 19a5-5a4b+29a3b2-8a2b3+16ab4+31b5-2a4c-24a3bc-13a2b2c
      -----------------------------------------------------------------------
      8a2c2-13abc2+17ac3                                                  
      +41ab3c+26b4c-9a3c2+9a2bc2-10ab2c2+10b3c2+7a2c3+34abc3-19b2c3+50ac4-
      -----------------------------------------------------------------------
                 -33a4-22a3b+9a2b2+23ab3-50b4+41a3c-45a2bc-14ab2c+
      42bc4+28c5 11a5+43a4b+14a3b2-45a2b3-22ab4-19b5+29a4c+31a3bc-
      -----------------------------------------------------------------------
      44b3c+26a2c2+31abc2+17bc3                                              
      48a2b2c-31ab3c+24b4c+44a3c2+35a2bc2-20ab2c2+24b3c2-23a2c3+22abc3-49b2c3
      -----------------------------------------------------------------------
                       |
      +23ac4+5bc4+12c5 |

              2      4
o24 : Matrix S  <-- S

i25 : image M != inverseSystem N

o25 = true

i26 : M = random(S^{0,1}, S^{-1,-1,-2,-2})

o26 = {0}  | -15a-49c                    39a+33b-33c                  
      {-1} | -20a2+9ab-8b2-26ac-3bc+16c2 44a2-39ab+43b2+22ac-22bc-28c2
      -----------------------------------------------------------------------
      -19a2-39ab-49b2+4ac-8bc-30c2                         
      -6a3-9a2b+3ab2-13b3+6a2c+25abc+30b2c-41ac2+27bc2+37c3
      -----------------------------------------------------------------------
      17a2+36ab-11b2+13ac+36bc+41c2                          |
      35a3-35a2b-31ab2+4b3+40a2c-2abc-47b2c-49ac2-40bc2-35c3 |

              2      4
o26 : Matrix S  <-- S

i27 : inverseSystem(inverseSystem(d,gens inverseSystem M)) == inverseSystem M

o27 = true

i28 : 
