-- -*- M2-comint -*- hash: 2426290430414388705

i1 : needsPackage "Oscillators"

o1 = Oscillators

o1 : Package

i2 : needsPackage "NautyGraphs"

o2 = NautyGraphs

o2 : Package

i3 : Gstrs = generateGraphs(5, OnlyConnected => true, MinDegree => 2);

i4 : Gs = Gstrs/stringToGraph

o4 = {Graph{0 => {3, 4}   }, Graph{0 => {3, 4}      }, Graph{0 => {2, 4}   
            1 => {3, 4}            1 => {3, 4}               1 => {3, 4}   
            2 => {3, 4}            2 => {3, 4}               2 => {0, 4}   
            3 => {0, 1, 2}         3 => {0, 1, 2, 4}         3 => {1, 4}   
            4 => {0, 1, 2}         4 => {3, 0, 1, 2}         4 => {2, 0, 3,
     ------------------------------------------------------------------------
       }, Graph{0 => {2, 3}}, Graph{0 => {2, 3, 4}}, Graph{0 => {2, 3, 4}
                1 => {3, 4}         1 => {3, 4}            1 => {3, 4}   
                2 => {0, 4}         2 => {0, 4}            2 => {0, 4}   
                3 => {0, 1}         3 => {0, 1}            3 => {0, 1, 4}
     1}         4 => {2, 1}         4 => {2, 0, 1}         4 => {2, 0, 3,
     ------------------------------------------------------------------------
       }, Graph{0 => {2, 3, 4}   }, Graph{0 => {2, 3, 4}}, Graph{0 => {2, 3,
                1 => {3, 4}               1 => {2, 3, 4}         1 => {2, 3,
                2 => {0, 3, 4}            2 => {0, 1, 4}         2 => {0, 1,
                3 => {2, 0, 1, 4}         3 => {0, 1}            3 => {0, 1,
     1}         4 => {2, 0, 3, 1}         4 => {2, 0, 1}         4 => {2, 0,
     ------------------------------------------------------------------------
     4}   }, Graph{0 => {2, 3, 4}   }, Graph{0 => {1, 2, 3, 4}}}
     4}            1 => {2, 3, 4}            1 => {0, 2, 3, 4}
     4}            2 => {0, 1, 3, 4}         2 => {1, 0, 3, 4}
     4}            3 => {2, 0, 1, 4}         3 => {1, 0, 2, 4}
     1, 3}         4 => {2, 0, 1, 3}         4 => {1, 0, 2, 3}

o4 : List

i5 : G = Gs_3

o5 = Graph{0 => {2, 3}}
           1 => {3, 4}
           2 => {0, 4}
           3 => {0, 1}
           4 => {2, 1}

o5 : Graph

i6 : R = oscRing(5, Reduced => false);

i7 : IG = oscQuadrics(G, R)

o7 = ideal (x y  + x y  - x y  - x y , x y  + x y  - x y  - x y , - x y  +
             2 0    3 0    0 2    0 3   3 1    4 1    1 3    1 4     2 0  
     ------------------------------------------------------------------------
     x y  + x y  - x y , - x y  - x y  + x y  + x y , - x y  - x y  + x y  +
      0 2    4 2    2 4     3 0    3 1    0 3    1 3     4 1    4 2    1 4  
     ------------------------------------------------------------------------
     x y )
      2 4

o7 : Ideal of R

i8 : netList IG_*

     +---------------------------+
o8 = |x y  + x y  - x y  - x y   |
     | 2 0    3 0    0 2    0 3  |
     +---------------------------+
     |x y  + x y  - x y  - x y   |
     | 3 1    4 1    1 3    1 4  |
     +---------------------------+
     |- x y  + x y  + x y  - x y |
     |   2 0    0 2    4 2    2 4|
     +---------------------------+
     |- x y  - x y  + x y  + x y |
     |   3 0    3 1    0 3    1 3|
     +---------------------------+
     |- x y  - x y  + x y  + x y |
     |   4 1    4 2    1 4    2 4|
     +---------------------------+

i9 : codim IG

o9 = 4

i10 : comps = decompose IG;

i11 : netList comps_0_*, netList comps_1_*

       +-----------+  +------------------------------------------------------
o11 = (|x y  - x y |, |x y  + x y  - x y  - x y                              
       | 4 3    3 4|  | 4 1    4 2    1 4    2 4                             
       +-----------+  +------------------------------------------------------
       |x y  - x y |  |x y  - x y  - x y  + x y                              
       | 4 2    2 4|  | 3 1    4 2    1 3    2 4                             
       +-----------+  +------------------------------------------------------
       |x y  - x y |  |x y  + x y  - x y  - x y                              
       | 3 2    2 3|  | 3 0    4 2    0 3    2 4                             
       +-----------+  +------------------------------------------------------
       |x y  - x y |  |x y  - x y  - x y  + x y                              
       | 4 1    1 4|  | 2 0    0 2    4 2    2 4                             
       +-----------+  +------------------------------------------------------
       |x y  - x y |  |y y y  + y y y  + y y y  + y y y  + y y y             
       | 3 1    1 3|  | 0 1 3    0 2 3    0 2 4    1 2 4    1 3 4            
       +-----------+  +------------------------------------------------------
       |x y  - x y |  |                                                      
       | 2 1    1 2|  |x y y  + x y y  + x y y  + x y y  + x y y  + x y y  - 
       +-----------+  | 0 1 3    0 2 3    2 1 4    0 2 4    4 2 4    1 3 4   
       |x y  - x y |  +------------------------------------------------------
       | 4 0    0 4|  |                   2                                  
       +-----------+  |x x y  - x x y  + x y  + x x y  + x x y  + x x y  + x 
       |x y  - x y |  | 0 4 2    2 4 2    4 2    0 1 3    0 2 3    1 4 3    1
       | 3 0    0 3|  +------------------------------------------------------
       +-----------+  |x x x  + x x x  + x x x  + x x x  + x x x             
       |x y  - x y |  | 0 1 3    0 2 3    0 2 4    1 2 4    1 3 4            
       | 2 0    0 2|  +------------------------------------------------------
       +-----------+
       |x y  - x y |
       | 1 0    0 1|
       +-----------+
      -----------------------------------------------------------------------
      --------------------+
                          |)
                          |
      --------------------+
                          |
                          |
      --------------------+
                          |
                          |
      --------------------+
                          |
                          |
      --------------------+
                          |
                          |
      --------------------+
         2                |
      x y                 |
       2 4                |
      --------------------+
              2           |
      x y  + x y  - x x y |
       2 4    2 4    2 4 4|
      --------------------+
                          |
                          |
      --------------------+

o11 : Sequence

i12 : comps/codim

o12 = {4, 4}

o12 : List

i13 : comps/degree

o13 = {5, 11}

o13 : List

i14 : comps/isPrime

o14 = {true, true}

o14 : List

i15 : # select(Gs, G -> (
          IG = oscQuadrics(G, R);
          codim IG <= #vertices G - 2
          ))

o15 = 4

i16 : for G in Gs list (
          IG = oscQuadrics(G, R);
          elapsedTime comps := decompose IG;
          {comps/codim, comps/degree}
          );
 -- .303724s elapsed
 -- .335784s elapsed
 -- .566058s elapsed
 -- .312421s elapsed
 -- .2999s elapsed
 -- .373717s elapsed
 -- .67571s elapsed
 -- .452996s elapsed
 -- .499475s elapsed
 -- .375267s elapsed
 -- .271623s elapsed

i17 : netList oo

      +---------------+---------------+
o17 = |{3, 4, 4}      |{2, 3, 5}      |
      +---------------+---------------+
      |{3, 4, 4}      |{2, 3, 5}      |
      +---------------+---------------+
      |{4, 4, 4, 4, 4}|{4, 1, 3, 3, 5}|
      +---------------+---------------+
      |{4, 4}         |{5, 11}        |
      +---------------+---------------+
      |{4, 4}         |{5, 11}        |
      +---------------+---------------+
      |{4, 4}         |{5, 11}        |
      +---------------+---------------+
      |{4, 4, 4, 4, 4}|{4, 1, 3, 3, 5}|
      +---------------+---------------+
      |{4, 4, 4, 4, 4}|{1, 3, 4, 3, 5}|
      +---------------+---------------+
      |{4, 4, 4, 4, 4}|{1, 3, 3, 4, 5}|
      +---------------+---------------+
      |{3, 4, 4}      |{2, 3, 5}      |
      +---------------+---------------+
      |{2, 4}         |{1, 5}         |
      +---------------+---------------+

i18 : n = 6

o18 = 6

i19 : Gstrs = generateGraphs(n, OnlyConnected => true, MinDegree => 2);

i20 : Gs = Gstrs/stringToGraph;

i21 : R = oscRing(n, Reduced => false);

i22 : # select(Gs, G -> (
          IG = oscQuadrics(G, R);
          codim IG <= #vertices G - 2
          ))

o22 = 15

i23 : allcomps = for G in Gs list (
          IG = oscQuadrics(G, R);
          elapsedTime comps := decompose IG;
          {comps/codim, comps/degree}
          );
 -- .419473s elapsed
 -- .466446s elapsed
 -- 1.10866s elapsed
 -- 1.36528s elapsed
 -- .790727s elapsed
 -- 1.04428s elapsed
 -- 1.22835s elapsed
 -- 1.07953s elapsed
 -- .746632s elapsed
 -- .89546s elapsed
 -- .367569s elapsed
 -- .570372s elapsed
 -- .504554s elapsed
 -- .764932s elapsed
 -- 1.02617s elapsed
 -- 1.36686s elapsed
 -- 1.0965s elapsed
 -- .968685s elapsed
 -- 1.37098s elapsed
 -- 1.12461s elapsed
 -- .975436s elapsed
 -- 1.12993s elapsed
 -- 1.58849s elapsed
 -- 1.32123s elapsed
 -- .531058s elapsed
 -- .693013s elapsed
 -- 1.43152s elapsed
 -- .817085s elapsed
 -- .702407s elapsed
 -- .92086s elapsed
 -- 1.13844s elapsed
 -- .936397s elapsed
 -- .697286s elapsed
 -- 1.18529s elapsed
 -- .932559s elapsed
 -- 1.22573s elapsed
 -- 1.11259s elapsed
 -- 1.32749s elapsed
 -- 1.42273s elapsed
 -- 1.16403s elapsed
 -- .846745s elapsed
 -- 1.41207s elapsed
 -- 1.72535s elapsed
 -- 2.30347s elapsed
 -- 1.60684s elapsed
 -- 1.33453s elapsed
 -- 1.78088s elapsed
 -- 1.36355s elapsed
 -- 1.12505s elapsed
 -- 1.13648s elapsed
 -- 1.22001s elapsed
 -- .900733s elapsed
 -- .930899s elapsed
 -- 1.21971s elapsed
 -- .688054s elapsed
 -- 1.29097s elapsed
 -- 1.39813s elapsed
 -- 1.5631s elapsed
 -- .895206s elapsed
 -- .52526s elapsed
 -- .458392s elapsed

i24 : netList ({{"codimensions", "degrees"}} | allcomps)

      +------------------------+------------------------+
o24 = |codimensions            |degrees                 |
      +------------------------+------------------------+
      |{3, 5, 5}               |{2, 4, 6}               |
      +------------------------+------------------------+
      |{3, 5, 5}               |{2, 4, 6}               |
      +------------------------+------------------------+
      |{5, 5, 5, 5, 5, 5, 5, 5}|{2, 6, 2, 4, 2, 6, 4, 6}|
      +------------------------+------------------------+
      |{5, 5, 5, 5, 5, 5, 5, 5}|{2, 6, 2, 4, 2, 6, 4, 6}|
      +------------------------+------------------------+
      |{5, 5, 5, 5, 5}         |{2, 2, 4, 6, 18}        |
      +------------------------+------------------------+
      |{5, 5, 5, 5, 5}         |{2, 2, 4, 6, 18}        |
      +------------------------+------------------------+
      |{5, 5, 5, 5, 5}         |{2, 2, 4, 6, 18}        |
      +------------------------+------------------------+
      |{5, 5, 5, 5, 5}         |{2, 2, 4, 6, 18}        |
      +------------------------+------------------------+
      |{4, 5, 5, 5, 5}         |{4, 2, 4, 4, 6}         |
      +------------------------+------------------------+
      |{4, 5, 5, 5, 5}         |{4, 2, 4, 4, 6}         |
      +------------------------+------------------------+
      |{5, 5}                  |{6, 26}                 |
      +------------------------+------------------------+
      |{5, 5}                  |{6, 26}                 |
      +------------------------+------------------------+
      |{5, 5}                  |{6, 26}                 |
      +------------------------+------------------------+
      |{5, 5}                  |{6, 26}                 |
      +------------------------+------------------------+
      |{5, 5}                  |{6, 26}                 |
      +------------------------+------------------------+
      |{5, 5}                  |{6, 26}                 |
      +------------------------+------------------------+
      |{5, 5, 5, 5, 5, 5, 5, 5}|{2, 6, 2, 4, 2, 6, 4, 6}|
      +------------------------+------------------------+
      |{5, 5, 5, 5, 5}         |{2, 2, 4, 6, 18}        |
      +------------------------+------------------------+
      |{5, 5, 5, 5, 5, 5, 5, 5}|{2, 6, 2, 4, 2, 6, 4, 6}|
      +------------------------+------------------------+
      |{5, 5, 5, 5, 5}         |{2, 2, 4, 6, 18}        |
      +------------------------+------------------------+
      |{5, 5}                  |{6, 26}                 |
      +------------------------+------------------------+
      |{5, 5}                  |{6, 26}                 |
      +------------------------+------------------------+
      |{5, 5}                  |{6, 26}                 |
      +------------------------+------------------------+
      |{5, 5, 5, 5, 5, 5, 5, 5}|{2, 6, 2, 4, 2, 6, 4, 6}|
      +------------------------+------------------------+
      |{4, 4, 4, 5}            |{1, 3, 3, 6}            |
      +------------------------+------------------------+
      |{4, 4, 5, 5, 5}         |{1, 3, 6, 4, 6}         |
      +------------------------+------------------------+
      |{5, 5, 5, 5, 5, 5, 5, 5}|{2, 6, 2, 4, 2, 6, 4, 6}|
      +------------------------+------------------------+
      |{4, 4, 5, 5, 5}         |{1, 3, 4, 6, 6}         |
      +------------------------+------------------------+
      |{4, 4, 4, 5}            |{1, 3, 3, 6}            |
      +------------------------+------------------------+
      |{5, 5, 5, 5, 5, 5, 5, 5}|{2, 6, 2, 2, 4, 6, 4, 6}|
      +------------------------+------------------------+
      |{5, 5, 5, 5, 5, 5, 5, 5}|{2, 6, 2, 2, 4, 6, 4, 6}|
      +------------------------+------------------------+
      |{4, 4, 5, 5, 5}         |{1, 3, 6, 4, 6}         |
      +------------------------+------------------------+
      |{5, 5}                  |{6, 26}                 |
      +------------------------+------------------------+
      |{5, 5, 5, 5}            |{4, 4, 6, 18}           |
      +------------------------+------------------------+
      |{5, 5}                  |{6, 26}                 |
      +------------------------+------------------------+
      |{5, 5, 5, 5, 5}         |{2, 2, 4, 6, 18}        |
      +------------------------+------------------------+
      |{5, 5, 5, 5, 5}         |{2, 2, 4, 6, 18}        |
      +------------------------+------------------------+
      |{5, 5, 5, 5, 5, 5, 5, 5}|{8, 2, 2, 2, 4, 4, 4, 6}|
      +------------------------+------------------------+
      |{5, 5, 5, 5, 5, 5, 5, 5}|{8, 2, 2, 2, 4, 4, 4, 6}|
      +------------------------+------------------------+
      |{5, 5}                  |{6, 26}                 |
      +------------------------+------------------------+
      |{5, 5, 5, 5}            |{4, 4, 6, 18}           |
      +------------------------+------------------------+
      |{5, 5}                  |{6, 26}                 |
      +------------------------+------------------------+
      |{5, 5}                  |{6, 26}                 |
      +------------------------+------------------------+
      |{5, 5}                  |{6, 26}                 |
      +------------------------+------------------------+
      |{5, 5}                  |{6, 26}                 |
      +------------------------+------------------------+
      |{5, 5}                  |{6, 26}                 |
      +------------------------+------------------------+
      |{5, 5}                  |{6, 26}                 |
      +------------------------+------------------------+
      |{5, 5, 5, 5, 5}         |{2, 2, 4, 6, 18}        |
      +------------------------+------------------------+
      |{5, 5, 5, 5, 5}         |{2, 2, 4, 6, 18}        |
      +------------------------+------------------------+
      |{5, 5, 5, 5, 5, 5, 5, 5}|{2, 6, 2, 2, 6, 4, 4, 6}|
      +------------------------+------------------------+
      |{5, 5, 5, 5, 5}         |{2, 2, 4, 6, 18}        |
      +------------------------+------------------------+
      |{4, 4, 5, 5, 5}         |{1, 3, 6, 4, 6}         |
      +------------------------+------------------------+
      |{4, 4, 5, 5, 5}         |{1, 3, 6, 4, 6}         |
      +------------------------+------------------------+
      |{5, 5, 5, 5}            |{4, 4, 6, 18}           |
      +------------------------+------------------------+
      |{4, 4, 5, 5, 5}         |{1, 3, 4, 6, 6}         |
      +------------------------+------------------------+
      |{5, 5, 5, 5, 5, 5, 5, 5}|{2, 6, 2, 2, 4, 6, 4, 6}|
      +------------------------+------------------------+
      |{5, 5, 5, 5, 5, 5, 5, 5}|{2, 2, 2, 4, 6, 4, 6, 6}|
      +------------------------+------------------------+
      |{5, 5, 5, 5, 5, 5, 5, 5}|{2, 2, 2, 4, 4, 4, 8, 6}|
      +------------------------+------------------------+
      |{4, 5, 5, 5, 5}         |{4, 2, 4, 4, 6}         |
      +------------------------+------------------------+
      |{3, 5, 5}               |{2, 4, 6}               |
      +------------------------+------------------------+
      |{2, 5}                  |{1, 6}                  |
      +------------------------+------------------------+

i25 : 
