-- -*- M2-comint -*- hash: 2922291220620075703

i1 : needsPackage "Oscillators";

i2 : printingPrecision = 3;

i3 : G = graph{
         {0,4},{1,4},{1,5},
         {3,5},{2,6},{3,6},
         {0,7},{2,7},{4,5},
         {5,6},{6,7},{4,7}}

o3 = Graph{0 => {4, 7}      }
           1 => {4, 5}
           2 => {6, 7}
           3 => {5, 6}
           4 => {0, 1, 5, 7}
           5 => {4, 1, 3, 6}
           6 => {5, 3, 2, 7}
           7 => {0, 4, 2, 6}

o3 : Graph

i4 : stablesols = {{0, 0, -1, .707, -.707, -.707, .707, -1, 1, 0, -.707, -.707, .707, .707},
         {1, 1, 1, 1, 1, 1, 1, 0, 0, 0, 0, 0, 0, 0},
         {0, 0, -1, .707, -.707, -.707, .707, 1, -1, 0, .707, .707, -.707, -.707}}

o4 = {{0, 0, -1, .707, -.707, -.707, .707, -1, 1, 0, -.707, -.707, .707,
     ------------------------------------------------------------------------
     .707}, {1, 1, 1, 1, 1, 1, 1, 0, 0, 0, 0, 0, 0, 0}, {0, 0, -1, .707,
     ------------------------------------------------------------------------
     -.707, -.707, .707, 1, -1, 0, .707, .707, -.707, -.707}}

o4 : List

i5 : 
