-- -*- M2-comint -*- hash: 5445491169777510523

i1 : needsPackage "Oscillators"

o1 = Oscillators

o1 : Package

i2 : needsPackage "NautyGraphs"

o2 = NautyGraphs

o2 : Package

i3 : Gstrs = generateGraphs(5, OnlyConnected => true, MinDegree => 2);

i4 : Gs = Gstrs/stringToGraph

o4 = {Graph{0 => {3, 4}   }, Graph{0 => {3, 4}      }, Graph{0 => {2, 4}   
            1 => {3, 4}            1 => {3, 4}               1 => {3, 4}   
            2 => {3, 4}            2 => {3, 4}               2 => {0, 4}   
            3 => {0, 1, 2}         3 => {0, 1, 2, 4}         3 => {1, 4}   
            4 => {0, 1, 2}         4 => {3, 0, 1, 2}         4 => {2, 0, 3,
     ------------------------------------------------------------------------
       }, Graph{0 => {2, 3}}, Graph{0 => {2, 3, 4}}, Graph{0 => {2, 3, 4}
                1 => {3, 4}         1 => {3, 4}            1 => {3, 4}   
                2 => {0, 4}         2 => {0, 4}            2 => {0, 4}   
                3 => {0, 1}         3 => {0, 1}            3 => {0, 1, 4}
     1}         4 => {2, 1}         4 => {2, 0, 1}         4 => {2, 0, 3,
     ------------------------------------------------------------------------
       }, Graph{0 => {2, 3, 4}   }, Graph{0 => {2, 3, 4}}, Graph{0 => {2, 3,
                1 => {3, 4}               1 => {2, 3, 4}         1 => {2, 3,
                2 => {0, 3, 4}            2 => {0, 1, 4}         2 => {0, 1,
                3 => {2, 0, 1, 4}         3 => {0, 1}            3 => {0, 1,
     1}         4 => {2, 0, 3, 1}         4 => {2, 0, 1}         4 => {2, 0,
     ------------------------------------------------------------------------
     4}   }, Graph{0 => {2, 3, 4}   }, Graph{0 => {1, 2, 3, 4}}}
     4}            1 => {2, 3, 4}            1 => {0, 2, 3, 4}
     4}            2 => {0, 1, 3, 4}         2 => {1, 0, 3, 4}
     4}            3 => {2, 0, 1, 4}         3 => {1, 0, 2, 4}
     1, 3}         4 => {2, 0, 1, 3}         4 => {1, 0, 2, 3}

o4 : List

i5 : printingPrecision = 3

o5 = 3

i6 : for G in Gs list showExoticSolutions G;
warning: some solutions are not regular: {35, 39, 40, 41, 44, 45, 47, 49, 50, 52, 53, 54, 55, 56, 57, 58, 59, 60, 61, 62, 63, 64, 65, 70, 71, 72, 73, 74, 75, 76, 77, 79, 83, 84, 85, 86, 88, 89, 90}
 -- .631s elapsed
warning: some solutions are not regular: {48, 49, 50, 51, 52, 53, 54, 56, 57, 58, 62, 63, 64, 65, 66, 67, 73, 74, 75, 76, 79, 80, 82, 85, 86, 89, 91, 92, 93, 94, 96, 97, 98, 99, 100}
 -- .627s elapsed
 -- .713s elapsed
 -- .931s elapsed
-- found extra exotic solutions for graph Graph{0 => {2, 3}} --
                                                1 => {3, 4}
                                                2 => {0, 4}
                                                3 => {0, 1}
                                                4 => {2, 1}
+-----+----+----+-----+-----+-----+-----+-----+
|-.809|.309|.309|-.809|-.588|.951 |-.951|.588 |
+-----+----+----+-----+-----+-----+-----+-----+
|1    |1   |1   |1    |0    |0    |0    |0    |
+-----+----+----+-----+-----+-----+-----+-----+
|-.809|.309|.309|-.809|.588 |-.951|.951 |-.588|
+-----+----+----+-----+-----+-----+-----+-----+
-- angles (in degrees), first angle is zero and omitted --
+---+---+---+---+
|216|72 |288|144|
+---+---+---+---+
|0  |0  |0  |0  |
+---+---+---+---+
|144|288|72 |216|
+---+---+---+---+
 -- 1.08s elapsed
 -- 1.28s elapsed
warning: some solutions are not regular: {28, 29, 31, 32, 33, 34, 36, 43, 45, 46, 48, 49, 51, 52}
 -- 1.33s elapsed
warning: some solutions are not regular: {17, 18, 19, 20, 21, 22, 23, 24, 25, 26, 27, 28, 29, 30, 31, 32, 33, 34}
 -- 1.04s elapsed
 -- 1.23s elapsed
warning: some solutions are not regular: {23, 25, 27, 32}
 -- 1.42s elapsed
warning: some solutions are not regular: {37, 40, 42, 51, 55, 63, 65, 66, 68, 69, 72, 74}
 -- 1.42s elapsed

i7 : 
