-- -*- M2-comint -*- hash: 11764099482149665917

i1 : G = graph({0,1,2,3},{{0,1},{1,2},{2,3},{0,3}})

o1 = Graph{0 => {1, 3}}
           1 => {0, 2}
           2 => {1, 3}
           3 => {0, 2}

o1 : Graph

i2 : S = oscRing(G, CoefficientRing => QQ, Reduced => true)

o2 = S

o2 : PolynomialRing

i3 : I = oscSystem(G,S);

o3 : Ideal of S

i4 : C = decompose I;

i5 : J = oscJacobian(G,S)

o5 = | -x_1-x_3 x_1                0                           
     | x_1      -x_1x_2-y_1y_2-x_1 x_1x_2+y_1y_2               
     | 0        x_1x_2+y_1y_2      -x_1x_2-x_2x_3-y_1y_2-y_2y_3
     | x_3      0                  x_2x_3+y_2y_3               
     ------------------------------------------------------------------------
     x_3                |
     0                  |
     x_2x_3+y_2y_3      |
     -x_2x_3-y_2y_3-x_3 |

             4      4
o5 : Matrix S  <-- S

i6 : netList for i in C list allUniquePrincipalMinors(-J, Modulo=>i)

     +---+------+---------+----+---------+
     |   |      | 2       |    |  2      |
o6 = |2x |0     |y  - 1   |-2x |4y  - 4  |
     |  3|      | 3       |   3|  3      |
     +---+------+---------+----+---------+
     |   | 2    |         |    |         |
     |0  |y  - 1|         |    |         |
     |   | 3    |         |    |         |
     +---+------+---------+----+---------+
     |   |      |  1     1|    |         |
     |0  |-2x   |- -x  - -|2x  |- 2x  - 2|
     |   |   3  |  2 2   2|  3 |    2    |
     +---+------+---------+----+---------+
     |2  |3     |4        |0   |         |
     +---+------+---------+----+---------+
     |-2 |3     |4        |-4  |0        |
     +---+------+---------+----+---------+

i7 : 
