-- -*- M2-comint -*- hash: 17600715851351792199

i1 : G = graph({0,1,2,3}, {{0,1},{1,2},{2,3},{0,3}});

i2 : R = oscRing(G, Reduced => true);

i3 : I = oscSystem(G, R);

o3 : Ideal of R

i4 : Jac = oscJacobian(G, R);

             4      4
o4 : Matrix R  <-- R

i5 : realsols = findRealSolutions I;
warning: some solutions are not regular: {8, 14, 16, 19, 23}

i6 : jacs = for pt in realsols list sub(Jac, matrix{pt});

i7 : eigenvals = jacs/eigenvalues;

i8 : eigenvals / identifyStability

o8 = {Unstable, Stable, Unstable, Semistable, Unstable, Unstable, Unstable,
     ------------------------------------------------------------------------
     Semistable, Semistable, Semistable, Unstable, Unstable, Unstable,
     ------------------------------------------------------------------------
     Unstable}

o8 : List

i9 : realsols/(pt -> prepend(identifyStability(Jac, pt), pt))

o9 = {{Unstable, -1, 1, -1, 0, 0, 0}, {Stable, 1, 1, 1, 0, 0, 0}, {Unstable,
     ------------------------------------------------------------------------
     -.550456, -1, .550456, -.834864, 0, .834864}, {Semistable, 0, -1, 0, -1,
     ------------------------------------------------------------------------
     0, 1}, {Unstable, -.315974, -.800321, .315974, .948768, -.599572,
     ------------------------------------------------------------------------
     -.948768}, {Unstable, .550456, -1, -.550456, .834864, 0, -.834864},
     ------------------------------------------------------------------------
     {Unstable, .188411, -1, .188411, -.98209, 0, .98209}, {Semistable, 0,
     ------------------------------------------------------------------------
     -1, 0, 1, 0, -1}, {Semistable, 0, -1, 0, -1, 0, 1}, {Semistable, 0, -1,
     ------------------------------------------------------------------------
     0, 1, 0, -1}, {Unstable, -.188411, -1, -.188411, -.98209, 0, .98209},
     ------------------------------------------------------------------------
     {Unstable, .315974, -.800321, -.315974, .948768, .599572, -.948768},
     ------------------------------------------------------------------------
     {Unstable, -.550456, -1, .550456, .834864, 0, -.834864}, {Unstable,
     ------------------------------------------------------------------------
     .550456, -1, -.550456, -.834864, 0, .834864}}

o9 : List

i10 : 
