-- -*- M2-comint -*- hash: 7719118363376207565

i1 : G = graph({0,1,2,3}, {{0,1},{1,2},{2,3},{0,3}})

o1 = Graph{0 => {1, 3}}
           1 => {0, 2}
           2 => {1, 3}
           3 => {0, 2}

o1 : Graph

i2 : oscRing(G, CoefficientRing => CC)

o2 = CC  [x ..x , y ..y ]
       53  0   3   0   3

o2 : PolynomialRing

i3 : S = oo

o3 = S

o3 : PolynomialRing

i4 : I = oscSystem(G,S)

                                                                            
o4 = ideal (x y  + x y  - x y  - x y , - x y  + x y  + x y  - x y , - x y  +
             1 0    3 0    0 1    0 3     1 0    0 1    2 1    1 2     2 1  
     ------------------------------------------------------------------------
                                                       2    2       2    2  
     x y  + x y  - x y , - x y  - x y  + x y  + x y , x  + y  - 1, x  + y  -
      1 2    3 2    2 3     3 0    3 2    0 3    2 3   0    0       1    1  
     ------------------------------------------------------------------------
         2    2       2    2
     1, x  + y  - 1, x  + y  - 1)
         2    2       3    3

o4 : Ideal of S

i5 : Jac = oscJacobian(G,S)

o5 = | -x_0x_1-x_0x_3-y_0y_1-y_0y_3 x_0x_1+y_0y_1               
     | x_0x_1+y_0y_1                -x_0x_1-x_1x_2-y_0y_1-y_1y_2
     | 0                            x_1x_2+y_1y_2               
     | x_0x_3+y_0y_3                0                           
     ------------------------------------------------------------------------
     0                            x_0x_3+y_0y_3                |
     x_1x_2+y_1y_2                0                            |
     -x_1x_2-x_2x_3-y_1y_2-y_2y_3 x_2x_3+y_2y_3                |
     x_2x_3+y_2y_3                -x_0x_3-x_2x_3-y_0y_3-y_2y_3 |

             4      4
o5 : Matrix S  <-- S

i6 : assert(det Jac == 0)

i7 : assert(Jac - transpose Jac == 0)

i8 : realsols = findRealSolutions I
warning: some solutions are not regular: {8, 9, 10, 11, 12, 21, 22, 23, 24, 25, 26, 27, 28, 29, 30, 31, 32, 33, 34, 35, 44}

o8 = {{-1, -1, 1, -1, 0, 0, 0, 0}, {1, -1, -1, -1, 0, 0, 0, 0}, {1, -1, -1,
     ------------------------------------------------------------------------
     1, 0, 0, 0, 0}, {-1, 1, 1, 1, 0, 0, 0, 0}, {1, 1, -1, 1, 0, 0, 0, 0},
     ------------------------------------------------------------------------
     {1, -1, 1, 1, 0, 0, 0, 0}, {1, -1, -1, -1, 0, 0, 0, 0}, {-1, 1, -1, -1,
     ------------------------------------------------------------------------
     0, 0, 0, 0}, {-1, -1, -1, 1, 0, 0, 0, 0}, {-1, -1, 1, -1, 0, 0, 0, 0},
     ------------------------------------------------------------------------
     {1, 1, 1, -1, 0, 0, 0, 0}, {-1, -1, 1, -1, 0, 0, 0, 0}, {1, -1, 1, 1, 0,
     ------------------------------------------------------------------------
     0, 0, 0}, {-1, -1, -1, 1, 0, 0, 0, 0}, {1, 1, -1, 1, 0, 0, 0, 0}, {1,
     ------------------------------------------------------------------------
     -1, 1, 1, 0, 0, 0, 0}, {-1, 1, 1, 1, 0, 0, 0, 0}, {1, 1, 1, -1, 0, 0, 0,
     ------------------------------------------------------------------------
     0}, {-1, 1, -1, -1, 0, 0, 0, 0}, {-1, -1, -1, 1, 0, 0, 0, 0}, {-1, 1, 1,
     ------------------------------------------------------------------------
     1, 0, 0, 0, 0}}

o8 : List

i9 : jacs = for pt in realsols list sub(Jac, matrix{pt})

o9 = {| -2 1  0  1  |, | 2  -1 0  -1 |, | 0  -1 0  1  |, | 2  -1 0  -1 |, |
      | 1  0  -1 0  |  | -1 0  1  0  |  | -1 0  1  0  |  | -1 0  1  0  |  |
      | 0  -1 2  -1 |  | 0  1  -2 1  |  | 0  1  0  -1 |  | 0  1  -2 1  |  |
      | 1  0  -1 0  |  | -1 0  1  0  |  | 1  0  -1 0  |  | -1 0  1  0  |  |
     ------------------------------------------------------------------------
     -2 1  0  1  |, | 0  -1 0  1  |, | 2  -1 0  -1 |, | 0  -1 0  1  |, | 0 
     1  0  -1 0  |  | -1 2  -1 0  |  | -1 0  1  0  |  | -1 2  -1 0  |  | 1 
     0  -1 2  -1 |  | 0  -1 0  1  |  | 0  1  -2 1  |  | 0  -1 0  1  |  | 0 
     1  0  -1 0  |  | 1  0  1  -2 |  | -1 0  1  0  |  | 1  0  1  -2 |  | -1
     ------------------------------------------------------------------------
     1  0  -1 |, | -2 1  0  1  |, | 0  1  0  -1 |, | -2 1  0  1  |, | 0  -1
     -2 1  0  |  | 1  0  -1 0  |  | 1  -2 1  0  |  | 1  0  -1 0  |  | -1 2 
     1  0  -1 |  | 0  -1 2  -1 |  | 0  1  0  -1 |  | 0  -1 2  -1 |  | 0  -1
     0  -1 2  |  | 1  0  -1 0  |  | -1 0  -1 2  |  | 1  0  -1 0  |  | 1  0 
     ------------------------------------------------------------------------
     0  1  |, | 0  1  0  -1 |, | -2 1  0  1  |, | 0  -1 0  1  |, | 2  -1 0 
     -1 0  |  | 1  -2 1  0  |  | 1  0  -1 0  |  | -1 2  -1 0  |  | -1 0  1 
     0  1  |  | 0  1  0  -1 |  | 0  -1 2  -1 |  | 0  -1 0  1  |  | 0  1  -2
     1  -2 |  | -1 0  -1 2  |  | 1  0  -1 0  |  | 1  0  1  -2 |  | -1 0  1 
     ------------------------------------------------------------------------
     -1 |, | 0  1  0  -1 |, | 0  -1 0  1  |, | 0  1  0  -1 |, | 2  -1 0  -1
     0  |  | 1  -2 1  0  |  | -1 2  -1 0  |  | 1  -2 1  0  |  | -1 0  1  0 
     1  |  | 0  1  0  -1 |  | 0  -1 0  1  |  | 0  1  0  -1 |  | 0  1  -2 1 
     0  |  | -1 0  -1 2  |  | 1  0  1  -2 |  | -1 0  -1 2  |  | -1 0  1  0 
     ------------------------------------------------------------------------
     |}
     |
     |
     |

o9 : List

i10 : jacs/eigenvalues

o10 = {{-2.82843    }, {2.82843     }, {2          }, {2.82843     },
       {2.32115e-16 }  {-2.32115e-16}  {-6.4281e-17}  {-2.32115e-16} 
       {2.82843     }  {-2.82843    }  {-2         }  {-2.82843    } 
       {-2.46519e-32}  {2.46519e-32 }  {0          }  {2.46519e-32 } 
      -----------------------------------------------------------------------
      {-2.82843    }, {-2.82843   }, {2.82843    }, {2.82843     },
      {2.32115e-16 }  {3.93452e-16}  {1.55984e-16}  {-2.82843    } 
      {2.82843     }  {2.82843    }  {-2.82843   }  {-1.702e-16  } 
      {-2.46519e-32}  {0          }  {0          }  {-5.85737e-18} 
      -----------------------------------------------------------------------
      {-2.82843   }, {-2.82843    }, {2.82843     }, {-2.82843   },
      {2.82843    }  {-1.55984e-16}  {-3.93452e-16}  {4.20713e-16} 
      {1.702e-16  }  {2.82843     }  {-2.82843    }  {2.82843    } 
      {5.85737e-18}  {0           }  {0           }  {0          } 
      -----------------------------------------------------------------------
      {-2.82843   }, {2.82843     }, {-2.82843    }, {2.82843     },
      {3.93452e-16}  {-3.93452e-16}  {-1.55984e-16}  {-2.82843    } 
      {2.82843    }  {-2.82843    }  {2.82843     }  {-1.702e-16  } 
      {0          }  {0           }  {0           }  {-5.85737e-18} 
      -----------------------------------------------------------------------
      {2.82843    }, {-2.82843   }, {-2.82843   }, {2.82843     },
      {1.55984e-16}  {2.82843    }  {3.93452e-16}  {-3.93452e-16} 
      {-2.82843   }  {1.702e-16  }  {2.82843    }  {-2.82843    } 
      {0          }  {5.85737e-18}  {0          }  {0           } 
      -----------------------------------------------------------------------
      {2.82843     }}
      {-4.20713e-16}
      {-2.82843    }
      {0           }

o10 : List

i11 : jacs/eigenvalues/identifyStability

o11 = {Unstable, Unstable, Unstable, Unstable, Unstable, Unstable, Unstable,
      -----------------------------------------------------------------------
      Unstable, Unstable, Unstable, Unstable, Unstable, Unstable, Unstable,
      -----------------------------------------------------------------------
      Unstable, Unstable, Unstable, Unstable, Unstable, Unstable, Unstable}

o11 : List

i12 : 
