-- -*- M2-comint -*- hash: 7205431260705300427

i1 : G = graph({0,1,2,3}, {{0,1},{1,2},{2,3},{0,3}})

o1 = Graph{0 => {1, 3}}
           1 => {0, 2}
           2 => {1, 3}
           3 => {0, 2}

o1 : Graph

i2 : oscRing(G, CoefficientRing => CC)

o2 = CC  [x ..x , y ..y ]
       53  0   3   0   3

o2 : PolynomialRing

i3 : S = oo

o3 = S

o3 : PolynomialRing

i4 : I = oscQuadrics(G,S)

o4 = ideal (x y  + x y  - x y  - x y , - x y  + x y  + x y  - x y , - x y  +
             1 0    3 0    0 1    0 3     1 0    0 1    2 1    1 2     2 1  
     ------------------------------------------------------------------------
     x y  + x y  - x y , - x y  - x y  + x y  + x y )
      1 2    3 2    2 3     3 0    3 2    0 3    2 3

o4 : Ideal of S

i5 : netList I_*

     +---------------------------+
o5 = |x y  + x y  - x y  - x y   |
     | 1 0    3 0    0 1    0 3  |
     +---------------------------+
     |- x y  + x y  + x y  - x y |
     |   1 0    0 1    2 1    1 2|
     +---------------------------+
     |- x y  + x y  + x y  - x y |
     |   2 1    1 2    3 2    2 3|
     +---------------------------+
     |- x y  - x y  + x y  + x y |
     |   3 0    3 2    0 3    2 3|
     +---------------------------+

i6 : 
