-- -*- M2-comint -*- hash: 8365156553713580110

i1 : G = graph {{0,1},{1,2},{2,3},{3,4},{4,0}}

o1 = Graph{0 => {1, 4}}
           1 => {0, 2}
           2 => {1, 3}
           3 => {2, 4}
           4 => {0, 3}

o1 : Graph

i2 : showExoticSolutions G
 -- .811456s elapsed
-- found extra exotic solutions for graph Graph{0 => {1, 4}} --
                                                1 => {0, 2}
                                                2 => {1, 3}
                                                3 => {2, 4}
                                                4 => {0, 3}
+-------+--------+--------+-------+--------+--------+--------+--------+
|.309017|-.809017|-.809017|.309017|.951057 |.587785 |-.587785|-.951057|
+-------+--------+--------+-------+--------+--------+--------+--------+
|1      |1       |1       |1      |0       |0       |0       |0       |
+-------+--------+--------+-------+--------+--------+--------+--------+
|.309017|-.809017|-.809017|.309017|-.951057|-.587785|.587785 |.951057 |
+-------+--------+--------+-------+--------+--------+--------+--------+
-- angles (in degrees), first angle is zero and omitted --
+---+---+---+---+
|72 |144|216|288|
+---+---+---+---+
|0  |0  |0  |0  |
+---+---+---+---+
|288|216|144|72 |
+---+---+---+---+

o2 = {{.309017, -.809017, -.809017, .309017, .951057, .587785, -.587785,
     ------------------------------------------------------------------------
     -.951057}, {1, 1, 1, 1, 0, 0, 0, 0}, {.309017, -.809017, -.809017,
     ------------------------------------------------------------------------
     .309017, -.951057, -.587785, .587785, .951057}}

o2 : List

i3 : G = graph {{0,1},{1,2},{2,3},{3,4},{4,2},{4,0}}

o3 = Graph{0 => {1, 4}   }
           1 => {0, 2}
           2 => {1, 3, 4}
           3 => {2, 4}
           4 => {0, 2, 3}

o3 : Graph

i4 : showExoticSolutions G
 -- 1.03844s elapsed

o4 = {{1, 1, 1, 1, 0, 0, 0, 0}}

o4 : List

i5 : 
