-- -*- M2-comint -*- hash: 5530562991966654434

i1 : kk = ZZ/101;

i2 : S = kk[a..d];

i3 : M = ideal"a2,ab,b2,ac";

o3 : Ideal of S

i4 : F = groebnerFamily M;

o4 : Ideal of kk[t , t , t  , t , t , t  , t  , t  , t , t , t , t  , t  , t  , t , t , t  , t  , t  , t  , t  , t  , t  , t  ][a..d]
                  6   5   12   2   4   11   18   24   1   3   8   10   17   23   7   9   14   16   20   22   13   15   19   21

i5 : netList F_*

     +-------------------------------------------------------+
     | 2                      2                      2       |
o5 = |a  + t b*c + t a*d + t c  + t b*d + t c*d + t d        |
     |      1       3       2      4       5       6         |
     +-------------------------------------------------------+
     |                         2                         2   |
     |a*b + t b*c + t a*d + t c  + t  b*d + t  c*d + t  d    |
     |       7       9       8      10       11       12     |
     +-------------------------------------------------------+
     | 2                         2                         2 |
     |b  + t  b*c + t  a*d + t  c  + t  b*d + t  c*d + t  d  |
     |      13       15       14      16       17       18   |
     +-------------------------------------------------------+
     |                            2                         2|
     |a*c + t  b*c + t  a*d + t  c  + t  b*d + t  c*d + t  d |
     |       19       21       20      22       23       24  |
     +-------------------------------------------------------+

i6 : J = trim groebnerStratum F

                                                                             
o6 = ideal (t  - t   + t  t  , t  t   - t  t  t  , t   - t   + t  t   - t t  
             7    20    13 19   22 15    15 19 21   10    23    22 13    9 19
     ------------------------------------------------------------------------
                    2                                                   
     + t  t   - t  t   + t  t   - t  t  t  , t  + t  t  , t  + 2t  t   -
        16 19    15 19    20 21    13 19 21   8    14 19   1     20 19  
     ------------------------------------------------------------------------
         2                                                            
     t  t  , t t   + 50t  t   - 50t  t  t   - t t  t   - 50t  t  t   +
      13 19   9 22      16 22      22 13 21    9 19 21      16 19 21  
     ------------------------------------------------------------------------
              2                                                        
     50t  t  t  , t   + 50t  t   - t  t   - 50t  t  t   - 50t  t  t   +
        13 19 21   24      16 22    23 21      22 13 21      16 19 21  
     ------------------------------------------------------------------------
         2             2          2                                      
     t  t   + 50t  t  t  , t   + t  - t t   - t t   + t  t   + t t  t   -
      20 21      13 19 21   18    9    9 16    3 15    23 15    9 15 19  
     ------------------------------------------------------------------------
                  2  2                                                   
     t  t  t   + t  t   - t  t   + t t  t   - 2t  t  t   + t  t  t  t   +
      16 15 19    15 19    17 21    9 13 21     20 15 21    13 15 19 21  
     ------------------------------------------------------------------------
         2                                                              
     t  t  , t   - t t   + t  t   + t  t   - t  t  t   - t  t  t  , t  +
      14 21   11    9 20    14 22    17 19    20 15 19    14 19 21   4  
     ------------------------------------------------------------------------
                                                  2        3                
     2t  t   - t t   + 2t  t   - 2t  t  t   - t  t   + t  t   - 4t  t  t   +
       20 22    3 19     23 19     22 13 19    16 19    15 19     20 19 21  
     ------------------------------------------------------------------------
          2            2        2                                      
     2t  t  t  , t  + t   - t  t  , t  t   + 50t  t  t   - 2t  t  t   -
       13 19 21   2    20    14 19   17 22      16 22 13     14 22 21  
     ------------------------------------------------------------------------
           2                                            2       2     2  
     50t  t  t   - t  t  t   - 50t  t  t  t   + 2t  t  t   + 50t  t  t  ,
        22 13 21    17 19 21      16 13 19 21     14 19 21      13 19 21 
     ------------------------------------------------------------------------
                        2                                          
     t t   - 2t  t   + t  t   + t  t  t   + 4t  t  t   - t t  t   +
      3 22     23 22    22 13    16 22 19     20 22 21    3 19 21  
     ------------------------------------------------------------------------
                                      2               2         2  2        
     2t  t  t   - 3t  t  t  t   - t  t  t   - 4t  t  t   + 2t  t  t  , t   -
       23 19 21     22 13 19 21    16 19 21     20 19 21     13 19 21   12  
     ------------------------------------------------------------------------
                            2                                        
     t  t  - 50t  t  t   - t t   + t t  t   + t t  t   - 2t  t  t   -
      23 9      16 22 13    9 19    9 16 19    3 15 19     23 15 19  
     ------------------------------------------------------------------------
           2           2     2  3                                 2      
     t t  t   + t  t  t   - t  t   + t t  t   + t  t  t   + 50t  t  t   +
      9 15 19    16 15 19    15 19    9 20 21    14 22 21      22 13 21  
     ------------------------------------------------------------------------
                                                                       2    
     t  t  t   - t t  t  t   + 50t  t  t  t   + 3t  t  t  t   - t  t  t  t  
      17 19 21    9 13 19 21      16 13 19 21     20 15 19 21    13 15 19 21
     ------------------------------------------------------------------------
               2       2     2                                           2   
     - 2t  t  t   - 50t  t  t  , t  - t t   + 2t  t   - 2t  t  t   - t  t   +
         14 19 21      13 19 21   5    3 20     23 20     14 22 19    17 19  
     ------------------------------------------------------------------------
            2      2            2                    2                    2 
     t  t  t   - 2t  t   + 2t  t  t  , t  - t t   + t   + t  t  t   - t  t  
      20 15 19     20 21     14 19 21   6    3 23    23    16 20 22    14 22
     ------------------------------------------------------------------------
                       2 2          2          2            2          3   
     - t  t  t  t   + t t   - t t  t   - t t  t   + 2t  t  t   + t t  t   -
        16 22 13 19    9 19    9 16 19    3 15 19     23 15 19    9 15 19  
     ------------------------------------------------------------------------
            3     2  4                                                       
     t  t  t   + t  t   + t t  t   - 2t  t  t   - t  t  t  t   - t  t  t  t  
      16 15 19    15 19    3 20 21     23 20 21    20 22 13 21    16 20 19 21
     ------------------------------------------------------------------------
           2              2             2              2               2    
     + t  t  t  t   - t  t  t   + t t  t  t   + t  t  t  t   - 3t  t  t  t  
        22 13 19 21    17 19 21    9 13 19 21    16 13 19 21     20 15 19 21
     ------------------------------------------------------------------------
              3        2  2              2         2  2     2  2  2
     + t  t  t  t   + t  t   + t  t  t  t   + 2t  t  t   - t  t  t  )
        13 15 19 21    20 21    20 13 19 21     14 19 21    13 19 21

o6 : Ideal of kk[t , t , t  , t , t , t  , t  , t  , t , t , t , t  , t  , t  , t , t , t  , t  , t  , t  , t  , t  , t  , t  ]
                  6   5   12   2   4   11   18   24   1   3   8   10   17   23   7   9   14   16   20   22   13   15   19   21

i7 : compsJ = decompose J;

i8 : compsJ = compsJ/trim;

i9 : compsJ/dim

o9 = {11, 8}

o9 : List

i10 : netList compsJ_0_*

      +-------------------------------------------------------------------------------------------------------------------------------------------------------------------------------------------------+
o10 = |t   - t  t                                                                                                                                                                                       |
      | 22    19 21                                                                                                                                                                                     |
      +-------------------------------------------------------------------------------------------------------------------------------------------------------------------------------------------------+
      |t  - t   + t  t                                                                                                                                                                                  |
      | 7    20    13 19                                                                                                                                                                                |
      +-------------------------------------------------------------------------------------------------------------------------------------------------------------------------------------------------+
      |                                 2                                                                                                                                                               |
      |t   - t   - t t   + t  t   - t  t   + t  t                                                                                                                                                       |
      | 10    23    9 19    16 19    15 19    20 21                                                                                                                                                     |
      +-------------------------------------------------------------------------------------------------------------------------------------------------------------------------------------------------+
      |t  + t  t                                                                                                                                                                                        |
      | 8    14 19                                                                                                                                                                                      |
      +-------------------------------------------------------------------------------------------------------------------------------------------------------------------------------------------------+
      |                   2                                                                                                                                                                             |
      |t  + 2t  t   - t  t                                                                                                                                                                              |
      | 1     20 19    13 19                                                                                                                                                                            |
      +-------------------------------------------------------------------------------------------------------------------------------------------------------------------------------------------------+
      |                   2                                                                                                                                                                             |
      |t   - t  t   + t  t                                                                                                                                                                              |
      | 24    23 21    20 21                                                                                                                                                                            |
      +-------------------------------------------------------------------------------------------------------------------------------------------------------------------------------------------------+
      |       2                                                    2  2                                                        2                                                                        |
      |t   + t  - t t   - t t   + t  t   + t t  t   - t  t  t   + t  t   - t  t   + t t  t   - 2t  t  t   + t  t  t  t   + t  t                                                                         |
      | 18    9    9 16    3 15    23 15    9 15 19    16 15 19    15 19    17 21    9 13 21     20 15 21    13 15 19 21    14 21                                                                       |
      +-------------------------------------------------------------------------------------------------------------------------------------------------------------------------------------------------+
      |t   - t t   + t  t   - t  t  t                                                                                                                                                                   |
      | 11    9 20    17 19    20 15 19                                                                                                                                                                 |
      +-------------------------------------------------------------------------------------------------------------------------------------------------------------------------------------------------+
      |                           2        3                                                                                                                                                            |
      |t  - t t   + 2t  t   - t  t   + t  t   - 2t  t  t                                                                                                                                                |
      | 4    3 19     23 19    16 19    15 19     20 19 21                                                                                                                                              |
      +-------------------------------------------------------------------------------------------------------------------------------------------------------------------------------------------------+
      |      2        2                                                                                                                                                                                 |
      |t  + t   - t  t                                                                                                                                                                                  |
      | 2    20    14 19                                                                                                                                                                                |
      +-------------------------------------------------------------------------------------------------------------------------------------------------------------------------------------------------+
      |               2                                               2           2     2  3                                                                2              2                            |
      |t   - t  t  - t t   + t t  t   + t t  t   - 2t  t  t   - t t  t   + t  t  t   - t  t   + t t  t   + t  t  t   - t t  t  t   + 3t  t  t  t   - t  t  t  t   - t  t  t                             |
      | 12    23 9    9 19    9 16 19    3 15 19     23 15 19    9 15 19    16 15 19    15 19    9 20 21    17 19 21    9 13 19 21     20 15 19 21    13 15 19 21    14 19 21                           |
      +-------------------------------------------------------------------------------------------------------------------------------------------------------------------------------------------------+
      |                           2           2      2                                                                                                                                                  |
      |t  - t t   + 2t  t   - t  t   + t  t  t   - 2t  t                                                                                                                                                |
      | 5    3 20     23 20    17 19    20 15 19     20 21                                                                                                                                              |
      +-------------------------------------------------------------------------------------------------------------------------------------------------------------------------------------------------+
      |              2     2 2          2          2            2          3           3     2  4                                2             2               2              3        2  2        2  2 |
      |t  - t t   + t   + t t   - t t  t   - t t  t   + 2t  t  t   + t t  t   - t  t  t   + t  t   + t t  t   - 2t  t  t   - t  t  t   + t t  t  t   - 3t  t  t  t   + t  t  t  t   + t  t   + t  t  t  |
      | 6    3 23    23    9 19    9 16 19    3 15 19     23 15 19    9 15 19    16 15 19    15 19    3 20 21     23 20 21    17 19 21    9 13 19 21     20 15 19 21    13 15 19 21    20 21    14 19 21|
      +-------------------------------------------------------------------------------------------------------------------------------------------------------------------------------------------------+

i11 : netList compsJ_1_*

      +------------------------------------------------------------------------------------------------------------------------------------------------------------------------------------------------------------------+
o11 = |t                                                                                                                                                                                                                 |
      | 15                                                                                                                                                                                                               |
      +------------------------------------------------------------------------------------------------------------------------------------------------------------------------------------------------------------------+
      |t  + 50t   - 50t  t                                                                                                                                                                                               |
      | 9      16      13 21                                                                                                                                                                                             |
      +------------------------------------------------------------------------------------------------------------------------------------------------------------------------------------------------------------------+
      |t  - t   + t  t                                                                                                                                                                                                   |
      | 7    20    13 19                                                                                                                                                                                                 |
      +------------------------------------------------------------------------------------------------------------------------------------------------------------------------------------------------------------------+
      |                              2                                                                                                                                                                                   |
      |t   + 50t  t   - 2t  t   - 50t  t                                                                                                                                                                                 |
      | 17      16 13     14 21      13 21                                                                                                                                                                               |
      +------------------------------------------------------------------------------------------------------------------------------------------------------------------------------------------------------------------+
      |t   - t   + t  t   - 50t  t   + t  t   + 50t  t  t                                                                                                                                                                |
      | 10    23    22 13      16 19    20 21      13 19 21                                                                                                                                                              |
      +------------------------------------------------------------------------------------------------------------------------------------------------------------------------------------------------------------------+
      |t  + t  t                                                                                                                                                                                                         |
      | 8    14 19                                                                                                                                                                                                       |
      +------------------------------------------------------------------------------------------------------------------------------------------------------------------------------------------------------------------+
      |t  - 2t   + t  t   + t  t   + 4t  t   - 2t  t  t                                                                                                                                                                  |
      | 3     23    22 13    16 19     20 21     13 19 21                                                                                                                                                                |
      +------------------------------------------------------------------------------------------------------------------------------------------------------------------------------------------------------------------+
      |                   2                                                                                                                                                                                              |
      |t  + 2t  t   - t  t                                                                                                                                                                                               |
      | 1     20 19    13 19                                                                                                                                                                                             |
      +------------------------------------------------------------------------------------------------------------------------------------------------------------------------------------------------------------------+
      |                                                          2             2                                                                                                                                         |
      |t   + 50t  t   - t  t   - 50t  t  t   - 50t  t  t   + t  t   + 50t  t  t                                                                                                                                          |
      | 24      16 22    23 21      22 13 21      16 19 21    20 21      13 19 21                                                                                                                                        |
      +------------------------------------------------------------------------------------------------------------------------------------------------------------------------------------------------------------------+
      |         2        2       2  2                                                                                                                                                                                    |
      |t   + 25t   - t  t   - 25t  t                                                                                                                                                                                     |
      | 18      16    14 21      13 21                                                                                                                                                                                   |
      +------------------------------------------------------------------------------------------------------------------------------------------------------------------------------------------------------------------+
      |                                                                     2                                                                                                                                            |
      |t   + 50t  t   + t  t   - 50t  t  t   - 50t  t  t   + t  t  t   + 50t  t  t                                                                                                                                       |
      | 11      16 20    14 22      16 13 19      20 13 21    14 19 21      13 19 21                                                                                                                                     |
      +------------------------------------------------------------------------------------------------------------------------------------------------------------------------------------------------------------------+
      |t  + 2t  t   - t  t  t                                                                                                                                                                                            |
      | 4     20 22    22 13 19                                                                                                                                                                                          |
      +------------------------------------------------------------------------------------------------------------------------------------------------------------------------------------------------------------------+
      |      2        2                                                                                                                                                                                                  |
      |t  + t   - t  t                                                                                                                                                                                                   |
      | 2    20    14 19                                                                                                                                                                                                 |
      +------------------------------------------------------------------------------------------------------------------------------------------------------------------------------------------------------------------+
      |                                  2                                                     2                                 2       2     2                                                                         |
      |t   + 50t  t   - 50t  t  t   - 25t  t   - 50t  t  t   + t  t  t   - 50t  t  t   + 50t  t  t   + 50t  t  t  t   + 50t  t  t   - 25t  t  t                                                                          |
      | 12      23 16      16 22 13      16 19      16 20 21    14 22 21      23 13 21      22 13 21      16 13 19 21      20 13 21      13 19 21                                                                        |
      +------------------------------------------------------------------------------------------------------------------------------------------------------------------------------------------------------------------+
      |                                                   2      2                          2  2                                                                                                                         |
      |t  + t  t  t   + t  t  t   - 2t  t  t   + 50t  t  t   + 2t  t   - 2t  t  t  t   - 50t  t  t                                                                                                                       |
      | 5    20 22 13    16 20 19     14 22 19      16 13 19     20 21     20 13 19 21      13 19 21                                                                                                                     |
      +------------------------------------------------------------------------------------------------------------------------------------------------------------------------------------------------------------------+
      |      2                    2                                              2  2                                                                     2                 2         2  2               2       2  2  2 |
      |t  - t   + t  t  t   - t  t   + t  t  t   + t  t  t   - t  t  t  t   + 25t  t   + 4t  t  t   - 2t  t  t  t   - 2t  t  t  t   - 2t  t  t  t   + t  t  t  t   + t  t  t  t   - 3t  t   + 3t  t  t  t   - 26t  t  t  |
      | 6    23    16 20 22    14 22    23 22 13    23 16 19    16 22 13 19      16 19     23 20 21     20 22 13 21     16 20 19 21     23 13 19 21    22 13 19 21    16 13 19 21     20 21     20 13 19 21      13 19 21|
      +------------------------------------------------------------------------------------------------------------------------------------------------------------------------------------------------------------------+

i12 : pt1 = randomPointOnRationalVariety compsJ_0

o12 = | 37 -2 -19 -4 -13 20 50 -34 -12 -8 23 38 -36 -10 32 19 -22 -29 19 11
      -----------------------------------------------------------------------
      -30 -29 24 -29 |

               1       24
o12 : Matrix kk  <-- kk

i13 : pt2 = randomPointOnRationalVariety compsJ_1

o13 = | -4 -6 -29 43 12 -8 -47 31 -19 -3 -17 -2 -49 21 11 3 -47 19 -16 -38 39
      -----------------------------------------------------------------------
      0 -24 34 |

               1       24
o13 : Matrix kk  <-- kk

i14 : F1 = sub(F, (vars S)|pt1)

              2             2                            2               
o14 = ideal (a  - 12b*c - 4c  - 8a*d - 13b*d - 2c*d + 37d , a*b + 32b*c +
      -----------------------------------------------------------------------
         2                              2   2              2                
      23c  + 19a*d + 38b*d + 20c*d - 19d , b  - 30b*c - 22c  - 29a*d - 29b*d
      -----------------------------------------------------------------------
                   2                   2                              2
      - 36c*d + 50d , a*c + 24b*c + 19c  - 29a*d + 11b*d - 10c*d - 34d )

o14 : Ideal of S

i15 : F2 = sub(F, (vars S)|pt2)

              2              2                           2               
o15 = ideal (a  - 19b*c + 43c  - 3a*d + 12b*d - 6c*d - 4d , a*b + 11b*c -
      -----------------------------------------------------------------------
         2                           2   2              2                  
      17c  + 3a*d - 2b*d - 8c*d - 29d , b  + 39b*c - 47c  + 19b*d - 49c*d -
      -----------------------------------------------------------------------
         2                   2                              2
      47d , a*c - 24b*c - 16c  + 34a*d - 38b*d + 21c*d + 31d )

o15 : Ideal of S

i16 : decompose F1

                                    2              2                      2
o16 = {ideal (a + 24b + 19c + 36d, b  - 30b*c - 22c  - 40b*d + 10c*d - 17d ),
      -----------------------------------------------------------------------
      ideal (c - 29d, b + 30d, a - 38d)}

o16 : List

i17 : decompose F2

                               2                              2   2          
o17 = {ideal (a*c - 24b*c - 16c  + 34a*d - 38b*d + 21c*d + 31d , b  + 39b*c -
      -----------------------------------------------------------------------
         2                      2                   2                       
      47c  + 19b*d - 49c*d - 47d , a*b + 11b*c - 17c  + 3a*d - 2b*d - 8c*d -
      -----------------------------------------------------------------------
         2   2              2                           2
      29d , a  - 19b*c + 43c  - 3a*d + 12b*d - 6c*d - 4d )}

o17 : List

i18 : 
