-- -*- M2-comint -*- hash: 9534679791039308512

i1 : d=8

o1 = 8

i2 : L=toList(3:3)|toList(2:4)|{1}

o2 = {3, 3, 3, 4, 4, 1}

o2 : List

i3 : expectedDimension(d,L)

o3 = 6

i4 : kk=ZZ/nextPrime(10^3)

o4 = kk

o4 : QuotientRing

i5 : t=symbol t

o5 = t

o5 : Symbol

i6 : P2=kk[t_0..t_2]

o6 = P2

o6 : PolynomialRing

i7 : betti(H=linearSystemOnRationalSurface(P2,d,L))

            0 1
o7 = total: 1 6
         0: 1 .
         1: . .
         2: . .
         3: . .
         4: . .
         5: . .
         6: . .
         7: . 6

o7 : BettiTally

i8 : 
