-- -*- M2-comint -*- hash: 14611852865183930601

i1 : R=ZZ/37[x,y,z];

i2 : L={x^0,x^2,y^3,z^5};

i3 : (l,e)=ehrhartRing L;

i4 : l

o4 = MonomialSubalgebra{cache => CacheTable{...1...}                                                                }
                                              2   3   4   5             2     3   2   2    3             2        2
                        generators => {1, z, z , z , z , z , y, y*z, y*z , y*z , y , y z, y , x, x*z, x*z , x*y, x }
                                ZZ
                        ring => --[x..z, a]
                                37

                           ZZ
o4 : MonomialSubalgebra of --[x..z, a]
                           37

i5 : e

o5 = MonomialSubalgebra{cache => CacheTable{...1...}                                                                                                  }
                                                2    3    4    5                  2      3    2    2      3                  2           2      2 4 2
                        generators => {a, z*a, z a, z a, z a, z a, y*a, y*z*a, y*z a, y*z a, y a, y z*a, y a, x*a, x*z*a, x*z a, x*y*a, x a, x*y z a }
                                ZZ
                        ring => --[x..z, a]
                                37

                           ZZ
o5 : MonomialSubalgebra of --[x..z, a]
                           37

i6 : flatten \ exponents \ gens l

o6 = {{0, 0, 0, 0}, {0, 0, 1, 0}, {0, 0, 2, 0}, {0, 0, 3, 0}, {0, 0, 4, 0},
     ------------------------------------------------------------------------
     {0, 0, 5, 0}, {0, 1, 0, 0}, {0, 1, 1, 0}, {0, 1, 2, 0}, {0, 1, 3, 0},
     ------------------------------------------------------------------------
     {0, 2, 0, 0}, {0, 2, 1, 0}, {0, 3, 0, 0}, {1, 0, 0, 0}, {1, 0, 1, 0},
     ------------------------------------------------------------------------
     {1, 0, 2, 0}, {1, 1, 0, 0}, {2, 0, 0, 0}}

o6 : List

i7 : M=matrix {{0,0,0},{2,0,0},{0,3,0},{0,0,5}};

              4       3
o7 : Matrix ZZ  <-- ZZ

i8 : (normaliz(M,"polytope"))#"gen"

o8 = | 0 0 0 1 |
     | 0 0 1 1 |
     | 0 0 2 1 |
     | 0 0 3 1 |
     | 0 0 4 1 |
     | 0 0 5 1 |
     | 0 1 0 1 |
     | 0 1 1 1 |
     | 0 1 2 1 |
     | 0 1 3 1 |
     | 0 2 0 1 |
     | 0 2 1 1 |
     | 0 3 0 1 |
     | 1 0 0 1 |
     | 1 0 1 1 |
     | 1 0 2 1 |
     | 1 1 0 1 |
     | 2 0 0 1 |
     | 1 2 4 2 |

              19       4
o8 : Matrix ZZ   <-- ZZ

i9 : 
