-- -*- M2-comint -*- hash: 12233122126270438926

i1 : R=ZZ/37[x,y];

i2 : L={x^3, x^2*y, y^3, x*y^2};

i3 : (A, B) = ehrhartRing L;

i4 : A

o4 = MonomialSubalgebra{cache => CacheTable{...1...}     }
                                        3     2   2    3
                        generators => {y , x*y , x y, x }
                                ZZ
                        ring => --[x..y, a]
                                37

                           ZZ
o4 : MonomialSubalgebra of --[x..y, a]
                           37

i5 : B

o5 = MonomialSubalgebra{cache => CacheTable{...1...}          }
                                        3      2    2      3
                        generators => {y a, x*y a, x y*a, x a}
                                ZZ
                        ring => --[x..y, a]
                                37

                           ZZ
o5 : MonomialSubalgebra of --[x..y, a]
                           37

i6 : 
