-- -*- M2-comint -*- hash: 29195957286798927

i1 : R = ZZ/127[x_1 .. x_(12)];

i2 : P = minors(3,genericMatrix(R,x_1,3,4));

o2 : Ideal of R

i3 : C = res (R^1/(P^3));

i4 : myDiff = C.dd_3;

             30      12
o4 : Matrix R   <-- R

i5 : r = rank myDiff;

i6 : J = chooseGoodMinors(15, r, myDiff, Strategy=>StrategyDefaultNonRandom);

o6 : Ideal of R

i7 : time isCodimAtLeast(3, J)
 -- used 0.00299992s (cpu); 0.00321781s (thread); 0s (gc)

o7 = true

i8 : I = ideal(x_2^8*x_10^3-3*x_1*x_2^7*x_10^2*x_11+3*x_1^2*x_2^6*x_10*x_11^2-x_1^3*x_2^5*x_11^3,x_5^5*x_6^3*x_11^3-3*x_5^6*x_6^2*x_11^2*x_12+3*x_5^7*x_6*x_11*x_12^2-x_5^8*x_12^3,x_1^5*x_2^3*x_4^3-3*x_1^6*x_2^2*x_4^2*x_5+3*x_1^7*x_2*x_4*x_5^2-x_1^8*x_5^3,x_6^8*x_11^3-3*x_5*x_6^7*x_11^2*x_12+3*x_5^2*x_6^6*x_11*x_12^2-x_5^3*x_6^5*x_12^3,x_8^3*x_10^8-3*x_7*x_8^2*x_10^7*x_11+3*x_7^2*x_8*x_10^6*x_11^2-x_7^3*x_10^5*x_11^3,x_2^8*x_4^3-3*x_1*x_2^7*x_4^2*x_5+3*x_1^2*x_2^6*x_4*x_5^2-x_1^3*x_2^5*x_5^3,-x_6^3*x_11^8+3*x_5*x_6^2*x_11^7*x_12-3*x_5^2*x_6*x_11^6*x_12^2+x_5^3*x_11^5*x_12^3,-x_6^3*x_7^3*x_9^5+3*x_4*x_6^2*x_7^2*x_9^6-3*x_4^2*x_6*x_7*x_9^7+x_4^3*x_9^8,x_8^8*x_10^3-3*x_7*x_8^7*x_10^2*x_11+3*x_7^2*x_8^6*x_10*x_11^2-x_7^3*x_8^5*x_11^3,x_2^5*x_3^3*x_11^3-3*x_2^6*x_3^2*x_11^2*x_12+3*x_2^7*x_3*x_11*x_12^2-x_2^8*x_12^3);

               ZZ
o8 : Ideal of ---[x  , x , x , x , x  , x , x , x  , x , x , x , x ]
              127  11   8   1   9   12   6   5   10   2   4   3   7

i9 : time isCodimAtLeast(5, I, PairLimit => 5, Verbose=>true)
 -- used 0.00300116s (cpu); 0.00314031s (thread); 0s (gc)
isCodimAtLeast: Computing codim of monomials based on ideal generators.

o9 = true

i10 : time isCodimAtLeast(5, I, PairLimit => 200, Verbose=>false)
 -- used 0.00233385s (cpu); 0.00300832s (thread); 0s (gc)

o10 = true

i11 : 
