-- -*- M2-comint -*- hash: 10876579362804889300

i1 : needsPackage "Cyclotomic"

o1 = Cyclotomic

o1 : Package

i2 : kk = toField(QQ[a] / cyclotomicPoly(7, a))

o2 = kk

o2 : PolynomialRing

i3 : R = kk[x,y,z]

o3 = R

o3 : PolynomialRing

i4 : f4 = x^3*y+y^3*z+z^3*x

      3     3       3
o4 = x y + y z + x*z

o4 : R

i5 : H = jacobian transpose jacobian f4

o5 = {-3} | 6xy 3x2 3z2 |
     {-3} | 3x2 6yz 3y2 |
     {-3} | 3z2 3y2 6xz |

             3      3
o5 : Matrix R  <-- R

i6 : f6 = -1/54*det(H)

        5    5      2 2 2      5
o6 = x*y  + x z - 5x y z  + y*z

o6 : R

i7 : I = minors(2,jacobian matrix{{f4,f6}})

               3 5     7      7       4 2 2        4 3     2   5    8    7   
o7 = ideal (14x y  - 5x z - 3y z - 35x y z  + 35x*y z  - 7x y*z  + z , 3x y -
     ------------------------------------------------------------------------
      8      4 3        5 2      5 3      2 2 4       7   8       7     5 2 
     y  - 35x y z + 7x*y z  - 14x z  + 35x y z  + 5y*z , x  - 5x*y  - 7x y z
     ------------------------------------------------------------------------
          2 4 2      3   4      3 5       7
     - 35x y z  + 35x y*z  + 14y z  - 3x*z )

o7 : Ideal of R

i8 : RI = res I

      1      3      2
o8 = R  <-- R  <-- R
                    
     0      1      2

o8 : Complex

i9 : betti RI

            0 1 2
o9 = total: 1 3 2
         0: 1 . .
         1: . . .
         2: . . .
         3: . . .
         4: . . .
         5: . . .
         6: . . .
         7: . 3 .
         8: . . .
         9: . . 1
        10: . . .
        11: . . 1

o9 : BettiTally

i10 : I2 = I^2;

o10 : Ideal of R

i11 : RI2 = res I2

       1      6      6      1
o11 = R  <-- R  <-- R  <-- R
                            
      0      1      2      3

o11 : Complex

i12 : betti RI2

             0 1 2 3
o12 = total: 1 6 6 1
          0: 1 . . .
          1: . . . .
          2: . . . .
          3: . . . .
          4: . . . .
          5: . . . .
          6: . . . .
          7: . . . .
          8: . . . .
          9: . . . .
         10: . . . .
         11: . . . .
         12: . . . .
         13: . . . .
         14: . . . .
         15: . 6 . .
         16: . . . .
         17: . . 3 .
         18: . . . .
         19: . . 3 .
         20: . . . .
         21: . . . 1

o12 : BettiTally

i13 : g = matrix{{a^4,0,0},{0,a^2,0},{0,0,a}}

o13 = | a4 0  0 |
      | 0  a2 0 |
      | 0  0  a |

               3       3
o13 : Matrix kk  <-- kk

i14 : h = matrix{{0,1,0},{0,0,1},{1,0,0}}

o14 = | 0 1 0 |
      | 0 0 1 |
      | 1 0 0 |

               3       3
o14 : Matrix ZZ  <-- ZZ

i15 : i = (2*a^4+2*a^2+2*a+1)/7 * matrix{
          {a-a^6,a^2-a^5,a^4-a^3},
          {a^2-a^5,a^4-a^3,a-a^6},
          {a^4-a^3,a-a^6,a^2-a^5}
          }

o15 = | 3/7a5+1/7a4+1/7a3+3/7a2-1/7  -1/7a5+2/7a4+2/7a3-1/7a2-2/7
      | -1/7a5+2/7a4+2/7a3-1/7a2-2/7 -2/7a5-3/7a4-3/7a3-2/7a2-4/7
      | -2/7a5-3/7a4-3/7a3-2/7a2-4/7 3/7a5+1/7a4+1/7a3+3/7a2-1/7 
      -----------------------------------------------------------------------
      -2/7a5-3/7a4-3/7a3-2/7a2-4/7 |
      3/7a5+1/7a4+1/7a3+3/7a2-1/7  |
      -1/7a5+2/7a4+2/7a3-1/7a2-2/7 |

               3       3
o15 : Matrix kk  <-- kk

i16 : j = -1/(2*a^4+2*a^2+2*a+1) * matrix{
          {a^5-a^4,1-a^5,1-a^3},
          {1-a^5,a^6-a^2,1-a^6},
          {1-a^3,1-a^6,a^3-a}
          }

o16 = | -1/7a5-1/7a4+2/7a2-2/7a+2/7      1/7a5+4/7a4+2/7a3+2/7a2+4/7a+1/7
      | 1/7a5+4/7a4+2/7a3+2/7a2+4/7a+1/7 1/7a5-1/7a4+1/7a3+3/7a+3/7      
      | -2/7a5-1/7a3+2/7a2+2/7a-1/7      1/7a5+3/7a4-1/7a3+3/7a2+1/7a    
      -----------------------------------------------------------------------
      -2/7a5-1/7a3+2/7a2+2/7a-1/7  |
      1/7a5+3/7a4-1/7a3+3/7a2+1/7a |
      2/7a4-1/7a3-2/7a2-1/7a+2/7   |

               3       3
o16 : Matrix kk  <-- kk

i17 : G = {id_(R^3),i,h,j,g,inverse g};

i18 : A1 = action(RI,G,Sub=>false)

o18 = Complex with 6 actors

o18 : ActionOnComplex

i19 : A2 = action(RI2,G,Sub=>false)

o19 = Complex with 6 actors

o19 : ActionOnComplex

i20 : elapsedTime a1 = character A1
 -- .889263s elapsed

o20 = Character over kk
       
       (0, {0})  |  1   1  1  1            1                  1
                 |                4    2         4    2
       (1, {8})  |  3  -1  0  1  a  + a  + a  - a  - a  - a - 1
      (2, {11})  |  1   1  1  1            1                  1
      (2, {13})  |  1   1  1  1            1                  1

o20 : Character

i21 : elapsedTime a2 = character A2
 -- 37.8536s elapsed

o21 = Character over kk
       
       (0, {0})  |  1   1  1  1            1                  1
      (1, {16})  |  6   2  0  0           -1                 -1
                 |                4    2         4    2
      (2, {19})  |  3  -1  0  1  a  + a  + a  - a  - a  - a - 1
                 |                4    2         4    2
      (2, {21})  |  3  -1  0  1  a  + a  + a  - a  - a  - a - 1
      (3, {24})  |  1   1  1  1            1                  1

o21 : Character

i22 : s = {1,21,56,42,24,24}

o22 = {1, 21, 56, 42, 24, 24}

o22 : List

i23 : m = matrix{{1,1,1,1,1,1},
          {3,-1,0,1,a^4+a^2+a,-a^4-a^2-a-1},
          {3,-1,0,1,-a^4-a^2-a-1,a^4+a^2+a},
          {6,2,0,0,-1,-1},
          {7,-1,1,-1,0,0},
          {8,0,-1,0,1,1}};

               6       6
o23 : Matrix kk  <-- kk

i24 : conj = map(kk,kk,{a^6})

                       5    4    3    2
o24 = map (kk, kk, {- a  - a  - a  - a  - a - 1})

o24 : RingMap kk <-- kk

i25 : T = characterTable(s,m,kk,conj)

o25 = Character table over kk
       
          |  1  21  56  42                 24                 24
      ----+-----------------------------------------------------
      ꭓ   |  1   1   1   1                  1                  1
       0  |                                    
          |                        4    2         4    2
      ꭓ   |  3  -1   0   1        a  + a  + a  - a  - a  - a - 1
       1  |                                    
          |                    4    2                 4    2
      ꭓ   |  3  -1   0   1  - a  - a  - a - 1        a  + a  + a
       2  |                                    
      ꭓ   |  6   2   0   0                 -1                 -1
       3  |                                    
      ꭓ   |  7  -1   1  -1                  0                  0
       4  |                                    
      ꭓ   |  8   0  -1   0                  1                  1
       5  |                                    

o25 : CharacterTable

i26 : a1/T

o26 = Decomposition table
       
                 |  ꭓ   ꭓ
                 |   0   1
      -----------+--------
       (0, {0})  |   1   0
       (1, {8})  |   0   1
      (2, {11})  |   1   0
      (2, {13})  |   1   0

o26 : CharacterDecomposition

i27 : a2/T

o27 = Decomposition table
       
                 |  ꭓ   ꭓ   ꭓ
                 |   0   1   3
      -----------+------------
       (0, {0})  |   1   0   0
      (1, {16})  |   0   0   1
      (2, {19})  |   0   1   0
      (2, {21})  |   0   1   0
      (3, {24})  |   1   0   0

o27 : CharacterDecomposition

i28 : needsPackage "SymbolicPowers"

o28 = SymbolicPowers

o28 : Package

i29 : Is2 = symbolicPower(I,2);

o29 : Ideal of R

i30 : M = Is2 / I2;

i31 : B = action(M,G,Sub=>false)

o31 = Module with 6 actors

o31 : ActionOnGradedModule

i32 : elapsedTime b = character(B,21)
 -- 16.5919s elapsed

o32 = Character over kk
       
      (0, {21})  |  1  1  1  1  1  1

o32 : Character

i33 : b/T

o33 = Decomposition table
       
                 |  ꭓ
                 |   0
      -----------+------
      (0, {21})  |   1

o33 : CharacterDecomposition

i34 : 
