-- -*- M2-comint -*- hash: 2033438186081442966

i1 : R = QQ[x_1..x_3,Degrees=>{{1,0,0},{0,1,0},{0,0,1}}]

o1 = R

o1 : PolynomialRing

i2 : I = ideal(x_1^4*x_2*x_3,x_1*x_2^4*x_3,x_1*x_2*x_3^4,
         x_1^5*x_2^2,x_1^5*x_3^2,x_1^2*x_2^5,x_1^2*x_3^5,x_2^5*x_3^2,x_2^2*x_3^5)

             4         4         4   5 2   5 2   2 5   2 5   5 2   2 5
o2 = ideal (x x x , x x x , x x x , x x , x x , x x , x x , x x , x x )
             1 2 3   1 2 3   1 2 3   1 2   1 3   1 2   1 3   2 3   2 3

o2 : Ideal of R

i3 : RI = res I

      1      9      12      4
o3 = R  <-- R  <-- R   <-- R
                            
     0      1      2       3

o3 : Complex

i4 : betti RI

            0 1  2 3
o4 = total: 1 9 12 4
         0: 1 .  . .
         1: . .  . .
         2: . .  . .
         3: . .  . .
         4: . .  . .
         5: . 3  . .
         6: . 6  6 .
         7: . .  3 .
         8: . .  3 3
         9: . .  . 1

o4 : BettiTally

i5 : S3 = symmetricGroupActors(R)

o5 = {| x_2 x_3 x_1 |, | x_2 x_1 x_3 |, | x_1 x_2 x_3 |}

o5 : List

i6 : A = action(RI,S3,Semidirect=>{uniquePermutations,rsort})

o6 = Complex with 3 actors

o6 : ActionOnComplex

i7 : c = character A

o7 = Character over QQ
      
     (0, {0, 0, 0})  |  1   1  1
     (1, {4, 1, 1})  |  0   1  3
     (1, {5, 2, 0})  |  0   0  6
     (2, {4, 4, 1})  |  0  -1  3
     (2, {5, 2, 1})  |  0   0  6
     (2, {5, 5, 0})  |  0  -1  3
     (3, {4, 4, 4})  |  1  -1  1
     (3, {5, 5, 1})  |  0  -1  3

o7 : Character

i8 : c = (c - c_0)[1]

o8 = Character over QQ
      
     (0, {4, 1, 1})  |  0   1  3
     (0, {5, 2, 0})  |  0   0  6
     (1, {4, 4, 1})  |  0  -1  3
     (1, {5, 2, 1})  |  0   0  6
     (1, {5, 5, 0})  |  0  -1  3
     (2, {4, 4, 4})  |  1  -1  1
     (2, {5, 5, 1})  |  0  -1  3

o8 : Character

i9 : T = symmetricGroupTable(3,QQ)

o9 = Character table over QQ
      
            |   2   3  1
     -------+-----------
       (3)  |   1   1  1
     (2,1)  |  -1   0  2
        3   |          
      (1 )  |   1  -1  1

o9 : CharacterTable

i10 : decomposeCharacter(c,T)

o10 = Decomposition table
       
                      |                3
                      |  (3)  (2,1)  (1 )
      ----------------+------------------
      (0, {4, 1, 1})  |    1      1     0
      (0, {5, 2, 0})  |    1      2     1
      (1, {4, 4, 1})  |    0      1     1
      (1, {5, 2, 1})  |    1      2     1
      (1, {5, 5, 0})  |    0      1     1
      (2, {4, 4, 4})  |    0      0     1
      (2, {5, 5, 1})  |    0      1     1

o10 : CharacterDecomposition

i11 : 
