-- -*- M2-comint -*- hash: 3933852050137348695

i1 : R = QQ[x,y,z]

o1 = R

o1 : PolynomialRing

i2 : I = ideal(x+y+z,x*y+x*z+y*z,x*y*z)

o2 = ideal (x + y + z, x*y + x*z + y*z, x*y*z)

o2 : Ideal of R

i3 : Q = R/I

o3 = Q

o3 : QuotientRing

i4 : S2 = symmetricGroupActors R

o4 = {| y z x |, | y x z |, | x y z |}

o4 : List

i5 : A = action(Q,S2)

o5 = QuotientRing with 3 actors

o5 : ActionOnGradedModule

i6 : a = character(A,0,10)

o6 = Character over QQ
      
     (0, {0})  |   1   1  1
     (0, {1})  |  -1   0  2
     (0, {2})  |  -1   0  2
     (0, {3})  |   1  -1  1

o6 : Character

i7 : a.characters

o7 = HashTable{0 => | 1-T-T2+T3 1-T3 1+2T+2T2+T3 |}

o7 : HashTable

i8 : coefficients a.characters#0

o8 = (| 1 T T2 T3 |, {0} | 1  1  1 |)
                     {1} | -1 0  2 |
                     {2} | -1 0  2 |
                     {3} | 1  -1 1 |

o8 : Sequence

i9 : A.degreesRing

o9 = QQ[T]

o9 : PolynomialRing

i10 : a.degreesRing

o10 = QQ[T]

o10 : PolynomialRing

i11 : R.cache#degreesRing

o11 = QQ[T]

o11 : PolynomialRing

i12 : S = QQ[u,v,w,Degrees=>{{1,0,0},{0,1,0},{0,0,1}}]

o12 = S

o12 : PolynomialRing

i13 : J = ideal(u^2,v^2,w^2,u*v*w)

              2   2   2
o13 = ideal (u , v , w , u*v*w)

o13 : Ideal of S

i14 : RJ = res J

       1      4      6      3
o14 = S  <-- S  <-- S  <-- S
                            
      0      1      2      3

o14 : Complex

i15 : S3 = symmetricGroupActors(S)

o15 = {| v w u |, | v u w |, | u v w |}

o15 : List

i16 : B = action(RJ,S3,Semidirect=>{uniquePermutations,rsort})

o16 = Complex with 3 actors

o16 : ActionOnComplex

i17 : b = character B

o17 = Character over QQ
       
      (0, {0, 0, 0})  |  1   1  1
      (1, {1, 1, 1})  |  1   1  1
      (1, {2, 0, 0})  |  0   1  3
      (2, {2, 1, 1})  |  0   1  3
      (2, {2, 2, 0})  |  0  -1  3
      (3, {2, 2, 1})  |  0  -1  3

o17 : Character

i18 : b.characters

o18 = HashTable{0 => | 1 1 1 |                                                                                         }
                1 => | T_0T_1T_2 T_2^2+T_0T_1T_2 T_0^2+T_1^2+T_2^2+T_0T_1T_2 |
                2 => | 0 -T_0^2T_1^2+T_0T_1T_2^2 T_0^2T_1^2+T_0^2T_1T_2+T_0^2T_2^2+T_0T_1^2T_2+T_0T_1T_2^2+T_1^2T_2^2 |
                3 => | 0 -T_0^2T_1^2T_2 T_0^2T_1^2T_2+T_0^2T_1T_2^2+T_0T_1^2T_2^2 |

o18 : HashTable

i19 : b.degreesRing

o19 = QQ[T ..T ]
          0   2

o19 : PolynomialRing

i20 : 
