-- -*- M2-comint -*- hash: 7616457966863007686

i1 : R = QQ[x,y]

o1 = R

o1 : PolynomialRing

i2 : D8 = { matrix{{x,y}},
            matrix{{-x,-y}},
            matrix{{-y,x}},
            matrix{{x,-y}},
            matrix{{y,x}} }

o2 = {| x y |, | -x -y |, | -y x |, | x -y |, | y x |}

o2 : List

i3 : M = matrix {{1,1,1,1,1},
         {1,1,1,-1,-1},
         {1,1,-1,1,-1},
         {1,1,-1,-1,1},
         {2,-2,0,0,0}};

              5       5
o3 : Matrix ZZ  <-- ZZ

i4 : T = characterTable({1,1,2,2,2},M,QQ,{1,2,3,4,5},
         Labels=>{{"triv","rho1","rho2","rho3","dim2"},
             {"triv","\\rho_1","\\rho_2","\\rho_3","\\chi^2"}})

o4 = Character table over QQ
      
           |  1   1   2   2   2
     ------+-------------------
     triv  |  1   1   1   1   1
     rho1  |  1   1   1  -1  -1
     rho2  |  1   1  -1   1  -1
     rho3  |  1   1  -1  -1   1
     dim2  |  2  -2   0   0   0

o4 : CharacterTable

i5 : tex T

o5 = $\begin{array}{c|rrrrr}
     &1&1&2&2&2\\ \hline
     triv&1&1&1&1&1\\ 
     \rho_1&1&1&1&-1&-1\\ 
     \rho_2&1&1&-1&1&-1\\ 
     \rho_3&1&1&-1&-1&1\\ 
     \chi^2&2&-2&0&0&0
     \end{array}$

i6 : A = action(R,D8)

o6 = PolynomialRing with 5 actors

o6 : ActionOnGradedModule

i7 : c = character(A,0,5)

o7 = Character over QQ
      
     (0, {0})  |  1   1   1  1  1
     (0, {1})  |  2  -2   0  0  0
     (0, {2})  |  3   3  -1  1  1
     (0, {3})  |  4  -4   0  0  0
     (0, {4})  |  5   5   1  1  1
     (0, {5})  |  6  -6   0  0  0

o7 : Character

i8 : d = decomposeCharacter(c,T)

o8 = Decomposition table
      
               |  triv  rho1  rho2  rho3  dim2
     ----------+------------------------------
     (0, {0})  |     1     0     0     0     0
     (0, {1})  |     0     0     0     0     1
     (0, {2})  |     1     0     1     1     0
     (0, {3})  |     0     0     0     0     2
     (0, {4})  |     2     1     1     1     0
     (0, {5})  |     0     0     0     0     3

o8 : CharacterDecomposition

i9 : tex d

o9 = $\begin{array}{c|rrrrr}
     &triv&\rho_1&\rho_2&\rho_3&\chi^2\\ \hline
     \left(0,\,\left\{0\right\}\right)&1&0&0&0&0\\ 
     \left(0,\,\left\{1\right\}\right)&0&0&0&0&1\\ 
     \left(0,\,\left\{2\right\}\right)&1&0&1&1&0\\ 
     \left(0,\,\left\{3\right\}\right)&0&0&0&0&2\\ 
     \left(0,\,\left\{4\right\}\right)&2&1&1&1&0\\ 
     \left(0,\,\left\{5\right\}\right)&0&0&0&0&3
     \end{array}$

i10 : 
