-- -*- M2-comint -*- hash: 12443518815847711647

i1 : R = QQ[x_1..x_4,Degrees=>{{1,0,0,0},{0,1,0,0},{0,0,1,0},{0,0,0,1}}]

o1 = R

o1 : PolynomialRing

i2 : S4 = symmetricGroupActors R

o2 = {| x_2 x_3 x_4 x_1 |, | x_2 x_3 x_1 x_4 |, | x_2 x_1 x_4 x_3 |, | x_2
     ------------------------------------------------------------------------
     x_1 x_3 x_4 |, | x_1 x_2 x_3 x_4 |}

o2 : List

i3 : A = action(R,S4,Semidirect=>{uniquePermutations,rsort})

o3 = PolynomialRing with 5 actors

o3 : ActionOnGradedModule

i4 : actors(A,{1,1,1,0})

o4 = {{1, 1, 1, 0} | 0 1 0 0 |, {1, 1, 1, 0} | 1 0 0 0 |, {1, 1, 1, 0} | 0 1
      {1, 1, 0, 1} | 0 0 1 0 |  {1, 1, 0, 1} | 0 0 1 0 |  {1, 1, 0, 1} | 1 0
      {1, 0, 1, 1} | 0 0 0 1 |  {1, 0, 1, 1} | 0 0 0 1 |  {1, 0, 1, 1} | 0 0
      {0, 1, 1, 1} | 1 0 0 0 |  {0, 1, 1, 1} | 0 1 0 0 |  {0, 1, 1, 1} | 0 0
     ------------------------------------------------------------------------
     0 0 |, {1, 1, 1, 0} | 1 0 0 0 |, {1, 1, 1, 0} | 1 0 0 0 |}
     0 0 |  {1, 1, 0, 1} | 0 1 0 0 |  {1, 1, 0, 1} | 0 1 0 0 |
     0 1 |  {1, 0, 1, 1} | 0 0 0 1 |  {1, 0, 1, 1} | 0 0 1 0 |
     1 0 |  {0, 1, 1, 1} | 0 0 1 0 |  {0, 1, 1, 1} | 0 0 0 1 |

o4 : List

i5 : character(A,{1,1,1,0})

o5 = Character over QQ
      
     (0, {1, 1, 1, 0})  |  0  1  0  2  4

o5 : Character

i6 : oo == character(A,{1,0,1,1})

o6 = true

i7 : I = ideal apply(subsets(gens R,3),product)

o7 = ideal (x x x , x x x , x x x , x x x )
             1 2 3   1 2 4   1 3 4   2 3 4

o7 : Ideal of R

i8 : M = R/I

o8 = M

o8 : QuotientRing

i9 : B = action(M,S4,Semidirect=>{uniquePermutations,rsort})

o9 = QuotientRing with 5 actors

o9 : ActionOnGradedModule

i10 : character(B,{2,1,0,0})

o10 = Character over QQ
       
      (0, {2, 1, 0, 0})  |  0  0  0  2  12

o10 : Character

i11 : RI = res I

       1      4      3
o11 = R  <-- R  <-- R
                     
      0      1      2

o11 : Complex

i12 : C = action(RI,S4,Semidirect=>{uniquePermutations,rsort})

o12 = Complex with 5 actors

o12 : ActionOnComplex

i13 : character C

o13 = Character over QQ
       
      (0, {0, 0, 0, 0})  |   1  1   1  1  1
      (1, {1, 1, 1, 0})  |   0  1   0  2  4
      (2, {1, 1, 1, 1})  |  -1  0  -1  1  3

o13 : Character

i14 : 
