-- -*- M2-comint -*- hash: 6777610228315042199

i1 : R = QQ[x_1..x_4]

o1 = R

o1 : PolynomialRing

i2 : I = ideal apply(subsets(gens R,2),product)

o2 = ideal (x x , x x , x x , x x , x x , x x )
             1 2   1 3   2 3   1 4   2 4   3 4

o2 : Ideal of R

i3 : RI = res I

      1      6      8      3
o3 = R  <-- R  <-- R  <-- R
                           
     0      1      2      3

o3 : Complex

i4 : G = {matrix{{x_2,x_3,x_4,x_1}},
          matrix{{x_2,x_3,x_1,x_4}},
          matrix{{x_2,x_1,x_4,x_3}},
          matrix{{x_2,x_1,x_3,x_4}},
          matrix{{x_1,x_2,x_3,x_4}} }

o4 = {| x_2 x_3 x_4 x_1 |, | x_2 x_3 x_1 x_4 |, | x_2 x_1 x_4 x_3 |, | x_2
     ------------------------------------------------------------------------
     x_1 x_3 x_4 |, | x_1 x_2 x_3 x_4 |}

o4 : List

i5 : A = action(RI,G)

o5 = Complex with 5 actors

o5 : ActionOnComplex

i6 : ringActors A

o6 = {| x_2 x_3 x_4 x_1 |, | x_2 x_3 x_1 x_4 |, | x_2 x_1 x_4 x_3 |, | x_2
     ------------------------------------------------------------------------
     x_1 x_3 x_4 |, | x_1 x_2 x_3 x_4 |}

o6 : List

i7 : M = module I

o7 = image | x_1x_2 x_1x_3 x_2x_3 x_1x_4 x_2x_4 x_3x_4 |

                             1
o7 : R-module, submodule of R

i8 : RM = res M

      6      8      3
o8 = R  <-- R  <-- R
                    
     0      1      2

o8 : Complex

i9 : G' = { (id_(R^6))_{2,4,5,0,1,3},
            (id_(R^6))_{2,0,1,4,5,3},
            (id_(R^6))_{0,4,3,2,1,5},
            (id_(R^6))_{0,2,1,4,3,5},
             id_(R^6) }

o9 = {| 0 0 0 1 0 0 |, | 0 1 0 0 0 0 |, | 1 0 0 0 0 0 |, | 1 0 0 0 0 0 |, | 1
      | 0 0 0 0 1 0 |  | 0 0 1 0 0 0 |  | 0 0 0 0 1 0 |  | 0 0 1 0 0 0 |  | 0
      | 1 0 0 0 0 0 |  | 1 0 0 0 0 0 |  | 0 0 0 1 0 0 |  | 0 1 0 0 0 0 |  | 0
      | 0 0 0 0 0 1 |  | 0 0 0 0 0 1 |  | 0 0 1 0 0 0 |  | 0 0 0 0 1 0 |  | 0
      | 0 1 0 0 0 0 |  | 0 0 0 1 0 0 |  | 0 1 0 0 0 0 |  | 0 0 0 1 0 0 |  | 0
      | 0 0 1 0 0 0 |  | 0 0 0 0 1 0 |  | 0 0 0 0 0 1 |  | 0 0 0 0 0 1 |  | 0
     ------------------------------------------------------------------------
     0 0 0 0 0 |}
     1 0 0 0 0 |
     0 1 0 0 0 |
     0 0 1 0 0 |
     0 0 0 1 0 |
     0 0 0 0 1 |

o9 : List

i10 : action(RM,G,G',0)

o10 = Complex with 5 actors

o10 : ActionOnComplex

i11 : E = Ext^3(R^1/I,R^{-4})

o11 = cokernel | x_4 0   -x_3 0    x_2 0    0   0   |
               | x_4 x_4 -x_3 -x_3 0   0    x_1 0   |
               | 0   0   0    x_3  0   -x_2 0   x_1 |

                             3
o11 : R-module, quotient of R

i12 : RE = res E

       3      8      6      1
o12 = R  <-- R  <-- R  <-- R
                            
      0      1      2      3

o12 : Complex

i13 : G'' = toList(5:id_(R^1))

o13 = {| 1 |, | 1 |, | 1 |, | 1 |, | 1 |}

o13 : List

i14 : action(RE,G,G'',3)

o14 = Complex with 5 actors

o14 : ActionOnComplex

i15 : 
