-- -*- M2-comint -*- hash: 5534459775954317768

i1 : R = QQ[x_1..x_4]

o1 = R

o1 : PolynomialRing

i2 : G = {matrix{{x_2,x_3,x_4,x_1}},
          matrix{{x_2,x_3,x_1,x_4}},
          matrix{{x_2,x_1,x_4,x_3}},
          matrix{{x_2,x_1,x_3,x_4}},
          matrix{{x_1,x_2,x_3,x_4}} }

o2 = {| x_2 x_3 x_4 x_1 |, | x_2 x_3 x_1 x_4 |, | x_2 x_1 x_4 x_3 |, | x_2
     ------------------------------------------------------------------------
     x_1 x_3 x_4 |, | x_1 x_2 x_3 x_4 |}

o2 : List

i3 : action(R,G)

o3 = PolynomialRing with 5 actors

o3 : ActionOnGradedModule

i4 : I = ideal apply(subsets(gens R,2),product)

o4 = ideal (x x , x x , x x , x x , x x , x x )
             1 2   1 3   2 3   1 4   2 4   3 4

o4 : Ideal of R

i5 : action(I,G)

o5 = Ideal with 5 actors

o5 : ActionOnGradedModule

i6 : Q = R/I

o6 = Q

o6 : QuotientRing

i7 : A = action(Q,G)

o7 = QuotientRing with 5 actors

o7 : ActionOnGradedModule

i8 : ringActors A

o8 = {| x_2 x_3 x_4 x_1 |, | x_2 x_3 x_1 x_4 |, | x_2 x_1 x_4 x_3 |, | x_2
     ------------------------------------------------------------------------
     x_1 x_3 x_4 |, | x_1 x_2 x_3 x_4 |}

o8 : List

i9 : E = Ext^3(R^1/I,R^{-4})

o9 = cokernel | x_4 0   -x_3 0    x_2 0    0   0   |
              | x_4 x_4 -x_3 -x_3 0   0    x_1 0   |
              | 0   0   0    x_3  0   -x_2 0   x_1 |

                            3
o9 : R-module, quotient of R

i10 : RE = res E

       3      8      6      1
o10 = R  <-- R  <-- R  <-- R
                            
      0      1      2      3

o10 : Complex

i11 : G'' = toList(5:id_(R^1))

o11 = {| 1 |, | 1 |, | 1 |, | 1 |, | 1 |}

o11 : List

i12 : B = action(RE,G,G'',3)

o12 = Complex with 5 actors

o12 : ActionOnComplex

i13 : G' = actors(B,0)

o13 = {| 0  0 1 |, | -1 1 1 |, | 0  -1 0  |, | 0 1 0  |, | 1 0 0 |}
       | 1  0 0 |  | -1 0 0 |  | -1 0  0  |  | 1 0 0  |  | 0 1 0 |
       | -1 1 1 |  | 0  0 1 |  | 1  -1 -1 |  | 0 0 -1 |  | 0 0 1 |

o13 : List

i14 : action(E,G,G')

o14 = Module with 5 actors

o14 : ActionOnGradedModule

i15 : 
      
