-- -*- M2-comint -*- hash: 14425023112311221292

i1 : F = toField(QQ[w]/ideal(1+w+w^2))

o1 = F

o1 : PolynomialRing

i2 : s = {1,3,4,4}

o2 = {1, 3, 4, 4}

o2 : List

i3 : M = matrix{{1,1,1,1},{1,1,w,w^2},{1,1,w^2,w},{3,-1,0,0}}

o3 = | 1 1  1    1    |
     | 1 1  w    -w-1 |
     | 1 1  -w-1 w    |
     | 3 -1 0    0    |

             4      4
o3 : Matrix F  <-- F

i4 : conj = map(F,F,{w^2})

o4 = map (F, F, {- w - 1})

o4 : RingMap F <-- F

i5 : T = characterTable(s,M,F,conj)

o5 = Character table over F
      
         |  1   3        4        4
     ----+-------------------------
     ꭓ   |  1   1        1        1
      0  |                  
     ꭓ   |  1   1        w  - w - 1
      1  |                  
     ꭓ   |  1   1  - w - 1        w
      2  |                  
     ꭓ   |  3  -1        0        0
      3  |                  

o5 : CharacterTable

i6 : perm = {1,2,4,3}

o6 = {1, 2, 4, 3}

o6 : List

i7 : T' = characterTable(s,M,F,perm)

o7 = Character table over F
      
         |  1   3        4        4
     ----+-------------------------
     ꭓ   |  1   1        1        1
      0  |                  
     ꭓ   |  1   1        w  - w - 1
      1  |                  
     ꭓ   |  1   1  - w - 1        w
      2  |                  
     ꭓ   |  3  -1        0        0
      3  |                  

o7 : CharacterTable

i8 : T' == T

o8 = true

i9 : 
