-- -*- M2-comint -*- hash: 15030529154000732176

i1 : R = QQ[x_1..x_4]

o1 = R

o1 : PolynomialRing

i2 : I = ideal apply(subsets(gens R,2),product)

o2 = ideal (x x , x x , x x , x x , x x , x x )
             1 2   1 3   2 3   1 4   2 4   3 4

o2 : Ideal of R

i3 : G = {matrix{{x_2,x_3,x_4,x_1}},
          matrix{{x_2,x_3,x_1,x_4}},
          matrix{{x_2,x_1,x_4,x_3}},
          matrix{{x_2,x_1,x_3,x_4}},
          matrix{{x_1,x_2,x_3,x_4}} }

o3 = {| x_2 x_3 x_4 x_1 |, | x_2 x_3 x_1 x_4 |, | x_2 x_1 x_4 x_3 |, | x_2
     ------------------------------------------------------------------------
     x_1 x_3 x_4 |, | x_1 x_2 x_3 x_4 |}

o3 : List

i4 : Q = R/I

o4 = Q

o4 : QuotientRing

i5 : A = action(Q,G)

o5 = QuotientRing with 5 actors

o5 : ActionOnGradedModule

i6 : character(A,0)

o6 = Character over QQ
      
     (0, {0})  |  1  1  1  1  1

o6 : Character

i7 : character(A,1)

o7 = Character over QQ
      
     (0, {1})  |  0  1  0  2  4

o7 : Character

i8 : character(A,0,4)

o8 = Character over QQ
      
     (0, {0})  |  1  1  1  1  1
     (0, {1})  |  0  1  0  2  4
     (0, {2})  |  0  1  0  2  4
     (0, {3})  |  0  1  0  2  4
     (0, {4})  |  0  1  0  2  4

o8 : Character

i9 : 
