-- -*- M2-comint -*- hash: 1331918583314

i1 : hyperoctahedralGroupTable(3,QQ)

o1 = Character table over QQ
      
              |   8   6  1   6   3   6   3   8   6   1
     ---------+---------------------------------------
       (3;0)  |   1   1  1   1   1   1   1   1   1   1
     (2,1;0)  |  -1   0  2   0   2   0   2  -1   0   2
        3     |                                     
      (1 ;0)  |   1  -1  1  -1   1  -1   1   1  -1   1
       (2;1)  |   0   1  3  -1   1   1  -1   0  -1  -3
        2     |                                     
      (1 ;1)  |   0  -1  3   1   1  -1  -1   0   1  -3
       (1;2)  |   0   1  3   1  -1  -1  -1   0  -1   3
          2   |                                     
      (1;1 )  |   0  -1  3  -1  -1   1  -1   0   1   3
       (0;3)  |   1   1  1  -1  -1  -1   1  -1   1  -1
     (0;2,1)  |  -1   0  2   0  -2   0   2   1   0  -2
          3   |                                     
      (0;1 )  |   1  -1  1   1  -1   1   1  -1  -1  -1

o1 : CharacterTable

i2 : 
