-- -*- M2-comint -*- hash: 1918411936529680645

i1 : kk = QQ

o1 = QQ

o1 : Ring

i2 : S = kk[x,y,z]

o2 = S

o2 : PolynomialRing

i3 : p = {0,1,0}; pS = fromCoordinates(p,S)

o4 = ideal (x, z)

o4 : Ideal of S

i5 : q = {1,0,0}; qS = fromCoordinates(q,S)

o6 = ideal (y, z)

o6 : Ideal of S

i7 : o = {1,1,1}; oS = fromCoordinates(o,S)

o8 = ideal (- x + y, - x + z)

o8 : Ideal of S

i9 : I = ideal random(3, intersect(oS, pS, qS))

            7 2    7   2   7 2    221        9 2    25   2   83   2   169 3
o9 = ideal(--x y + -x*y  + -x z + ---x*y*z + -y z - --x*z  - --y*z  - ---z )
           10      3       4       18        4       4       18        20

o9 : Ideal of S

i10 : E = S/I

o10 = E

o10 : QuotientRing

i11 : r = addition(o,p,q, E)

o11 = {191555, 4329, 47535}

o11 : List

i12 : addition(o, negative(o, p, E), r, E)

o12 = {1, 0, 0}

o12 : List

i13 : q' := o;

i14 : netList ({q}| for i from 0 to 3 list(
      q' = addition(o,p,q',E)))

      +-------------------------------------------------------------------------+------------------------------------------------------------------------+------------------------------------------------------------------------+
o14 = |1                                                                        |0                                                                       |0                                                                       |
      +-------------------------------------------------------------------------+------------------------------------------------------------------------+------------------------------------------------------------------------+
      |0                                                                        |1                                                                       |0                                                                       |
      +-------------------------------------------------------------------------+------------------------------------------------------------------------+------------------------------------------------------------------------+
      |-244172949014                                                            |-119281492253                                                           |24260165853                                                             |
      +-------------------------------------------------------------------------+------------------------------------------------------------------------+------------------------------------------------------------------------+
      |743038860238271300560554174480195965                                     |-44359978933187986313751046814340786                                    |33809126492894254824110834558213460                                     |
      +-------------------------------------------------------------------------+------------------------------------------------------------------------+------------------------------------------------------------------------+
      |1512566789873890824991732376916576510480728646355562009966439865118340127|547650285039319875919824575406875499018143843555769670574753813526475575|878754289542060547624947849749323102108797344640485268511766855091277695|
      +-------------------------------------------------------------------------+------------------------------------------------------------------------+------------------------------------------------------------------------+

i15 : kk = ZZ/7

o15 = kk

o15 : QuotientRing

i16 : S = kk[x,y,z]

o16 = S

o16 : PolynomialRing

i17 : p = {0,1,0}; pS = fromCoordinates(p,S)

o18 = ideal (x, z)

o18 : Ideal of S

i19 : o = {1,1,1}; oS = fromCoordinates(o,S)

o20 = ideal (- x + y, - x + z)

o20 : Ideal of S

i21 : setRandomSeed 0
 -- setting random seed to 0

o21 = 0

i22 : I = ideal random(3, intersect(pS,oS))

              3       2     2              2        2      2     3
o22 = ideal(3x  + 3x*y  - 2x z + 3x*y*z + y z - 2x*z  - y*z  + 2z )

o22 : Ideal of S

i23 : E = S/I

o23 = E

o23 : QuotientRing

i24 : geometricGenus E

o24 = 1

i25 : q = o

o25 = {1, 1, 1}

o25 : List

i26 : netList ({o} | apply(5, i-> q = addition(o,p,q,E)))

      +-+--+-+
o26 = |1|1 |1|
      +-+--+-+
      |0|1 |0|
      +-+--+-+
      |2|0 |1|
      +-+--+-+
      |1|2 |1|
      +-+--+-+
      |0|-3|1|
      +-+--+-+
      |1|1 |1|
      +-+--+-+

i27 : setRandomSeed 1
 -- setting random seed to 1

o27 = 1

i28 : kk = ZZ/7

o28 = kk

o28 : QuotientRing

i29 : S = kk[x,y,z]

o29 = S

o29 : PolynomialRing

i30 : (o,p,sing) = ({1,1,1}, {-1,1,0},{1,0,-1})

o30 = ({1, 1, 1}, {-1, 1, 0}, {1, 0, -1})

o30 : Sequence

i31 : oS = fromCoordinates(o, S)

o31 = ideal (- x + y, - x + z)

o31 : Ideal of S

i32 : pS = fromCoordinates(p, S)

o32 = ideal (x + y, z)

o32 : Ideal of S

i33 : singS = fromCoordinates(sing, S)

o33 = ideal (y, x + z)

o33 : Ideal of S

i34 : I = random(3, intersect(oS,pS,singS^2))

        3     2        2     3    2              2      3
o34 = 3x  + 3x y - 3x*y  - 3y  + x z + 3x*y*z + y z + 2z

o34 : S

i35 : E = S/I

o35 = E

o35 : QuotientRing

i36 : q' = o

o36 = {1, 1, 1}

o36 : List

i37 : netList ({q'}|apply(6, i->(
        q' = addition(o,p,q',E, Conductor => 1_E)
        )))

      +--+--+-+
o37 = |1 |1 |1|
      +--+--+-+
      |-1|1 |0|
      +--+--+-+
      |-1|-1|1|
      +--+--+-+
      |-3|0 |1|
      +--+--+-+
      |-3|3 |1|
      +--+--+-+
      |0 |3 |1|
      +--+--+-+
      |1 |1 |1|
      +--+--+-+

i38 : I = kernel map(kk[s,t], S, {s^3, s^2*t,t^3})

             3    2
o38 = ideal(y  - x z)

o38 : Ideal of S

i39 : C = S/I

o39 = C

o39 : QuotientRing

i40 : genus C

o40 = 1

i41 : geometricGenus C

o41 = 0

i42 : geometricGenus (C, Conductor => ideal(1_C))

o42 = 1

i43 : setRandomSeed 0
 -- setting random seed to 0

o43 = 0

i44 : p = {1,0,0};

i45 : o = {1,1,1};

i46 : q = o

o46 = {1, 1, 1}

o46 : List

i47 : netList ({o}|apply(7, i-> q = addition(o,p,q,C, Conductor => ideal 1_C)))

      +--+--+-+
o47 = |1 |1 |1|
      +--+--+-+
      |1 |0 |0|
      +--+--+-+
      |-1|1 |1|
      +--+--+-+
      |-1|2 |1|
      +--+--+-+
      |1 |-3|1|
      +--+--+-+
      |-1|-3|1|
      +--+--+-+
      |1 |2 |1|
      +--+--+-+
      |1 |1 |1|
      +--+--+-+

i48 : 
