-- -*- M2-comint -*- hash: 6033703536015665193

i1 : S = ZZ/32003[a,b,c]

o1 = S

o1 : PolynomialRing

i2 : p = ideal(a,b)

o2 = ideal (a, b)

o2 : Ideal of S

i3 : p1' = ideal(b,c)

o3 = ideal (b, c)

o3 : Ideal of S

i4 : p2' = ideal(a,c)

o4 = ideal (a, c)

o4 : Ideal of S

i5 : marked = intersect (p^3, p1', p2')

               2   2    3    3
o5 = ideal (a*b , a b, b c, a c)

o5 : Ideal of S

i6 : C = S/(random(5, marked))

o6 = C

o6 : QuotientRing

i7 : red = map(C,S)

o7 = map (C, S, {a, b, c})

o7 : RingMap C <-- S

i8 : p1 = red p1'

o8 = ideal (b, c)

o8 : Ideal of C

i9 : p2 = red p2'

o9 = ideal (a, c)

o9 : Ideal of C

i10 : genus C

o10 = 6

i11 : g = geometricGenus C

o11 = 3

i12 : conductor C

              2        2
o12 = ideal (b , a*b, a )

o12 : Ideal of C

i13 : e=2

o13 = 2

i14 : netList{
       {"degree m*p2 - 2*p1: "} | for m from 3 to 12 list m-e,
       {"chi, from Riemann-Roch: "} | for m from 3 to 12 list m-e-g+1,
       {"computed dimension: "} | for m from 3 to 12 list numgens trim ideal linearSeries(p2^m, p1^e)
       }

      +------------------------+--+-+-+-+-+-+-+-+-+--+
o14 = |degree m*p2 - 2*p1:     |1 |2|3|4|5|6|7|8|9|10|
      +------------------------+--+-+-+-+-+-+-+-+-+--+
      |chi, from Riemann-Roch: |-1|0|1|2|3|4|5|6|7|8 |
      +------------------------+--+-+-+-+-+-+-+-+-+--+
      |computed dimension:     |0 |0|1|2|3|4|5|6|7|8 |
      +------------------------+--+-+-+-+-+-+-+-+-+--+

i15 : 
