-- -*- M2-comint -*- hash: 11585643369956623532

i1 : QQ_7 11 - QQ_7 3

o1 = 1 + 1*7^1

o1 : QQ  (of precision 20)
       7

i2 : QQ_7 11 - 3

o2 = 1 + 1*7^1

o2 : QQ  (of precision 20)
       7

i3 : 11 - QQ_7 3

o3 = 1 + 1*7^1

o3 : QQ  (of precision 20)
       7

i4 : -QQ_7 3

o4 = 4 + 6*7^1 + 6*7^2 + 6*7^3 + 6*7^4 + 6*7^5 + 6*7^6 + 6*7^7 + 6*7^8 +
     6*7^9 + 6*7^10 + 6*7^11 + 6*7^12 + 6*7^13 + 6*7^14 + 6*7^15 + 6*7^16 +
     6*7^17 + 6*7^18 + 6*7^19

o4 : QQ  (of precision 20)
       7

i5 : 
