-- -*- M2-comint -*- hash: 11386065592339163923

i1 : promote(3, QQ_7)

o1 = 3

o1 : QQ  (of precision 20)
       7

i2 : promote(3/2, QQ_7)

o2 = 5 + 3*7^1 + 3*7^2 + 3*7^3 + 3*7^4 + 3*7^5 + 3*7^6 + 3*7^7 + 3*7^8 +
     3*7^9 + 3*7^10 + 3*7^11 + 3*7^12 + 3*7^13 + 3*7^14 + 3*7^15 + 3*7^16 +
     3*7^17 + 3*7^18 + 3*7^19

o2 : QQ  (of precision 20)
       7

i3 : 3_(QQ_7)

o3 = 3

o3 : QQ  (of precision 20)
       7

i4 : (3/2)_(QQ_7)

o4 = 5 + 3*7^1 + 3*7^2 + 3*7^3 + 3*7^4 + 3*7^5 + 3*7^6 + 3*7^7 + 3*7^8 +
     3*7^9 + 3*7^10 + 3*7^11 + 3*7^12 + 3*7^13 + 3*7^14 + 3*7^15 + 3*7^16 +
     3*7^17 + 3*7^18 + 3*7^19

o4 : QQ  (of precision 20)
       7

i5 : 
