-- -*- M2-comint -*- hash: 18203581613216879529

i1 : A000088 = apply(1..9, n -> #generateGraphs n)

o1 = (1, 2, 4, 11, 34, 156, 1044, 12346, 274668)

o1 : Sequence

i2 : B = apply(1..12, n -> generateGraphs(n, OnlyBipartite => true));

i3 : forestsOnly = buildGraphFilter {"NumCycles" => 0};

i4 : A005195 = apply(B, graphs -> #filterGraphs(graphs, forestsOnly))

o4 = (1, 2, 3, 6, 10, 20, 37, 76, 153, 329, 710, 1601)

o4 : Sequence

i5 : treesOnly = buildGraphFilter {"NumCycles" => 0, "Connectivity" => 0, "NegateConnectivity" => true};

i6 : A000055 = apply(B, graphs -> #filterGraphs(graphs, treesOnly))

o6 = (1, 1, 1, 2, 3, 6, 11, 23, 47, 106, 235, 551)

o6 : Sequence

i7 : connected = buildGraphFilter {"Connectivity" => 0, "NegateConnectivity" => true};

i8 : prob = n -> log(n)/n;

i9 : apply(2..30, n -> #filterGraphs(generateRandomGraphs(n, 100, 2*(prob n)), connected))

o9 = (69, 85, 95, 94, 95, 92, 96, 97, 98, 97, 99, 95, 99, 96, 99, 98, 95, 99,
     ------------------------------------------------------------------------
     99, 97, 96, 97, 97, 98, 98, 99, 99, 98, 97)

o9 : Sequence

i10 : apply(2..30, n -> #filterGraphs(generateRandomGraphs(n, 100, (prob n)/2), connected))

o10 = (17, 10, 5, 3, 2, 4, 1, 0, 1, 0, 2, 2, 1, 1, 0, 0, 0, 1, 0, 0, 0, 2, 0,
      -----------------------------------------------------------------------
      1, 0, 1, 0, 2, 0)

o10 : Sequence

i11 : 
