-- -*- M2-comint -*- hash: 1729831170204970601

i1 : R = QQ[a..e];

i2 : generateBipartiteGraphs(R, 2)

o2 = {Graph{"edges" => {}                }, Graph{"edges" => {{a, e}}       
            "ring" => R                           "ring" => R               
            "vertices" => {a, b, c, d, e}         "vertices" => {a, b, c, d,
     ------------------------------------------------------------------------
       }, Graph{"edges" => {{a, e}, {b, e}}  }, Graph{"edges" => {{a, d}, {a,
                "ring" => R                           "ring" => R            
     e}         "vertices" => {a, b, c, d, e}         "vertices" => {a, b, c,
     ------------------------------------------------------------------------
     e}}  }, Graph{"edges" => {{a, d}, {b, e}}  },
                   "ring" => R                    
     d, e}         "vertices" => {a, b, c, d, e}  
     ------------------------------------------------------------------------
     Graph{"edges" => {{a, d}, {a, e}, {b, e}}},
           "ring" => R                          
           "vertices" => {a, b, c, d, e}        
     ------------------------------------------------------------------------
     Graph{"edges" => {{a, d}, {b, d}, {a, e}, {b, e}}},
           "ring" => R                                  
           "vertices" => {a, b, c, d, e}                
     ------------------------------------------------------------------------
     Graph{"edges" => {{a, c}, {a, d}, {a, e}}},
           "ring" => R                          
           "vertices" => {a, b, c, d, e}        
     ------------------------------------------------------------------------
     Graph{"edges" => {{a, c}, {a, d}, {a, e}, {b, e}}},
           "ring" => R                                  
           "vertices" => {a, b, c, d, e}                
     ------------------------------------------------------------------------
     Graph{"edges" => {{a, c}, {b, d}, {a, e}}},
           "ring" => R                          
           "vertices" => {a, b, c, d, e}        
     ------------------------------------------------------------------------
     Graph{"edges" => {{a, c}, {b, d}, {a, e}, {b, e}}},
           "ring" => R                                  
           "vertices" => {a, b, c, d, e}                
     ------------------------------------------------------------------------
     Graph{"edges" => {{a, c}, {a, d}, {b, d}, {a, e}, {b, e}}},
           "ring" => R                                          
           "vertices" => {a, b, c, d, e}                        
     ------------------------------------------------------------------------
     Graph{"edges" => {{a, c}, {b, c}, {a, d}, {b, d}, {a, e}, {b, e}}}}
           "ring" => R
           "vertices" => {a, b, c, d, e}

o2 : List

i3 : 
