-- -*- M2-comint -*- hash: 712390597617692197

i1 : NNParser "1"

o1 = Parser[../../../../../Macaulay2/packages/Parsing.m2:152:37-152:103]

o1 : Parser

i2 : oo null

o2 = 1

i3 : ooo "2"

o3 = Parser[../../../../../Macaulay2/packages/Parsing.m2:152:37-152:103]

o3 : Parser

i4 : oo null

o4 = 12

i5 : ooo "3"

o5 = Parser[../../../../../Macaulay2/packages/Parsing.m2:152:37-152:103]

o5 : Parser

i6 : oo null

o6 = 123

i7 : (NNParser : charAnalyzer) "123456789123456789123456789"

o7 = 123456789123456789123456789

i8 : class oo

o8 = ZZ

o8 : Ring

i9 : 
