-- -*- M2-comint -*- hash: 6282567700743908546

i1 : R = ZZ/101[a..c]

o1 = R

o1 : PolynomialRing

i2 : C = koszulComplex vars R

      1      3      3      1
o2 = R  <-- R  <-- R  <-- R
                           
     0      1      2      3

o2 : Complex

i3 : S = simplicialModule(C, 4, Degeneracy => true)

      1      4      10      20      35
o3 = R  <-- R  <-- R   <-- R   <-- R  <-- ...
                                    
     0      1      2       3       4

o3 : SimplicialModule

i4 : S_2

      10
o4 = R

o4 : R-module, free, degrees {0..1, 5:1, 3:2}

i5 : components S_2 --these are all the modules showing up

       1   3   3   3
o5 = {R , R , R , R }

o5 : List

i6 : S_(2,1)

      6
o6 = R

o6 : R-module, free, degrees {6:1}

i7 : components S_(2,1) --these are only the components of C_1^2

       3   3
o7 = {R , R }

o7 : List

i8 : sort(select(compositions(2,3), i -> all(i, j -> j>0)))

o8 = {{1, 2}, {2, 1}}

o8 : List

i9 : summandSurjection(2,0) --the surjection parametrizing C_0

o9 = {HashTable{0 => 0}}
                1 => 0
                2 => 0

o9 : List

i10 : summandSurjection(2,1) --the surjections parametrizing C_1

o10 = {HashTable{0 => 0}, HashTable{0 => 0}}
                 1 => 1             1 => 0
                 2 => 1             2 => 1

o10 : List

i11 : summandSurjection(2,2) --the surjection parametrizing C_2

o11 = {HashTable{0 => 0}}
                 1 => 1
                 2 => 2

o11 : List

i12 : S.dd --face maps

                1                   4
o12 = (0, 0) : R  <--------------- R  : (1, 0)
                     | 1 a b c |

                1                   4
      (0, 1) : R  <--------------- R  : (1, 1)
                     | 1 0 0 0 |

                4                                      10
      (1, 0) : R  <---------------------------------- R   : (2, 0)
                     {0} | 1 a b c 0 0 0 0  0  0  |
                     {1} | 0 0 0 0 1 0 0 -b -c 0  |
                     {1} | 0 0 0 0 0 1 0 a  0  -c |
                     {1} | 0 0 0 0 0 0 1 0  a  b  |

                4                                   10
      (1, 1) : R  <------------------------------- R   : (2, 1)
                     {0} | 1 0 0 0 0 0 0 0 0 0 |
                     {1} | 0 1 0 0 1 0 0 0 0 0 |
                     {1} | 0 0 1 0 0 1 0 0 0 0 |
                     {1} | 0 0 0 1 0 0 1 0 0 0 |

                4                                   10
      (1, 2) : R  <------------------------------- R   : (2, 2)
                     {0} | 1 0 0 0 0 0 0 0 0 0 |
                     {1} | 0 1 0 0 0 0 0 0 0 0 |
                     {1} | 0 0 1 0 0 0 0 0 0 0 |
                     {1} | 0 0 0 1 0 0 0 0 0 0 |

                10                                                              20
      (2, 0) : R   <---------------------------------------------------------- R   : (3, 0)
                      {0} | 1 a b c 0 0 0 0 0 0 0  0  0  0  0  0  0 0 0 0  |
                      {1} | 0 0 0 0 1 0 0 0 0 0 -b -c 0  0  0  0  0 0 0 0  |
                      {1} | 0 0 0 0 0 1 0 0 0 0 a  0  -c 0  0  0  0 0 0 0  |
                      {1} | 0 0 0 0 0 0 1 0 0 0 0  a  b  0  0  0  0 0 0 0  |
                      {1} | 0 0 0 0 0 0 0 1 0 0 0  0  0  -b -c 0  0 0 0 0  |
                      {1} | 0 0 0 0 0 0 0 0 1 0 0  0  0  a  0  -c 0 0 0 0  |
                      {1} | 0 0 0 0 0 0 0 0 0 1 0  0  0  0  a  b  0 0 0 0  |
                      {2} | 0 0 0 0 0 0 0 0 0 0 0  0  0  0  0  0  1 0 0 c  |
                      {2} | 0 0 0 0 0 0 0 0 0 0 0  0  0  0  0  0  0 1 0 -b |
                      {2} | 0 0 0 0 0 0 0 0 0 0 0  0  0  0  0  0  0 0 1 a  |

                10                                                       20
      (2, 1) : R   <--------------------------------------------------- R   : (3, 1)
                      {0} | 1 0 0 0 0 0 0 0 0 0 0 0 0 0 0 0 0 0 0 0 |
                      {1} | 0 1 0 0 1 0 0 0 0 0 0 0 0 0 0 0 0 0 0 0 |
                      {1} | 0 0 1 0 0 1 0 0 0 0 0 0 0 0 0 0 0 0 0 0 |
                      {1} | 0 0 0 1 0 0 1 0 0 0 0 0 0 0 0 0 0 0 0 0 |
                      {1} | 0 0 0 0 0 0 0 1 0 0 0 0 0 0 0 0 0 0 0 0 |
                      {1} | 0 0 0 0 0 0 0 0 1 0 0 0 0 0 0 0 0 0 0 0 |
                      {1} | 0 0 0 0 0 0 0 0 0 1 0 0 0 0 0 0 0 0 0 0 |
                      {2} | 0 0 0 0 0 0 0 0 0 0 0 0 0 1 0 0 1 0 0 0 |
                      {2} | 0 0 0 0 0 0 0 0 0 0 0 0 0 0 1 0 0 1 0 0 |
                      {2} | 0 0 0 0 0 0 0 0 0 0 0 0 0 0 0 1 0 0 1 0 |

                10                                                       20
      (2, 2) : R   <--------------------------------------------------- R   : (3, 2)
                      {0} | 1 0 0 0 0 0 0 0 0 0 0 0 0 0 0 0 0 0 0 0 |
                      {1} | 0 1 0 0 0 0 0 0 0 0 0 0 0 0 0 0 0 0 0 0 |
                      {1} | 0 0 1 0 0 0 0 0 0 0 0 0 0 0 0 0 0 0 0 0 |
                      {1} | 0 0 0 1 0 0 0 0 0 0 0 0 0 0 0 0 0 0 0 0 |
                      {1} | 0 0 0 0 1 0 0 1 0 0 0 0 0 0 0 0 0 0 0 0 |
                      {1} | 0 0 0 0 0 1 0 0 1 0 0 0 0 0 0 0 0 0 0 0 |
                      {1} | 0 0 0 0 0 0 1 0 0 1 0 0 0 0 0 0 0 0 0 0 |
                      {2} | 0 0 0 0 0 0 0 0 0 0 1 0 0 1 0 0 0 0 0 0 |
                      {2} | 0 0 0 0 0 0 0 0 0 0 0 1 0 0 1 0 0 0 0 0 |
                      {2} | 0 0 0 0 0 0 0 0 0 0 0 0 1 0 0 1 0 0 0 0 |

                10                                                       20
      (2, 3) : R   <--------------------------------------------------- R   : (3, 3)
                      {0} | 1 0 0 0 0 0 0 0 0 0 0 0 0 0 0 0 0 0 0 0 |
                      {1} | 0 1 0 0 0 0 0 0 0 0 0 0 0 0 0 0 0 0 0 0 |
                      {1} | 0 0 1 0 0 0 0 0 0 0 0 0 0 0 0 0 0 0 0 0 |
                      {1} | 0 0 0 1 0 0 0 0 0 0 0 0 0 0 0 0 0 0 0 0 |
                      {1} | 0 0 0 0 1 0 0 0 0 0 0 0 0 0 0 0 0 0 0 0 |
                      {1} | 0 0 0 0 0 1 0 0 0 0 0 0 0 0 0 0 0 0 0 0 |
                      {1} | 0 0 0 0 0 0 1 0 0 0 0 0 0 0 0 0 0 0 0 0 |
                      {2} | 0 0 0 0 0 0 0 0 0 0 1 0 0 0 0 0 0 0 0 0 |
                      {2} | 0 0 0 0 0 0 0 0 0 0 0 1 0 0 0 0 0 0 0 0 |
                      {2} | 0 0 0 0 0 0 0 0 0 0 0 0 1 0 0 0 0 0 0 0 |

                20                                                                                                 35
      (3, 0) : R   <--------------------------------------------------------------------------------------------- R   : (4, 0)
                      {0} | 1 a b c 0 0 0 0 0 0 0 0 0 0  0  0  0  0  0  0  0  0  0 0 0 0 0 0 0 0 0 0  0  0  0 |
                      {1} | 0 0 0 0 1 0 0 0 0 0 0 0 0 -b -c 0  0  0  0  0  0  0  0 0 0 0 0 0 0 0 0 0  0  0  0 |
                      {1} | 0 0 0 0 0 1 0 0 0 0 0 0 0 a  0  -c 0  0  0  0  0  0  0 0 0 0 0 0 0 0 0 0  0  0  0 |
                      {1} | 0 0 0 0 0 0 1 0 0 0 0 0 0 0  a  b  0  0  0  0  0  0  0 0 0 0 0 0 0 0 0 0  0  0  0 |
                      {1} | 0 0 0 0 0 0 0 1 0 0 0 0 0 0  0  0  -b -c 0  0  0  0  0 0 0 0 0 0 0 0 0 0  0  0  0 |
                      {1} | 0 0 0 0 0 0 0 0 1 0 0 0 0 0  0  0  a  0  -c 0  0  0  0 0 0 0 0 0 0 0 0 0  0  0  0 |
                      {1} | 0 0 0 0 0 0 0 0 0 1 0 0 0 0  0  0  0  a  b  0  0  0  0 0 0 0 0 0 0 0 0 0  0  0  0 |
                      {1} | 0 0 0 0 0 0 0 0 0 0 1 0 0 0  0  0  0  0  0  -b -c 0  0 0 0 0 0 0 0 0 0 0  0  0  0 |
                      {1} | 0 0 0 0 0 0 0 0 0 0 0 1 0 0  0  0  0  0  0  a  0  -c 0 0 0 0 0 0 0 0 0 0  0  0  0 |
                      {1} | 0 0 0 0 0 0 0 0 0 0 0 0 1 0  0  0  0  0  0  0  a  b  0 0 0 0 0 0 0 0 0 0  0  0  0 |
                      {2} | 0 0 0 0 0 0 0 0 0 0 0 0 0 0  0  0  0  0  0  0  0  0  1 0 0 0 0 0 0 0 0 c  0  0  0 |
                      {2} | 0 0 0 0 0 0 0 0 0 0 0 0 0 0  0  0  0  0  0  0  0  0  0 1 0 0 0 0 0 0 0 -b 0  0  0 |
                      {2} | 0 0 0 0 0 0 0 0 0 0 0 0 0 0  0  0  0  0  0  0  0  0  0 0 1 0 0 0 0 0 0 a  0  0  0 |
                      {2} | 0 0 0 0 0 0 0 0 0 0 0 0 0 0  0  0  0  0  0  0  0  0  0 0 0 1 0 0 0 0 0 0  c  0  0 |
                      {2} | 0 0 0 0 0 0 0 0 0 0 0 0 0 0  0  0  0  0  0  0  0  0  0 0 0 0 1 0 0 0 0 0  -b 0  0 |
                      {2} | 0 0 0 0 0 0 0 0 0 0 0 0 0 0  0  0  0  0  0  0  0  0  0 0 0 0 0 1 0 0 0 0  a  0  0 |
                      {2} | 0 0 0 0 0 0 0 0 0 0 0 0 0 0  0  0  0  0  0  0  0  0  0 0 0 0 0 0 1 0 0 0  0  c  0 |
                      {2} | 0 0 0 0 0 0 0 0 0 0 0 0 0 0  0  0  0  0  0  0  0  0  0 0 0 0 0 0 0 1 0 0  0  -b 0 |
                      {2} | 0 0 0 0 0 0 0 0 0 0 0 0 0 0  0  0  0  0  0  0  0  0  0 0 0 0 0 0 0 0 1 0  0  a  0 |
                      {3} | 0 0 0 0 0 0 0 0 0 0 0 0 0 0  0  0  0  0  0  0  0  0  0 0 0 0 0 0 0 0 0 0  0  0  1 |

                20                                                                                     35
      (3, 1) : R   <--------------------------------------------------------------------------------- R   : (4, 1)
                      {0} | 1 0 0 0 0 0 0 0 0 0 0 0 0 0 0 0 0 0 0 0 0 0 0 0 0 0 0 0 0 0 0 0 0 0 0 |
                      {1} | 0 1 0 0 1 0 0 0 0 0 0 0 0 0 0 0 0 0 0 0 0 0 0 0 0 0 0 0 0 0 0 0 0 0 0 |
                      {1} | 0 0 1 0 0 1 0 0 0 0 0 0 0 0 0 0 0 0 0 0 0 0 0 0 0 0 0 0 0 0 0 0 0 0 0 |
                      {1} | 0 0 0 1 0 0 1 0 0 0 0 0 0 0 0 0 0 0 0 0 0 0 0 0 0 0 0 0 0 0 0 0 0 0 0 |
                      {1} | 0 0 0 0 0 0 0 1 0 0 0 0 0 0 0 0 0 0 0 0 0 0 0 0 0 0 0 0 0 0 0 0 0 0 0 |
                      {1} | 0 0 0 0 0 0 0 0 1 0 0 0 0 0 0 0 0 0 0 0 0 0 0 0 0 0 0 0 0 0 0 0 0 0 0 |
                      {1} | 0 0 0 0 0 0 0 0 0 1 0 0 0 0 0 0 0 0 0 0 0 0 0 0 0 0 0 0 0 0 0 0 0 0 0 |
                      {1} | 0 0 0 0 0 0 0 0 0 0 1 0 0 0 0 0 0 0 0 0 0 0 0 0 0 0 0 0 0 0 0 0 0 0 0 |
                      {1} | 0 0 0 0 0 0 0 0 0 0 0 1 0 0 0 0 0 0 0 0 0 0 0 0 0 0 0 0 0 0 0 0 0 0 0 |
                      {1} | 0 0 0 0 0 0 0 0 0 0 0 0 1 0 0 0 0 0 0 0 0 0 0 0 0 0 0 0 0 0 0 0 0 0 0 |
                      {2} | 0 0 0 0 0 0 0 0 0 0 0 0 0 0 0 0 1 0 0 0 0 0 1 0 0 0 0 0 0 0 0 0 0 0 0 |
                      {2} | 0 0 0 0 0 0 0 0 0 0 0 0 0 0 0 0 0 1 0 0 0 0 0 1 0 0 0 0 0 0 0 0 0 0 0 |
                      {2} | 0 0 0 0 0 0 0 0 0 0 0 0 0 0 0 0 0 0 1 0 0 0 0 0 1 0 0 0 0 0 0 0 0 0 0 |
                      {2} | 0 0 0 0 0 0 0 0 0 0 0 0 0 0 0 0 0 0 0 1 0 0 0 0 0 1 0 0 0 0 0 0 0 0 0 |
                      {2} | 0 0 0 0 0 0 0 0 0 0 0 0 0 0 0 0 0 0 0 0 1 0 0 0 0 0 1 0 0 0 0 0 0 0 0 |
                      {2} | 0 0 0 0 0 0 0 0 0 0 0 0 0 0 0 0 0 0 0 0 0 1 0 0 0 0 0 1 0 0 0 0 0 0 0 |
                      {2} | 0 0 0 0 0 0 0 0 0 0 0 0 0 0 0 0 0 0 0 0 0 0 0 0 0 0 0 0 1 0 0 0 0 0 0 |
                      {2} | 0 0 0 0 0 0 0 0 0 0 0 0 0 0 0 0 0 0 0 0 0 0 0 0 0 0 0 0 0 1 0 0 0 0 0 |
                      {2} | 0 0 0 0 0 0 0 0 0 0 0 0 0 0 0 0 0 0 0 0 0 0 0 0 0 0 0 0 0 0 1 0 0 0 0 |
                      {3} | 0 0 0 0 0 0 0 0 0 0 0 0 0 0 0 0 0 0 0 0 0 0 0 0 0 0 0 0 0 0 0 0 0 1 1 |

                20                                                                                     35
      (3, 2) : R   <--------------------------------------------------------------------------------- R   : (4, 2)
                      {0} | 1 0 0 0 0 0 0 0 0 0 0 0 0 0 0 0 0 0 0 0 0 0 0 0 0 0 0 0 0 0 0 0 0 0 0 |
                      {1} | 0 1 0 0 0 0 0 0 0 0 0 0 0 0 0 0 0 0 0 0 0 0 0 0 0 0 0 0 0 0 0 0 0 0 0 |
                      {1} | 0 0 1 0 0 0 0 0 0 0 0 0 0 0 0 0 0 0 0 0 0 0 0 0 0 0 0 0 0 0 0 0 0 0 0 |
                      {1} | 0 0 0 1 0 0 0 0 0 0 0 0 0 0 0 0 0 0 0 0 0 0 0 0 0 0 0 0 0 0 0 0 0 0 0 |
                      {1} | 0 0 0 0 1 0 0 1 0 0 0 0 0 0 0 0 0 0 0 0 0 0 0 0 0 0 0 0 0 0 0 0 0 0 0 |
                      {1} | 0 0 0 0 0 1 0 0 1 0 0 0 0 0 0 0 0 0 0 0 0 0 0 0 0 0 0 0 0 0 0 0 0 0 0 |
                      {1} | 0 0 0 0 0 0 1 0 0 1 0 0 0 0 0 0 0 0 0 0 0 0 0 0 0 0 0 0 0 0 0 0 0 0 0 |
                      {1} | 0 0 0 0 0 0 0 0 0 0 1 0 0 0 0 0 0 0 0 0 0 0 0 0 0 0 0 0 0 0 0 0 0 0 0 |
                      {1} | 0 0 0 0 0 0 0 0 0 0 0 1 0 0 0 0 0 0 0 0 0 0 0 0 0 0 0 0 0 0 0 0 0 0 0 |
                      {1} | 0 0 0 0 0 0 0 0 0 0 0 0 1 0 0 0 0 0 0 0 0 0 0 0 0 0 0 0 0 0 0 0 0 0 0 |
                      {2} | 0 0 0 0 0 0 0 0 0 0 0 0 0 1 0 0 1 0 0 0 0 0 0 0 0 0 0 0 0 0 0 0 0 0 0 |
                      {2} | 0 0 0 0 0 0 0 0 0 0 0 0 0 0 1 0 0 1 0 0 0 0 0 0 0 0 0 0 0 0 0 0 0 0 0 |
                      {2} | 0 0 0 0 0 0 0 0 0 0 0 0 0 0 0 1 0 0 1 0 0 0 0 0 0 0 0 0 0 0 0 0 0 0 0 |
                      {2} | 0 0 0 0 0 0 0 0 0 0 0 0 0 0 0 0 0 0 0 1 0 0 0 0 0 0 0 0 0 0 0 0 0 0 0 |
                      {2} | 0 0 0 0 0 0 0 0 0 0 0 0 0 0 0 0 0 0 0 0 1 0 0 0 0 0 0 0 0 0 0 0 0 0 0 |
                      {2} | 0 0 0 0 0 0 0 0 0 0 0 0 0 0 0 0 0 0 0 0 0 1 0 0 0 0 0 0 0 0 0 0 0 0 0 |
                      {2} | 0 0 0 0 0 0 0 0 0 0 0 0 0 0 0 0 0 0 0 0 0 0 0 0 0 1 0 0 1 0 0 0 0 0 0 |
                      {2} | 0 0 0 0 0 0 0 0 0 0 0 0 0 0 0 0 0 0 0 0 0 0 0 0 0 0 1 0 0 1 0 0 0 0 0 |
                      {2} | 0 0 0 0 0 0 0 0 0 0 0 0 0 0 0 0 0 0 0 0 0 0 0 0 0 0 0 1 0 0 1 0 0 0 0 |
                      {3} | 0 0 0 0 0 0 0 0 0 0 0 0 0 0 0 0 0 0 0 0 0 0 0 0 0 0 0 0 0 0 0 0 1 1 0 |

                20                                                                                     35
      (3, 3) : R   <--------------------------------------------------------------------------------- R   : (4, 3)
                      {0} | 1 0 0 0 0 0 0 0 0 0 0 0 0 0 0 0 0 0 0 0 0 0 0 0 0 0 0 0 0 0 0 0 0 0 0 |
                      {1} | 0 1 0 0 0 0 0 0 0 0 0 0 0 0 0 0 0 0 0 0 0 0 0 0 0 0 0 0 0 0 0 0 0 0 0 |
                      {1} | 0 0 1 0 0 0 0 0 0 0 0 0 0 0 0 0 0 0 0 0 0 0 0 0 0 0 0 0 0 0 0 0 0 0 0 |
                      {1} | 0 0 0 1 0 0 0 0 0 0 0 0 0 0 0 0 0 0 0 0 0 0 0 0 0 0 0 0 0 0 0 0 0 0 0 |
                      {1} | 0 0 0 0 1 0 0 0 0 0 0 0 0 0 0 0 0 0 0 0 0 0 0 0 0 0 0 0 0 0 0 0 0 0 0 |
                      {1} | 0 0 0 0 0 1 0 0 0 0 0 0 0 0 0 0 0 0 0 0 0 0 0 0 0 0 0 0 0 0 0 0 0 0 0 |
                      {1} | 0 0 0 0 0 0 1 0 0 0 0 0 0 0 0 0 0 0 0 0 0 0 0 0 0 0 0 0 0 0 0 0 0 0 0 |
                      {1} | 0 0 0 0 0 0 0 1 0 0 1 0 0 0 0 0 0 0 0 0 0 0 0 0 0 0 0 0 0 0 0 0 0 0 0 |
                      {1} | 0 0 0 0 0 0 0 0 1 0 0 1 0 0 0 0 0 0 0 0 0 0 0 0 0 0 0 0 0 0 0 0 0 0 0 |
                      {1} | 0 0 0 0 0 0 0 0 0 1 0 0 1 0 0 0 0 0 0 0 0 0 0 0 0 0 0 0 0 0 0 0 0 0 0 |
                      {2} | 0 0 0 0 0 0 0 0 0 0 0 0 0 1 0 0 0 0 0 0 0 0 0 0 0 0 0 0 0 0 0 0 0 0 0 |
                      {2} | 0 0 0 0 0 0 0 0 0 0 0 0 0 0 1 0 0 0 0 0 0 0 0 0 0 0 0 0 0 0 0 0 0 0 0 |
                      {2} | 0 0 0 0 0 0 0 0 0 0 0 0 0 0 0 1 0 0 0 0 0 0 0 0 0 0 0 0 0 0 0 0 0 0 0 |
                      {2} | 0 0 0 0 0 0 0 0 0 0 0 0 0 0 0 0 1 0 0 1 0 0 0 0 0 0 0 0 0 0 0 0 0 0 0 |
                      {2} | 0 0 0 0 0 0 0 0 0 0 0 0 0 0 0 0 0 1 0 0 1 0 0 0 0 0 0 0 0 0 0 0 0 0 0 |
                      {2} | 0 0 0 0 0 0 0 0 0 0 0 0 0 0 0 0 0 0 1 0 0 1 0 0 0 0 0 0 0 0 0 0 0 0 0 |
                      {2} | 0 0 0 0 0 0 0 0 0 0 0 0 0 0 0 0 0 0 0 0 0 0 1 0 0 1 0 0 0 0 0 0 0 0 0 |
                      {2} | 0 0 0 0 0 0 0 0 0 0 0 0 0 0 0 0 0 0 0 0 0 0 0 1 0 0 1 0 0 0 0 0 0 0 0 |
                      {2} | 0 0 0 0 0 0 0 0 0 0 0 0 0 0 0 0 0 0 0 0 0 0 0 0 1 0 0 1 0 0 0 0 0 0 0 |
                      {3} | 0 0 0 0 0 0 0 0 0 0 0 0 0 0 0 0 0 0 0 0 0 0 0 0 0 0 0 0 0 0 0 1 1 0 0 |

                20                                                                                     35
      (3, 4) : R   <--------------------------------------------------------------------------------- R   : (4, 4)
                      {0} | 1 0 0 0 0 0 0 0 0 0 0 0 0 0 0 0 0 0 0 0 0 0 0 0 0 0 0 0 0 0 0 0 0 0 0 |
                      {1} | 0 1 0 0 0 0 0 0 0 0 0 0 0 0 0 0 0 0 0 0 0 0 0 0 0 0 0 0 0 0 0 0 0 0 0 |
                      {1} | 0 0 1 0 0 0 0 0 0 0 0 0 0 0 0 0 0 0 0 0 0 0 0 0 0 0 0 0 0 0 0 0 0 0 0 |
                      {1} | 0 0 0 1 0 0 0 0 0 0 0 0 0 0 0 0 0 0 0 0 0 0 0 0 0 0 0 0 0 0 0 0 0 0 0 |
                      {1} | 0 0 0 0 1 0 0 0 0 0 0 0 0 0 0 0 0 0 0 0 0 0 0 0 0 0 0 0 0 0 0 0 0 0 0 |
                      {1} | 0 0 0 0 0 1 0 0 0 0 0 0 0 0 0 0 0 0 0 0 0 0 0 0 0 0 0 0 0 0 0 0 0 0 0 |
                      {1} | 0 0 0 0 0 0 1 0 0 0 0 0 0 0 0 0 0 0 0 0 0 0 0 0 0 0 0 0 0 0 0 0 0 0 0 |
                      {1} | 0 0 0 0 0 0 0 1 0 0 0 0 0 0 0 0 0 0 0 0 0 0 0 0 0 0 0 0 0 0 0 0 0 0 0 |
                      {1} | 0 0 0 0 0 0 0 0 1 0 0 0 0 0 0 0 0 0 0 0 0 0 0 0 0 0 0 0 0 0 0 0 0 0 0 |
                      {1} | 0 0 0 0 0 0 0 0 0 1 0 0 0 0 0 0 0 0 0 0 0 0 0 0 0 0 0 0 0 0 0 0 0 0 0 |
                      {2} | 0 0 0 0 0 0 0 0 0 0 0 0 0 1 0 0 0 0 0 0 0 0 0 0 0 0 0 0 0 0 0 0 0 0 0 |
                      {2} | 0 0 0 0 0 0 0 0 0 0 0 0 0 0 1 0 0 0 0 0 0 0 0 0 0 0 0 0 0 0 0 0 0 0 0 |
                      {2} | 0 0 0 0 0 0 0 0 0 0 0 0 0 0 0 1 0 0 0 0 0 0 0 0 0 0 0 0 0 0 0 0 0 0 0 |
                      {2} | 0 0 0 0 0 0 0 0 0 0 0 0 0 0 0 0 1 0 0 0 0 0 0 0 0 0 0 0 0 0 0 0 0 0 0 |
                      {2} | 0 0 0 0 0 0 0 0 0 0 0 0 0 0 0 0 0 1 0 0 0 0 0 0 0 0 0 0 0 0 0 0 0 0 0 |
                      {2} | 0 0 0 0 0 0 0 0 0 0 0 0 0 0 0 0 0 0 1 0 0 0 0 0 0 0 0 0 0 0 0 0 0 0 0 |
                      {2} | 0 0 0 0 0 0 0 0 0 0 0 0 0 0 0 0 0 0 0 0 0 0 1 0 0 0 0 0 0 0 0 0 0 0 0 |
                      {2} | 0 0 0 0 0 0 0 0 0 0 0 0 0 0 0 0 0 0 0 0 0 0 0 1 0 0 0 0 0 0 0 0 0 0 0 |
                      {2} | 0 0 0 0 0 0 0 0 0 0 0 0 0 0 0 0 0 0 0 0 0 0 0 0 1 0 0 0 0 0 0 0 0 0 0 |
                      {3} | 0 0 0 0 0 0 0 0 0 0 0 0 0 0 0 0 0 0 0 0 0 0 0 0 0 0 0 0 0 0 0 1 0 0 0 |

o12 : SimplicialModuleMap

i13 : S.ss --degeneracy maps

                4                 1
o13 = (1, 0) : R  <------------- R  : (0, 0)
                     {0} | 1 |
                     {1} | 0 |
                     {1} | 0 |
                     {1} | 0 |

                10                       4
      (2, 0) : R   <------------------- R  : (1, 0)
                      {0} | 1 0 0 0 |
                      {1} | 0 0 0 0 |
                      {1} | 0 0 0 0 |
                      {1} | 0 0 0 0 |
                      {1} | 0 1 0 0 |
                      {1} | 0 0 1 0 |
                      {1} | 0 0 0 1 |
                      {2} | 0 0 0 0 |
                      {2} | 0 0 0 0 |
                      {2} | 0 0 0 0 |

                10                       4
      (2, 1) : R   <------------------- R  : (1, 1)
                      {0} | 1 0 0 0 |
                      {1} | 0 1 0 0 |
                      {1} | 0 0 1 0 |
                      {1} | 0 0 0 1 |
                      {1} | 0 0 0 0 |
                      {1} | 0 0 0 0 |
                      {1} | 0 0 0 0 |
                      {2} | 0 0 0 0 |
                      {2} | 0 0 0 0 |
                      {2} | 0 0 0 0 |

                20                                   10
      (3, 0) : R   <------------------------------- R   : (2, 0)
                      {0} | 1 0 0 0 0 0 0 0 0 0 |
                      {1} | 0 0 0 0 0 0 0 0 0 0 |
                      {1} | 0 0 0 0 0 0 0 0 0 0 |
                      {1} | 0 0 0 0 0 0 0 0 0 0 |
                      {1} | 0 1 0 0 0 0 0 0 0 0 |
                      {1} | 0 0 1 0 0 0 0 0 0 0 |
                      {1} | 0 0 0 1 0 0 0 0 0 0 |
                      {1} | 0 0 0 0 1 0 0 0 0 0 |
                      {1} | 0 0 0 0 0 1 0 0 0 0 |
                      {1} | 0 0 0 0 0 0 1 0 0 0 |
                      {2} | 0 0 0 0 0 0 0 0 0 0 |
                      {2} | 0 0 0 0 0 0 0 0 0 0 |
                      {2} | 0 0 0 0 0 0 0 0 0 0 |
                      {2} | 0 0 0 0 0 0 0 0 0 0 |
                      {2} | 0 0 0 0 0 0 0 0 0 0 |
                      {2} | 0 0 0 0 0 0 0 0 0 0 |
                      {2} | 0 0 0 0 0 0 0 1 0 0 |
                      {2} | 0 0 0 0 0 0 0 0 1 0 |
                      {2} | 0 0 0 0 0 0 0 0 0 1 |
                      {3} | 0 0 0 0 0 0 0 0 0 0 |

                20                                   10
      (3, 1) : R   <------------------------------- R   : (2, 1)
                      {0} | 1 0 0 0 0 0 0 0 0 0 |
                      {1} | 0 1 0 0 0 0 0 0 0 0 |
                      {1} | 0 0 1 0 0 0 0 0 0 0 |
                      {1} | 0 0 0 1 0 0 0 0 0 0 |
                      {1} | 0 0 0 0 0 0 0 0 0 0 |
                      {1} | 0 0 0 0 0 0 0 0 0 0 |
                      {1} | 0 0 0 0 0 0 0 0 0 0 |
                      {1} | 0 0 0 0 1 0 0 0 0 0 |
                      {1} | 0 0 0 0 0 1 0 0 0 0 |
                      {1} | 0 0 0 0 0 0 1 0 0 0 |
                      {2} | 0 0 0 0 0 0 0 0 0 0 |
                      {2} | 0 0 0 0 0 0 0 0 0 0 |
                      {2} | 0 0 0 0 0 0 0 0 0 0 |
                      {2} | 0 0 0 0 0 0 0 1 0 0 |
                      {2} | 0 0 0 0 0 0 0 0 1 0 |
                      {2} | 0 0 0 0 0 0 0 0 0 1 |
                      {2} | 0 0 0 0 0 0 0 0 0 0 |
                      {2} | 0 0 0 0 0 0 0 0 0 0 |
                      {2} | 0 0 0 0 0 0 0 0 0 0 |
                      {3} | 0 0 0 0 0 0 0 0 0 0 |

                20                                   10
      (3, 2) : R   <------------------------------- R   : (2, 2)
                      {0} | 1 0 0 0 0 0 0 0 0 0 |
                      {1} | 0 1 0 0 0 0 0 0 0 0 |
                      {1} | 0 0 1 0 0 0 0 0 0 0 |
                      {1} | 0 0 0 1 0 0 0 0 0 0 |
                      {1} | 0 0 0 0 1 0 0 0 0 0 |
                      {1} | 0 0 0 0 0 1 0 0 0 0 |
                      {1} | 0 0 0 0 0 0 1 0 0 0 |
                      {1} | 0 0 0 0 0 0 0 0 0 0 |
                      {1} | 0 0 0 0 0 0 0 0 0 0 |
                      {1} | 0 0 0 0 0 0 0 0 0 0 |
                      {2} | 0 0 0 0 0 0 0 1 0 0 |
                      {2} | 0 0 0 0 0 0 0 0 1 0 |
                      {2} | 0 0 0 0 0 0 0 0 0 1 |
                      {2} | 0 0 0 0 0 0 0 0 0 0 |
                      {2} | 0 0 0 0 0 0 0 0 0 0 |
                      {2} | 0 0 0 0 0 0 0 0 0 0 |
                      {2} | 0 0 0 0 0 0 0 0 0 0 |
                      {2} | 0 0 0 0 0 0 0 0 0 0 |
                      {2} | 0 0 0 0 0 0 0 0 0 0 |
                      {3} | 0 0 0 0 0 0 0 0 0 0 |

                35                                                       20
      (4, 0) : R   <--------------------------------------------------- R   : (3, 0)
                      {0} | 1 0 0 0 0 0 0 0 0 0 0 0 0 0 0 0 0 0 0 0 |
                      {1} | 0 0 0 0 0 0 0 0 0 0 0 0 0 0 0 0 0 0 0 0 |
                      {1} | 0 0 0 0 0 0 0 0 0 0 0 0 0 0 0 0 0 0 0 0 |
                      {1} | 0 0 0 0 0 0 0 0 0 0 0 0 0 0 0 0 0 0 0 0 |
                      {1} | 0 1 0 0 0 0 0 0 0 0 0 0 0 0 0 0 0 0 0 0 |
                      {1} | 0 0 1 0 0 0 0 0 0 0 0 0 0 0 0 0 0 0 0 0 |
                      {1} | 0 0 0 1 0 0 0 0 0 0 0 0 0 0 0 0 0 0 0 0 |
                      {1} | 0 0 0 0 1 0 0 0 0 0 0 0 0 0 0 0 0 0 0 0 |
                      {1} | 0 0 0 0 0 1 0 0 0 0 0 0 0 0 0 0 0 0 0 0 |
                      {1} | 0 0 0 0 0 0 1 0 0 0 0 0 0 0 0 0 0 0 0 0 |
                      {1} | 0 0 0 0 0 0 0 1 0 0 0 0 0 0 0 0 0 0 0 0 |
                      {1} | 0 0 0 0 0 0 0 0 1 0 0 0 0 0 0 0 0 0 0 0 |
                      {1} | 0 0 0 0 0 0 0 0 0 1 0 0 0 0 0 0 0 0 0 0 |
                      {2} | 0 0 0 0 0 0 0 0 0 0 0 0 0 0 0 0 0 0 0 0 |
                      {2} | 0 0 0 0 0 0 0 0 0 0 0 0 0 0 0 0 0 0 0 0 |
                      {2} | 0 0 0 0 0 0 0 0 0 0 0 0 0 0 0 0 0 0 0 0 |
                      {2} | 0 0 0 0 0 0 0 0 0 0 0 0 0 0 0 0 0 0 0 0 |
                      {2} | 0 0 0 0 0 0 0 0 0 0 0 0 0 0 0 0 0 0 0 0 |
                      {2} | 0 0 0 0 0 0 0 0 0 0 0 0 0 0 0 0 0 0 0 0 |
                      {2} | 0 0 0 0 0 0 0 0 0 0 0 0 0 0 0 0 0 0 0 0 |
                      {2} | 0 0 0 0 0 0 0 0 0 0 0 0 0 0 0 0 0 0 0 0 |
                      {2} | 0 0 0 0 0 0 0 0 0 0 0 0 0 0 0 0 0 0 0 0 |
                      {2} | 0 0 0 0 0 0 0 0 0 0 1 0 0 0 0 0 0 0 0 0 |
                      {2} | 0 0 0 0 0 0 0 0 0 0 0 1 0 0 0 0 0 0 0 0 |
                      {2} | 0 0 0 0 0 0 0 0 0 0 0 0 1 0 0 0 0 0 0 0 |
                      {2} | 0 0 0 0 0 0 0 0 0 0 0 0 0 1 0 0 0 0 0 0 |
                      {2} | 0 0 0 0 0 0 0 0 0 0 0 0 0 0 1 0 0 0 0 0 |
                      {2} | 0 0 0 0 0 0 0 0 0 0 0 0 0 0 0 1 0 0 0 0 |
                      {2} | 0 0 0 0 0 0 0 0 0 0 0 0 0 0 0 0 1 0 0 0 |
                      {2} | 0 0 0 0 0 0 0 0 0 0 0 0 0 0 0 0 0 1 0 0 |
                      {2} | 0 0 0 0 0 0 0 0 0 0 0 0 0 0 0 0 0 0 1 0 |
                      {3} | 0 0 0 0 0 0 0 0 0 0 0 0 0 0 0 0 0 0 0 0 |
                      {3} | 0 0 0 0 0 0 0 0 0 0 0 0 0 0 0 0 0 0 0 0 |
                      {3} | 0 0 0 0 0 0 0 0 0 0 0 0 0 0 0 0 0 0 0 0 |
                      {3} | 0 0 0 0 0 0 0 0 0 0 0 0 0 0 0 0 0 0 0 1 |

                35                                                       20
      (4, 1) : R   <--------------------------------------------------- R   : (3, 1)
                      {0} | 1 0 0 0 0 0 0 0 0 0 0 0 0 0 0 0 0 0 0 0 |
                      {1} | 0 1 0 0 0 0 0 0 0 0 0 0 0 0 0 0 0 0 0 0 |
                      {1} | 0 0 1 0 0 0 0 0 0 0 0 0 0 0 0 0 0 0 0 0 |
                      {1} | 0 0 0 1 0 0 0 0 0 0 0 0 0 0 0 0 0 0 0 0 |
                      {1} | 0 0 0 0 0 0 0 0 0 0 0 0 0 0 0 0 0 0 0 0 |
                      {1} | 0 0 0 0 0 0 0 0 0 0 0 0 0 0 0 0 0 0 0 0 |
                      {1} | 0 0 0 0 0 0 0 0 0 0 0 0 0 0 0 0 0 0 0 0 |
                      {1} | 0 0 0 0 1 0 0 0 0 0 0 0 0 0 0 0 0 0 0 0 |
                      {1} | 0 0 0 0 0 1 0 0 0 0 0 0 0 0 0 0 0 0 0 0 |
                      {1} | 0 0 0 0 0 0 1 0 0 0 0 0 0 0 0 0 0 0 0 0 |
                      {1} | 0 0 0 0 0 0 0 1 0 0 0 0 0 0 0 0 0 0 0 0 |
                      {1} | 0 0 0 0 0 0 0 0 1 0 0 0 0 0 0 0 0 0 0 0 |
                      {1} | 0 0 0 0 0 0 0 0 0 1 0 0 0 0 0 0 0 0 0 0 |
                      {2} | 0 0 0 0 0 0 0 0 0 0 0 0 0 0 0 0 0 0 0 0 |
                      {2} | 0 0 0 0 0 0 0 0 0 0 0 0 0 0 0 0 0 0 0 0 |
                      {2} | 0 0 0 0 0 0 0 0 0 0 0 0 0 0 0 0 0 0 0 0 |
                      {2} | 0 0 0 0 0 0 0 0 0 0 1 0 0 0 0 0 0 0 0 0 |
                      {2} | 0 0 0 0 0 0 0 0 0 0 0 1 0 0 0 0 0 0 0 0 |
                      {2} | 0 0 0 0 0 0 0 0 0 0 0 0 1 0 0 0 0 0 0 0 |
                      {2} | 0 0 0 0 0 0 0 0 0 0 0 0 0 1 0 0 0 0 0 0 |
                      {2} | 0 0 0 0 0 0 0 0 0 0 0 0 0 0 1 0 0 0 0 0 |
                      {2} | 0 0 0 0 0 0 0 0 0 0 0 0 0 0 0 1 0 0 0 0 |
                      {2} | 0 0 0 0 0 0 0 0 0 0 0 0 0 0 0 0 0 0 0 0 |
                      {2} | 0 0 0 0 0 0 0 0 0 0 0 0 0 0 0 0 0 0 0 0 |
                      {2} | 0 0 0 0 0 0 0 0 0 0 0 0 0 0 0 0 0 0 0 0 |
                      {2} | 0 0 0 0 0 0 0 0 0 0 0 0 0 0 0 0 0 0 0 0 |
                      {2} | 0 0 0 0 0 0 0 0 0 0 0 0 0 0 0 0 0 0 0 0 |
                      {2} | 0 0 0 0 0 0 0 0 0 0 0 0 0 0 0 0 0 0 0 0 |
                      {2} | 0 0 0 0 0 0 0 0 0 0 0 0 0 0 0 0 1 0 0 0 |
                      {2} | 0 0 0 0 0 0 0 0 0 0 0 0 0 0 0 0 0 1 0 0 |
                      {2} | 0 0 0 0 0 0 0 0 0 0 0 0 0 0 0 0 0 0 1 0 |
                      {3} | 0 0 0 0 0 0 0 0 0 0 0 0 0 0 0 0 0 0 0 0 |
                      {3} | 0 0 0 0 0 0 0 0 0 0 0 0 0 0 0 0 0 0 0 0 |
                      {3} | 0 0 0 0 0 0 0 0 0 0 0 0 0 0 0 0 0 0 0 1 |
                      {3} | 0 0 0 0 0 0 0 0 0 0 0 0 0 0 0 0 0 0 0 0 |

                35                                                       20
      (4, 2) : R   <--------------------------------------------------- R   : (3, 2)
                      {0} | 1 0 0 0 0 0 0 0 0 0 0 0 0 0 0 0 0 0 0 0 |
                      {1} | 0 1 0 0 0 0 0 0 0 0 0 0 0 0 0 0 0 0 0 0 |
                      {1} | 0 0 1 0 0 0 0 0 0 0 0 0 0 0 0 0 0 0 0 0 |
                      {1} | 0 0 0 1 0 0 0 0 0 0 0 0 0 0 0 0 0 0 0 0 |
                      {1} | 0 0 0 0 1 0 0 0 0 0 0 0 0 0 0 0 0 0 0 0 |
                      {1} | 0 0 0 0 0 1 0 0 0 0 0 0 0 0 0 0 0 0 0 0 |
                      {1} | 0 0 0 0 0 0 1 0 0 0 0 0 0 0 0 0 0 0 0 0 |
                      {1} | 0 0 0 0 0 0 0 0 0 0 0 0 0 0 0 0 0 0 0 0 |
                      {1} | 0 0 0 0 0 0 0 0 0 0 0 0 0 0 0 0 0 0 0 0 |
                      {1} | 0 0 0 0 0 0 0 0 0 0 0 0 0 0 0 0 0 0 0 0 |
                      {1} | 0 0 0 0 0 0 0 1 0 0 0 0 0 0 0 0 0 0 0 0 |
                      {1} | 0 0 0 0 0 0 0 0 1 0 0 0 0 0 0 0 0 0 0 0 |
                      {1} | 0 0 0 0 0 0 0 0 0 1 0 0 0 0 0 0 0 0 0 0 |
                      {2} | 0 0 0 0 0 0 0 0 0 0 1 0 0 0 0 0 0 0 0 0 |
                      {2} | 0 0 0 0 0 0 0 0 0 0 0 1 0 0 0 0 0 0 0 0 |
                      {2} | 0 0 0 0 0 0 0 0 0 0 0 0 1 0 0 0 0 0 0 0 |
                      {2} | 0 0 0 0 0 0 0 0 0 0 0 0 0 0 0 0 0 0 0 0 |
                      {2} | 0 0 0 0 0 0 0 0 0 0 0 0 0 0 0 0 0 0 0 0 |
                      {2} | 0 0 0 0 0 0 0 0 0 0 0 0 0 0 0 0 0 0 0 0 |
                      {2} | 0 0 0 0 0 0 0 0 0 0 0 0 0 1 0 0 0 0 0 0 |
                      {2} | 0 0 0 0 0 0 0 0 0 0 0 0 0 0 1 0 0 0 0 0 |
                      {2} | 0 0 0 0 0 0 0 0 0 0 0 0 0 0 0 1 0 0 0 0 |
                      {2} | 0 0 0 0 0 0 0 0 0 0 0 0 0 0 0 0 0 0 0 0 |
                      {2} | 0 0 0 0 0 0 0 0 0 0 0 0 0 0 0 0 0 0 0 0 |
                      {2} | 0 0 0 0 0 0 0 0 0 0 0 0 0 0 0 0 0 0 0 0 |
                      {2} | 0 0 0 0 0 0 0 0 0 0 0 0 0 0 0 0 1 0 0 0 |
                      {2} | 0 0 0 0 0 0 0 0 0 0 0 0 0 0 0 0 0 1 0 0 |
                      {2} | 0 0 0 0 0 0 0 0 0 0 0 0 0 0 0 0 0 0 1 0 |
                      {2} | 0 0 0 0 0 0 0 0 0 0 0 0 0 0 0 0 0 0 0 0 |
                      {2} | 0 0 0 0 0 0 0 0 0 0 0 0 0 0 0 0 0 0 0 0 |
                      {2} | 0 0 0 0 0 0 0 0 0 0 0 0 0 0 0 0 0 0 0 0 |
                      {3} | 0 0 0 0 0 0 0 0 0 0 0 0 0 0 0 0 0 0 0 0 |
                      {3} | 0 0 0 0 0 0 0 0 0 0 0 0 0 0 0 0 0 0 0 1 |
                      {3} | 0 0 0 0 0 0 0 0 0 0 0 0 0 0 0 0 0 0 0 0 |
                      {3} | 0 0 0 0 0 0 0 0 0 0 0 0 0 0 0 0 0 0 0 0 |

                35                                                       20
      (4, 3) : R   <--------------------------------------------------- R   : (3, 3)
                      {0} | 1 0 0 0 0 0 0 0 0 0 0 0 0 0 0 0 0 0 0 0 |
                      {1} | 0 1 0 0 0 0 0 0 0 0 0 0 0 0 0 0 0 0 0 0 |
                      {1} | 0 0 1 0 0 0 0 0 0 0 0 0 0 0 0 0 0 0 0 0 |
                      {1} | 0 0 0 1 0 0 0 0 0 0 0 0 0 0 0 0 0 0 0 0 |
                      {1} | 0 0 0 0 1 0 0 0 0 0 0 0 0 0 0 0 0 0 0 0 |
                      {1} | 0 0 0 0 0 1 0 0 0 0 0 0 0 0 0 0 0 0 0 0 |
                      {1} | 0 0 0 0 0 0 1 0 0 0 0 0 0 0 0 0 0 0 0 0 |
                      {1} | 0 0 0 0 0 0 0 1 0 0 0 0 0 0 0 0 0 0 0 0 |
                      {1} | 0 0 0 0 0 0 0 0 1 0 0 0 0 0 0 0 0 0 0 0 |
                      {1} | 0 0 0 0 0 0 0 0 0 1 0 0 0 0 0 0 0 0 0 0 |
                      {1} | 0 0 0 0 0 0 0 0 0 0 0 0 0 0 0 0 0 0 0 0 |
                      {1} | 0 0 0 0 0 0 0 0 0 0 0 0 0 0 0 0 0 0 0 0 |
                      {1} | 0 0 0 0 0 0 0 0 0 0 0 0 0 0 0 0 0 0 0 0 |
                      {2} | 0 0 0 0 0 0 0 0 0 0 1 0 0 0 0 0 0 0 0 0 |
                      {2} | 0 0 0 0 0 0 0 0 0 0 0 1 0 0 0 0 0 0 0 0 |
                      {2} | 0 0 0 0 0 0 0 0 0 0 0 0 1 0 0 0 0 0 0 0 |
                      {2} | 0 0 0 0 0 0 0 0 0 0 0 0 0 1 0 0 0 0 0 0 |
                      {2} | 0 0 0 0 0 0 0 0 0 0 0 0 0 0 1 0 0 0 0 0 |
                      {2} | 0 0 0 0 0 0 0 0 0 0 0 0 0 0 0 1 0 0 0 0 |
                      {2} | 0 0 0 0 0 0 0 0 0 0 0 0 0 0 0 0 0 0 0 0 |
                      {2} | 0 0 0 0 0 0 0 0 0 0 0 0 0 0 0 0 0 0 0 0 |
                      {2} | 0 0 0 0 0 0 0 0 0 0 0 0 0 0 0 0 0 0 0 0 |
                      {2} | 0 0 0 0 0 0 0 0 0 0 0 0 0 0 0 0 1 0 0 0 |
                      {2} | 0 0 0 0 0 0 0 0 0 0 0 0 0 0 0 0 0 1 0 0 |
                      {2} | 0 0 0 0 0 0 0 0 0 0 0 0 0 0 0 0 0 0 1 0 |
                      {2} | 0 0 0 0 0 0 0 0 0 0 0 0 0 0 0 0 0 0 0 0 |
                      {2} | 0 0 0 0 0 0 0 0 0 0 0 0 0 0 0 0 0 0 0 0 |
                      {2} | 0 0 0 0 0 0 0 0 0 0 0 0 0 0 0 0 0 0 0 0 |
                      {2} | 0 0 0 0 0 0 0 0 0 0 0 0 0 0 0 0 0 0 0 0 |
                      {2} | 0 0 0 0 0 0 0 0 0 0 0 0 0 0 0 0 0 0 0 0 |
                      {2} | 0 0 0 0 0 0 0 0 0 0 0 0 0 0 0 0 0 0 0 0 |
                      {3} | 0 0 0 0 0 0 0 0 0 0 0 0 0 0 0 0 0 0 0 1 |
                      {3} | 0 0 0 0 0 0 0 0 0 0 0 0 0 0 0 0 0 0 0 0 |
                      {3} | 0 0 0 0 0 0 0 0 0 0 0 0 0 0 0 0 0 0 0 0 |
                      {3} | 0 0 0 0 0 0 0 0 0 0 0 0 0 0 0 0 0 0 0 0 |

o13 : SimplicialModuleMap

i14 : S.dd_(2,0)

o14 = {0} | 1 a b c 0 0 0 0  0  0  |
      {1} | 0 0 0 0 1 0 0 -b -c 0  |
      {1} | 0 0 0 0 0 1 0 a  0  -c |
      {1} | 0 0 0 0 0 0 1 0  a  b  |

              4      10
o14 : Matrix R  <-- R

i15 : (S.dd_(2,0))_[1]^[0]  --restrict to C_1 summand group of S_2, project onto C_0 summand of S_1

o15 = | a b c 0 0 0 |

              1      6
o15 : Matrix R  <-- R

i16 : (S.dd_(2,0))_[1]^[1]  --restrict to C_1 summand group of S_2, project onto C_1 summand of S_1

o16 = {1} | 0 0 0 1 0 0 |
      {1} | 0 0 0 0 1 0 |
      {1} | 0 0 0 0 0 1 |

              3      6
o16 : Matrix R  <-- R

i17 : (S.dd_(2,0))_[2]^[1]  --restrict to C_2 summand of S_2, project onto C_1 summand of S_1

o17 = {1} | -b -c 0  |
      {1} | a  0  -c |
      {1} | 0  a  b  |

              3      3
o17 : Matrix R  <-- R

i18 : 
