-- -*- M2-comint -*- hash: 7711054164518920893

i1 : Q = ZZ/101[a,b,c]

o1 = Q

o1 : PolynomialRing

i2 : K = koszulComplex vars Q

      1      3      3      1
o2 = Q  <-- Q  <-- Q  <-- Q
                           
     0      1      2      3

o2 : Complex

i3 : phi = elapsedTime exteriorInclusion(K,3); --specify top degree 3
 -- .249823s elapsed

i4 : isWellDefined phi

o4 = true

i5 : isCommutative phi

o5 = true

i6 : prune coker phi

      1      9      36      74
o6 = Q  <-- Q  <-- Q   <-- Q
                            
     0      1      2       3

o6 : Complex

i7 : for i to 3 list prune HH_i source phi

                                                 46
o7 = {0, cokernel {1} | c b a 0 0 0 0 0 0 |, 0, Q  }
                  {1} | 0 0 0 c b a 0 0 0 |
                  {1} | 0 0 0 0 0 0 c b a |

o7 : List

i8 : for i to 3 list prune HH_i (coker phi)

o8 = {cokernel | c b a |, 0, cokernel {2} | c b a 0 0 0 0 0 0 |, cokernel {4}
                                      {2} | 0 0 0 c b a 0 0 0 |           {4}
                                      {2} | 0 0 0 0 0 0 c b a |           {4}
                                                                          {4}
                                                                          {4}
                                                                          {4}
                                                                          {4}
                                                                          {4}
                                                                          {4}
                                                                          {4}
                                                                          {4}
                                                                          {4}
                                                                          {4}
                                                                          {4}
                                                                          {4}
                                                                          {4}
                                                                          {4}
                                                                          {4}
                                                                          {4}
                                                                          {4}
                                                                          {4}
                                                                          {4}
                                                                          {4}
                                                                          {4}
                                                                          {4}
                                                                          {4}
                                                                          {4}
                                                                          {4}
                                                                          {4}
                                                                          {4}
                                                                          {4}
                                                                          {4}
                                                                          {4}
                                                                          {4}
                                                                          {4}
                                                                          {4}
                                                                          {4}
                                                                          {4}
                                                                          {4}
                                                                          {5}
                                                                          {5}
                                                                          {5}
                                                                          {5}
                                                                          {5}
                                                                          {5}
                                                                          {5}
                                                                          {5}
                                                                          {5}
                                                                          {6}
     ------------------------------------------------------------------------
     | 2c 0    0    |}
     | 0  0    -b   |
     | 0  a    0    |
     | -b 0    50c  |
     | b  0    -50c |
     | a  50c  0    |
     | 0  -50b -50a |
     | 0  0    0    |
     | 0  0    0    |
     | 0  0    0    |
     | 0  0    0    |
     | 0  0    0    |
     | 0  0    0    |
     | 0  0    0    |
     | 0  0    0    |
     | 0  0    0    |
     | 0  0    0    |
     | 0  0    0    |
     | 0  0    0    |
     | 0  0    0    |
     | -b 0    -50c |
     | -b 0    -50c |
     | 0  c    0    |
     | a  50c  0    |
     | a  -50c 0    |
     | 0  0    0    |
     | 0  0    0    |
     | 0  0    0    |
     | 0  0    0    |
     | 0  -b   0    |
     | 0  50b  50a  |
     | 0  0    a    |
     | 0  0    0    |
     | 0  0    0    |
     | 0  0    0    |
     | 0  0    0    |
     | 0  0    0    |
     | 0  0    0    |
     | 0  0    0    |
     | 0  0    0    |
     | 0  0    0    |
     | 0  0    0    |
     | 0  0    0    |
     | 0  0    0    |
     | 0  0    0    |
     | 0  0    0    |
     | 0  0    0    |
     | 0  0    0    |
     | 0  0    0    |

o8 : List

i9 : Q = ZZ/2[a,b,c]

o9 = Q

o9 : PolynomialRing

i10 : K = koszulComplex vars Q

       1      3      3      1
o10 = Q  <-- Q  <-- Q  <-- Q
                            
      0      1      2      3

o10 : Complex

i11 : phi = elapsedTime exteriorInclusion(K,3); --specify top degree 3
 -- .240552s elapsed

i12 : isWellDefined phi

o12 = true

i13 : isCommutative phi

o13 = true

i14 : for i to 2 list prune HH_i source phi

o14 = {0, cokernel {1} | a 0 b 0 0 c |, cokernel {2} | b a 0 c 0 0 0 c |}
                   {1} | 0 b a 0 c 0 |           {2} | 0 0 c b a 0 0 0 |
                   {1} | 0 0 0 c b a |           {2} | 0 0 0 0 0 c b a |

o14 : List

i15 : for i to 2 list prune HH_i (coker phi)

o15 = {cokernel | c b a |, 0, cokernel {2} | b a 0 c 0 0 0 c |}
                                       {2} | 0 0 c b a 0 0 0 |
                                       {2} | 0 0 0 0 0 c b a |

o15 : List

i16 : 
