-- -*- M2-comint -*- hash: 18378829361281104199

i1 : R = QQ[a..d];

i2 : I = ideal(a*d-b*c, b^2-a*c, c^2-b*d);

o2 : Ideal of R

i3 : C = simplicialModule(freeResolution(R^1/I), 4, Degeneracy => true)

      1      4      9      16      25
o3 = R  <-- R  <-- R  <-- R   <-- R  <-- ...
                                   
     0      1      2      3       4

o3 : SimplicialModule

i4 : isWellDefined C

o4 = true

i5 : dd^C

               1                               4
o5 = (0, 0) : R  <--------------------------- R  : (1, 0)
                    | 1 b2-ac bc-ad c2-bd |

               1                   4
     (0, 1) : R  <--------------- R  : (1, 1)
                    | 1 0 0 0 |

               4                                               9
     (1, 0) : R  <------------------------------------------- R  : (2, 0)
                    {0} | 1 b2-ac bc-ad c2-bd 0 0 0 0  0  |
                    {2} | 0 0     0     0     1 0 0 -c d  |
                    {2} | 0 0     0     0     0 1 0 b  -c |
                    {2} | 0 0     0     0     0 0 1 -a b  |

               4                                 9
     (1, 1) : R  <----------------------------- R  : (2, 1)
                    {0} | 1 0 0 0 0 0 0 0 0 |
                    {2} | 0 1 0 0 1 0 0 0 0 |
                    {2} | 0 0 1 0 0 1 0 0 0 |
                    {2} | 0 0 0 1 0 0 1 0 0 |

               4                                 9
     (1, 2) : R  <----------------------------- R  : (2, 2)
                    {0} | 1 0 0 0 0 0 0 0 0 |
                    {2} | 0 1 0 0 0 0 0 0 0 |
                    {2} | 0 0 1 0 0 0 0 0 0 |
                    {2} | 0 0 0 1 0 0 0 0 0 |

               9                                                               16
     (2, 0) : R  <----------------------------------------------------------- R   : (3, 0)
                    {0} | 1 b2-ac bc-ad c2-bd 0 0 0 0 0 0 0  0  0  0  0 0 |
                    {2} | 0 0     0     0     1 0 0 0 0 0 -c d  0  0  0 0 |
                    {2} | 0 0     0     0     0 1 0 0 0 0 b  -c 0  0  0 0 |
                    {2} | 0 0     0     0     0 0 1 0 0 0 -a b  0  0  0 0 |
                    {2} | 0 0     0     0     0 0 0 1 0 0 0  0  -c d  0 0 |
                    {2} | 0 0     0     0     0 0 0 0 1 0 0  0  b  -c 0 0 |
                    {2} | 0 0     0     0     0 0 0 0 0 1 0  0  -a b  0 0 |
                    {3} | 0 0     0     0     0 0 0 0 0 0 0  0  0  0  1 0 |
                    {3} | 0 0     0     0     0 0 0 0 0 0 0  0  0  0  0 1 |

               9                                               16
     (2, 1) : R  <------------------------------------------- R   : (3, 1)
                    {0} | 1 0 0 0 0 0 0 0 0 0 0 0 0 0 0 0 |
                    {2} | 0 1 0 0 1 0 0 0 0 0 0 0 0 0 0 0 |
                    {2} | 0 0 1 0 0 1 0 0 0 0 0 0 0 0 0 0 |
                    {2} | 0 0 0 1 0 0 1 0 0 0 0 0 0 0 0 0 |
                    {2} | 0 0 0 0 0 0 0 1 0 0 0 0 0 0 0 0 |
                    {2} | 0 0 0 0 0 0 0 0 1 0 0 0 0 0 0 0 |
                    {2} | 0 0 0 0 0 0 0 0 0 1 0 0 0 0 0 0 |
                    {3} | 0 0 0 0 0 0 0 0 0 0 0 0 1 0 1 0 |
                    {3} | 0 0 0 0 0 0 0 0 0 0 0 0 0 1 0 1 |

               9                                               16
     (2, 2) : R  <------------------------------------------- R   : (3, 2)
                    {0} | 1 0 0 0 0 0 0 0 0 0 0 0 0 0 0 0 |
                    {2} | 0 1 0 0 0 0 0 0 0 0 0 0 0 0 0 0 |
                    {2} | 0 0 1 0 0 0 0 0 0 0 0 0 0 0 0 0 |
                    {2} | 0 0 0 1 0 0 0 0 0 0 0 0 0 0 0 0 |
                    {2} | 0 0 0 0 1 0 0 1 0 0 0 0 0 0 0 0 |
                    {2} | 0 0 0 0 0 1 0 0 1 0 0 0 0 0 0 0 |
                    {2} | 0 0 0 0 0 0 1 0 0 1 0 0 0 0 0 0 |
                    {3} | 0 0 0 0 0 0 0 0 0 0 1 0 1 0 0 0 |
                    {3} | 0 0 0 0 0 0 0 0 0 0 0 1 0 1 0 0 |

               9                                               16
     (2, 3) : R  <------------------------------------------- R   : (3, 3)
                    {0} | 1 0 0 0 0 0 0 0 0 0 0 0 0 0 0 0 |
                    {2} | 0 1 0 0 0 0 0 0 0 0 0 0 0 0 0 0 |
                    {2} | 0 0 1 0 0 0 0 0 0 0 0 0 0 0 0 0 |
                    {2} | 0 0 0 1 0 0 0 0 0 0 0 0 0 0 0 0 |
                    {2} | 0 0 0 0 1 0 0 0 0 0 0 0 0 0 0 0 |
                    {2} | 0 0 0 0 0 1 0 0 0 0 0 0 0 0 0 0 |
                    {2} | 0 0 0 0 0 0 1 0 0 0 0 0 0 0 0 0 |
                    {3} | 0 0 0 0 0 0 0 0 0 0 1 0 0 0 0 0 |
                    {3} | 0 0 0 0 0 0 0 0 0 0 0 1 0 0 0 0 |

               16                                                                                   25
     (3, 0) : R   <------------------------------------------------------------------------------- R   : (4, 0)
                     {0} | 1 b2-ac bc-ad c2-bd 0 0 0 0 0 0 0 0 0 0  0  0  0  0  0  0 0 0 0 0 0 |
                     {2} | 0 0     0     0     1 0 0 0 0 0 0 0 0 -c d  0  0  0  0  0 0 0 0 0 0 |
                     {2} | 0 0     0     0     0 1 0 0 0 0 0 0 0 b  -c 0  0  0  0  0 0 0 0 0 0 |
                     {2} | 0 0     0     0     0 0 1 0 0 0 0 0 0 -a b  0  0  0  0  0 0 0 0 0 0 |
                     {2} | 0 0     0     0     0 0 0 1 0 0 0 0 0 0  0  -c d  0  0  0 0 0 0 0 0 |
                     {2} | 0 0     0     0     0 0 0 0 1 0 0 0 0 0  0  b  -c 0  0  0 0 0 0 0 0 |
                     {2} | 0 0     0     0     0 0 0 0 0 1 0 0 0 0  0  -a b  0  0  0 0 0 0 0 0 |
                     {2} | 0 0     0     0     0 0 0 0 0 0 1 0 0 0  0  0  0  -c d  0 0 0 0 0 0 |
                     {2} | 0 0     0     0     0 0 0 0 0 0 0 1 0 0  0  0  0  b  -c 0 0 0 0 0 0 |
                     {2} | 0 0     0     0     0 0 0 0 0 0 0 0 1 0  0  0  0  -a b  0 0 0 0 0 0 |
                     {3} | 0 0     0     0     0 0 0 0 0 0 0 0 0 0  0  0  0  0  0  1 0 0 0 0 0 |
                     {3} | 0 0     0     0     0 0 0 0 0 0 0 0 0 0  0  0  0  0  0  0 1 0 0 0 0 |
                     {3} | 0 0     0     0     0 0 0 0 0 0 0 0 0 0  0  0  0  0  0  0 0 1 0 0 0 |
                     {3} | 0 0     0     0     0 0 0 0 0 0 0 0 0 0  0  0  0  0  0  0 0 0 1 0 0 |
                     {3} | 0 0     0     0     0 0 0 0 0 0 0 0 0 0  0  0  0  0  0  0 0 0 0 1 0 |
                     {3} | 0 0     0     0     0 0 0 0 0 0 0 0 0 0  0  0  0  0  0  0 0 0 0 0 1 |

               16                                                                 25
     (3, 1) : R   <------------------------------------------------------------- R   : (4, 1)
                     {0} | 1 0 0 0 0 0 0 0 0 0 0 0 0 0 0 0 0 0 0 0 0 0 0 0 0 |
                     {2} | 0 1 0 0 1 0 0 0 0 0 0 0 0 0 0 0 0 0 0 0 0 0 0 0 0 |
                     {2} | 0 0 1 0 0 1 0 0 0 0 0 0 0 0 0 0 0 0 0 0 0 0 0 0 0 |
                     {2} | 0 0 0 1 0 0 1 0 0 0 0 0 0 0 0 0 0 0 0 0 0 0 0 0 0 |
                     {2} | 0 0 0 0 0 0 0 1 0 0 0 0 0 0 0 0 0 0 0 0 0 0 0 0 0 |
                     {2} | 0 0 0 0 0 0 0 0 1 0 0 0 0 0 0 0 0 0 0 0 0 0 0 0 0 |
                     {2} | 0 0 0 0 0 0 0 0 0 1 0 0 0 0 0 0 0 0 0 0 0 0 0 0 0 |
                     {2} | 0 0 0 0 0 0 0 0 0 0 1 0 0 0 0 0 0 0 0 0 0 0 0 0 0 |
                     {2} | 0 0 0 0 0 0 0 0 0 0 0 1 0 0 0 0 0 0 0 0 0 0 0 0 0 |
                     {2} | 0 0 0 0 0 0 0 0 0 0 0 0 1 0 0 0 0 0 0 0 0 0 0 0 0 |
                     {3} | 0 0 0 0 0 0 0 0 0 0 0 0 0 0 0 1 0 0 0 1 0 0 0 0 0 |
                     {3} | 0 0 0 0 0 0 0 0 0 0 0 0 0 0 0 0 1 0 0 0 1 0 0 0 0 |
                     {3} | 0 0 0 0 0 0 0 0 0 0 0 0 0 0 0 0 0 1 0 0 0 1 0 0 0 |
                     {3} | 0 0 0 0 0 0 0 0 0 0 0 0 0 0 0 0 0 0 1 0 0 0 1 0 0 |
                     {3} | 0 0 0 0 0 0 0 0 0 0 0 0 0 0 0 0 0 0 0 0 0 0 0 1 0 |
                     {3} | 0 0 0 0 0 0 0 0 0 0 0 0 0 0 0 0 0 0 0 0 0 0 0 0 1 |

               16                                                                 25
     (3, 2) : R   <------------------------------------------------------------- R   : (4, 2)
                     {0} | 1 0 0 0 0 0 0 0 0 0 0 0 0 0 0 0 0 0 0 0 0 0 0 0 0 |
                     {2} | 0 1 0 0 0 0 0 0 0 0 0 0 0 0 0 0 0 0 0 0 0 0 0 0 0 |
                     {2} | 0 0 1 0 0 0 0 0 0 0 0 0 0 0 0 0 0 0 0 0 0 0 0 0 0 |
                     {2} | 0 0 0 1 0 0 0 0 0 0 0 0 0 0 0 0 0 0 0 0 0 0 0 0 0 |
                     {2} | 0 0 0 0 1 0 0 1 0 0 0 0 0 0 0 0 0 0 0 0 0 0 0 0 0 |
                     {2} | 0 0 0 0 0 1 0 0 1 0 0 0 0 0 0 0 0 0 0 0 0 0 0 0 0 |
                     {2} | 0 0 0 0 0 0 1 0 0 1 0 0 0 0 0 0 0 0 0 0 0 0 0 0 0 |
                     {2} | 0 0 0 0 0 0 0 0 0 0 1 0 0 0 0 0 0 0 0 0 0 0 0 0 0 |
                     {2} | 0 0 0 0 0 0 0 0 0 0 0 1 0 0 0 0 0 0 0 0 0 0 0 0 0 |
                     {2} | 0 0 0 0 0 0 0 0 0 0 0 0 1 0 0 0 0 0 0 0 0 0 0 0 0 |
                     {3} | 0 0 0 0 0 0 0 0 0 0 0 0 0 1 0 1 0 0 0 0 0 0 0 0 0 |
                     {3} | 0 0 0 0 0 0 0 0 0 0 0 0 0 0 1 0 1 0 0 0 0 0 0 0 0 |
                     {3} | 0 0 0 0 0 0 0 0 0 0 0 0 0 0 0 0 0 1 0 0 0 0 0 0 0 |
                     {3} | 0 0 0 0 0 0 0 0 0 0 0 0 0 0 0 0 0 0 1 0 0 0 0 0 0 |
                     {3} | 0 0 0 0 0 0 0 0 0 0 0 0 0 0 0 0 0 0 0 0 0 1 0 1 0 |
                     {3} | 0 0 0 0 0 0 0 0 0 0 0 0 0 0 0 0 0 0 0 0 0 0 1 0 1 |

               16                                                                 25
     (3, 3) : R   <------------------------------------------------------------- R   : (4, 3)
                     {0} | 1 0 0 0 0 0 0 0 0 0 0 0 0 0 0 0 0 0 0 0 0 0 0 0 0 |
                     {2} | 0 1 0 0 0 0 0 0 0 0 0 0 0 0 0 0 0 0 0 0 0 0 0 0 0 |
                     {2} | 0 0 1 0 0 0 0 0 0 0 0 0 0 0 0 0 0 0 0 0 0 0 0 0 0 |
                     {2} | 0 0 0 1 0 0 0 0 0 0 0 0 0 0 0 0 0 0 0 0 0 0 0 0 0 |
                     {2} | 0 0 0 0 1 0 0 0 0 0 0 0 0 0 0 0 0 0 0 0 0 0 0 0 0 |
                     {2} | 0 0 0 0 0 1 0 0 0 0 0 0 0 0 0 0 0 0 0 0 0 0 0 0 0 |
                     {2} | 0 0 0 0 0 0 1 0 0 0 0 0 0 0 0 0 0 0 0 0 0 0 0 0 0 |
                     {2} | 0 0 0 0 0 0 0 1 0 0 1 0 0 0 0 0 0 0 0 0 0 0 0 0 0 |
                     {2} | 0 0 0 0 0 0 0 0 1 0 0 1 0 0 0 0 0 0 0 0 0 0 0 0 0 |
                     {2} | 0 0 0 0 0 0 0 0 0 1 0 0 1 0 0 0 0 0 0 0 0 0 0 0 0 |
                     {3} | 0 0 0 0 0 0 0 0 0 0 0 0 0 1 0 0 0 0 0 0 0 0 0 0 0 |
                     {3} | 0 0 0 0 0 0 0 0 0 0 0 0 0 0 1 0 0 0 0 0 0 0 0 0 0 |
                     {3} | 0 0 0 0 0 0 0 0 0 0 0 0 0 0 0 1 0 1 0 0 0 0 0 0 0 |
                     {3} | 0 0 0 0 0 0 0 0 0 0 0 0 0 0 0 0 1 0 1 0 0 0 0 0 0 |
                     {3} | 0 0 0 0 0 0 0 0 0 0 0 0 0 0 0 0 0 0 0 1 0 1 0 0 0 |
                     {3} | 0 0 0 0 0 0 0 0 0 0 0 0 0 0 0 0 0 0 0 0 1 0 1 0 0 |

               16                                                                 25
     (3, 4) : R   <------------------------------------------------------------- R   : (4, 4)
                     {0} | 1 0 0 0 0 0 0 0 0 0 0 0 0 0 0 0 0 0 0 0 0 0 0 0 0 |
                     {2} | 0 1 0 0 0 0 0 0 0 0 0 0 0 0 0 0 0 0 0 0 0 0 0 0 0 |
                     {2} | 0 0 1 0 0 0 0 0 0 0 0 0 0 0 0 0 0 0 0 0 0 0 0 0 0 |
                     {2} | 0 0 0 1 0 0 0 0 0 0 0 0 0 0 0 0 0 0 0 0 0 0 0 0 0 |
                     {2} | 0 0 0 0 1 0 0 0 0 0 0 0 0 0 0 0 0 0 0 0 0 0 0 0 0 |
                     {2} | 0 0 0 0 0 1 0 0 0 0 0 0 0 0 0 0 0 0 0 0 0 0 0 0 0 |
                     {2} | 0 0 0 0 0 0 1 0 0 0 0 0 0 0 0 0 0 0 0 0 0 0 0 0 0 |
                     {2} | 0 0 0 0 0 0 0 1 0 0 0 0 0 0 0 0 0 0 0 0 0 0 0 0 0 |
                     {2} | 0 0 0 0 0 0 0 0 1 0 0 0 0 0 0 0 0 0 0 0 0 0 0 0 0 |
                     {2} | 0 0 0 0 0 0 0 0 0 1 0 0 0 0 0 0 0 0 0 0 0 0 0 0 0 |
                     {3} | 0 0 0 0 0 0 0 0 0 0 0 0 0 1 0 0 0 0 0 0 0 0 0 0 0 |
                     {3} | 0 0 0 0 0 0 0 0 0 0 0 0 0 0 1 0 0 0 0 0 0 0 0 0 0 |
                     {3} | 0 0 0 0 0 0 0 0 0 0 0 0 0 0 0 1 0 0 0 0 0 0 0 0 0 |
                     {3} | 0 0 0 0 0 0 0 0 0 0 0 0 0 0 0 0 1 0 0 0 0 0 0 0 0 |
                     {3} | 0 0 0 0 0 0 0 0 0 0 0 0 0 0 0 0 0 0 0 1 0 0 0 0 0 |
                     {3} | 0 0 0 0 0 0 0 0 0 0 0 0 0 0 0 0 0 0 0 0 1 0 0 0 0 |

o5 : SimplicialModuleMap

i6 : C.dd

               1                               4
o6 = (0, 0) : R  <--------------------------- R  : (1, 0)
                    | 1 b2-ac bc-ad c2-bd |

               1                   4
     (0, 1) : R  <--------------- R  : (1, 1)
                    | 1 0 0 0 |

               4                                               9
     (1, 0) : R  <------------------------------------------- R  : (2, 0)
                    {0} | 1 b2-ac bc-ad c2-bd 0 0 0 0  0  |
                    {2} | 0 0     0     0     1 0 0 -c d  |
                    {2} | 0 0     0     0     0 1 0 b  -c |
                    {2} | 0 0     0     0     0 0 1 -a b  |

               4                                 9
     (1, 1) : R  <----------------------------- R  : (2, 1)
                    {0} | 1 0 0 0 0 0 0 0 0 |
                    {2} | 0 1 0 0 1 0 0 0 0 |
                    {2} | 0 0 1 0 0 1 0 0 0 |
                    {2} | 0 0 0 1 0 0 1 0 0 |

               4                                 9
     (1, 2) : R  <----------------------------- R  : (2, 2)
                    {0} | 1 0 0 0 0 0 0 0 0 |
                    {2} | 0 1 0 0 0 0 0 0 0 |
                    {2} | 0 0 1 0 0 0 0 0 0 |
                    {2} | 0 0 0 1 0 0 0 0 0 |

               9                                                               16
     (2, 0) : R  <----------------------------------------------------------- R   : (3, 0)
                    {0} | 1 b2-ac bc-ad c2-bd 0 0 0 0 0 0 0  0  0  0  0 0 |
                    {2} | 0 0     0     0     1 0 0 0 0 0 -c d  0  0  0 0 |
                    {2} | 0 0     0     0     0 1 0 0 0 0 b  -c 0  0  0 0 |
                    {2} | 0 0     0     0     0 0 1 0 0 0 -a b  0  0  0 0 |
                    {2} | 0 0     0     0     0 0 0 1 0 0 0  0  -c d  0 0 |
                    {2} | 0 0     0     0     0 0 0 0 1 0 0  0  b  -c 0 0 |
                    {2} | 0 0     0     0     0 0 0 0 0 1 0  0  -a b  0 0 |
                    {3} | 0 0     0     0     0 0 0 0 0 0 0  0  0  0  1 0 |
                    {3} | 0 0     0     0     0 0 0 0 0 0 0  0  0  0  0 1 |

               9                                               16
     (2, 1) : R  <------------------------------------------- R   : (3, 1)
                    {0} | 1 0 0 0 0 0 0 0 0 0 0 0 0 0 0 0 |
                    {2} | 0 1 0 0 1 0 0 0 0 0 0 0 0 0 0 0 |
                    {2} | 0 0 1 0 0 1 0 0 0 0 0 0 0 0 0 0 |
                    {2} | 0 0 0 1 0 0 1 0 0 0 0 0 0 0 0 0 |
                    {2} | 0 0 0 0 0 0 0 1 0 0 0 0 0 0 0 0 |
                    {2} | 0 0 0 0 0 0 0 0 1 0 0 0 0 0 0 0 |
                    {2} | 0 0 0 0 0 0 0 0 0 1 0 0 0 0 0 0 |
                    {3} | 0 0 0 0 0 0 0 0 0 0 0 0 1 0 1 0 |
                    {3} | 0 0 0 0 0 0 0 0 0 0 0 0 0 1 0 1 |

               9                                               16
     (2, 2) : R  <------------------------------------------- R   : (3, 2)
                    {0} | 1 0 0 0 0 0 0 0 0 0 0 0 0 0 0 0 |
                    {2} | 0 1 0 0 0 0 0 0 0 0 0 0 0 0 0 0 |
                    {2} | 0 0 1 0 0 0 0 0 0 0 0 0 0 0 0 0 |
                    {2} | 0 0 0 1 0 0 0 0 0 0 0 0 0 0 0 0 |
                    {2} | 0 0 0 0 1 0 0 1 0 0 0 0 0 0 0 0 |
                    {2} | 0 0 0 0 0 1 0 0 1 0 0 0 0 0 0 0 |
                    {2} | 0 0 0 0 0 0 1 0 0 1 0 0 0 0 0 0 |
                    {3} | 0 0 0 0 0 0 0 0 0 0 1 0 1 0 0 0 |
                    {3} | 0 0 0 0 0 0 0 0 0 0 0 1 0 1 0 0 |

               9                                               16
     (2, 3) : R  <------------------------------------------- R   : (3, 3)
                    {0} | 1 0 0 0 0 0 0 0 0 0 0 0 0 0 0 0 |
                    {2} | 0 1 0 0 0 0 0 0 0 0 0 0 0 0 0 0 |
                    {2} | 0 0 1 0 0 0 0 0 0 0 0 0 0 0 0 0 |
                    {2} | 0 0 0 1 0 0 0 0 0 0 0 0 0 0 0 0 |
                    {2} | 0 0 0 0 1 0 0 0 0 0 0 0 0 0 0 0 |
                    {2} | 0 0 0 0 0 1 0 0 0 0 0 0 0 0 0 0 |
                    {2} | 0 0 0 0 0 0 1 0 0 0 0 0 0 0 0 0 |
                    {3} | 0 0 0 0 0 0 0 0 0 0 1 0 0 0 0 0 |
                    {3} | 0 0 0 0 0 0 0 0 0 0 0 1 0 0 0 0 |

               16                                                                                   25
     (3, 0) : R   <------------------------------------------------------------------------------- R   : (4, 0)
                     {0} | 1 b2-ac bc-ad c2-bd 0 0 0 0 0 0 0 0 0 0  0  0  0  0  0  0 0 0 0 0 0 |
                     {2} | 0 0     0     0     1 0 0 0 0 0 0 0 0 -c d  0  0  0  0  0 0 0 0 0 0 |
                     {2} | 0 0     0     0     0 1 0 0 0 0 0 0 0 b  -c 0  0  0  0  0 0 0 0 0 0 |
                     {2} | 0 0     0     0     0 0 1 0 0 0 0 0 0 -a b  0  0  0  0  0 0 0 0 0 0 |
                     {2} | 0 0     0     0     0 0 0 1 0 0 0 0 0 0  0  -c d  0  0  0 0 0 0 0 0 |
                     {2} | 0 0     0     0     0 0 0 0 1 0 0 0 0 0  0  b  -c 0  0  0 0 0 0 0 0 |
                     {2} | 0 0     0     0     0 0 0 0 0 1 0 0 0 0  0  -a b  0  0  0 0 0 0 0 0 |
                     {2} | 0 0     0     0     0 0 0 0 0 0 1 0 0 0  0  0  0  -c d  0 0 0 0 0 0 |
                     {2} | 0 0     0     0     0 0 0 0 0 0 0 1 0 0  0  0  0  b  -c 0 0 0 0 0 0 |
                     {2} | 0 0     0     0     0 0 0 0 0 0 0 0 1 0  0  0  0  -a b  0 0 0 0 0 0 |
                     {3} | 0 0     0     0     0 0 0 0 0 0 0 0 0 0  0  0  0  0  0  1 0 0 0 0 0 |
                     {3} | 0 0     0     0     0 0 0 0 0 0 0 0 0 0  0  0  0  0  0  0 1 0 0 0 0 |
                     {3} | 0 0     0     0     0 0 0 0 0 0 0 0 0 0  0  0  0  0  0  0 0 1 0 0 0 |
                     {3} | 0 0     0     0     0 0 0 0 0 0 0 0 0 0  0  0  0  0  0  0 0 0 1 0 0 |
                     {3} | 0 0     0     0     0 0 0 0 0 0 0 0 0 0  0  0  0  0  0  0 0 0 0 1 0 |
                     {3} | 0 0     0     0     0 0 0 0 0 0 0 0 0 0  0  0  0  0  0  0 0 0 0 0 1 |

               16                                                                 25
     (3, 1) : R   <------------------------------------------------------------- R   : (4, 1)
                     {0} | 1 0 0 0 0 0 0 0 0 0 0 0 0 0 0 0 0 0 0 0 0 0 0 0 0 |
                     {2} | 0 1 0 0 1 0 0 0 0 0 0 0 0 0 0 0 0 0 0 0 0 0 0 0 0 |
                     {2} | 0 0 1 0 0 1 0 0 0 0 0 0 0 0 0 0 0 0 0 0 0 0 0 0 0 |
                     {2} | 0 0 0 1 0 0 1 0 0 0 0 0 0 0 0 0 0 0 0 0 0 0 0 0 0 |
                     {2} | 0 0 0 0 0 0 0 1 0 0 0 0 0 0 0 0 0 0 0 0 0 0 0 0 0 |
                     {2} | 0 0 0 0 0 0 0 0 1 0 0 0 0 0 0 0 0 0 0 0 0 0 0 0 0 |
                     {2} | 0 0 0 0 0 0 0 0 0 1 0 0 0 0 0 0 0 0 0 0 0 0 0 0 0 |
                     {2} | 0 0 0 0 0 0 0 0 0 0 1 0 0 0 0 0 0 0 0 0 0 0 0 0 0 |
                     {2} | 0 0 0 0 0 0 0 0 0 0 0 1 0 0 0 0 0 0 0 0 0 0 0 0 0 |
                     {2} | 0 0 0 0 0 0 0 0 0 0 0 0 1 0 0 0 0 0 0 0 0 0 0 0 0 |
                     {3} | 0 0 0 0 0 0 0 0 0 0 0 0 0 0 0 1 0 0 0 1 0 0 0 0 0 |
                     {3} | 0 0 0 0 0 0 0 0 0 0 0 0 0 0 0 0 1 0 0 0 1 0 0 0 0 |
                     {3} | 0 0 0 0 0 0 0 0 0 0 0 0 0 0 0 0 0 1 0 0 0 1 0 0 0 |
                     {3} | 0 0 0 0 0 0 0 0 0 0 0 0 0 0 0 0 0 0 1 0 0 0 1 0 0 |
                     {3} | 0 0 0 0 0 0 0 0 0 0 0 0 0 0 0 0 0 0 0 0 0 0 0 1 0 |
                     {3} | 0 0 0 0 0 0 0 0 0 0 0 0 0 0 0 0 0 0 0 0 0 0 0 0 1 |

               16                                                                 25
     (3, 2) : R   <------------------------------------------------------------- R   : (4, 2)
                     {0} | 1 0 0 0 0 0 0 0 0 0 0 0 0 0 0 0 0 0 0 0 0 0 0 0 0 |
                     {2} | 0 1 0 0 0 0 0 0 0 0 0 0 0 0 0 0 0 0 0 0 0 0 0 0 0 |
                     {2} | 0 0 1 0 0 0 0 0 0 0 0 0 0 0 0 0 0 0 0 0 0 0 0 0 0 |
                     {2} | 0 0 0 1 0 0 0 0 0 0 0 0 0 0 0 0 0 0 0 0 0 0 0 0 0 |
                     {2} | 0 0 0 0 1 0 0 1 0 0 0 0 0 0 0 0 0 0 0 0 0 0 0 0 0 |
                     {2} | 0 0 0 0 0 1 0 0 1 0 0 0 0 0 0 0 0 0 0 0 0 0 0 0 0 |
                     {2} | 0 0 0 0 0 0 1 0 0 1 0 0 0 0 0 0 0 0 0 0 0 0 0 0 0 |
                     {2} | 0 0 0 0 0 0 0 0 0 0 1 0 0 0 0 0 0 0 0 0 0 0 0 0 0 |
                     {2} | 0 0 0 0 0 0 0 0 0 0 0 1 0 0 0 0 0 0 0 0 0 0 0 0 0 |
                     {2} | 0 0 0 0 0 0 0 0 0 0 0 0 1 0 0 0 0 0 0 0 0 0 0 0 0 |
                     {3} | 0 0 0 0 0 0 0 0 0 0 0 0 0 1 0 1 0 0 0 0 0 0 0 0 0 |
                     {3} | 0 0 0 0 0 0 0 0 0 0 0 0 0 0 1 0 1 0 0 0 0 0 0 0 0 |
                     {3} | 0 0 0 0 0 0 0 0 0 0 0 0 0 0 0 0 0 1 0 0 0 0 0 0 0 |
                     {3} | 0 0 0 0 0 0 0 0 0 0 0 0 0 0 0 0 0 0 1 0 0 0 0 0 0 |
                     {3} | 0 0 0 0 0 0 0 0 0 0 0 0 0 0 0 0 0 0 0 0 0 1 0 1 0 |
                     {3} | 0 0 0 0 0 0 0 0 0 0 0 0 0 0 0 0 0 0 0 0 0 0 1 0 1 |

               16                                                                 25
     (3, 3) : R   <------------------------------------------------------------- R   : (4, 3)
                     {0} | 1 0 0 0 0 0 0 0 0 0 0 0 0 0 0 0 0 0 0 0 0 0 0 0 0 |
                     {2} | 0 1 0 0 0 0 0 0 0 0 0 0 0 0 0 0 0 0 0 0 0 0 0 0 0 |
                     {2} | 0 0 1 0 0 0 0 0 0 0 0 0 0 0 0 0 0 0 0 0 0 0 0 0 0 |
                     {2} | 0 0 0 1 0 0 0 0 0 0 0 0 0 0 0 0 0 0 0 0 0 0 0 0 0 |
                     {2} | 0 0 0 0 1 0 0 0 0 0 0 0 0 0 0 0 0 0 0 0 0 0 0 0 0 |
                     {2} | 0 0 0 0 0 1 0 0 0 0 0 0 0 0 0 0 0 0 0 0 0 0 0 0 0 |
                     {2} | 0 0 0 0 0 0 1 0 0 0 0 0 0 0 0 0 0 0 0 0 0 0 0 0 0 |
                     {2} | 0 0 0 0 0 0 0 1 0 0 1 0 0 0 0 0 0 0 0 0 0 0 0 0 0 |
                     {2} | 0 0 0 0 0 0 0 0 1 0 0 1 0 0 0 0 0 0 0 0 0 0 0 0 0 |
                     {2} | 0 0 0 0 0 0 0 0 0 1 0 0 1 0 0 0 0 0 0 0 0 0 0 0 0 |
                     {3} | 0 0 0 0 0 0 0 0 0 0 0 0 0 1 0 0 0 0 0 0 0 0 0 0 0 |
                     {3} | 0 0 0 0 0 0 0 0 0 0 0 0 0 0 1 0 0 0 0 0 0 0 0 0 0 |
                     {3} | 0 0 0 0 0 0 0 0 0 0 0 0 0 0 0 1 0 1 0 0 0 0 0 0 0 |
                     {3} | 0 0 0 0 0 0 0 0 0 0 0 0 0 0 0 0 1 0 1 0 0 0 0 0 0 |
                     {3} | 0 0 0 0 0 0 0 0 0 0 0 0 0 0 0 0 0 0 0 1 0 1 0 0 0 |
                     {3} | 0 0 0 0 0 0 0 0 0 0 0 0 0 0 0 0 0 0 0 0 1 0 1 0 0 |

               16                                                                 25
     (3, 4) : R   <------------------------------------------------------------- R   : (4, 4)
                     {0} | 1 0 0 0 0 0 0 0 0 0 0 0 0 0 0 0 0 0 0 0 0 0 0 0 0 |
                     {2} | 0 1 0 0 0 0 0 0 0 0 0 0 0 0 0 0 0 0 0 0 0 0 0 0 0 |
                     {2} | 0 0 1 0 0 0 0 0 0 0 0 0 0 0 0 0 0 0 0 0 0 0 0 0 0 |
                     {2} | 0 0 0 1 0 0 0 0 0 0 0 0 0 0 0 0 0 0 0 0 0 0 0 0 0 |
                     {2} | 0 0 0 0 1 0 0 0 0 0 0 0 0 0 0 0 0 0 0 0 0 0 0 0 0 |
                     {2} | 0 0 0 0 0 1 0 0 0 0 0 0 0 0 0 0 0 0 0 0 0 0 0 0 0 |
                     {2} | 0 0 0 0 0 0 1 0 0 0 0 0 0 0 0 0 0 0 0 0 0 0 0 0 0 |
                     {2} | 0 0 0 0 0 0 0 1 0 0 0 0 0 0 0 0 0 0 0 0 0 0 0 0 0 |
                     {2} | 0 0 0 0 0 0 0 0 1 0 0 0 0 0 0 0 0 0 0 0 0 0 0 0 0 |
                     {2} | 0 0 0 0 0 0 0 0 0 1 0 0 0 0 0 0 0 0 0 0 0 0 0 0 0 |
                     {3} | 0 0 0 0 0 0 0 0 0 0 0 0 0 1 0 0 0 0 0 0 0 0 0 0 0 |
                     {3} | 0 0 0 0 0 0 0 0 0 0 0 0 0 0 1 0 0 0 0 0 0 0 0 0 0 |
                     {3} | 0 0 0 0 0 0 0 0 0 0 0 0 0 0 0 1 0 0 0 0 0 0 0 0 0 |
                     {3} | 0 0 0 0 0 0 0 0 0 0 0 0 0 0 0 0 1 0 0 0 0 0 0 0 0 |
                     {3} | 0 0 0 0 0 0 0 0 0 0 0 0 0 0 0 0 0 0 0 1 0 0 0 0 0 |
                     {3} | 0 0 0 0 0 0 0 0 0 0 0 0 0 0 0 0 0 0 0 0 1 0 0 0 0 |

o6 : SimplicialModuleMap

i7 : ss^C

               4                 1
o7 = (1, 0) : R  <------------- R  : (0, 0)
                    {0} | 1 |
                    {2} | 0 |
                    {2} | 0 |
                    {2} | 0 |

               9                       4
     (2, 0) : R  <------------------- R  : (1, 0)
                    {0} | 1 0 0 0 |
                    {2} | 0 0 0 0 |
                    {2} | 0 0 0 0 |
                    {2} | 0 0 0 0 |
                    {2} | 0 1 0 0 |
                    {2} | 0 0 1 0 |
                    {2} | 0 0 0 1 |
                    {3} | 0 0 0 0 |
                    {3} | 0 0 0 0 |

               9                       4
     (2, 1) : R  <------------------- R  : (1, 1)
                    {0} | 1 0 0 0 |
                    {2} | 0 1 0 0 |
                    {2} | 0 0 1 0 |
                    {2} | 0 0 0 1 |
                    {2} | 0 0 0 0 |
                    {2} | 0 0 0 0 |
                    {2} | 0 0 0 0 |
                    {3} | 0 0 0 0 |
                    {3} | 0 0 0 0 |

               16                                 9
     (3, 0) : R   <----------------------------- R  : (2, 0)
                     {0} | 1 0 0 0 0 0 0 0 0 |
                     {2} | 0 0 0 0 0 0 0 0 0 |
                     {2} | 0 0 0 0 0 0 0 0 0 |
                     {2} | 0 0 0 0 0 0 0 0 0 |
                     {2} | 0 1 0 0 0 0 0 0 0 |
                     {2} | 0 0 1 0 0 0 0 0 0 |
                     {2} | 0 0 0 1 0 0 0 0 0 |
                     {2} | 0 0 0 0 1 0 0 0 0 |
                     {2} | 0 0 0 0 0 1 0 0 0 |
                     {2} | 0 0 0 0 0 0 1 0 0 |
                     {3} | 0 0 0 0 0 0 0 0 0 |
                     {3} | 0 0 0 0 0 0 0 0 0 |
                     {3} | 0 0 0 0 0 0 0 0 0 |
                     {3} | 0 0 0 0 0 0 0 0 0 |
                     {3} | 0 0 0 0 0 0 0 1 0 |
                     {3} | 0 0 0 0 0 0 0 0 1 |

               16                                 9
     (3, 1) : R   <----------------------------- R  : (2, 1)
                     {0} | 1 0 0 0 0 0 0 0 0 |
                     {2} | 0 1 0 0 0 0 0 0 0 |
                     {2} | 0 0 1 0 0 0 0 0 0 |
                     {2} | 0 0 0 1 0 0 0 0 0 |
                     {2} | 0 0 0 0 0 0 0 0 0 |
                     {2} | 0 0 0 0 0 0 0 0 0 |
                     {2} | 0 0 0 0 0 0 0 0 0 |
                     {2} | 0 0 0 0 1 0 0 0 0 |
                     {2} | 0 0 0 0 0 1 0 0 0 |
                     {2} | 0 0 0 0 0 0 1 0 0 |
                     {3} | 0 0 0 0 0 0 0 0 0 |
                     {3} | 0 0 0 0 0 0 0 0 0 |
                     {3} | 0 0 0 0 0 0 0 1 0 |
                     {3} | 0 0 0 0 0 0 0 0 1 |
                     {3} | 0 0 0 0 0 0 0 0 0 |
                     {3} | 0 0 0 0 0 0 0 0 0 |

               16                                 9
     (3, 2) : R   <----------------------------- R  : (2, 2)
                     {0} | 1 0 0 0 0 0 0 0 0 |
                     {2} | 0 1 0 0 0 0 0 0 0 |
                     {2} | 0 0 1 0 0 0 0 0 0 |
                     {2} | 0 0 0 1 0 0 0 0 0 |
                     {2} | 0 0 0 0 1 0 0 0 0 |
                     {2} | 0 0 0 0 0 1 0 0 0 |
                     {2} | 0 0 0 0 0 0 1 0 0 |
                     {2} | 0 0 0 0 0 0 0 0 0 |
                     {2} | 0 0 0 0 0 0 0 0 0 |
                     {2} | 0 0 0 0 0 0 0 0 0 |
                     {3} | 0 0 0 0 0 0 0 1 0 |
                     {3} | 0 0 0 0 0 0 0 0 1 |
                     {3} | 0 0 0 0 0 0 0 0 0 |
                     {3} | 0 0 0 0 0 0 0 0 0 |
                     {3} | 0 0 0 0 0 0 0 0 0 |
                     {3} | 0 0 0 0 0 0 0 0 0 |

               25                                               16
     (4, 0) : R   <------------------------------------------- R   : (3, 0)
                     {0} | 1 0 0 0 0 0 0 0 0 0 0 0 0 0 0 0 |
                     {2} | 0 0 0 0 0 0 0 0 0 0 0 0 0 0 0 0 |
                     {2} | 0 0 0 0 0 0 0 0 0 0 0 0 0 0 0 0 |
                     {2} | 0 0 0 0 0 0 0 0 0 0 0 0 0 0 0 0 |
                     {2} | 0 1 0 0 0 0 0 0 0 0 0 0 0 0 0 0 |
                     {2} | 0 0 1 0 0 0 0 0 0 0 0 0 0 0 0 0 |
                     {2} | 0 0 0 1 0 0 0 0 0 0 0 0 0 0 0 0 |
                     {2} | 0 0 0 0 1 0 0 0 0 0 0 0 0 0 0 0 |
                     {2} | 0 0 0 0 0 1 0 0 0 0 0 0 0 0 0 0 |
                     {2} | 0 0 0 0 0 0 1 0 0 0 0 0 0 0 0 0 |
                     {2} | 0 0 0 0 0 0 0 1 0 0 0 0 0 0 0 0 |
                     {2} | 0 0 0 0 0 0 0 0 1 0 0 0 0 0 0 0 |
                     {2} | 0 0 0 0 0 0 0 0 0 1 0 0 0 0 0 0 |
                     {3} | 0 0 0 0 0 0 0 0 0 0 0 0 0 0 0 0 |
                     {3} | 0 0 0 0 0 0 0 0 0 0 0 0 0 0 0 0 |
                     {3} | 0 0 0 0 0 0 0 0 0 0 0 0 0 0 0 0 |
                     {3} | 0 0 0 0 0 0 0 0 0 0 0 0 0 0 0 0 |
                     {3} | 0 0 0 0 0 0 0 0 0 0 0 0 0 0 0 0 |
                     {3} | 0 0 0 0 0 0 0 0 0 0 0 0 0 0 0 0 |
                     {3} | 0 0 0 0 0 0 0 0 0 0 1 0 0 0 0 0 |
                     {3} | 0 0 0 0 0 0 0 0 0 0 0 1 0 0 0 0 |
                     {3} | 0 0 0 0 0 0 0 0 0 0 0 0 1 0 0 0 |
                     {3} | 0 0 0 0 0 0 0 0 0 0 0 0 0 1 0 0 |
                     {3} | 0 0 0 0 0 0 0 0 0 0 0 0 0 0 1 0 |
                     {3} | 0 0 0 0 0 0 0 0 0 0 0 0 0 0 0 1 |

               25                                               16
     (4, 1) : R   <------------------------------------------- R   : (3, 1)
                     {0} | 1 0 0 0 0 0 0 0 0 0 0 0 0 0 0 0 |
                     {2} | 0 1 0 0 0 0 0 0 0 0 0 0 0 0 0 0 |
                     {2} | 0 0 1 0 0 0 0 0 0 0 0 0 0 0 0 0 |
                     {2} | 0 0 0 1 0 0 0 0 0 0 0 0 0 0 0 0 |
                     {2} | 0 0 0 0 0 0 0 0 0 0 0 0 0 0 0 0 |
                     {2} | 0 0 0 0 0 0 0 0 0 0 0 0 0 0 0 0 |
                     {2} | 0 0 0 0 0 0 0 0 0 0 0 0 0 0 0 0 |
                     {2} | 0 0 0 0 1 0 0 0 0 0 0 0 0 0 0 0 |
                     {2} | 0 0 0 0 0 1 0 0 0 0 0 0 0 0 0 0 |
                     {2} | 0 0 0 0 0 0 1 0 0 0 0 0 0 0 0 0 |
                     {2} | 0 0 0 0 0 0 0 1 0 0 0 0 0 0 0 0 |
                     {2} | 0 0 0 0 0 0 0 0 1 0 0 0 0 0 0 0 |
                     {2} | 0 0 0 0 0 0 0 0 0 1 0 0 0 0 0 0 |
                     {3} | 0 0 0 0 0 0 0 0 0 0 0 0 0 0 0 0 |
                     {3} | 0 0 0 0 0 0 0 0 0 0 0 0 0 0 0 0 |
                     {3} | 0 0 0 0 0 0 0 0 0 0 1 0 0 0 0 0 |
                     {3} | 0 0 0 0 0 0 0 0 0 0 0 1 0 0 0 0 |
                     {3} | 0 0 0 0 0 0 0 0 0 0 0 0 1 0 0 0 |
                     {3} | 0 0 0 0 0 0 0 0 0 0 0 0 0 1 0 0 |
                     {3} | 0 0 0 0 0 0 0 0 0 0 0 0 0 0 0 0 |
                     {3} | 0 0 0 0 0 0 0 0 0 0 0 0 0 0 0 0 |
                     {3} | 0 0 0 0 0 0 0 0 0 0 0 0 0 0 0 0 |
                     {3} | 0 0 0 0 0 0 0 0 0 0 0 0 0 0 0 0 |
                     {3} | 0 0 0 0 0 0 0 0 0 0 0 0 0 0 1 0 |
                     {3} | 0 0 0 0 0 0 0 0 0 0 0 0 0 0 0 1 |

               25                                               16
     (4, 2) : R   <------------------------------------------- R   : (3, 2)
                     {0} | 1 0 0 0 0 0 0 0 0 0 0 0 0 0 0 0 |
                     {2} | 0 1 0 0 0 0 0 0 0 0 0 0 0 0 0 0 |
                     {2} | 0 0 1 0 0 0 0 0 0 0 0 0 0 0 0 0 |
                     {2} | 0 0 0 1 0 0 0 0 0 0 0 0 0 0 0 0 |
                     {2} | 0 0 0 0 1 0 0 0 0 0 0 0 0 0 0 0 |
                     {2} | 0 0 0 0 0 1 0 0 0 0 0 0 0 0 0 0 |
                     {2} | 0 0 0 0 0 0 1 0 0 0 0 0 0 0 0 0 |
                     {2} | 0 0 0 0 0 0 0 0 0 0 0 0 0 0 0 0 |
                     {2} | 0 0 0 0 0 0 0 0 0 0 0 0 0 0 0 0 |
                     {2} | 0 0 0 0 0 0 0 0 0 0 0 0 0 0 0 0 |
                     {2} | 0 0 0 0 0 0 0 1 0 0 0 0 0 0 0 0 |
                     {2} | 0 0 0 0 0 0 0 0 1 0 0 0 0 0 0 0 |
                     {2} | 0 0 0 0 0 0 0 0 0 1 0 0 0 0 0 0 |
                     {3} | 0 0 0 0 0 0 0 0 0 0 1 0 0 0 0 0 |
                     {3} | 0 0 0 0 0 0 0 0 0 0 0 1 0 0 0 0 |
                     {3} | 0 0 0 0 0 0 0 0 0 0 0 0 0 0 0 0 |
                     {3} | 0 0 0 0 0 0 0 0 0 0 0 0 0 0 0 0 |
                     {3} | 0 0 0 0 0 0 0 0 0 0 0 0 1 0 0 0 |
                     {3} | 0 0 0 0 0 0 0 0 0 0 0 0 0 1 0 0 |
                     {3} | 0 0 0 0 0 0 0 0 0 0 0 0 0 0 0 0 |
                     {3} | 0 0 0 0 0 0 0 0 0 0 0 0 0 0 0 0 |
                     {3} | 0 0 0 0 0 0 0 0 0 0 0 0 0 0 1 0 |
                     {3} | 0 0 0 0 0 0 0 0 0 0 0 0 0 0 0 1 |
                     {3} | 0 0 0 0 0 0 0 0 0 0 0 0 0 0 0 0 |
                     {3} | 0 0 0 0 0 0 0 0 0 0 0 0 0 0 0 0 |

               25                                               16
     (4, 3) : R   <------------------------------------------- R   : (3, 3)
                     {0} | 1 0 0 0 0 0 0 0 0 0 0 0 0 0 0 0 |
                     {2} | 0 1 0 0 0 0 0 0 0 0 0 0 0 0 0 0 |
                     {2} | 0 0 1 0 0 0 0 0 0 0 0 0 0 0 0 0 |
                     {2} | 0 0 0 1 0 0 0 0 0 0 0 0 0 0 0 0 |
                     {2} | 0 0 0 0 1 0 0 0 0 0 0 0 0 0 0 0 |
                     {2} | 0 0 0 0 0 1 0 0 0 0 0 0 0 0 0 0 |
                     {2} | 0 0 0 0 0 0 1 0 0 0 0 0 0 0 0 0 |
                     {2} | 0 0 0 0 0 0 0 1 0 0 0 0 0 0 0 0 |
                     {2} | 0 0 0 0 0 0 0 0 1 0 0 0 0 0 0 0 |
                     {2} | 0 0 0 0 0 0 0 0 0 1 0 0 0 0 0 0 |
                     {2} | 0 0 0 0 0 0 0 0 0 0 0 0 0 0 0 0 |
                     {2} | 0 0 0 0 0 0 0 0 0 0 0 0 0 0 0 0 |
                     {2} | 0 0 0 0 0 0 0 0 0 0 0 0 0 0 0 0 |
                     {3} | 0 0 0 0 0 0 0 0 0 0 1 0 0 0 0 0 |
                     {3} | 0 0 0 0 0 0 0 0 0 0 0 1 0 0 0 0 |
                     {3} | 0 0 0 0 0 0 0 0 0 0 0 0 1 0 0 0 |
                     {3} | 0 0 0 0 0 0 0 0 0 0 0 0 0 1 0 0 |
                     {3} | 0 0 0 0 0 0 0 0 0 0 0 0 0 0 0 0 |
                     {3} | 0 0 0 0 0 0 0 0 0 0 0 0 0 0 0 0 |
                     {3} | 0 0 0 0 0 0 0 0 0 0 0 0 0 0 1 0 |
                     {3} | 0 0 0 0 0 0 0 0 0 0 0 0 0 0 0 1 |
                     {3} | 0 0 0 0 0 0 0 0 0 0 0 0 0 0 0 0 |
                     {3} | 0 0 0 0 0 0 0 0 0 0 0 0 0 0 0 0 |
                     {3} | 0 0 0 0 0 0 0 0 0 0 0 0 0 0 0 0 |
                     {3} | 0 0 0 0 0 0 0 0 0 0 0 0 0 0 0 0 |

o7 : SimplicialModuleMap

i8 : C.ss

               4                 1
o8 = (1, 0) : R  <------------- R  : (0, 0)
                    {0} | 1 |
                    {2} | 0 |
                    {2} | 0 |
                    {2} | 0 |

               9                       4
     (2, 0) : R  <------------------- R  : (1, 0)
                    {0} | 1 0 0 0 |
                    {2} | 0 0 0 0 |
                    {2} | 0 0 0 0 |
                    {2} | 0 0 0 0 |
                    {2} | 0 1 0 0 |
                    {2} | 0 0 1 0 |
                    {2} | 0 0 0 1 |
                    {3} | 0 0 0 0 |
                    {3} | 0 0 0 0 |

               9                       4
     (2, 1) : R  <------------------- R  : (1, 1)
                    {0} | 1 0 0 0 |
                    {2} | 0 1 0 0 |
                    {2} | 0 0 1 0 |
                    {2} | 0 0 0 1 |
                    {2} | 0 0 0 0 |
                    {2} | 0 0 0 0 |
                    {2} | 0 0 0 0 |
                    {3} | 0 0 0 0 |
                    {3} | 0 0 0 0 |

               16                                 9
     (3, 0) : R   <----------------------------- R  : (2, 0)
                     {0} | 1 0 0 0 0 0 0 0 0 |
                     {2} | 0 0 0 0 0 0 0 0 0 |
                     {2} | 0 0 0 0 0 0 0 0 0 |
                     {2} | 0 0 0 0 0 0 0 0 0 |
                     {2} | 0 1 0 0 0 0 0 0 0 |
                     {2} | 0 0 1 0 0 0 0 0 0 |
                     {2} | 0 0 0 1 0 0 0 0 0 |
                     {2} | 0 0 0 0 1 0 0 0 0 |
                     {2} | 0 0 0 0 0 1 0 0 0 |
                     {2} | 0 0 0 0 0 0 1 0 0 |
                     {3} | 0 0 0 0 0 0 0 0 0 |
                     {3} | 0 0 0 0 0 0 0 0 0 |
                     {3} | 0 0 0 0 0 0 0 0 0 |
                     {3} | 0 0 0 0 0 0 0 0 0 |
                     {3} | 0 0 0 0 0 0 0 1 0 |
                     {3} | 0 0 0 0 0 0 0 0 1 |

               16                                 9
     (3, 1) : R   <----------------------------- R  : (2, 1)
                     {0} | 1 0 0 0 0 0 0 0 0 |
                     {2} | 0 1 0 0 0 0 0 0 0 |
                     {2} | 0 0 1 0 0 0 0 0 0 |
                     {2} | 0 0 0 1 0 0 0 0 0 |
                     {2} | 0 0 0 0 0 0 0 0 0 |
                     {2} | 0 0 0 0 0 0 0 0 0 |
                     {2} | 0 0 0 0 0 0 0 0 0 |
                     {2} | 0 0 0 0 1 0 0 0 0 |
                     {2} | 0 0 0 0 0 1 0 0 0 |
                     {2} | 0 0 0 0 0 0 1 0 0 |
                     {3} | 0 0 0 0 0 0 0 0 0 |
                     {3} | 0 0 0 0 0 0 0 0 0 |
                     {3} | 0 0 0 0 0 0 0 1 0 |
                     {3} | 0 0 0 0 0 0 0 0 1 |
                     {3} | 0 0 0 0 0 0 0 0 0 |
                     {3} | 0 0 0 0 0 0 0 0 0 |

               16                                 9
     (3, 2) : R   <----------------------------- R  : (2, 2)
                     {0} | 1 0 0 0 0 0 0 0 0 |
                     {2} | 0 1 0 0 0 0 0 0 0 |
                     {2} | 0 0 1 0 0 0 0 0 0 |
                     {2} | 0 0 0 1 0 0 0 0 0 |
                     {2} | 0 0 0 0 1 0 0 0 0 |
                     {2} | 0 0 0 0 0 1 0 0 0 |
                     {2} | 0 0 0 0 0 0 1 0 0 |
                     {2} | 0 0 0 0 0 0 0 0 0 |
                     {2} | 0 0 0 0 0 0 0 0 0 |
                     {2} | 0 0 0 0 0 0 0 0 0 |
                     {3} | 0 0 0 0 0 0 0 1 0 |
                     {3} | 0 0 0 0 0 0 0 0 1 |
                     {3} | 0 0 0 0 0 0 0 0 0 |
                     {3} | 0 0 0 0 0 0 0 0 0 |
                     {3} | 0 0 0 0 0 0 0 0 0 |
                     {3} | 0 0 0 0 0 0 0 0 0 |

               25                                               16
     (4, 0) : R   <------------------------------------------- R   : (3, 0)
                     {0} | 1 0 0 0 0 0 0 0 0 0 0 0 0 0 0 0 |
                     {2} | 0 0 0 0 0 0 0 0 0 0 0 0 0 0 0 0 |
                     {2} | 0 0 0 0 0 0 0 0 0 0 0 0 0 0 0 0 |
                     {2} | 0 0 0 0 0 0 0 0 0 0 0 0 0 0 0 0 |
                     {2} | 0 1 0 0 0 0 0 0 0 0 0 0 0 0 0 0 |
                     {2} | 0 0 1 0 0 0 0 0 0 0 0 0 0 0 0 0 |
                     {2} | 0 0 0 1 0 0 0 0 0 0 0 0 0 0 0 0 |
                     {2} | 0 0 0 0 1 0 0 0 0 0 0 0 0 0 0 0 |
                     {2} | 0 0 0 0 0 1 0 0 0 0 0 0 0 0 0 0 |
                     {2} | 0 0 0 0 0 0 1 0 0 0 0 0 0 0 0 0 |
                     {2} | 0 0 0 0 0 0 0 1 0 0 0 0 0 0 0 0 |
                     {2} | 0 0 0 0 0 0 0 0 1 0 0 0 0 0 0 0 |
                     {2} | 0 0 0 0 0 0 0 0 0 1 0 0 0 0 0 0 |
                     {3} | 0 0 0 0 0 0 0 0 0 0 0 0 0 0 0 0 |
                     {3} | 0 0 0 0 0 0 0 0 0 0 0 0 0 0 0 0 |
                     {3} | 0 0 0 0 0 0 0 0 0 0 0 0 0 0 0 0 |
                     {3} | 0 0 0 0 0 0 0 0 0 0 0 0 0 0 0 0 |
                     {3} | 0 0 0 0 0 0 0 0 0 0 0 0 0 0 0 0 |
                     {3} | 0 0 0 0 0 0 0 0 0 0 0 0 0 0 0 0 |
                     {3} | 0 0 0 0 0 0 0 0 0 0 1 0 0 0 0 0 |
                     {3} | 0 0 0 0 0 0 0 0 0 0 0 1 0 0 0 0 |
                     {3} | 0 0 0 0 0 0 0 0 0 0 0 0 1 0 0 0 |
                     {3} | 0 0 0 0 0 0 0 0 0 0 0 0 0 1 0 0 |
                     {3} | 0 0 0 0 0 0 0 0 0 0 0 0 0 0 1 0 |
                     {3} | 0 0 0 0 0 0 0 0 0 0 0 0 0 0 0 1 |

               25                                               16
     (4, 1) : R   <------------------------------------------- R   : (3, 1)
                     {0} | 1 0 0 0 0 0 0 0 0 0 0 0 0 0 0 0 |
                     {2} | 0 1 0 0 0 0 0 0 0 0 0 0 0 0 0 0 |
                     {2} | 0 0 1 0 0 0 0 0 0 0 0 0 0 0 0 0 |
                     {2} | 0 0 0 1 0 0 0 0 0 0 0 0 0 0 0 0 |
                     {2} | 0 0 0 0 0 0 0 0 0 0 0 0 0 0 0 0 |
                     {2} | 0 0 0 0 0 0 0 0 0 0 0 0 0 0 0 0 |
                     {2} | 0 0 0 0 0 0 0 0 0 0 0 0 0 0 0 0 |
                     {2} | 0 0 0 0 1 0 0 0 0 0 0 0 0 0 0 0 |
                     {2} | 0 0 0 0 0 1 0 0 0 0 0 0 0 0 0 0 |
                     {2} | 0 0 0 0 0 0 1 0 0 0 0 0 0 0 0 0 |
                     {2} | 0 0 0 0 0 0 0 1 0 0 0 0 0 0 0 0 |
                     {2} | 0 0 0 0 0 0 0 0 1 0 0 0 0 0 0 0 |
                     {2} | 0 0 0 0 0 0 0 0 0 1 0 0 0 0 0 0 |
                     {3} | 0 0 0 0 0 0 0 0 0 0 0 0 0 0 0 0 |
                     {3} | 0 0 0 0 0 0 0 0 0 0 0 0 0 0 0 0 |
                     {3} | 0 0 0 0 0 0 0 0 0 0 1 0 0 0 0 0 |
                     {3} | 0 0 0 0 0 0 0 0 0 0 0 1 0 0 0 0 |
                     {3} | 0 0 0 0 0 0 0 0 0 0 0 0 1 0 0 0 |
                     {3} | 0 0 0 0 0 0 0 0 0 0 0 0 0 1 0 0 |
                     {3} | 0 0 0 0 0 0 0 0 0 0 0 0 0 0 0 0 |
                     {3} | 0 0 0 0 0 0 0 0 0 0 0 0 0 0 0 0 |
                     {3} | 0 0 0 0 0 0 0 0 0 0 0 0 0 0 0 0 |
                     {3} | 0 0 0 0 0 0 0 0 0 0 0 0 0 0 0 0 |
                     {3} | 0 0 0 0 0 0 0 0 0 0 0 0 0 0 1 0 |
                     {3} | 0 0 0 0 0 0 0 0 0 0 0 0 0 0 0 1 |

               25                                               16
     (4, 2) : R   <------------------------------------------- R   : (3, 2)
                     {0} | 1 0 0 0 0 0 0 0 0 0 0 0 0 0 0 0 |
                     {2} | 0 1 0 0 0 0 0 0 0 0 0 0 0 0 0 0 |
                     {2} | 0 0 1 0 0 0 0 0 0 0 0 0 0 0 0 0 |
                     {2} | 0 0 0 1 0 0 0 0 0 0 0 0 0 0 0 0 |
                     {2} | 0 0 0 0 1 0 0 0 0 0 0 0 0 0 0 0 |
                     {2} | 0 0 0 0 0 1 0 0 0 0 0 0 0 0 0 0 |
                     {2} | 0 0 0 0 0 0 1 0 0 0 0 0 0 0 0 0 |
                     {2} | 0 0 0 0 0 0 0 0 0 0 0 0 0 0 0 0 |
                     {2} | 0 0 0 0 0 0 0 0 0 0 0 0 0 0 0 0 |
                     {2} | 0 0 0 0 0 0 0 0 0 0 0 0 0 0 0 0 |
                     {2} | 0 0 0 0 0 0 0 1 0 0 0 0 0 0 0 0 |
                     {2} | 0 0 0 0 0 0 0 0 1 0 0 0 0 0 0 0 |
                     {2} | 0 0 0 0 0 0 0 0 0 1 0 0 0 0 0 0 |
                     {3} | 0 0 0 0 0 0 0 0 0 0 1 0 0 0 0 0 |
                     {3} | 0 0 0 0 0 0 0 0 0 0 0 1 0 0 0 0 |
                     {3} | 0 0 0 0 0 0 0 0 0 0 0 0 0 0 0 0 |
                     {3} | 0 0 0 0 0 0 0 0 0 0 0 0 0 0 0 0 |
                     {3} | 0 0 0 0 0 0 0 0 0 0 0 0 1 0 0 0 |
                     {3} | 0 0 0 0 0 0 0 0 0 0 0 0 0 1 0 0 |
                     {3} | 0 0 0 0 0 0 0 0 0 0 0 0 0 0 0 0 |
                     {3} | 0 0 0 0 0 0 0 0 0 0 0 0 0 0 0 0 |
                     {3} | 0 0 0 0 0 0 0 0 0 0 0 0 0 0 1 0 |
                     {3} | 0 0 0 0 0 0 0 0 0 0 0 0 0 0 0 1 |
                     {3} | 0 0 0 0 0 0 0 0 0 0 0 0 0 0 0 0 |
                     {3} | 0 0 0 0 0 0 0 0 0 0 0 0 0 0 0 0 |

               25                                               16
     (4, 3) : R   <------------------------------------------- R   : (3, 3)
                     {0} | 1 0 0 0 0 0 0 0 0 0 0 0 0 0 0 0 |
                     {2} | 0 1 0 0 0 0 0 0 0 0 0 0 0 0 0 0 |
                     {2} | 0 0 1 0 0 0 0 0 0 0 0 0 0 0 0 0 |
                     {2} | 0 0 0 1 0 0 0 0 0 0 0 0 0 0 0 0 |
                     {2} | 0 0 0 0 1 0 0 0 0 0 0 0 0 0 0 0 |
                     {2} | 0 0 0 0 0 1 0 0 0 0 0 0 0 0 0 0 |
                     {2} | 0 0 0 0 0 0 1 0 0 0 0 0 0 0 0 0 |
                     {2} | 0 0 0 0 0 0 0 1 0 0 0 0 0 0 0 0 |
                     {2} | 0 0 0 0 0 0 0 0 1 0 0 0 0 0 0 0 |
                     {2} | 0 0 0 0 0 0 0 0 0 1 0 0 0 0 0 0 |
                     {2} | 0 0 0 0 0 0 0 0 0 0 0 0 0 0 0 0 |
                     {2} | 0 0 0 0 0 0 0 0 0 0 0 0 0 0 0 0 |
                     {2} | 0 0 0 0 0 0 0 0 0 0 0 0 0 0 0 0 |
                     {3} | 0 0 0 0 0 0 0 0 0 0 1 0 0 0 0 0 |
                     {3} | 0 0 0 0 0 0 0 0 0 0 0 1 0 0 0 0 |
                     {3} | 0 0 0 0 0 0 0 0 0 0 0 0 1 0 0 0 |
                     {3} | 0 0 0 0 0 0 0 0 0 0 0 0 0 1 0 0 |
                     {3} | 0 0 0 0 0 0 0 0 0 0 0 0 0 0 0 0 |
                     {3} | 0 0 0 0 0 0 0 0 0 0 0 0 0 0 0 0 |
                     {3} | 0 0 0 0 0 0 0 0 0 0 0 0 0 0 1 0 |
                     {3} | 0 0 0 0 0 0 0 0 0 0 0 0 0 0 0 1 |
                     {3} | 0 0 0 0 0 0 0 0 0 0 0 0 0 0 0 0 |
                     {3} | 0 0 0 0 0 0 0 0 0 0 0 0 0 0 0 0 |
                     {3} | 0 0 0 0 0 0 0 0 0 0 0 0 0 0 0 0 |
                     {3} | 0 0 0 0 0 0 0 0 0 0 0 0 0 0 0 0 |

o8 : SimplicialModuleMap

i9 : assert(dd^C === C.dd)

i10 : assert(source dd^C === C)

i11 : assert(target dd^C === C)

i12 : assert(degree dd^C === -1)

i13 : assert(source ss^C === C)

i14 : assert(target ss^C === C)

i15 : assert(degree ss^C === 1)

i16 : dd^C_(2,0)

o16 = {0} | 1 b2-ac bc-ad c2-bd 0 0 0 0  0  |
      {2} | 0 0     0     0     1 0 0 -c d  |
      {2} | 0 0     0     0     0 1 0 b  -c |
      {2} | 0 0     0     0     0 0 1 -a b  |

              4      9
o16 : Matrix R  <-- R

i17 : assert(source dd^C_2 === C_2)

i18 : assert(target dd^C_2 === C_1)

i19 : 
