-- -*- M2-comint -*- hash: 11929407633655906207

i1 : Q = ZZ/101[a..d]

o1 = Q

o1 : PolynomialRing

i2 : K = koszulComplex vars Q

      1      4      6      4      1
o2 = Q  <-- Q  <-- Q  <-- Q  <-- Q
                                  
     0      1      2      3      4

o2 : Complex

i3 : S = simplicialModule(K, 6, Degeneracy => true)

      1      5      15      35      70      126      210
o3 = Q  <-- Q  <-- Q   <-- Q   <-- Q   <-- Q    <-- Q   <-- ...
                                                     
     0      1      2       3       4       5        6

o3 : SimplicialModule

i4 : elapsedTime S**S
 -- .486226s elapsed

      1      25      225      1225      4900      15876      44100
o4 = Q  <-- Q   <-- Q    <-- Q     <-- Q     <-- Q      <-- Q     <-- ...
                                                             
     0      1       2        3         4         5          6

o4 : SimplicialModule

i5 : fS = forgetDegeneracy S

      1      5      15      35      70      126      210
o5 = Q  <-- Q  <-- Q   <-- Q   <-- Q   <-- Q    <-- Q   <-- ...
                                                     
     0      1      2       3       4       5        6

o5 : SimplicialModule

i6 : elapsedTime fS**fS --faster when degeneracy is ignored
 -- .479401s elapsed

      1      25      225      1225      4900      15876      44100
o6 = Q  <-- Q   <-- Q    <-- Q     <-- Q     <-- Q      <-- Q     <-- ...
                                                             
     0      1       2        3         4         5          6

o6 : SimplicialModule

i7 : 
