-- -*- M2-comint -*- hash: 1727244742691564377

i1 : R = ZZ/101[a,b,c];

i2 : C = simplicialModule(F = freeResolution coker matrix{{a^2-b^2,b^3-c^3,c^4}}, Degeneracy => true)

      1      4      10      20
o2 = R  <-- R  <-- R   <-- R  <-- ...
                            
     0      1      2       3

o2 : SimplicialModule

i3 : D = simplicialModule(G = freeResolution coker vars R, Degeneracy => true)

      1      4      10      20
o3 = R  <-- R  <-- R   <-- R  <-- ...
                            
     0      1      2       3

o3 : SimplicialModule

i4 : H = hashTable { 0 => map(D_0, C_0, 1),
         1 => map(D_1, C_1, {{1, 0, 0, 0}, {0, a, 0, 0}, {0, -b, b^2, 0}, {0, 0, -c^2, c^3}}),
         2 => map(D_2, C_2, {{1, 0, 0, 0, 0, 0, 0, 0, 0, 0},
                              {0, a, 0, 0, 0, 0,0, 0, 0, 0},
                              {0, -b, b^2, 0, 0, 0, 0, 0, 0, 0},
                              {0, 0,-c^2, c^3, 0, 0, 0, 0, 0, 0},
                              {0, 0, 0, 0, a, 0, 0, 0, 0,0},
                              {0, 0, 0, 0, -b, b^2, 0, 0, 0, 0},
                              {0, 0, 0, 0, 0,-c^2, c^3, 0, 0, 0},
                              {0, 0, 0, 0, 0, 0, 0, a*b^2, 0, 0},
                              {0, 0, 0, 0, 0, 0, 0, -a*c^2, a*c^3, 0},
                              {0, 0, 0, 0, 0, 0, 0, b*c^2, -b*c^3, b^2*c^3}}),
         3 => map(D_3, C_3, {{1, 0, 0, 0, 0, 0, 0, 0, 0, 0, 0, 0, 0, 0, 0, 0,0, 0, 0, 0},
                             {0, a, 0, 0, 0, 0, 0, 0, 0, 0, 0, 0, 0, 0, 0,0, 0, 0, 0, 0},
                             {0, -b, b^2, 0, 0, 0, 0, 0, 0, 0, 0, 0, 0,0, 0, 0, 0, 0, 0, 0},
                             {0, 0, -c^2, c^3, 0, 0, 0, 0, 0, 0,0, 0, 0, 0, 0, 0, 0, 0, 0, 0},
                             {0, 0, 0, 0, a, 0, 0, 0, 0,0, 0, 0, 0, 0, 0, 0, 0, 0, 0, 0},
                             {0, 0, 0, 0, -b, b^2, 0,0, 0, 0, 0, 0, 0, 0, 0, 0, 0, 0, 0, 0},
                             {0, 0, 0, 0, 0,-c^2, c^3, 0, 0, 0, 0, 0, 0, 0, 0, 0, 0, 0, 0, 0},
                             {0, 0,0, 0, 0, 0, 0, a, 0, 0, 0, 0, 0, 0, 0, 0, 0, 0, 0, 0},
                             {0,0, 0, 0, 0, 0, 0, -b, b^2, 0, 0, 0, 0, 0, 0, 0, 0, 0, 0,0},
                             {0, 0, 0, 0, 0, 0, 0, 0, -c^2, c^3, 0, 0, 0, 0, 0, 0,0, 0, 0, 0},
                             {0, 0, 0, 0, 0, 0, 0, 0, 0, 0, a*b^2, 0, 0,0, 0, 0, 0, 0, 0, 0},
                             {0, 0, 0, 0, 0, 0, 0, 0, 0, 0,-a*c^2, a*c^3, 0, 0, 0, 0, 0, 0, 0,0},
                             {0, 0, 0, 0, 0, 0,0, 0, 0, 0, b*c^2, -b*c^3, b^2*c^3, 0, 0, 0, 0, 0, 0, 0},
                             {0, 0, 0, 0, 0, 0, 0, 0, 0, 0, 0, 0, 0, a*b^2, 0, 0, 0, 0,0, 0},
                             {0, 0, 0, 0, 0, 0, 0, 0, 0, 0, 0, 0, 0, -a*c^2,a*c^3, 0, 0, 0, 0, 0},
                             {0, 0, 0, 0, 0, 0, 0, 0, 0, 0, 0,0, 0, b*c^2, -b*c^3, b^2*c^3, 0, 0, 0, 0},
                             {0, 0, 0, 0, 0,0, 0, 0, 0, 0, 0, 0, 0, 0, 0, 0, a*b^2, 0, 0, 0},
                             {0, 0,0, 0, 0, 0, 0, 0, 0, 0, 0, 0, 0, 0, 0, 0, -a*c^2, a*c^3,0, 0},
                             {0, 0, 0, 0, 0, 0, 0, 0, 0, 0, 0, 0, 0, 0, 0, 0, b*c^2, -b*c^3, b^2*c^3, 0},
                             {0, 0, 0, 0, 0, 0, 0, 0, 0, 0,0, 0, 0, 0, 0, 0, 0, 0, 0, a*b^2*c^3}})
                     }

o4 = HashTable{0 => | 1 |                                                                                     }
               1 => {0} | 1 0  0   0  |
                    {1} | 0 a  0   0  |
                    {1} | 0 -b b2  0  |
                    {1} | 0 0  -c2 c3 |
               2 => {0} | 1 0  0   0  0  0   0  0    0    0    |
                    {1} | 0 a  0   0  0  0   0  0    0    0    |
                    {1} | 0 -b b2  0  0  0   0  0    0    0    |
                    {1} | 0 0  -c2 c3 0  0   0  0    0    0    |
                    {1} | 0 0  0   0  a  0   0  0    0    0    |
                    {1} | 0 0  0   0  -b b2  0  0    0    0    |
                    {1} | 0 0  0   0  0  -c2 c3 0    0    0    |
                    {2} | 0 0  0   0  0  0   0  ab2  0    0    |
                    {2} | 0 0  0   0  0  0   0  -ac2 ac3  0    |
                    {2} | 0 0  0   0  0  0   0  bc2  -bc3 b2c3 |
               3 => {0} | 1 0  0   0  0  0   0  0  0   0  0    0    0    0    0    0    0    0    0    0     |
                    {1} | 0 a  0   0  0  0   0  0  0   0  0    0    0    0    0    0    0    0    0    0     |
                    {1} | 0 -b b2  0  0  0   0  0  0   0  0    0    0    0    0    0    0    0    0    0     |
                    {1} | 0 0  -c2 c3 0  0   0  0  0   0  0    0    0    0    0    0    0    0    0    0     |
                    {1} | 0 0  0   0  a  0   0  0  0   0  0    0    0    0    0    0    0    0    0    0     |
                    {1} | 0 0  0   0  -b b2  0  0  0   0  0    0    0    0    0    0    0    0    0    0     |
                    {1} | 0 0  0   0  0  -c2 c3 0  0   0  0    0    0    0    0    0    0    0    0    0     |
                    {1} | 0 0  0   0  0  0   0  a  0   0  0    0    0    0    0    0    0    0    0    0     |
                    {1} | 0 0  0   0  0  0   0  -b b2  0  0    0    0    0    0    0    0    0    0    0     |
                    {1} | 0 0  0   0  0  0   0  0  -c2 c3 0    0    0    0    0    0    0    0    0    0     |
                    {2} | 0 0  0   0  0  0   0  0  0   0  ab2  0    0    0    0    0    0    0    0    0     |
                    {2} | 0 0  0   0  0  0   0  0  0   0  -ac2 ac3  0    0    0    0    0    0    0    0     |
                    {2} | 0 0  0   0  0  0   0  0  0   0  bc2  -bc3 b2c3 0    0    0    0    0    0    0     |
                    {2} | 0 0  0   0  0  0   0  0  0   0  0    0    0    ab2  0    0    0    0    0    0     |
                    {2} | 0 0  0   0  0  0   0  0  0   0  0    0    0    -ac2 ac3  0    0    0    0    0     |
                    {2} | 0 0  0   0  0  0   0  0  0   0  0    0    0    bc2  -bc3 b2c3 0    0    0    0     |
                    {2} | 0 0  0   0  0  0   0  0  0   0  0    0    0    0    0    0    ab2  0    0    0     |
                    {2} | 0 0  0   0  0  0   0  0  0   0  0    0    0    0    0    0    -ac2 ac3  0    0     |
                    {2} | 0 0  0   0  0  0   0  0  0   0  0    0    0    0    0    0    bc2  -bc3 b2c3 0     |
                    {3} | 0 0  0   0  0  0   0  0  0   0  0    0    0    0    0    0    0    0    0    ab2c3 |

o4 : HashTable

i5 : f = map(D, C, H)

          1             1
o5 = 0 : R  <--------- R  : 0
               | 1 |

          4                           4
     1 : R  <----------------------- R  : 1
               {0} | 1 0  0   0  |
               {1} | 0 a  0   0  |
               {1} | 0 -b b2  0  |
               {1} | 0 0  -c2 c3 |

          10                                                    10
     2 : R   <------------------------------------------------ R   : 2
                {0} | 1 0  0   0  0  0   0  0    0    0    |
                {1} | 0 a  0   0  0  0   0  0    0    0    |
                {1} | 0 -b b2  0  0  0   0  0    0    0    |
                {1} | 0 0  -c2 c3 0  0   0  0    0    0    |
                {1} | 0 0  0   0  a  0   0  0    0    0    |
                {1} | 0 0  0   0  -b b2  0  0    0    0    |
                {1} | 0 0  0   0  0  -c2 c3 0    0    0    |
                {2} | 0 0  0   0  0  0   0  ab2  0    0    |
                {2} | 0 0  0   0  0  0   0  -ac2 ac3  0    |
                {2} | 0 0  0   0  0  0   0  bc2  -bc3 b2c3 |

          20                                                                                                  20
     3 : R   <---------------------------------------------------------------------------------------------- R   : 3
                {0} | 1 0  0   0  0  0   0  0  0   0  0    0    0    0    0    0    0    0    0    0     |
                {1} | 0 a  0   0  0  0   0  0  0   0  0    0    0    0    0    0    0    0    0    0     |
                {1} | 0 -b b2  0  0  0   0  0  0   0  0    0    0    0    0    0    0    0    0    0     |
                {1} | 0 0  -c2 c3 0  0   0  0  0   0  0    0    0    0    0    0    0    0    0    0     |
                {1} | 0 0  0   0  a  0   0  0  0   0  0    0    0    0    0    0    0    0    0    0     |
                {1} | 0 0  0   0  -b b2  0  0  0   0  0    0    0    0    0    0    0    0    0    0     |
                {1} | 0 0  0   0  0  -c2 c3 0  0   0  0    0    0    0    0    0    0    0    0    0     |
                {1} | 0 0  0   0  0  0   0  a  0   0  0    0    0    0    0    0    0    0    0    0     |
                {1} | 0 0  0   0  0  0   0  -b b2  0  0    0    0    0    0    0    0    0    0    0     |
                {1} | 0 0  0   0  0  0   0  0  -c2 c3 0    0    0    0    0    0    0    0    0    0     |
                {2} | 0 0  0   0  0  0   0  0  0   0  ab2  0    0    0    0    0    0    0    0    0     |
                {2} | 0 0  0   0  0  0   0  0  0   0  -ac2 ac3  0    0    0    0    0    0    0    0     |
                {2} | 0 0  0   0  0  0   0  0  0   0  bc2  -bc3 b2c3 0    0    0    0    0    0    0     |
                {2} | 0 0  0   0  0  0   0  0  0   0  0    0    0    ab2  0    0    0    0    0    0     |
                {2} | 0 0  0   0  0  0   0  0  0   0  0    0    0    -ac2 ac3  0    0    0    0    0     |
                {2} | 0 0  0   0  0  0   0  0  0   0  0    0    0    bc2  -bc3 b2c3 0    0    0    0     |
                {2} | 0 0  0   0  0  0   0  0  0   0  0    0    0    0    0    0    ab2  0    0    0     |
                {2} | 0 0  0   0  0  0   0  0  0   0  0    0    0    0    0    0    -ac2 ac3  0    0     |
                {2} | 0 0  0   0  0  0   0  0  0   0  0    0    0    0    0    0    bc2  -bc3 b2c3 0     |
                {3} | 0 0  0   0  0  0   0  0  0   0  0    0    0    0    0    0    0    0    0    ab2c3 |

o5 : SimplicialModuleMap

i6 : assert isWellDefined f

i7 : assert isHomogeneous f

i8 : assert(degree f == 0)

i9 : assert isSimplicialMorphism f

i10 : h = map(C, C, hashTable {})

o10 = 0

o10 : SimplicialModuleMap

i11 : h == 0

o11 = true

i12 : 
