-- -*- M2-comint -*- hash: 9619936895057048265

i1 : R = QQ[a,b,c]

o1 = R

o1 : PolynomialRing

i2 : C = simplicialModule(freeResolution coker vars R, Degeneracy => true)

      1      4      10      20
o2 = R  <-- R  <-- R   <-- R  <-- ...
                            
     0      1      2       3

o2 : SimplicialModule

i3 : D = simplicialModule(freeResolution coker matrix{{a^2, b^2, c^2}}, Degeneracy => true)

      1      4      10      20
o3 = R  <-- R  <-- R   <-- R  <-- ...
                            
     0      1      2       3

o3 : SimplicialModule

i4 : f = map(D, C, 0)

o4 = 0

o4 : SimplicialModuleMap

i5 : assert isWellDefined f

i6 : assert isSimplicialMorphism f

i7 : g = map(C, C, 0, Degree => 13)

o7 = 0

o7 : SimplicialModuleMap

i8 : assert isWellDefined g

i9 : assert(degree g == 13)

i10 : assert not isSimplicialMorphism g

i11 : assert isCommutative g

i12 : assert isHomogeneous g

i13 : assert(source g == C)

i14 : assert(target g == C)

i15 : assert(map(C, C, 1) === id_C)

i16 : 
