-- -*- M2-comint -*- hash: 1587342469338316121

i1 : R = ZZ/101[a,b,c];

i2 : C = simplicialModule(freeResolution coker vars R, Degeneracy => true)

      1      4      10      20
o2 = R  <-- R  <-- R   <-- R  <-- ...
                            
     0      1      2       3

o2 : SimplicialModule

i3 : f = map(forgetComplex C, forgetComplex C, id_C)

          1             1
o3 = 0 : R  <--------- R  : 0
               | 1 |

          4                       4
     1 : R  <------------------- R  : 1
               {0} | 1 0 0 0 |
               {1} | 0 1 0 0 |
               {1} | 0 0 1 0 |
               {1} | 0 0 0 1 |

          10                                   10
     2 : R   <------------------------------- R   : 2
                {0} | 1 0 0 0 0 0 0 0 0 0 |
                {1} | 0 1 0 0 0 0 0 0 0 0 |
                {1} | 0 0 1 0 0 0 0 0 0 0 |
                {1} | 0 0 0 1 0 0 0 0 0 0 |
                {1} | 0 0 0 0 1 0 0 0 0 0 |
                {1} | 0 0 0 0 0 1 0 0 0 0 |
                {1} | 0 0 0 0 0 0 1 0 0 0 |
                {2} | 0 0 0 0 0 0 0 1 0 0 |
                {2} | 0 0 0 0 0 0 0 0 1 0 |
                {2} | 0 0 0 0 0 0 0 0 0 1 |

          20                                                       20
     3 : R   <--------------------------------------------------- R   : 3
                {0} | 1 0 0 0 0 0 0 0 0 0 0 0 0 0 0 0 0 0 0 0 |
                {1} | 0 1 0 0 0 0 0 0 0 0 0 0 0 0 0 0 0 0 0 0 |
                {1} | 0 0 1 0 0 0 0 0 0 0 0 0 0 0 0 0 0 0 0 0 |
                {1} | 0 0 0 1 0 0 0 0 0 0 0 0 0 0 0 0 0 0 0 0 |
                {1} | 0 0 0 0 1 0 0 0 0 0 0 0 0 0 0 0 0 0 0 0 |
                {1} | 0 0 0 0 0 1 0 0 0 0 0 0 0 0 0 0 0 0 0 0 |
                {1} | 0 0 0 0 0 0 1 0 0 0 0 0 0 0 0 0 0 0 0 0 |
                {1} | 0 0 0 0 0 0 0 1 0 0 0 0 0 0 0 0 0 0 0 0 |
                {1} | 0 0 0 0 0 0 0 0 1 0 0 0 0 0 0 0 0 0 0 0 |
                {1} | 0 0 0 0 0 0 0 0 0 1 0 0 0 0 0 0 0 0 0 0 |
                {2} | 0 0 0 0 0 0 0 0 0 0 1 0 0 0 0 0 0 0 0 0 |
                {2} | 0 0 0 0 0 0 0 0 0 0 0 1 0 0 0 0 0 0 0 0 |
                {2} | 0 0 0 0 0 0 0 0 0 0 0 0 1 0 0 0 0 0 0 0 |
                {2} | 0 0 0 0 0 0 0 0 0 0 0 0 0 1 0 0 0 0 0 0 |
                {2} | 0 0 0 0 0 0 0 0 0 0 0 0 0 0 1 0 0 0 0 0 |
                {2} | 0 0 0 0 0 0 0 0 0 0 0 0 0 0 0 1 0 0 0 0 |
                {2} | 0 0 0 0 0 0 0 0 0 0 0 0 0 0 0 0 1 0 0 0 |
                {2} | 0 0 0 0 0 0 0 0 0 0 0 0 0 0 0 0 0 1 0 0 |
                {2} | 0 0 0 0 0 0 0 0 0 0 0 0 0 0 0 0 0 0 1 0 |
                {3} | 0 0 0 0 0 0 0 0 0 0 0 0 0 0 0 0 0 0 0 1 |

o3 : SimplicialModuleMap

i4 : assert isWellDefined f

i5 : assert(degree f == 0)

i6 : assert isCommutative f

i7 : assert isSimplicialMorphism f

i8 : normalize f --notice how the normalization is not already pruned

          1             1
o8 = 0 : R  <--------- R  : 0
               | 1 |

     1 : image {0} | 0 0 0 | <----------------- image {0} | 0 0 0 | : 1
               {1} | 1 0 0 |    {1} | 1 0 0 |         {1} | 1 0 0 |
               {1} | 0 1 0 |    {1} | 0 1 0 |         {1} | 0 1 0 |
               {1} | 0 0 1 |    {1} | 0 0 1 |         {1} | 0 0 1 |

     2 : image {0} | 0 0 0 | <----------------- image {0} | 0 0 0 | : 2
               {1} | 0 0 0 |    {2} | 1 0 0 |         {1} | 0 0 0 |
               {1} | 0 0 0 |    {2} | 0 1 0 |         {1} | 0 0 0 |
               {1} | 0 0 0 |    {2} | 0 0 1 |         {1} | 0 0 0 |
               {1} | 0 0 0 |                          {1} | 0 0 0 |
               {1} | 0 0 0 |                          {1} | 0 0 0 |
               {1} | 0 0 0 |                          {1} | 0 0 0 |
               {2} | 1 0 0 |                          {2} | 1 0 0 |
               {2} | 0 1 0 |                          {2} | 0 1 0 |
               {2} | 0 0 1 |                          {2} | 0 0 1 |

     3 : image {0} | 0 | <------------- image {0} | 0 | : 3
               {1} | 0 |    {3} | 1 |         {1} | 0 |
               {1} | 0 |                      {1} | 0 |
               {1} | 0 |                      {1} | 0 |
               {1} | 0 |                      {1} | 0 |
               {1} | 0 |                      {1} | 0 |
               {1} | 0 |                      {1} | 0 |
               {1} | 0 |                      {1} | 0 |
               {1} | 0 |                      {1} | 0 |
               {1} | 0 |                      {1} | 0 |
               {2} | 0 |                      {2} | 0 |
               {2} | 0 |                      {2} | 0 |
               {2} | 0 |                      {2} | 0 |
               {2} | 0 |                      {2} | 0 |
               {2} | 0 |                      {2} | 0 |
               {2} | 0 |                      {2} | 0 |
               {2} | 0 |                      {2} | 0 |
               {2} | 0 |                      {2} | 0 |
               {2} | 0 |                      {2} | 0 |
               {3} | 1 |                      {3} | 1 |

o8 : ComplexMap

i9 : normalize id_C

          1             1
o9 = 0 : R  <--------- R  : 0
               | 1 |

          3                     3
     1 : R  <----------------- R  : 1
               {1} | 1 0 0 |
               {1} | 0 1 0 |
               {1} | 0 0 1 |

          3                     3
     2 : R  <----------------- R  : 2
               {2} | 1 0 0 |
               {2} | 0 1 0 |
               {2} | 0 0 1 |

          1                 1
     3 : R  <------------- R  : 3
               {3} | 1 |

o9 : ComplexMap

i10 : prune normalize f == normalize id_C

o10 = true

i11 : 
