-- -*- M2-comint -*- hash: 17022673883513720024

i1 : Q = ZZ/101[a..d]

o1 = Q

o1 : PolynomialRing

i2 : K = koszulComplex vars Q

      1      4      6      4      1
o2 = Q  <-- Q  <-- Q  <-- Q  <-- Q
                                  
     0      1      2      3      4

o2 : Complex

i3 : S = simplicialModule(K, Degeneracy => true)

      1      5      15      35      70
o3 = Q  <-- Q  <-- Q   <-- Q   <-- Q  <-- ...
                                    
     0      1      2       3       4

o3 : SimplicialModule

i4 : nK = naiveNorm(S)

      1      5      15      35      70
o4 = Q  <-- Q  <-- Q   <-- Q   <-- Q
                                    
     0      1      2       3       4

o4 : Complex

i5 : isWellDefined nK

o5 = true

i6 : prune HH nK

                                                 46
o6 = cokernel | d c b a | <-- 0 <-- 0 <-- 0 <-- Q
                                                 
     0                        1     2     3     4

o6 : Complex

i7 : 
