-- -*- M2-comint -*- hash: 7745312717054452293

i1 : S = ZZ/101[a..d]

o1 = S

o1 : PolynomialRing

i2 : moduleHash = hashTable { 0 => S^1,
                              1 => S^1++S^2,
                              2 => S^1++S^2++S^2++S^1}

                     1
o2 = HashTable{0 => S }
                     3
               1 => S
                     6
               2 => S

o2 : HashTable

i3 : faceHash = hashTable {(1,0) => matrix {{1, a, b}},
                           (1,1) => matrix {{1_S, 0, 0}},
                           (2,0) => matrix {{1, a, b, 0, 0, 0},
                                           {0, 0, 0, 1, 0, -b},
                                           {0, 0, 0, 0, 1, a}},
                           (2,1) => matrix {{1_S, 0, 0, 0, 0, 0},
                                            {0, 1, 0, 1, 0,0},
                                            {0, 0, 1, 0, 1, 0}},
                           (2,2) => matrix {{1_S, 0, 0, 0, 0, 0},
                                            {0, 1, 0, 0, 0, 0},
                                            {0, 0, 1, 0, 0, 0}}}

o3 = HashTable{(1, 0) => | 1 a b |       }
               (1, 1) => | 1 0 0 |
               (2, 0) => | 1 a b 0 0 0  |
                         | 0 0 0 1 0 -b |
                         | 0 0 0 0 1 a  |
               (2, 1) => | 1 0 0 0 0 0 |
                         | 0 1 0 1 0 0 |
                         | 0 0 1 0 1 0 |
               (2, 2) => | 1 0 0 0 0 0 |
                         | 0 1 0 0 0 0 |
                         | 0 0 1 0 0 0 |

o3 : HashTable

i4 : degenHash = hashTable {(0,0) => matrix {{1_S}, {0}, {0}},
                            (1,0) => matrix {{1_S, 0, 0},
                                             {0, 0, 0},
                                             {0, 0, 0},
                                             {0, 1, 0},
                                             {0, 0, 1},
                                             {0, 0, 0}},
                            (1,1) => matrix {{1_S, 0, 0},
                                             {0, 1, 0},
                                             {0, 0, 1},
                                             {0, 0, 0},
                                             {0, 0, 0},
                                             {0, 0, 0}}}

o4 = HashTable{(0, 0) => | 1 |    }
                         | 0 |
                         | 0 |
               (1, 0) => | 1 0 0 |
                         | 0 0 0 |
                         | 0 0 0 |
                         | 0 1 0 |
                         | 0 0 1 |
                         | 0 0 0 |
               (1, 1) => | 1 0 0 |
                         | 0 1 0 |
                         | 0 0 1 |
                         | 0 0 0 |
                         | 0 0 0 |
                         | 0 0 0 |

o4 : HashTable

i5 : T = simplicialModule(moduleHash, faceHash, degenHash, 2)

      1      3      6
o5 = S  <-- S  <-- S <-- ...
                    
     0      1      2

o5 : SimplicialModule

i6 : T.module

                     1
o6 = HashTable{0 => S }
                     3
               1 => S
                     6
               2 => S

o6 : HashTable

i7 : T.dd

               1                 3
o7 = (0, 0) : S  <------------- S  : (1, 0)
                    | 1 a b |

               1                 3
     (0, 1) : S  <------------- S  : (1, 1)
                    | 1 0 0 |

               3                        6
     (1, 0) : S  <-------------------- S  : (2, 0)
                    | 1 a b 0 0 0  |
                    | 0 0 0 1 0 -b |
                    | 0 0 0 0 1 a  |

               3                       6
     (1, 1) : S  <------------------- S  : (2, 1)
                    | 1 0 0 0 0 0 |
                    | 0 1 0 1 0 0 |
                    | 0 0 1 0 1 0 |

               3                       6
     (1, 2) : S  <------------------- S  : (2, 2)
                    | 1 0 0 0 0 0 |
                    | 0 1 0 0 0 0 |
                    | 0 0 1 0 0 0 |

o7 : SimplicialModuleMap

i8 : T.ss

               3             1
o8 = (1, 0) : S  <--------- S  : (0, 0)
                    | 1 |
                    | 0 |
                    | 0 |

               6                 3
     (2, 0) : S  <------------- S  : (1, 0)
                    | 1 0 0 |
                    | 0 0 0 |
                    | 0 0 0 |
                    | 0 1 0 |
                    | 0 0 1 |
                    | 0 0 0 |

               6                 3
     (2, 1) : S  <------------- S  : (1, 1)
                    | 1 0 0 |
                    | 0 1 0 |
                    | 0 0 1 |
                    | 0 0 0 |
                    | 0 0 0 |
                    | 0 0 0 |

o8 : SimplicialModuleMap

i9 : T' = simplicialModule(moduleHash, faceHash, 2)

      1      3      6
o9 = S  <-- S  <-- S <-- ...
                    
     0      1      2

o9 : SimplicialModule

i10 : T'.?ss

o10 = false

i11 : H1 = hashTable {0 => S^1, 1 => S^1, 2 => S^1}

                      1
o11 = HashTable{0 => S }
                      1
                1 => S
                      1
                2 => S

o11 : HashTable

i12 : H2 = hashTable {(1,0) => map(S^1, S^1, 0),
                      (1,1) => map(S^1, S^1, 0),
                      (2,0) => map(S^1, S^1, 0),
                      (2,1) => map(S^1, S^1, 0),
                      (2,2) => map(S^1, S^1, 0)}

o12 = HashTable{(1, 0) => 0}
                (1, 1) => 0
                (2, 0) => 0
                (2, 1) => 0
                (2, 2) => 0

o12 : HashTable

i13 : H3 = hashTable {(0,0) => map(S^1, S^1, 0),
                      (1,0) => map(S^1, S^1, 0),
                      (1,1) => map(S^1, S^1, 0)}

o13 = HashTable{(0, 0) => 0}
                (1, 0) => 0
                (1, 1) => 0

o13 : HashTable

i14 : U = simplicialModule(H1,H2,H3,2)

       1      1      1
o14 = S  <-- S  <-- S <-- ...
                     
      0      1      2

o14 : SimplicialModule

i15 : U.dd

                1         1
o15 = (0, 0) : S  <----- S  : (1, 0)
                     0

                1         1
      (0, 1) : S  <----- S  : (1, 1)
                     0

                1         1
      (1, 0) : S  <----- S  : (2, 0)
                     0

                1         1
      (1, 1) : S  <----- S  : (2, 1)
                     0

                1         1
      (1, 2) : S  <----- S  : (2, 2)
                     0

o15 : SimplicialModuleMap

i16 : U.ss

                1         1
o16 = (1, 0) : S  <----- S  : (0, 0)
                     0

                1         1
      (2, 0) : S  <----- S  : (1, 0)
                     0

                1         1
      (2, 1) : S  <----- S  : (1, 1)
                     0

o16 : SimplicialModuleMap

i17 : isWellDefined U

o17 = false

i18 : 
