-- -*- M2-comint -*- hash: 6682691632244241012

i1 : S = ZZ/101[a..c];

i2 : C = simplicialModule(freeResolution coker vars S, 8)

      1      4      10      20      35      56      84      120      165
o2 = S  <-- S  <-- S   <-- S   <-- S   <-- S   <-- S   <-- S    <-- S   <-- ...
                                                                     
     0      1      2       3       4       5       6       7        8

o2 : SimplicialModule

i3 : topDegree C

o3 = 8

i4 : C' = simplicialModule(freeResolution coker vars S, 6)

      1      4      10      20      35      56      84
o4 = S  <-- S  <-- S   <-- S   <-- S   <-- S   <-- S  <-- ...
                                                    
     0      1      2       3       4       5       6

o4 : SimplicialModule

i5 : assert(topDegree C' == 6)

i6 : C_-1

o6 = 0

o6 : S-module

i7 : C_9

o7 = 0

o7 : S-module

i8 : C'_7

o8 = 0

o8 : S-module

i9 : 
