-- -*- M2-comint -*- hash: 8215623045948953376

i1 : QQ[x,y,z];

i2 : gfan(ideal(x^2*y -z, y^2*z - x, z^2*x - y), "symmetry" => {{0,1,2}, {1,2,0}})

         2            2           2     3    2      3    2          3   
o2 = {{(y z) - x, (x*z ) - y, (x*y ) - z , (x z) - y , (x y) - z, (x ) -
     ------------------------------------------------------------------------
        2    4     2    4     2        2         2          3       2    2  
     y*z , (z ) - x , (y ) - z }, {(x*z ) - y, (y z) - x, (x ) - y*z , (x y)
     ------------------------------------------------------------------------
              2     3    3     2     4     2      2     4      2         2  
     - z, (x*y ) - z , (y ) - x z, (z ) - x }, {(x ) - z , (x*z ) - y, (y z)
     ------------------------------------------------------------------------
            3     5      2     3      4         6             2     4    2  
     - x, (y ) - z , (x*y ) - z , (y*z ) - z, (z ) - x*y}, {(x ) - z , (y z)
     ------------------------------------------------------------------------
              2           2     3    4     2    5     3      4              
     - x, (x*z ) - y, (x*y ) - z , (y ) - z , (z ) - y , (y*z ) - z}, {(x) -
     ------------------------------------------------------------------------
      2     4     2    5     3      4         2 3                2     2   
     y z, (y ) - z , (z ) - y , (y*z ) - z, (y z ) - y}, {(x) - y z, (z ) -
     ------------------------------------------------------------------------
      4    6          9           2     8           6    2     4    2       
     y , (y z) - y, (y ) - z}, {(x ) - y , (x*z) - y , (z ) - y , (y z) - x,
     ------------------------------------------------------------------------
         4         9                  6    2     4    2          2       
     (x*y ) - y, (y ) - z}, {(x*z) - y , (z ) - y , (x y) - z, (y z) - x,
     ------------------------------------------------------------------------
       3     5      4         8     2           2     3     5      4      
     (x ) - y , (x*y ) - y, (y ) - x }, {(z) - x y, (x ) - y , (x*y ) - y,
     ------------------------------------------------------------------------
       2 3         8     2           9    2     8      4         11       
     (x y ) - x, (y ) - x }, {(z) - y , (x ) - y , (x*y ) - y, (y  ) - x},
     ------------------------------------------------------------------------
             9         11    15
     {(z) - y , (x) - y  , (y  ) - y}}

o2 : List

i3 : QQ[x,y,z];

i4 : gfanBuchberger(ideal(x,y+z))

o4 = {(x), (y) + z}

o4 : MarkedPolynomialList

i5 : QQ[x,y,z];

i6 : gfanBuchberger(ideal(x,y+z), "w" => {1,2,3})

o6 = {(x), (z) + y}

o6 : MarkedPolynomialList

i7 : 
