-- -*- M2-comint -*- hash: 7522092244882502317

i1 : QQ[x,y,z];

i2 : L = gfan{x^2 + y*z, z^2 + y*z}

                2    2     2      2           2                    2    2   
o2 = {{(y*z) + z , (x ) - z }, {(z ) + y*z, (x ) + y*z}, {(y*z) + x , (z ) -
     ------------------------------------------------------------------------
      2    2      2     4     2 2             2    2     2    2      2  
     x , (x z) + x y, (x ) - x y }, {(y*z) + x , (z ) - x , (x z) + x y,
     ------------------------------------------------------------------------
       2 2     4      2     2           2    2      2
     (x y ) - x }, {(z ) - x , (y*z) + x , (x y) + x z}}

o2 : List

i3 : gfanToLatex L

o3 =  $ \{\{yz+z^{2},
     x^{2}-z^{2}\}
     ,
     \{z^{2}+yz,
     x^{2}+yz\}
     ,
     \{yz+x^{2},
     z^{2}-x^{2},
     x^{2}z+x^{2}y,
     x^{4}-x^{2}y^{2}\}
     ,
     \{yz+x^{2},
     z^{2}-x^{2},
     x^{2}z+x^{2}y,
     x^{2}y^{2}-x^{4}\}
     ,
     \{z^{2}-x^{2},
     yz+x^{2},
     x^{2}y+x^{2}z\}
     \}
      $ 

i4 : gfanToLatex first L

o4 =  $ \{yz+z^{2},
     x^{2}-z^{2}\}
      $ 

i5 : gfanToLatex({{x,z}, {x+y, x+z}}, "polynomialset" => true)

o5 =  $ \{x+y,
     z+x\}
      $ 

i6 : 
