-- -*- M2-comint -*- hash: 9520557406391705353

i1 : R = QQ[x];

i2 : P1 = convexHull matrix {{2,2,0},{1,-1,0}};

i3 : P2 = convexHull matrix {{2,-2,0},{1,1,0}};

i4 : P3 = convexHull matrix {{-2,-2,0},{1,-1,0}};

i5 : P4 = convexHull matrix {{-2,2,0},{-1,-1,0}};

i6 : F = polyhedralComplex {P1,P2,P3,P4};

i7 : C = cellComplex(R,F);

i8 : facePoset C

o8 = Relation Matrix: | 1 0 0 0 0 0 1 0 0 1 0 0 1 1 0 1 0 |
                      | 0 1 0 0 0 1 0 0 1 0 1 0 0 0 1 0 1 |
                      | 0 0 1 0 0 0 1 0 1 0 0 1 0 0 0 1 1 |
                      | 0 0 0 1 0 0 0 1 0 1 1 1 0 1 1 1 1 |
                      | 0 0 0 0 1 1 0 1 0 0 0 0 1 1 1 0 0 |
                      | 0 0 0 0 0 1 0 0 0 0 0 0 0 0 1 0 0 |
                      | 0 0 0 0 0 0 1 0 0 0 0 0 0 0 0 1 0 |
                      | 0 0 0 0 0 0 0 1 0 0 0 0 0 1 1 0 0 |
                      | 0 0 0 0 0 0 0 0 1 0 0 0 0 0 0 0 1 |
                      | 0 0 0 0 0 0 0 0 0 1 0 0 0 1 0 1 0 |
                      | 0 0 0 0 0 0 0 0 0 0 1 0 0 0 1 0 1 |
                      | 0 0 0 0 0 0 0 0 0 0 0 1 0 0 0 1 1 |
                      | 0 0 0 0 0 0 0 0 0 0 0 0 1 1 0 0 0 |
                      | 0 0 0 0 0 0 0 0 0 0 0 0 0 1 0 0 0 |
                      | 0 0 0 0 0 0 0 0 0 0 0 0 0 0 1 0 0 |
                      | 0 0 0 0 0 0 0 0 0 0 0 0 0 0 0 1 0 |
                      | 0 0 0 0 0 0 0 0 0 0 0 0 0 0 0 0 1 |

o8 : Poset

i9 : 
