-- -*- M2-comint -*- hash: 4033700158865847600

i1 : R = QQ;

i2 : P = convexHull matrix {{1,1,-1,-1},{1,-1,1,-1}};

i3 : faces P

o3 = HashTable{0 => {({0, 1, 2, 3}, {})}                                    }
               1 => {({0, 2}, {}), ({1, 3}, {}), ({0, 1}, {}), ({2, 3}, {})}
               2 => {({0}, {}), ({2}, {}), ({1}, {}), ({3}, {})}
               3 => {}

o3 : HashTable

i4 : C = cellComplex(R,P);

i5 : cells C

o5 = HashTable{0 => {Cell of dimension 0 with label 1, Cell of dimension 0 with label 1, Cell of dimension 0 with label 1, Cell of dimension 0 with label 1}}
               1 => {Cell of dimension 1 with label 1, Cell of dimension 1 with label 1, Cell of dimension 1 with label 1, Cell of dimension 1 with label 1}
               2 => {Cell of dimension 2 with label 1}

o5 : HashTable

i6 : S = QQ[x,y,z,w];

i7 : v = vertices P;

              2       4
o7 : Matrix QQ  <-- QQ

i8 : H = hashTable {v_0 => x*y, v_1 => y*z, v_2 => x*w, v_3 => y*z};

i9 : labeledC = cellComplex(S, P, Labels => H);

i10 : for i to dim labeledC list cells(i,labeledC)/cellLabel

o10 = {{y*z, x*w, x*y, y*z}, {x*y*z*w, x*y*w, y*z, x*y*z}, {x*y*z*w}}

o10 : List

i11 : 
