-- -*- M2-comint -*- hash: 1660351025454151149

i1 : S = QQ[x,y,z];

i2 : I = monomialIdeal (x^2*z, x*y*z, y^2*z, x^3*y^5, x^4*y^4, x^5*y^3);

o2 : MonomialIdeal of S

i3 : H = hullComplex I

o3 = H

o3 : CellComplex

i4 : complex H

      1      6      7      2
o4 = S  <-- S  <-- S  <-- S
                           
     -1     0      1      2

o4 : Complex

i5 : cells(1,H)/cellLabel

       4 4    5 3    5 4   3 5    4 5   2        2
o5 = {x y z, x y z, x y , x y z, x y , x y*z, x*y z}

o5 : List

i6 : cells(2,H)/cellLabel

       5 4    4 5
o6 = {x y z, x y z}

o6 : List

i7 : isMinimal H

o7 = true

i8 : H2 = hullComplex (3/2,I)

o8 = H2

o8 : CellComplex

i9 : prune HH complex H2

o9 = cokernel | y2z xyz x2z x3y5 x4y4 x5y3 | <-- cokernel {4} | x 0 0 |
                                                          {9} | 0 z x |
     -1                                           
                                                 0

o9 : Complex

i10 : 
