-- -*- M2-comint -*- hash: 13897359819010644980

i1 : S = QQ[x,y,z];

i2 : I = monomialIdeal (x^2*z, x*y*z, y^2*z, x^3*y^5, x^4*y^4, x^5*y^3);

o2 : MonomialIdeal of S

i3 : C = scarfComplex I

o3 = C

o3 : CellComplex

i4 : complex C

      1      6      4
o4 = S  <-- S  <-- S
                    
     -1     0      1

o4 : Complex

i5 : cells(1,C)/cellLabel

       4 5     2    5 4   2
o5 = {x y , x*y z, x y , x y*z}

o5 : List

i6 : cells(2,C)/cellLabel

o6 = {}

o6 : List

i7 : isMinimal C

o7 = true

i8 : 
