-- -*- M2-comint -*- hash: 16112415559269088178

i1 : R = QQ[x];

i2 : P = hypercube 3;

i3 : C = cellComplex(R,P);

i4 : dim C

o4 = 3

i5 : cells C

o5 = HashTable{0 => {Cell of dimension 0 with label 1, Cell of dimension 0 with label 1, Cell of dimension 0 with label 1, Cell of dimension 0 with label 1, Cell of dimension 0 with label 1, Cell of dimension 0 with label 1, Cell of dimension 0 with label 1, Cell of dimension 0 with label 1}                                                                                                                                        }
               1 => {Cell of dimension 1 with label 1, Cell of dimension 1 with label 1, Cell of dimension 1 with label 1, Cell of dimension 1 with label 1, Cell of dimension 1 with label 1, Cell of dimension 1 with label 1, Cell of dimension 1 with label 1, Cell of dimension 1 with label 1, Cell of dimension 1 with label 1, Cell of dimension 1 with label 1, Cell of dimension 1 with label 1, Cell of dimension 1 with label 1}
               2 => {Cell of dimension 2 with label 1, Cell of dimension 2 with label 1, Cell of dimension 2 with label 1, Cell of dimension 2 with label 1, Cell of dimension 2 with label 1, Cell of dimension 2 with label 1}
               3 => {Cell of dimension 3 with label 1}

o5 : HashTable

i6 : S = skeleton(2,C);

i7 : dim S

o7 = 2

i8 : cells S

o8 = HashTable{0 => {Cell of dimension 0 with label 1, Cell of dimension 0 with label 1, Cell of dimension 0 with label 1, Cell of dimension 0 with label 1, Cell of dimension 0 with label 1, Cell of dimension 0 with label 1, Cell of dimension 0 with label 1, Cell of dimension 0 with label 1}                                                                                                                                        }
               1 => {Cell of dimension 1 with label 1, Cell of dimension 1 with label 1, Cell of dimension 1 with label 1, Cell of dimension 1 with label 1, Cell of dimension 1 with label 1, Cell of dimension 1 with label 1, Cell of dimension 1 with label 1, Cell of dimension 1 with label 1, Cell of dimension 1 with label 1, Cell of dimension 1 with label 1, Cell of dimension 1 with label 1, Cell of dimension 1 with label 1}
               2 => {Cell of dimension 2 with label 1, Cell of dimension 2 with label 1, Cell of dimension 2 with label 1, Cell of dimension 2 with label 1, Cell of dimension 2 with label 1, Cell of dimension 2 with label 1}

o8 : HashTable

i9 : 
