-- -*- M2-comint -*- hash: 3977148524316531163

i1 : R = QQ[x,y,z];

i2 : C = taylorComplex monomialIdeal {x,y,z}

o2 = C

o2 : CellComplex

i3 : subcomplex(C,x*y)

o3 = Cell complex over QQ of dimension 1 with 3 total cells

o3 : CellComplex

i4 : subcomplex(C,x*y,LabelRing=>R)

o4 = Cell complex over R of dimension 1 with 3 total cells

o4 : CellComplex

i5 : subcomplex(C,1)

o5 = Cell complex over R of dimension 0 with 3 total cells

o5 : CellComplex

i6 : S = QQ[a,b,c,DegreeRank=>3];

i7 : D = taylorComplex monomialIdeal {a,b,c}

o7 = D

o7 : CellComplex

i8 : subcomplex(D,{1,1,0})

o8 = Cell complex over S of dimension 1 with 3 total cells

o8 : CellComplex

i9 : 
