-- -*- M2-comint -*- hash: 16966031381275188277

i1 : S = (ZZ/2)[x,y]

o1 = S

o1 : PolynomialRing

i2 : I = ideal(x*y)

o2 = ideal(x*y)

o2 : Ideal of S

i3 : J = createEquations(2, I)

o3 = ideal (c          , c          , c          , c          , c          ,
             {2, 0},{2}   {1, 0},{2}   {0, 2},{1}   {0, 1},{1}   {0, 0},{2} 
     ------------------------------------------------------------------------
     c          )
      {0, 0},{1}

              ZZ
o3 : Ideal of --[c          , c          , c          , c          , c          , c          , c          , c          , c          , c          , c          , c          ]
               2  {0, 0},{1}   {0, 0},{2}   {0, 1},{1}   {0, 1},{2}   {0, 2},{1}   {0, 2},{2}   {1, 0},{1}   {1, 0},{2}   {1, 1},{1}   {1, 1},{2}   {2, 0},{1}   {2, 0},{2}

i4 : S = (ZZ/2)[x,y]

o4 = S

o4 : PolynomialRing

i5 : I = ideal(x*y)

o5 = ideal(x*y)

o5 : Ideal of S

i6 : J = createEquations(2, I,Homogeneous=>true,PerturbationTerm=>{0})

o6 = ideal (c          , c          )
             {2, 0},{2}   {0, 2},{1}

              ZZ
o6 : Ideal of --[c          , c          , c          , c          , c          , c          ]
               2  {0, 2},{1}   {0, 2},{2}   {1, 1},{1}   {1, 1},{2}   {2, 0},{1}   {2, 0},{2}

i7 : J = createEquations(2, I,Homogeneous=>true,PerturbationTerm=>{1}) -- no solutions!

o7 = ideal 1

              ZZ
o7 : Ideal of --[c          , c          , c          , c          , c          , c          ]
               2  {0, 2},{1}   {0, 2},{2}   {1, 1},{1}   {1, 1},{2}   {2, 0},{1}   {2, 0},{2}

i8 : 
