-- -*- M2-comint -*- hash: 16575007940814320548

i1 : S = (ZZ/2)[x,y]

o1 = S

o1 : PolynomialRing

i2 : I = ideal(x*y)

o2 = ideal(x*y)

o2 : Ideal of S

i3 : J = findFrobeniusLiftConstraints I

               2       2
o3 = ideal(aa y  + aa x )
             0       1

              ZZ
              --[aa ..aa , x..y]
               2   0    1
o3 : Ideal of ------------------
                      x*y

i4 : J = findFrobeniusLiftConstraints (S/I)

o4 = ideal 0

              ZZ
              --[aa ..aa , x..y]
               2   0    1
o4 : Ideal of ------------------
                      x*y

i5 : S = (ZZ/2)[x,y,z]

o5 = S

o5 : PolynomialRing

i6 : I = ideal(x*y,z)

o6 = ideal (x*y, z)

o6 : Ideal of S

i7 : J = findFrobeniusLiftConstraints(I,PerturbationTerm=>{1,0})

                     2       2
o7 = ideal (aa , aa y  + aa x  + 1)
              2    0       1

              ZZ
              --[aa ..aa , x..z]
               2   0    2
o7 : Ideal of ------------------
                   (x*y, z)

i8 : 
