-- -*- M2-comint -*- hash: 15775627900524948590

i1 : S = (ZZ/2)[x,y]

o1 = S

o1 : PolynomialRing

i2 : I = ideal(x^3+y^5)

            5    3
o2 = ideal(y  + x )

o2 : Ideal of S

i3 : findFrobeniusLift(2,I,Nontrivial=>true)

          2
o3 = {0, y }

o3 : List

i4 : S=(ZZ/3)[x,y]

o4 = S

o4 : PolynomialRing

i5 : I=ideal(x*y)

o5 = ideal(x*y)

o5 : Ideal of S

i6 : findFrobeniusLift(2,I, PerturbationTerm=>{x}) -- this gives a lift to the ring W_2(k)[x,y]/(x*y + p*x)

       2     2
o6 = {x , - y  - 1}

o6 : List

i7 : 
