-- -*- M2-comint -*- hash: 15525062503542373957

i1 : E = toricVectorBundle(2,pp1ProductFan 2)

o1 = {dimension of the variety => 2 }
      number of affine charts => 4
      number of rays => 4
      rank of the vector bundle => 2

o1 : ToricVectorBundleKlyachko

i2 : P = deltaE E

o2 = P

o2 : Polyhedron

i3 : vertices P

o3 = 0

              2       1
o3 : Matrix QQ  <-- QQ

i4 : E1 = tangentBundle projectiveSpaceFan 2

o4 = {dimension of the variety => 2 }
      number of affine charts => 3
      number of rays => 3
      rank of the vector bundle => 2

o4 : ToricVectorBundleKlyachko

i5 : P1 = deltaE E1

o5 = P1

o5 : Polyhedron

i6 : vertices P1

o6 = | -1 2  -1 |
     | -1 -1 2  |

              2       3
o6 : Matrix QQ  <-- QQ

i7 : 
