-- -*- M2-comint -*- hash: 16252533012405386615

i1 : R = ZZ/101[x,y,z, MonomialOrder=>Lex];

i2 : I = ideal {2*x + 10*y^2*z, 8*x^2*y + 10*x*y*z^3, 5*x*y^3*z^2 + 9*x*z^3, 9*x*y^3*z + 10*x*y^3};

o2 : Ideal of R

i3 : allowableThreads  = 4;

i4 : H = tgb I

                                    2 4
o4 = LineageTable{((0, 1), 2) => 19y z              }
                                         2 4
                  ((0, 2), (0, 1)) => -5y z
                                    2 5
                  ((0, 2), 1) => -7y z
                                         5       2 4
                  ((0, 3), (0, 1)) => 46y z + 40y z
                                      2 5      2 4
                  ((0, 3), 2) => - 48y z  + 19y z
                                 5 2      3 4
                  (0, 1) => - 25y z  - 19y z
                                 3 5     2 4
                  (0, 2) => - 24y z  + 9y z
                              5 2      5
                  (0, 3) => 5y z  + 28y z
                                 4 5      3 8
                  (1, 2) => - 45y z  + 30y z
                                 2 6      2 5
                  (1, 3) => - 14y z  - 38y z
                              3 4     2 4
                  (2, 3) => 7y z  - 9y z
                               2
                  0 => 2x + 10y z
                         2           3
                  1 => 8x y + 10x*y*z
                           3 2       3
                  2 => 5x*y z  + 9x*z
                           3         3
                  3 => 9x*y z + 10x*y

o4 : LineageTable

i5 : H#(0,1)

          5 2      3 4
o5 = - 25y z  - 19y z

o5 : R

i6 : QQ[a..d];

i7 : f0 = a*b-c^2;

i8 : f1 = b*c-d^2;

i9 : allowableThreads=2;

i10 : tgb({f0,f1},Verbose=>true)
Scheduling a task for lineage (0,1)
Scheduling task for lineage ((0,1),0)
Scheduling task for lineage ((0,1),1)
Adding the following remainder to GB: -c^3+a*d^2 from lineage (0,1)

                                3      2
o10 = LineageTable{(0, 1) => - c  + a*d }
                               2
                   0 => a*b - c
                               2
                   1 => b*c - d

o10 : LineageTable

i11 : 
