-- -*- M2-comint -*- hash: 1600150751227294297

i1 : R=CC[a,b,c,d];

i2 : M=matrix for i to 2 list for j to 3 list random(1,R)+random(0,R);

             3      4
o2 : Matrix R  <-- R

i3 : I=minors(3,M);

o3 : Ideal of R

i4 : f=flatten entries gens I;

i5 : (w,ns) = topWitnessSet(f,2);

i6 : slcmat = matrix applyTable (entries w.Slice, x->1_CC*realPart x);

                2         7
o6 : Matrix CC    <-- CC
              53        53

i7 : Rtwo = ring w.Equations;

i8 : X = transpose matrix {gens Rtwo | {1_CC}};

                7         1
o8 : Matrix Rtwo  <-- Rtwo

i9 : slcRR = flatten entries (promote(slcmat,Rtwo) * X);

i10 : fsols = intersectSlice(w,slcRR)

o10 = {{-1.27802-.228781*ii, 1.88041-.425174*ii, -1.57609-.249863*ii,
      -----------------------------------------------------------------------
      .656088+.647799*ii, -6.49013e-14+4.38819e-14*ii,
      -----------------------------------------------------------------------
      -4.06011e-14+5.26872e-14*ii}, {-.556033-.219283*ii, .285613+.740947*ii,
      -----------------------------------------------------------------------
      .790243-.856558*ii, -.159748+.14045*ii, -1.74837e-14-1.03375e-14*ii,
      -----------------------------------------------------------------------
      -1.33838e-14+7.2603e-16*ii}, {-.562491-.48249*ii, 3.11993+.68124*ii,
      -----------------------------------------------------------------------
      -.74613-1.37476*ii, -1.3322+.706071*ii, 1.53367e-14+4.45184e-14*ii,
      -----------------------------------------------------------------------
      3.18499e-14+5.80795e-15*ii}, {-1.41086-.437093*ii, -2.35151-.380573*ii,
      -----------------------------------------------------------------------
      .419996-.709338*ii, 2.69934+1.05702*ii, -2.54414e-14+4.09754e-15*ii,
      -----------------------------------------------------------------------
      4.3165e-15-6.95752e-14*ii}, {-.93539-.125152*ii, -1.25576-.869591*ii,
      -----------------------------------------------------------------------
      .825306+.205577*ii, 1.2643+.620857*ii, -5.531e-15-7.38392e-16*ii,
      -----------------------------------------------------------------------
      4.74065e-15+5.9395e-17*ii}, {-.424535+.244857*ii, -.726854-1.22167*ii,
      -----------------------------------------------------------------------
      1.60916+1.16832*ii, -.00629419+.00812542*ii,
      -----------------------------------------------------------------------
      -5.82721e-14-4.2281e-14*ii, -4.32518e-14-3.80168e-15*ii}}

o10 : List

i11 : 
