-- -*- M2-comint -*- hash: 10385799651477782049

i1 : R = CC[x,y];

i2 : f = { x^3*y^5 + y^2 + x^2*y, x*y + x^2 - 1};

i3 : I=ideal f;

o3 : Ideal of R

i4 : dim I

o4 = 0

i5 : degree I

o5 = 10

i6 : m = mixedVolume(f) -- counts the number of complex roots in the torus (without zero components)

o6 = 8

i7 : (mv,sv) = mixedVolume(f,StableMixedVolume=>true)

o7 = (8, 10)

o7 : Sequence

i8 : (mv,q,qsols) = mixedVolume(f,StartSystem=>true);

i9 : q --let's take a look at the start system:

                             3 5                          2              
o9 = {(.967013 + .254727*ii)x y  + (.977305 - .211838*ii)x y + (.986832 +
     ------------------------------------------------------------------------
                 2                           2
     .161752*ii)y , (- .872853 - .487982*ii)x  + (.768397 + .639973*ii)x*y -
     ------------------------------------------------------------------------
     .673354 - .739321*ii}

o9 : List

i10 : qsols --and its solutions:

o10 = {{.334444-.746383*ii, .533884+.378694*ii}, {.081794+.78768*ii,
      -----------------------------------------------------------------------
      .526524-.466982*ii}, {-.42185-.764255*ii, -1.24093+.243703*ii},
      -----------------------------------------------------------------------
      {.371275+1.04298*ii, .973268+.155701*ii}, {-.345836+1.5122*ii,
      -----------------------------------------------------------------------
      -.11842+.907793*ii}, {-.712747+.748968*ii, -1.12745+.081635*ii},
      -----------------------------------------------------------------------
      {-.002210-1.51961*ii, -.372442-.841648*ii}, {.69513-1.06158*ii,
      -----------------------------------------------------------------------
      .825563-.458896*ii}}

o10 : List

i11 : 
