-- -*- M2-comint -*- hash: 15610208045328487784

i1 : R = CC[x,y,z];

i2 : f = { x^2 - y, x^3 - z };

i3 : (w,ns) = topWitnessSet(f,1)

o3 = (w, {})

o3 : Sequence

i4 : dim(w)

o4 = 1

i5 : degree(w)

o5 = 3

i6 : toString equations(w)

o6 = {x^2-y+(.179544+.98375*ii)*zz1, x^3-z+(.662688-.748896*ii)*zz1, zz1}

i7 : toString slice(w)

o7 = {(.231312+.97288*ii)*x+(-.60665+.794969*ii)*y+(-.665732+.746191*ii)*z
     +(-.626656+.779296*ii)*zz1-.923123-.384505*ii}

i8 : toString points(w)

o8 = VerticalList{new Point from {Coordinates => {-1.33649-.699428*ii,
     1.29702+1.86956*ii, -.425832-3.40583*ii, -1.92015e-32+1.20399e-32*ii},
     cache => CacheTable{...3...}}, new Point from {Coordinates =>
     {-.031098+1.19106*ii, -1.41767-.07408*ii, .132321-1.68623*ii,
     -2.51844e-33+2.51376e-33*ii}, cache => CacheTable{...3...}}, new Point
     from {Coordinates => {.370528-.415077*ii, -.0349976-.307595*ii,
     -.140643-.0994458*ii, 0}, cache => CacheTable{...3...}}}

i9 : R = CC[x,y,z]; f = { (x^2-y)*(x-2), (x^3 - z)*(y-2), (x*y - z)*(z-2) }

        3     2              3      3                             2
o10 = {x  - 2x  - x*y + 2y, x y - 2x  - y*z + 2z, x*y*z - 2x*y - z  + 2z}

o10 : List

i11 : (w,ns) = topWitnessSet(f,1);

i12 : dim(w)

o12 = 1

i13 : degree(w)

o13 = 3

i14 : #ns

o14 = 10

i15 : 
