-- -*- M2-comint -*- hash: 9189047643450483721

i1 : B = bracketRing(5,3)

o1 = B
      5,3

o1 : BracketRing

i2 : [1 2 3]_B

o2 = [123]

o2 : Bracket

i3 : X = matrix B

o3 = {-1} | x_(1,1) x_(1,2) x_(1,3) |
     {-1} | x_(2,1) x_(2,2) x_(2,3) |
     {-1} | x_(3,1) x_(3,2) x_(3,3) |
     {-1} | x_(4,1) x_(4,2) x_(4,3) |
     {-1} | x_(5,1) x_(5,2) x_(5,3) |

                                                                                                            5                                                                                                     3
o3 : Matrix (QQ[x   ..x   , y     , y     , y     , y     , y     , y     , y     , y     , y     , y     ])  <-- (QQ[x   ..x   , y     , y     , y     , y     , y     , y     , y     , y     , y     , y     ])
                 1,1   5,3   [345]   [245]   [235]   [234]   [145]   [135]   [134]   [125]   [124]   [123]             1,1   5,3   [345]   [245]   [235]   [234]   [145]   [135]   [134]   [125]   [124]   [123]

i4 : toBracketPolynomial(det X^{0,1,2},B)

o4 = [123]

o4 : GCExpression

i5 : 
