-- -*- M2-comint -*- hash: 17735505973570411032

i1 : B = bracketRing(4, 2)

o1 = B
      4,2

o1 : BracketRing

i2 : e = 3 * [1 2]_B + 7 * [3 4]_B  -- a GCExpression living in a BracketRing

o2 = 7*[34]+3*[12]

o2 : GCExpression

i3 : class e

o3 = GCExpression

o3 : Type

i4 : degree e

o4 = {1}

o4 : List

i5 : terms e

o5 = {7*[34], 3*[12]}

o5 : List

i6 : G = gc(a..d, 2)

o6 = Grassmann-Cayley Algebra generated by 1-extensors a..d

o6 : GCAlgebra

i7 : ge = (a * b)_G                 -- a GCExpression living in a GCAlgebra

o7 = a*b

o7 : GCExpression

i8 : class ge

o8 = GCExpression

o8 : Type

i9 : 
