-- -*- M2-comint -*- hash: 2528757718958767254

i1 : B = bracketRing(6, 3)

o1 = B
      6,3

o1 : BracketRing

i2 : M = matrix(B, for i from 4 to 6 list {[1 2 i]_B, [1 i 3]_B, [i 2 3]_B})

o2 = | [124] -[134] [234] |
     | [125] -[135] [235] |
     | [126] -[136] [236] |

o2 : GCMatrix

i3 : class M

o3 = GCMatrix

o3 : Type

i4 : normalForm det M

o4 = -[456]*[123]^2

o4 : GCExpression

i5 : transpose M

o5 = | [124]  [125]  [126]  |
     | -[134] -[135] -[136] |
     | [234]  [235]  [236]  |

o5 : GCMatrix

i6 : M_(0, 0)

o6 = [124]

o6 : GCExpression

i7 : M^{0}             -- first row

o7 = | [124] -[134] [234] |

o7 : GCMatrix

i8 : M_{0}             -- first column

o8 = | [124] |
     | [125] |
     | [126] |

o8 : GCMatrix

i9 : entries (M + M)

o9 = {{2*[124], -2*[134], 2*[234]}, {2*[125], -2*[135], 2*[235]}, {2*[126],
     ------------------------------------------------------------------------
     -2*[136], 2*[236]}}

o9 : List

i10 : 2 * M             -- numeric scalar multiplication

o10 = | 2*[124] -2*[134] 2*[234] |
      | 2*[125] -2*[135] 2*[235] |
      | 2*[126] -2*[136] 2*[236] |

o10 : GCMatrix

i11 : 
