-- -*- M2-comint -*- hash: 2633957053082256872

i1 : B = bracketRing(3, 2)

o1 = B
      3,2

o1 : BracketRing

i2 : X = matrix B

o2 = {-1} | x_(1,1) x_(1,2) |
     {-1} | x_(2,1) x_(2,2) |
     {-1} | x_(3,1) x_(3,2) |

                                                 3                                          2
o2 : Matrix (QQ[x   ..x   , y    , y    , y    ])  <-- (QQ[x   ..x   , y    , y    , y    ])
                 1,1   3,2   [23]   [13]   [12]             1,1   3,2   [23]   [13]   [12]

i3 : f = (det X^{1,2}) - (det X^{0,2}) + (det X^{0,1})

o3 = - x   x    + x   x    + x   x    - x   x    - x   x    + x   x
        1,2 2,1    1,1 2,2    1,2 3,1    2,2 3,1    1,1 3,2    2,1 3,2

o3 : QQ[x   ..x   , y    , y    , y    ]
         1,1   3,2   [23]   [13]   [12]

i4 : toBracketPolynomial(f,B)

o4 = [23]-[13]+[12]

o4 : GCExpression

i5 : 
