-- -*- M2-comint -*- hash: 14966583349108209545

i1 : R = QQ[x,y];

i2 : S1 = subring {x^2, y^2};

i3 : S2 = subring {x*y};

i4 : gens (S3 = intersect(S1, S2, Limit => 6, CheckFullIntersection => false))

o4 = | x2y2 |

             1      1
o4 : Matrix R  <-- R

i5 : isFullIntersection S3

o5 = false

i6 : gens (S4 = intersect(S3, S2, Limit => 6))
-- Warning! The input contains an IntersectedSubring whose generators may not generate the entire subring

o6 = | x2y2 |

             1      1
o6 : Matrix R  <-- R

i7 : isFullIntersection S4

o7 = true

i8 : intersect(S1, S2, Limit => 6)
-- Warning! Result is not a full intersection.  Try increasing Limit.

o8 = QQ[p_0], subring of R

o8 : IntersectedSubring

i9 : 
