-- -*- M2-comint -*- hash: 17834366023962215691

i1 : R = QQ[x,y];

i2 : S = subring{x+y,x*y,x*y^2,x*y^5+y};

i3 : T = sagbiBasis S;

i4 : sagbiDegree T

o4 = -1

i5 : T5 = sagbi(S,Limit=>5)

o5 = Partial SAGBIBasis Computation Object with 5 generators, Limit = 5.

o5 : SAGBIBasis

i6 : sagbiDegree T5

o6 = 6

i7 : gens T5

o7 = | x+y xy xy2 xy3 xy4 |

             1      5
o7 : Matrix R  <-- R

i8 : T20 = sagbi(S,Limit=>20)

o8 = SAGBIBasis Computation Object with 6 generators, Limit = 20.

o8 : SAGBIBasis

i9 : sagbiDegree T20

o9 = 7

i10 : gens T20

o10 = | x+y xy xy2 xy3 xy4 y |

              1      6
o10 : Matrix R  <-- R

i11 : 
