-- -*- M2-comint -*- hash: 14385276860507312263

i1 : R = QQ[x,y];

i2 : I = ideal(x^3 + x*y^2 + y^3);

o2 : Ideal of R

i3 : Q = R/I;

i4 : S1 = subring {x^2, x*y};

i5 : S2 = subring {x, y^2};

i6 : gens (S3 = intersect(S1, S2, SAGBILimitType => "Fixed", Limit => 5))
-- Warning! Result is not a full intersection.  Try increasing Limit.

o6 = | x2 x2y2+xy3 |

             1      2
o6 : Matrix Q  <-- Q

i7 : gens (S4 = intersect(S1, S2, SAGBILimitType => "Fixed", Limit => 10))

o7 = | x2 x2y2+xy3 y4 xy3 y6 xy5 |

             1      6
o7 : Matrix Q  <-- Q

i8 : gens (S5 = intersect(S1, S2, SAGBILimitType => "Function"))
-- Warning! Result is not a full intersection.  Try increasing Limit.

o8 = | x2 x2y2+xy3 |

             1      2
o8 : Matrix Q  <-- Q

i9 : 
