-- -*- M2-comint -*- hash: 7911879870904014381

i1 : R = QQ[x,y];

i2 : I = ideal(x^3 + x*y^2 + y^3);

o2 : Ideal of R

i3 : Q = R/I;

i4 : S1 = subring {x^2, x*y};

i5 : S2 = subring {x, y^2};

i6 : gens intersect(S1, S2, Limit=>5)
-- Warning! Result is not a full intersection.  Try increasing Limit.

o6 = | x2 x2y2+xy3 |

             1      2
o6 : Matrix Q  <-- Q

i7 : S = intersect(S1, S2);

i8 : gens S

o8 = | x2 x2y2+xy3 y4 xy3 y6 xy5 |

             1      6
o8 : Matrix Q  <-- Q

i9 : isFullIntersection S

o9 = true

i10 : isSAGBI S

o10 = true

i11 : R = QQ[x,y];

i12 : S1 = subring{x^2,y^3};

i13 : S2 = subring{x,y^2};

i14 : S3 = subring{x^4,y};

i15 : gens intersect(S1,S2,S3)

o15 = | x4 y6 |

              1      2
o15 : Matrix R  <-- R

i16 : 
