-- -*- M2-comint -*- hash: 12408293662703586694

i1 : R = QQ[x,y];

i2 : I = ideal(x^3 + x*y^2 + y^3);

o2 : Ideal of R

i3 : Q = R/I;

i4 : S1 = subring {x^2, x*y};

i5 : S2 = subring {x, y^2};

i6 : S = intersect(S1, S2);

i7 : isFullIntersection S

o7 = true

i8 : R = QQ[x,y];

i9 : S1 = subring {x^3, x^2*y};

i10 : S2 = subring {x^4, y};

i11 : S = intersect(S1, S2, Limit => 15, CheckFullIntersection => false);

i12 : gens S

o12 = | x4y2 x8y x12 |

              1      3
o12 : Matrix R  <-- R

i13 : isFullIntersection S

o13 = false

i14 : isSAGBI S

o14 = true

i15 : 
