-- -*- M2-comint -*- hash: 9858974400037937270

i1 : x:=3; y:="hi there"; z:=2^30; f = x->x;

i5 : listLocalSymbols f

o5 = symbol  class   value       location of symbol
     ------  -----   -----       ------------------
     x       ZZ      3           stdio:1:0-1:1     
     y       String  "hi there"  stdio:1:6-1:7     
     z       ZZ      1073741824  stdio:1:21-1:22   

i6 : listLocalSymbols symbol x

o6 = symbol  class   value       location of symbol
     ------  -----   -----       ------------------
     x       ZZ      3           stdio:1:0-1:1     
     y       String  "hi there"  stdio:1:6-1:7     
     z       ZZ      1073741824  stdio:1:21-1:22   

i7 : load "Macaulay2Doc/demo1.m2"

i8 : g 2
/usr/share/Macaulay2/Macaulay2Doc/demo1.m2:8:12:(3):[2]: error: division by zero
/usr/share/Macaulay2/Macaulay2Doc/demo1.m2:8:12:(3):[2]: --entering debugger (type help to see debugger commands)
/usr/share/Macaulay2/Macaulay2Doc/demo1.m2:8:10-8:12: --source code:
     b := 1/x;

ii9 : listLocalSymbols

oo9 = symbol  class            value                                                    location of symbol
      ------  -----            -----                                                    ------------------                                
      a       String           "hi there"                                               /usr/share/Macaulay2/Macaulay2Doc/demo1.m2:7:5-7:6
      b       Nothing          null                                                     /usr/share/Macaulay2/Macaulay2Doc/demo1.m2:8:5-8:6
      x       ZZ               0                                                        /usr/share/Macaulay2/Macaulay2Doc/demo1.m2:6:5-6:6
      f       FunctionClosure  -*Function[/usr/share/Macaulay2/Macaulay2Doc/demo1.m2:.  /usr/share/Macaulay2/Macaulay2Doc/demo1.m2:6:0-6:1

ii10 : h := x -> y -> y+1;

ii11 : listLocalSymbols(ZZ,h 11)

oo11 = symbol  class  value  location of symbol
       ------  -----  -----  ------------------                                
       x       ZZ     0      /usr/share/Macaulay2/Macaulay2Doc/demo1.m2:6:5-6:6
       x       ZZ     11     stdio:2:5-2:6                                     

ii12 : load "Macaulay2Doc/demo1.m2"

ii13 : g 2
/usr/share/Macaulay2/Macaulay2Doc/demo1.m2:8:12:(3):[2]: error: division by zero
/usr/share/Macaulay2/Macaulay2Doc/demo1.m2:8:12:(3):[2]: --entering debugger (type help to see debugger commands)
/usr/share/Macaulay2/Macaulay2Doc/demo1.m2:8:10-8:12: --source code:
     b := 1/x;

iii14 : listLocalSymbols ZZ

ooo14 = symbol  class  value  location of symbol
        ------  -----  -----  ------------------                                
        x       ZZ     0      /usr/share/Macaulay2/Macaulay2Doc/demo1.m2:6:5-6:6

iii15 : 
/usr/share/Macaulay2/Macaulay2Doc/demo1.m2:13:11:(3):[1]: --entering debugger (type help to see debugger commands)
/usr/share/Macaulay2/Macaulay2Doc/demo1.m2:13:10-13:14: --source code:
     d := f(y-2);

iii16 : 

ii17 : 
/usr/share/Macaulay2/Macaulay2Doc/demo1.m2:13:11:(3):[1]: --entering debugger (type help to see debugger commands)
/usr/share/Macaulay2/Macaulay2Doc/demo1.m2:13:10-13:14: --source code:
     d := f(y-2);

ii18 : 

i19 : 
