-- -*- M2-comint -*- hash: 16112055805318868257

i1 : locate needs

o1 = /usr/share/Macaulay2/Core/Core.m2:115:17-117:47

o1 : FilePosition

i2 : code needs

o2 = /usr/share/Macaulay2/Core/Core.m2:115:17-117:47: --source code:
     needs = filename -> if not filesLoaded#?filename then load filename else (
          (filepath, filetime) := filesLoaded#filename;
          if filetime < fileTime filepath then load filepath)

i3 : locate(resolution, Module)

o3 = /usr/share/Macaulay2/Core/res.m2:280:42-307:64

o3 : FilePosition

i4 : locate methods resolution

o4 = {0 => (/usr/share/Macaulay2/Core/res.m2:309:41-311:51)     }
     {1 => (/usr/share/Macaulay2/Core/res.m2:313:45-314:67)     }
     {2 => (/usr/share/Macaulay2/Core/res.m2:280:42-307:64)     }
     {3 => (/usr/share/Macaulay2/Core/monideal.m2:171:49-171:74)}

o4 : NumberedVerticalList

i5 : methods doc

o5 = {0 => (doc, String)}

o5 : NumberedVerticalList

i6 : locate 0

o6 = /usr/share/Macaulay2/SimpleDoc.m2:35:18-43:13

o6 : FilePosition

i7 : peek oo

o7 = FilePosition{/usr/share/Macaulay2/SimpleDoc.m2, 35, 18, 43, 13, 36, 56}

i8 : 
