-- -*- M2-comint -*- hash: 5790758354157830511

i1 : computeFiber(matrix "3,5,11", vector {27})

o1 = {| 9 |, | 0 |, | 2 |, | 4 |}
      | 0 |  | 1 |  | 2 |  | 3 |
      | 0 |  | 2 |  | 1 |  | 0 |

o1 : List

i2 : netList computeFiber(matrix "3,4,6,8,12", vector {12}, ReturnConnectedComponents => true)

     +---------------+---------------+---------------+
o2 = |{0, 1, 0, 1, 0}|{0, 3, 0, 0, 0}|               |
     +---------------+---------------+---------------+
     |{4, 0, 0, 0, 0}|{0, 0, 2, 0, 0}|{2, 0, 1, 0, 0}|
     +---------------+---------------+---------------+
     |{0, 0, 0, 0, 1}|               |               |
     +---------------+---------------+---------------+

i3 : computeFiber(matrix "51,52,53,54,55,56", vector {614}, FiberAlgorithm => "fast")

o3 = {|  0 |, | 0 |, | 10 |, | 11 |}
      |  0 |  | 0 |  |  2 |  |  0 |
      |  0 |  | 0 |  |  0 |  |  1 |
      |  1 |  | 0 |  |  0 |  |  0 |
      |  0 |  | 2 |  |  0 |  |  0 |
      | 10 |  | 9 |  |  0 |  |  0 |

o3 : List

i4 : computeFiber(matrix "2,4,5,8;7,2,6,1;11,4,3,10", vector{26828,37890,62792}, FiberAlgorithm => "lattice")

o4 = {| 3992 |, | 4012 |, | 4004 |, | 3996 |, | 3988 |, | 4016 |, | 4008 |, |
      |  918 |  | 3623 |  | 2541 |  | 1459 |  |  377 |  | 4164 |  | 3082 |  |
      | 1156 |  |  376 |  |  688 |  | 1000 |  | 1312 |  |  220 |  |  532 |  |
      | 1174 |  |  304 |  |  652 |  | 1000 |  | 1348 |  |  130 |  |  478 |  |
     ------------------------------------------------------------------------
     4000 |}
     2000 |
      844 |
      826 |

o4 : List

i5 : 
