-- -*- M2-comint -*- hash: 7466925454552414583

i1 : netList fiberGraph matrix "3,4,5"

     +----------------------+
o1 = |Graph{{0, 2, 0} => {}}|
     |      {1, 0, 1} => {} |
     +----------------------+
     |Graph{{0, 1, 1} => {}}|
     |      {3, 0, 0} => {} |
     +----------------------+
     |Graph{{0, 0, 2} => {}}|
     |      {2, 1, 0} => {} |
     +----------------------+

i2 : netList fiberGraph matrix "1,2,3"

     +-------------------------------+
o2 = |Graph{{0, 1, 0} => {}}         |
     |      {2, 0, 0} => {}          |
     +-------------------------------+
     |Graph{{0, 0, 1} => {}         }|
     |      {1, 1, 0} => {{3, 0, 0}} |
     |      {3, 0, 0} => {{1, 1, 0}} |
     +-------------------------------+

i3 : netList fiberGraph(matrix "1,2,3", ReturnConnectedComponents => true, FiberAlgorithm => "decompose")

     +----------------------+-----------+
o3 = |{{0, 1, 0}}           |{{2, 0, 0}}|
     +----------------------+-----------+
     |{{1, 1, 0}, {3, 0, 0}}|{{0, 0, 1}}|
     +----------------------+-----------+

i4 : netList fiberGraph(matrix "3,4,6,8,12", ReturnConnectedComponents => true, FiberAlgorithm => "fast")

     +---------------------------------------------------+-----------------+----------------------------------+
o4 = |{{0, 0, 0, 1, 0}}                                  |{{0, 2, 0, 0, 0}}|                                  |
     +---------------------------------------------------+-----------------+----------------------------------+
     |{{4, 0, 0, 0, 0}, {0, 0, 2, 0, 0}, {2, 0, 1, 0, 0}}|{{0, 0, 0, 0, 1}}|{{0, 1, 0, 1, 0}, {0, 3, 0, 0, 0}}|
     +---------------------------------------------------+-----------------+----------------------------------+
     |{{0, 0, 1, 0, 0}}                                  |{{2, 0, 0, 0, 0}}|                                  |
     +---------------------------------------------------+-----------------+----------------------------------+

i5 : 
