-- -*- M2-comint -*- hash: 410647725745766640

i1 : A = matrix "7,8,9,10";

              1       4
o1 : Matrix ZZ  <-- ZZ

i2 : toricIndispensableSet A

o2 = | 0 1  -2 1  |
     | 1 -2 1  0  |
     | 1 -1 -1 1  |
     | 3 1  -1 -2 |

              4       4
o2 : Matrix ZZ  <-- ZZ

i3 : toricIndispensableSet(A, QQ[x_1 .. x_4])

               2            2                         3        2
o3 = ideal (- x  + x x , - x  + x x , - x x  + x x , x x  - x x )
               3    2 4     2    1 3     2 3    1 4   1 2    3 4

o3 : Ideal of QQ[x ..x ]
                  1   4

i4 : toricIndispensableSet(A, ReturnFiberValues => true)

o4 = {{18}, {16}, {17}, {29}}

o4 : List

i5 : 
