-- -*- M2-comint -*- hash: 2847361667064296528

i1 : T = new Filling from {{0,1}, {1}}

     +-+-+
o1 = |0|1|
     |1| |
     +-+-+

o1 : Filling

i2 : T

     +-+-+
o2 = |0|1|
     |1| |
     +-+-+

o2 : Filling

i3 : augmentFilling(T, 0, 2)

     +-+-+
o3 = |0|1|
     |1| |
     |2| |
     +-+-+

o3 : Filling

i4 : augmentFilling(T, 1, 2)

     +-+-+
o4 = |0|1|
     |1|2|
     +-+-+

o4 : Filling

i5 : augmentFilling(T, 5, 3)

     +-+-+-+
o5 = |0|1|3|
     |1| | |
     +-+-+-+

o5 : Filling

i6 : 
