-- -*- M2-comint -*- hash: 13047328600983731860

i1 : E = QQ^3;

i2 : dividedPower(2, E)                   -- rank C(4,2) = 6

       6
o2 = QQ

o2 : QQ-module, free

i3 : dividedPower({2,1,0,1}, E)           -- D^2 ⊗ D^1 ⊗ D^0 ⊗ D^1

       54
o3 = QQ

o3 : QQ-module, free

i4 : f = matrix{{1_QQ,2},{3,4}};

              2       2
o4 : Matrix QQ  <-- QQ

i5 : dividedPower(2, f)                   -- induced map on D^2

o5 = | 1 4  4  |
     | 3 10 8  |
     | 9 24 16 |

              3       3
o5 : Matrix QQ  <-- QQ

i6 : dividedPower({2,1}, E) == dividedPower(2, E) ** dividedPower(1, E)

o6 = true

i7 : 
