-- -*- M2-comint -*- hash: 17287444469497903463

i1 : E = QQ^3;

i2 : schurModule({3}, E)

       10
o2 = QQ

o2 : QQ-module, free

i3 : schurModule({1,1,1}, E)   -- top exterior power: rank 1

       1
o3 = QQ

o3 : QQ-module, free

i4 : M = schurModule({2,1}, E);

i5 : rank M

o5 = 8

i6 : standardTableaux(3, {2,1})

      +-+-+  +-+-+  +-+-+  +-+-+  +-+-+  +-+-+  +-+-+  +-+-+
o6 = {|0|0|, |0|1|, |0|2|, |0|0|, |0|1|, |0|2|, |1|1|, |1|2|}
      |1| |  |1| |  |1| |  |2| |  |2| |  |2| |  |2| |  |2| |
      +-+-+  +-+-+  +-+-+  +-+-+  +-+-+  +-+-+  +-+-+  +-+-+

o6 : List

i7 : M.cache#"Schur"

                                                             +-+-+       
o7 = {| 1 0 0 0 0 0 0  0 0 |, | 1 0 0 0 0 0 0 0 |, HashTable{|0|0| => 0},
      | 0 1 0 0 0 0 0  0 0 |  | 0 1 0 0 0 0 0 0 |            |1| |       
      | 0 0 1 0 0 0 -1 0 0 |  | 0 0 1 0 0 0 0 0 |            +-+-+       
      | 0 0 0 1 0 0 0  0 0 |  | 0 0 0 1 0 0 0 0 |            +-+-+       
      | 0 0 0 0 1 0 1  0 0 |  | 0 0 0 0 1 0 0 0 |            |0|1| => 1  
      | 0 0 0 0 0 1 0  0 0 |  | 0 0 0 0 0 1 0 0 |            |1| |       
      | 0 0 0 0 0 0 0  1 0 |  | 0 0 0 0 0 0 0 0 |            +-+-+       
      | 0 0 0 0 0 0 0  0 1 |  | 0 0 0 0 0 0 1 0 |            +-+-+       
                              | 0 0 0 0 0 0 0 1 |            |0|2| => 2  
                                                             |1| |       
                                                             +-+-+       
                                                             +-+-+       
                                                             |0|0| => 3  
                                                             |2| |       
                                                             +-+-+       
                                                             +-+-+       
                                                             |0|1| => 4  
                                                             |2| |       
                                                             +-+-+       
                                                             +-+-+       
                                                             |0|2| => 5  
                                                             |2| |       
                                                             +-+-+       
                                                             +-+-+       
                                                             |1|0| => 6  
                                                             |2| |       
                                                             +-+-+       
                                                             +-+-+       
                                                             |1|1| => 7  
                                                             |2| |       
                                                             +-+-+       
                                                             +-+-+
                                                             |1|2| => 8
                                                             |2| |
                                                             +-+-+
     ------------------------------------------------------------------------
               +-+-+
     HashTable{|0|0| => 0}}
               |1| |
               +-+-+
               +-+-+
               |0|1| => 1
               |1| |
               +-+-+
               +-+-+
               |0|2| => 2
               |1| |
               +-+-+
               +-+-+
               |0|0| => 3
               |2| |
               +-+-+
               +-+-+
               |0|1| => 4
               |2| |
               +-+-+
               +-+-+
               |0|2| => 5
               |2| |
               +-+-+
               +-+-+
               |1|1| => 6
               |2| |
               +-+-+
               +-+-+
               |1|2| => 7
               |2| |
               +-+-+

o7 : List

i8 : (f, finv, AT, ST) = toSequence M.cache#"Schur";

i9 : f * finv == id_M

o9 = true

i10 : 
