-- -*- M2-comint -*- hash: 3365757201736604352

i1 : T = new Filling from {{2,1,0}}

     +-+
o1 = |2|
     |1|
     |0|
     +-+

o1 : Filling

i2 : straighten T

               +-+
o2 = HashTable{|0| => -1}
               |1|
               |2|
               +-+

o2 : HashTable

i3 : T = new Filling from {{1,0}, {0}}

     +-+-+
o3 = |1|0|
     |0| |
     +-+-+

o3 : Filling

i4 : straighten T

               +-+-+
o4 = HashTable{|0|0| => -1}
               |1| |
               +-+-+

o4 : HashTable

i5 : H = hashTable {
          (new Filling from {{2,1}, {0}}, 1),
          (new Filling from {{1,0}, {2}}, -1)}

               +-+-+
o5 = HashTable{|1|2| => -1}
               |0| |
               +-+-+
               +-+-+
               |2|0| => 1
               |1| |
               +-+-+

o5 : HashTable

i6 : straighten H

               +-+-+
o6 = HashTable{|0|2| => 1 }
               |1| |
               +-+-+
               +-+-+
               |0|1| => -1
               |2| |
               +-+-+
               +-+-+
               |1|2| => -1
               |0| |
               +-+-+

o6 : HashTable

i7 : M = schurModule({1,1,1}, QQ^4);

i8 : v = straighten(new Filling from {{3,2,1}}, M)

o8 = |  0 |
     |  0 |
     |  0 |
     | -1 |

       4
o8 : QQ

i9 : printSchurModuleElement(v, M)
   +-+
-1*|1| 
   |2|
   |3|
   +-+

o9 = stdio

o9 : File

i10 : 
