-- -*- M2-comint -*- hash: 13648842595363156742

i1 : T = weyl {{1,2},{0,0}}

     +-+-+
o1 = |1|2|
     |0|0|
     +-+-+

o1 : WeylFilling

i2 : isWeylStandard T

o2 = (0, 0)

o2 : Sequence

i3 : a = towardWeylStandard T

               +-+-+
o3 = HashTable{|0|0| => -1}
               |1|2|
               +-+-+
               +-+-+
               |0|1| => -1
               |0|2|
               +-+-+
               +-+-+
               |0|2| => -1
               |0|1|
               +-+-+

o3 : HashTable

i4 : scan(pairs a, (U, c) -> << "  " << c << " * " << toList U << endl)
  -1 * {{0, 2}, {0, 1}}
  -1 * {{0, 1}, {0, 2}}
  -1 * {{0, 0}, {1, 2}}

i5 : 
