-- -*- M2-comint -*- hash: 14004970381371302291

i1 : E = QQ^3;

i2 : weylModule({2}, E)          -- divided square: rank C(3+1, 2) = 6

       6
o2 = QQ

o2 : QQ-module, free

i3 : rank oo

o3 = 6

i4 : weylModule({1,1}, E)        -- W_{(1,1)} = ∧^2, rank 3

       3
o4 = QQ

o4 : QQ-module, free

i5 : rank oo

o5 = 3

i6 : W = weylModule({2,1}, E);

i7 : rank W

o7 = 8

i8 : standardWeylTableaux(3, {2,1})

      +-+-+  +-+-+  +-+-+  +-+-+  +-+-+  +-+-+  +-+-+  +-+-+
o8 = {|0|0|, |0|0|, |0|1|, |0|1|, |1|1|, |0|2|, |0|2|, |1|2|}
      |1| |  |2| |  |1| |  |2| |  |2| |  |1| |  |2| |  |2| |
      +-+-+  +-+-+  +-+-+  +-+-+  +-+-+  +-+-+  +-+-+  +-+-+

o8 : List

i9 : W.cache#"Weyl"

                                                                          
o9 = {| 0 1 0 -1 0 0 0  0 0 0  0 0 0  0  0 0  0  0 |, | 0 0 0 0 0 0 0 0 |,
      | 0 0 1 0  0 0 0  0 0 -1 0 0 0  0  0 0  0  0 |  | 1 0 0 0 0 0 0 0 | 
      | 0 0 0 0  1 0 -1 0 0 0  0 0 0  0  0 0  0  0 |  | 0 1 0 0 0 0 0 0 | 
      | 0 0 0 0  0 1 0  0 0 0  0 0 -1 0  0 0  0  0 |  | 0 0 0 0 0 0 0 0 | 
      | 0 0 0 0  0 0 0  0 1 0  0 0 0  -1 0 0  0  0 |  | 0 0 1 0 0 0 0 0 | 
      | 0 0 0 0  0 0 0  0 0 0  1 0 -1 0  0 0  0  0 |  | 0 0 0 1 0 0 0 0 | 
      | 0 0 0 0  0 0 0  0 0 0  0 1 0  0  0 -1 0  0 |  | 0 0 0 0 0 0 0 0 | 
      | 0 0 0 0  0 0 0  0 0 0  0 0 0  0  1 0  -1 0 |  | 0 0 0 0 0 0 0 0 | 
                                                      | 0 0 0 0 1 0 0 0 | 
                                                      | 0 0 0 0 0 0 0 0 | 
                                                      | 0 0 0 0 0 1 0 0 | 
                                                      | 0 0 0 0 0 0 1 0 | 
                                                      | 0 0 0 0 0 0 0 0 | 
                                                      | 0 0 0 0 0 0 0 0 | 
                                                      | 0 0 0 0 0 0 0 1 | 
                                                      | 0 0 0 0 0 0 0 0 | 
                                                      | 0 0 0 0 0 0 0 0 | 
                                                      | 0 0 0 0 0 0 0 0 | 
                                                                          
                                                                          
                                                                          
                                                                          
                                                                          
                                                                          
                                                                          
                                                                          
                                                                          
                                                                          
                                                                          
                                                                          
                                                                          
                                                                          
                                                                          
                                                                          
                                                                          
                                                                          
                                                                          
                                                                          
                                                                          
                                                                          
                                                                          
                                                                          
                                                                          
                                                                          
                                                                          
                                                                          
                                                                          
                                                                          
                                                                          
                                                                          
                                                                          
                                                                          
                                                                          
                                                                          
                                                                          
                                                                          
                                                                          
                                                                          
                                                                          
                                                                          
                                                                          
                                                                          
                                                                          
                                                                          
                                                                          
                                                                          
                                                                          
                                                                          
                                                                          
                                                                          
                                                                          
     ------------------------------------------------------------------------
               +-+-+                   +-+-+
     HashTable{|0|0| => 0 }, HashTable{|0|0| => 0}}
               |0| |                   |1| |
               +-+-+                   +-+-+
               +-+-+                   +-+-+
               |0|0| => 1              |0|0| => 1
               |1| |                   |2| |
               +-+-+                   +-+-+
               +-+-+                   +-+-+
               |0|0| => 2              |0|1| => 2
               |2| |                   |1| |
               +-+-+                   +-+-+
               +-+-+                   +-+-+
               |0|1| => 3              |0|1| => 3
               |0| |                   |2| |
               +-+-+                   +-+-+
               +-+-+                   +-+-+
               |0|1| => 4              |0|2| => 5
               |1| |                   |1| |
               +-+-+                   +-+-+
               +-+-+                   +-+-+
               |0|1| => 5              |0|2| => 6
               |2| |                   |2| |
               +-+-+                   +-+-+
               +-+-+                   +-+-+
               |0|2| => 9              |1|1| => 4
               |0| |                   |2| |
               +-+-+                   +-+-+
               +-+-+                   +-+-+
               |0|2| => 10             |1|2| => 7
               |1| |                   |2| |
               +-+-+                   +-+-+
               +-+-+
               |0|2| => 11
               |2| |
               +-+-+
               +-+-+
               |1|1| => 6
               |0| |
               +-+-+
               +-+-+
               |1|1| => 7
               |1| |
               +-+-+
               +-+-+
               |1|1| => 8
               |2| |
               +-+-+
               +-+-+
               |1|2| => 12
               |0| |
               +-+-+
               +-+-+
               |1|2| => 13
               |1| |
               +-+-+
               +-+-+
               |1|2| => 14
               |2| |
               +-+-+
               +-+-+
               |2|2| => 15
               |0| |
               +-+-+
               +-+-+
               |2|2| => 16
               |1| |
               +-+-+
               +-+-+
               |2|2| => 17
               |2| |
               +-+-+

o9 : List

i10 : (f, finv, AT, ST) = toSequence W.cache#"Weyl";

i11 : f * finv == id_W

o11 = true

i12 : 
