-- -*- M2-comint -*- hash: 18392709233074152359

i1 : T = weyl {{0,0,1}, {1,2}}

     +-+-+-+
o1 = |0|0|1|
     |1|2| |
     +-+-+-+

o1 : WeylFilling

i2 : class T

o2 = WeylFilling

o2 : Type

i3 : isWeylStandard T

i4 : F = matrix{{1_QQ,2},{3,4}};

              2       2
o4 : Matrix QQ  <-- QQ

i5 : weyl({2}, F)

o5 = | 1 4  4  |
     | 3 10 8  |
     | 9 24 16 |

              3       3
o5 : Matrix QQ  <-- QQ

i6 : A = random(QQ^3, QQ^3);

              3       3
o6 : Matrix QQ  <-- QQ

i7 : B = random(QQ^3, QQ^3);

              3       3
o7 : Matrix QQ  <-- QQ

i8 : weyl({2,1}, A * B) == weyl({2,1}, A) * weyl({2,1}, B)

o8 = true

i9 : weyl({2}, F) == dividedPower(2, F)

o9 = true

i10 : 
