-- -*- M2-comint -*- hash: 4682321302145039117

i1 : R = QQ[x,y]

o1 = R

o1 : PolynomialRing

i2 : I = monomialIdeal(x^3, x^2*y^2, y^3)

                     3   2 2   3
o2 = monomialIdeal (x , x y , y )

o2 : MonomialIdeal of R

i3 : macaulayOrders(standardMonomialPoset I, TikZ=>true)

        \draw (0) -- (1);
        \draw (0) -- (2);
        \draw (1) -- (4);
        \draw (1) -- (3);
        \draw (3) -- (6);
        \draw (4) -- (7);
        \draw (4) -- (6);
        \draw (2) -- (4);
        \draw (2) -- (5);
        \draw (5) -- (7);
\end{tikzpicture}

        \draw (0) -- (2);
        \draw (0) -- (1);
        \draw (2) -- (4);
        \draw (2) -- (5);
        \draw (5) -- (7);
        \draw (4) -- (6);
        \draw (4) -- (7);
        \draw (1) -- (4);
        \draw (1) -- (3);
        \draw (3) -- (6);
\end{tikzpicture}

                 2        2   2      2              2        2     2   2
o3 = {{1, x, y, x , x*y, y , x y, x*y }, {1, y, x, y , x*y, x , x*y , x y}}

o3 : List

i4 : 
