-- -*- M2-comint -*- hash: 11421580005920111452

i1 : R = QQ[x,y]

o1 = R

o1 : PolynomialRing

i2 : I = ideal(x^3, y^3)

             3   3
o2 = ideal (x , y )

o2 : Ideal of R

i3 : getMons(R, I)

             2   2    2 2          2      2
o3 = {1, x, x , x y, x y , x*y, x*y , y, y }

o3 : List

i4 : J = ideal(x*y - y^2, x^4, x^3 * y, x^2 * y^2)

                   2   4   3    2 2
o4 = ideal (x*y - y , x , x y, x y )

o4 : Ideal of R

i5 : getMons(R / J)

             2   3      2   3
o5 = {1, x, x , x , y, y , y }

o5 : List

i6 : I = ideal(x^2 - y^2)

            2    2
o6 = ideal(x  - y )

o6 : Ideal of R

i7 : getMons(R/I, MaxDegree=>10)
Ideal is not finite over the base (quotient ring has infinitely many monomials)
Monomials up to degree 10 given

                2          2   3   4     3     4   5   6     5     6   7   8 
o7 = {1, x, y, y , x*y, x*y , y , y , x*y , x*y , y , y , x*y , x*y , y , y ,
     ------------------------------------------------------------------------
        7     8   9   10     9
     x*y , x*y , y , y  , x*y }

o7 : List

i8 : 
