-- -*- M2-comint -*- hash: 9351261246257952795

i1 : f = map(chain 10, chain 3, {1=>2, 2=>4, 3=>6})

o1 = PosetMap{1 => 2                                            }
              2 => 4
              3 => 6
              source => Relation Matrix: | 1 1 1 |
                                         | 0 1 1 |
                                         | 0 0 1 |
              target => Relation Matrix: | 1 1 1 1 1 1 1 1 1 1 |
                                         | 0 1 1 1 1 1 1 1 1 1 |
                                         | 0 0 1 1 1 1 1 1 1 1 |
                                         | 0 0 0 1 1 1 1 1 1 1 |
                                         | 0 0 0 0 1 1 1 1 1 1 |
                                         | 0 0 0 0 0 1 1 1 1 1 |
                                         | 0 0 0 0 0 0 1 1 1 1 |
                                         | 0 0 0 0 0 0 0 1 1 1 |
                                         | 0 0 0 0 0 0 0 0 1 1 |
                                         | 0 0 0 0 0 0 0 0 0 1 |

o1 : PosetMap

i2 : image f

o2 = {2, 4, 6}

o2 : List

i3 : image(f, {1,2})

o3 = {2, 4}

o3 : List

i4 : 
