-- -*- M2-comint -*- hash: 7862851836420560514

i1 : macaulayOrders(product(chain 3, chain 3))

o1 = {{{1, 1}, {1, 2}, {2, 1}, {1, 3}, {2, 2}, {3, 1}, {2, 3}, {3, 2}, {3,
     ------------------------------------------------------------------------
     3}}, {{1, 1}, {2, 1}, {1, 2}, {3, 1}, {2, 2}, {1, 3}, {3, 2}, {2, 3},
     ------------------------------------------------------------------------
     {3, 3}}}

o1 : List

i2 : R = (ZZ/2)[x,y]

o2 = R

o2 : PolynomialRing

i3 : I = ideal(x^4, x^3-y^3, y^4)

             4   3    3   4
o3 = ideal (x , x  + y , y )

o3 : Ideal of R

i4 : macaulayOrders(R/I, TikZ=>true)

        \draw (0) -- (1);
        \draw (0) -- (2);
        \draw (1) -- (4);
        \draw (1) -- (3);
        \draw (3) -- (8);
        \draw (3) -- (6);
        \draw (6) -- (9);
        \draw (4) -- (7);
        \draw (4) -- (6);
        \draw (7) -- (9);
        \draw (2) -- (5);
        \draw (2) -- (4);
        \draw (5) -- (8);
        \draw (5) -- (7);
\end{tikzpicture}

        \draw (0) -- (2);
        \draw (0) -- (1);
        \draw (2) -- (4);
        \draw (2) -- (5);
        \draw (5) -- (8);
        \draw (5) -- (7);
        \draw (7) -- (9);
        \draw (4) -- (6);
        \draw (4) -- (7);
        \draw (6) -- (9);
        \draw (1) -- (3);
        \draw (1) -- (4);
        \draw (3) -- (8);
        \draw (3) -- (6);
\end{tikzpicture}

                 2        2   2      2   3   2 2              2        2 
o4 = {{1, x, y, x , x*y, y , x y, x*y , y , x y }, {1, y, x, y , x*y, x ,
     ------------------------------------------------------------------------
        2   2    3   2 2
     x*y , x y, y , x y }}

o4 : List

i5 : 
