-- -*- M2-comint -*- hash: 7055784333184908354

i1 : P = chain 2

o1 = P

o1 : Poset

i2 : Q = product(chain 3, chain 3)

o2 = Q

o2 : Poset

i3 : f = map(Q, P, {{1,1}, {1,2}})

o3 = PosetMap{1 => {1, 1}}
              2 => {1, 2}
              source => P
              target => Q

o3 : PosetMap

i4 : g = map(Q, P, {1=>{1,1}, 2=>{1,2}})

o4 = PosetMap{1 => {1, 1}}
              2 => {1, 2}
              source => P
              target => Q

o4 : PosetMap

i5 : h = map(Q, P, hashTable {1=>{1,1}, 2=>{1,2}})

o5 = PosetMap{1 => {1, 1}}
              2 => {1, 2}
              source => P
              target => Q

o5 : PosetMap

i6 : f == g

o6 = true

i7 : g == h

o7 = true

i8 : P = poset({1}, {})

o8 = P

o8 : Poset

i9 : Q = poset({1, 1=>1}, {{1, 1=>1}})

o9 = Q

o9 : Poset

i10 : f = map(Q, P, {1=>1})

o10 = PosetMap{1 => 1 => 1}
               source => P
               target => Q

o10 : PosetMap

i11 : f 1

o11 = 1 => 1

o11 : Option

i12 : 
