-- -*- M2-comint -*- hash: 4682730509691781194

i1 : R = QQ[x,y]

o1 = R

o1 : PolynomialRing

i2 : I = ideal(x^3, y^2)

             3   2
o2 = ideal (x , y )

o2 : Ideal of R

i3 : posetWedgeProduct {booleanLattice 3, chain 4, getPoset(R/I)}

o3 = Relation Matrix: | 1 1 1 1 1 1 1 1 1 1 1 1 1 1 1 1 |
                      | 0 1 0 1 0 1 0 1 0 0 0 0 0 0 0 0 |
                      | 0 0 1 1 0 0 1 1 0 0 0 0 0 0 0 0 |
                      | 0 0 0 1 0 0 0 1 0 0 0 0 0 0 0 0 |
                      | 0 0 0 0 1 1 1 1 0 0 0 0 0 0 0 0 |
                      | 0 0 0 0 0 1 0 1 0 0 0 0 0 0 0 0 |
                      | 0 0 0 0 0 0 1 1 0 0 0 0 0 0 0 0 |
                      | 0 0 0 0 0 0 0 1 0 0 0 0 0 0 0 0 |
                      | 0 0 0 0 0 0 0 0 1 1 1 0 0 0 0 0 |
                      | 0 0 0 0 0 0 0 0 0 1 1 0 0 0 0 0 |
                      | 0 0 0 0 0 0 0 0 0 0 1 0 0 0 0 0 |
                      | 0 0 0 0 0 0 0 0 0 0 0 1 1 1 1 0 |
                      | 0 0 0 0 0 0 0 0 0 0 0 0 1 1 0 0 |
                      | 0 0 0 0 0 0 0 0 0 0 0 0 0 1 0 0 |
                      | 0 0 0 0 0 0 0 0 0 0 0 0 0 1 1 0 |
                      | 0 0 0 0 0 0 0 0 0 0 0 0 0 1 1 1 |

o3 : Poset

i4 : 
