-- -*- M2-comint -*- hash: 7960717073167283000

i1 : i = map(chain 5, chain 2, {1=>1, 2=>2})

o1 = PosetMap{1 => 1                                  }
              2 => 2
              source => Relation Matrix: | 1 1 |
                                         | 0 1 |
              target => Relation Matrix: | 1 1 1 1 1 |
                                         | 0 1 1 1 1 |
                                         | 0 0 1 1 1 |
                                         | 0 0 0 1 1 |
                                         | 0 0 0 0 1 |

o1 : PosetMap

i2 : A = posetConnectedSum(i, i)

o2 = A

o2 : Poset

i3 : areIsomorphic( A, adjoinMin adjoinMax product(chain 2, chain 2) )

o3 = true

i4 : P = product(chain 2, chain 2)

o4 = P

o4 : Poset

i5 : Q = product(chain 2, chain 5)

o5 = Q

o5 : Poset

i6 : f = map(Q, P, {{1,1}, {1,2}, {2,1}, {2,2}})

o6 = PosetMap{{1, 1} => {1, 1}}
              {1, 2} => {1, 2}
              {2, 1} => {2, 1}
              {2, 2} => {2, 2}
              source => P
              target => Q

o6 : PosetMap

i7 : g = map(Q, P, {{1,1}, {2,1}, {1,2}, {2,2}})

o7 = PosetMap{{1, 1} => {1, 1}}
              {1, 2} => {2, 1}
              {2, 1} => {1, 2}
              {2, 2} => {2, 2}
              source => P
              target => Q

o7 : PosetMap

i8 : R = posetConnectedSum(f, g)

o8 = R

o8 : Poset

i9 : S = posetConnectedSum(f, f)

o9 = S

o9 : Poset

i10 : areIsomorphic(R, S)

o10 = false

i11 : areIsomorphic(S, product(chain 2, A))

o11 = true

i12 : 
