-- -*- M2-comint -*- hash: 3136113169963467622

i1 : P = product(chain 2, chain 2)

o1 = P

o1 : Poset

i2 : Q = product(chain 2, chain 3)

o2 = Q

o2 : Poset

i3 : f = map(Q, P, {{1,1}, {1,2}, {2,1}, {2,2}})

o3 = PosetMap{{1, 1} => {1, 1}}
              {1, 2} => {1, 2}
              {2, 1} => {2, 1}
              {2, 2} => {2, 2}
              source => P
              target => Q

o3 : PosetMap

i4 : g = map(Q, P, {{1,1}, {2,1}, {1,2}, {2,2}})

o4 = PosetMap{{1, 1} => {1, 1}}
              {1, 2} => {2, 1}
              {2, 1} => {1, 2}
              {2, 2} => {2, 2}
              source => P
              target => Q

o4 : PosetMap

i5 : R = (ZZ/2)[x,y]

o5 = R

o5 : PolynomialRing

i6 : I = monomialIdeal(x^3, x^2 * y^2, y^3)

                     3   2 2   3
o6 = monomialIdeal (x , x y , y )

o6 : MonomialIdeal of R

i7 : areIsomorphic(posetFiberProduct(f, g), getPoset(R/I))

o7 = true

i8 : chainWedgePoset = product(chain 2, adjoinMin posetWedgeProduct(chain 2, chain 2))

o8 = chainWedgePoset

o8 : Poset

i9 : areIsomorphic(posetFiberProduct(f, f), chainWedgePoset)

o9 = true

i10 : 
