-- -*- M2-comint -*- hash: 2254978039434326535

i1 : R = (ZZ/2)[u,v,w]

o1 = R

o1 : PolynomialRing

i2 : I = ideal(u^4, v^2-w^2, w^2-v*u)

             4   2    2         2
o2 = ideal (u , v  + w , u*v + w )

o2 : Ideal of R

i3 : S = R/I

o3 = S

o3 : QuotientRing

i4 : T = newRing(S, Variables=>{x,y,z})

o4 = T

o4 : QuotientRing

i5 : U = ringConnectedSum(S, T)

o5 = U

o5 : QuotientRing

i6 : ideal U

             4   2    2         2   4   2    2         2                     
o6 = ideal (u , v  + w , u*v + w , x , y  + z , x*y + z , u*x, u*y, u*z, v*x,
     ------------------------------------------------------------------------
                               5    5
     v*y, v*z, w*x, w*y, w*z, w  + z )

              ZZ
o6 : Ideal of --[u..z]
               2

i7 : isMacaulay S

o7 = true

i8 : isMacaulay U

o8 = false

i9 : 
