-- -*- M2-comint -*- hash: 18277271825614459117

i1 : R = QQ[x,y]

o1 = R

o1 : PolynomialRing

i2 : I = ideal(x^2, y^2)

             2   2
o2 = ideal (x , y )

o2 : Ideal of R

i3 : S = QQ[a,b]

o3 = S

o3 : PolynomialRing

i4 : J = ideal(a^4, b^4)

             4   4
o4 = ideal (a , b )

o4 : Ideal of S

i5 : ringFiberProduct(R/I, S/J)

                QQ[x..y, a..b]
o5 = ------------------------------------
       2   2   4   4
     (x , y , a , b , x*a, x*b, y*a, y*b)

o5 : QuotientRing

i6 : R = (ZZ/7)[x,y,z]

o6 = R

o6 : PolynomialRing

i7 : I = ideal(x^2, y^3, z^4)

             2   3   4
o7 = ideal (x , y , z )

o7 : Ideal of R

i8 : S = (ZZ/7)[a,b,c]

o8 = S

o8 : PolynomialRing

i9 : J = ideal(a, b^3, c^3)

                3   3
o9 = ideal (a, b , c )

o9 : Ideal of S

i10 : ringFiberProduct(R/I, S/J)

                                 ZZ
                                 --[x..z, a..c]
                                  7
o10 = --------------------------------------------------------------------
        2   3   4      3   3
      (x , y , z , a, b , c , x*a, x*b, x*c, y*a, y*b, y*c, z*a, z*b, z*c)

o10 : QuotientRing

i11 : 
