-- -*- M2-comint -*- hash: 161178693018066909

i1 : M = matrix(CC, {{1,2,3},{2,4,5},{3,5,6}});

                3         3
o1 : Matrix CC    <-- CC
              53        53

i2 : alpha = makeGWClass M;

i3 : getSumDecomposition alpha

o3 = | 1 0 0  |
     | 0 1 0  |
     | 0 0 -1 |

o3 : GrothendieckWittClass

i4 : N = matrix(RR, {{2.091,2.728,6.747},{2.728,7.329,6.257},{6.747,6.257,0.294}});

                3         3
o4 : Matrix RR    <-- RR
              53        53

i5 : beta = makeGWClass N;

i6 : getSumDecomposition beta

o6 = | 1 0 0  |
     | 0 1 0  |
     | 0 0 -1 |

o6 : GrothendieckWittClass

i7 : P = matrix(QQ, {{1,2,3},{2,4,5},{3,5,6}});

              3       3
o7 : Matrix QQ  <-- QQ

i8 : gamma = makeGWClass P;

i9 : getSumDecomposition gamma

o9 = | 1 0 0  |
     | 0 1 0  |
     | 0 0 -1 |

o9 : GrothendieckWittClass

i10 : Q = matrix(GF(13), {{9,1,7,4},{1,10,3,2},{7,3,6,7},{4,2,7,5}});

                    4            4
o10 : Matrix (GF 13)  <-- (GF 13)

i11 : delta = makeGWClass Q;

i12 : getSumDecomposition delta

o12 = | 1 0  0 0  |
      | 0 -5 0 0  |
      | 0 0  1 0  |
      | 0 0  0 -1 |

o12 : GrothendieckWittClass

i13 : 
