-- -*- M2-comint -*- hash: 3212928762232488930

i1 : M = matrix(QQ, {{9,1,7,4},{1,10,3,2},{7,3,6,7},{4,2,7,5}});

              4       4
o1 : Matrix QQ  <-- QQ

i2 : beta = makeGWuClass M;

i3 : getDiagonalClass beta

o3 = (| 1 0  0   0   |, -1100)
      | 0 89 0   0   |
      | 0 0  445 0   |
      | 0 0  0   -55 |

o3 : UnstableGrothendieckWittClass

i4 : getDiagonalClass makeGWClass M

o4 = | 1 0  0   0   |
     | 0 89 0   0   |
     | 0 0  445 0   |
     | 0 0  0   -55 |

o4 : GrothendieckWittClass

i5 : beta.cache.getDiagonalClass

o5 = (| 1 0  0   0   |, -1100)
      | 0 89 0   0   |
      | 0 0  445 0   |
      | 0 0  0   -55 |

o5 : UnstableGrothendieckWittClass

i6 : 
