-- -*- M2-comint -*- hash: 6453904383594924730

i1 : S = ZZ[a..h];

i2 : Δ = skeleton(2, simplexComplex(3, S))

o2 = simplicialComplex | bcd acd abd abc |

o2 : SimplicialComplex

i3 : prune homology Δ

       1
o3 = ZZ
      
     2

o3 : Complex

i4 : prune homology(Δ, QQ)

       1
o4 = QQ
      
     2

o4 : Complex

i5 : prune homology(Δ, ZZ/2)

      ZZ 1
o5 = (--)
       2
      
     2

o5 : Complex

i6 : assert(homology Δ == HH Δ)

i7 : assert(prune homology Δ == (complex ZZ^1)[-2])

i8 : Γ = kleinBottleComplex S

o8 = simplicialComplex | cgh agh cfh afh efg dfg aeg cdg bef adf bcf cde bde ace abd abc |

o8 : SimplicialComplex

i9 : prune homology Γ

o9 = cokernel | 2 |
              | 0 |
      
     1

o9 : Complex

i10 : prune homology(Γ, QQ)

        1
o10 = QQ
       
      1

o10 : Complex

i11 : prune homology(Γ, ZZ/2)

       ZZ 2      ZZ 1
o11 = (--)  <-- (--)
        2         2
                 
      1         2

o11 : Complex

i12 : assert(prune homology(Γ, ZZ/2) == (complex (ZZ/2)^2)[-1] ++ (complex (ZZ/2)^1)[-2])

i13 : irrelevant = simplicialComplex monomialIdeal gens S

o13 = simplicialComplex | 1 |

o13 : SimplicialComplex

i14 : homology irrelevant

        1
o14 = ZZ
       
      -1

o14 : Complex

i15 : assert(homology irrelevant == (complex ZZ^1)[1])

i16 : void = simplicialComplex monomialIdeal 1_S

o16 = simplicialComplex 0

o16 : SimplicialComplex

i17 : homology void

o17 = 0
       
      0

o17 : Complex

i18 : assert(homology void == complex ZZ^0)

i19 : 
