-- -*- M2-comint -*- hash: 2039154019419039020

i1 : malloc = foreignFunction("malloc", voidstar, ulong)

o1 = malloc

o1 : ForeignFunction

i2 : free = foreignFunction("free", void, voidstar)

o2 = free

o2 : ForeignFunction

i3 : finalizer = x -> (print("freeing memory at " | net x); free x)

o3 = finalizer

o3 : FunctionClosure

i4 : for i to 9 do (x := malloc 8; registerFinalizer(x, finalizer))

i5 : collectGarbage()
freeing memory at 0x7fb3a8080d80
freeing memory at 0x7fb3a8080ce0
freeing memory at 0x7fb3a8080d20
freeing memory at 0x7fb3a8080d00
freeing memory at 0x7fb3a8080cc0
freeing memory at 0x7fb3a80806b0
freeing memory at 0x7fb3a80806d0
freeing memory at 0x7fb3a8080d60
freeing memory at 0x7fb3a8080d40

i6 : 
