-- -*- M2-comint -*- hash: 10146077939428838136

i1 : R=rootSystemE(8)

o1 = RootSystem{...8...}

o1 : RootSystem

i2 : r=addRoots(R,simpleRoot(R,1),simpleRoot(R,3))

o2 = |  1 |
     |  0 |
     |  1 |
     | -1 |
     |  0 |
     |  0 |
     |  0 |
     |  0 |

       8
o2 : ZZ

i3 : reflection(R,r)

o3 = WeylGroupElement{RootSystem{...8...}, | -1 |}
                                           |  1 |
                                           | -1 |
                                           |  3 |
                                           |  1 |
                                           |  1 |
                                           |  1 |
                                           |  1 |

o3 : WeylGroupElement

i4 : 
