-- -*- M2-comint -*- hash: 7808049995412572667

i1 : U= matrix{{1,2,1,-1},{2,1,3,0},{-1, 0, 1, 1},{-5, 3, 4, -6}};

              4       4
o1 : Matrix ZZ  <-- ZZ

i2 : sampleCovarianceMatrix(U)

o2 = | 115/16 -13/8 -29/16 47/8  |
     | -13/8  5/4   7/8    -11/4 |
     | -29/16 7/8   27/16  -21/8 |
     | 47/8   -11/4 -21/8  29/4  |

              4       4
o2 : Matrix QQ  <-- QQ

i3 : G = mixedGraph(digraph {{1,2},{1,3},{2,3},{3,4}},bigraph{{3,4}});

i4 : R = gaussianRing(G);

i5 : U = matrix{{6, 10, 1/3, 1}, {3/5, 3, 1/2, 1}, {4/5, 3/2, 9/8, 3/10}, {10/7, 2/3,1, 8/3}};

              4       4
o5 : Matrix QQ  <-- QQ

i6 : scoreEquations(R,U)

o6 = ideal (192199680p    - 99333449, 267221621760p    - 849243924773,
                      3,4                          4,4                
     ------------------------------------------------------------------------
     1353974896462794079472640p    - 142165262245288892244817, 6898968p    -
                               3,3                                     2,2  
     ------------------------------------------------------------------------
     11533057, 19600p    - 95819, 20855l    + 90447,
                     1,1                3,4         
     ------------------------------------------------------------------------
     146915678869660815915l    - 4228634793402814499,
                           2,3                       
     ------------------------------------------------------------------------
     58766271547864326366l    + 4167005135395196717, 574914l    - 896035)
                          1,3                               1,2

o6 : Ideal of QQ[l   ..l   , l   , l   , p   , p   , p   , p   , p   ]
                  1,2   1,3   2,3   3,4   1,1   2,2   3,3   4,4   3,4

i7 : G=graph{{1,2},{2,3},{3,4},{4,1}};

i8 : MLdegree(gaussianRing G)

o8 = 5

i9 : G = mixedGraph(digraph {{1,3},{2,4}},bigraph {{3,4}},graph {{1,2}});

i10 : V =  matrix {{7/20, 13/50, -3/50, -19/100}, {13/50, 73/100, -7/100, -9/100},{-3/50, -7/100, 2/5, 3/50}, {-19/100, -9/100, 3/50, 59/100}};

               4       4
o10 : Matrix QQ  <-- QQ

i11 : solverMLE(G,V,SampleData=>false)

o11 = (-.836195, | .35       .26       -.0523685 -.0312641 |, 5)
                 | .26       .73       -.0389023 -.0877801 |
                 | -.0523685 -.0389023 .397716   .0325098  |
                 | -.0312641 -.0877801 .0325098  .589466   |

o11 : Sequence

i12 : R=QQ[x,y];

i13 : M=matrix{{115,-13,x,47},{-13,5,7,y},{x,7,27,-21},{47,y,-21,29}}

o13 = | 115 -13 x   47  |
      | -13 5   7   y   |
      | x   7   27  -21 |
      | 47  y   -21 29  |

              4      4
o13 : Matrix R  <-- R

i14 : G=graph{{1,2},{2,3},{3,4},{1,4}};

i15 : V=matrix{{115,-13,-29,47},{-13,5,7,-11},{-29,7,27,-21},{47,-11,-21,29}};

               4       4
o15 : Matrix ZZ  <-- ZZ

i16 : (mx,MLE,ML)=solverMLE(G,V,SampleData=>false)

o16 = (-14.5793, | 115      -13      -35.6122 47       |, 5)
                 | -13      5        7        -6.51331 |
                 | -35.6122 7        27       -21      |
                 | 47       -6.51331 -21      29       |

o16 : Sequence

i17 : 
