-- -*- M2-comint -*- hash: 3953206202165647055

i1 : R = QQ[x,y]

o1 = R

o1 : PolynomialRing

i2 : I = ideal(y^2 - x^2 - 1, x - y^2 + 4*y - 2)

               2    2         2
o2 = ideal (- x  + y  - 1, - y  + x + 4y - 2)

o2 : Ideal of R

i3 : S = R/I

o3 = S

o3 : QuotientRing

i4 : f = y^2 - x^2 - x*y + 4

o4 = - x*y + 5

o4 : S

i5 : traceForm(f)

o5 = | 4    -86   -340  -42   |
     | -86  -266  -1262 -340  |
     | -340 -1262 -5884 -1454 |
     | -42  -340  -1454 -262  |

              4       4
o5 : Matrix QQ  <-- QQ

i6 : R = QQ[x,y]

o6 = R

o6 : PolynomialRing

i7 : J = ideal(y^2 - x^2 - 1,x - y^2 + 4*y - 2)

               2    2         2
o7 = ideal (- x  + y  - 1, - y  + x + 4y - 2)

o7 : Ideal of R

i8 : g = x + y

o8 = x + y

o8 : R

i9 : signature(traceForm(g,J))	 

o9 = 2

i10 : rank traceForm(1_R,J)	 

o10 = 4

i11 : 
