-- -*- M2-comint -*- hash: 6767754035115983202

i1 : R = QQ[x,y]

o1 = R

o1 : PolynomialRing

i2 : I = ideal(y^2 - x^2 - 1,x - y^2 + 4*y - 2)

               2    2         2
o2 = ideal (- x  + y  - 1, - y  + x + 4y - 2)

o2 : Ideal of R

i3 : univariateEliminant(y,I)

      4     3      2
o3 = Z  - 8Z  + 19Z  - 16Z + 5

o3 : QQ[Z]

i4 : univariateEliminant(x,I,Strategy => 0)

      4     3     2
o4 = Z  - 2Z  - 9Z  - 6Z - 7

o4 : QQ[Z]

i5 : univariateEliminant(x,I,Strategy => 1)

      4     3     2
o5 = Z  - 2Z  - 9Z  - 6Z - 7

o5 : QQ[Z]

i6 : 
