-- -*- M2-comint -*- hash: 2715615631508256942

i1 : R=QQ[x_0..x_4];

i2 : F0Y=gens minors(2,matrix {{x_0,x_1,x_2,x_3},{x_1,x_2,x_3,x_4}});

             1      6
o2 : Matrix R  <-- R

i3 : F0X=basis(2,R);

             1      15
o3 : Matrix R  <-- R

i4 : T1Y=CT^1(F0Y);

             6      4
o4 : Matrix R  <-- R

i5 : T1X=normalMatrix(F0X);

             15      75
o5 : Matrix R   <-- R

i6 : T2X=CT^2(F0X);

             40      185
o6 : Matrix R   <-- R

i7 : T2Y=CT^2(F0Y);

             8      3
o7 : Matrix R  <-- R

i8 : T2XY=nestedObstruction(F0X,F0Y);

             6
o8 : Matrix R  <-- 0

i9 : D=setupNestedDeformation({F0X,T1X,T2X,F0Y,T1Y,T2Y,T2XY})

o9 = D

o9 : NestedDeformation

i10 : transpose (families D)_0

o10 = {-2} | x_4s_1+x_3s_2+x_2s_3+x_1s_4+x_0s_5+x_0^2                       
      {-2} | x_4s_6+x_3s_7+x_2s_8+x_1s_9+x_0s_10+x_0x_1                     
      {-2} | x_4s_26+x_3s_27+x_2s_28+x_1s_29+x_0s_30+x_1t_1+x_0t_2+x_0x_2   
      {-2} | x_4s_31+x_3s_32+x_2s_33+x_1s_34+x_0s_35+x_0t_4+x_0x_3          
      {-2} | x_4s_46+x_3s_47+x_2s_48+x_1s_49+x_0s_50-x_3t_1-x_2t_2+x_2t_3+x_
      {-2} | x_4s_26+x_3s_27+x_2s_28+x_1s_29+x_0s_30+x_1^2                  
      {-2} | x_4s_31+x_3s_32+x_2s_33+x_1s_34+x_0s_35+x_1x_2                 
      {-2} | x_4s_46+x_3s_47+x_2s_48+x_1s_49+x_0s_50-x_3t_1-x_2t_2+x_1t_4+x_
      {-2} | x_4s_51+x_3s_52+x_2s_53+x_1s_54+x_0s_55-x_4t_1-x_3t_2+x_3t_3+x_
      {-2} | x_4s_46+x_3s_47+x_2s_48+x_1s_49+x_0s_50+x_2^2                  
      {-2} | x_4s_51+x_3s_52+x_2s_53+x_1s_54+x_0s_55+x_2x_3                 
      {-2} | x_4s_61+x_3s_62+x_2s_63+x_1s_64+x_0s_65+x_4t_3-x_3t_4+x_2x_4   
      {-2} | x_4s_61+x_3s_62+x_2s_63+x_1s_64+x_0s_65+x_3^2                  
      {-2} | x_4s_66+x_3s_67+x_2s_68+x_1s_69+x_0s_70+x_3x_4                 
      {-2} | x_4s_71+x_3s_72+x_2s_73+x_1s_74+x_0s_75+x_4^2                  
      -----------------------------------------------------------------------
                  |
                  |
                  |
                  |
      1t_4+x_0x_4 |
                  |
                  |
      1x_3        |
      1x_4        |
                  |
                  |
                  |
                  |
                  |
                  |

                                                               15                                                       1
o10 : Matrix (R[s ..s  , s  ..s  , s  ..s  , s  ..s  , t ..t ])   <-- (R[s ..s  , s  ..s  , s  ..s  , s  ..s  , t ..t ])
                 1   10   26   35   46   55   61   75   1   4             1   10   26   35   46   55   61   75   1   4

i11 : transpose (families D)_1

o11 = {-2} | x_1t_1+x_0t_2-x_1^2+x_0x_2          |
      {-2} | x_0t_4-x_1x_2+x_0x_3                |
      {-2} | -x_3t_1-x_2t_2+x_1t_4-x_2^2+x_1x_3  |
      {-2} | x_2t_3-x_1x_3+x_0x_4                |
      {-2} | -x_4t_1-x_3t_2+x_3t_3-x_2x_3+x_1x_4 |
      {-2} | x_4t_3-x_3t_4-x_3^2+x_2x_4          |

                                                               6                                                       1
o11 : Matrix (R[s ..s  , s  ..s  , s  ..s  , s  ..s  , t ..t ])  <-- (R[s ..s  , s  ..s  , s  ..s  , s  ..s  , t ..t ])
                 1   10   26   35   46   55   61   75   1   4            1   10   26   35   46   55   61   75   1   4

i12 : 
