-- -*- M2-comint -*- hash: 12378111730240446630

i1 : S=QQ[x..z]

o1 = S

o1 : PolynomialRing

i2 : Y=ideal(y^2+x^3-x^2*z^2)

              2 2    3    2
o2 = ideal(- x z  + x  + y )

o2 : Ideal of S

i3 : V=whitneyStratify Y

o3 = MutableHashTable{...3...}

o3 : MutableHashTable

i4 : peek V

o4 = MutableHashTable{0 => {ideal (z, y, x)}      }
                      1 => {ideal (y, x)}
                                   2 2    3    2
                      2 => {ideal(x z  - x  - y )}

i5 : EuL=eulerObsMatrix V

                                                                      2 2  
o5 = {| 1 1 1 |, {{0, ideal (z, y, x)}, {1, ideal (y, x)}, {2, ideal(x z  -
      | 0 1 2 |
      | 0 0 1 |
     ------------------------------------------------------------------------
      3    2
     x  - y )}}}

o5 : List

i6 : Eu=first EuL

o6 = | 1 1 1 |
     | 0 1 2 |
     | 0 0 1 |

              3       3
o6 : Matrix ZZ  <-- ZZ

i7 : stratList=last EuL

                                                          2 2    3    2
o7 = {{0, ideal (z, y, x)}, {1, ideal (y, x)}, {2, ideal(x z  - x  - y )}}

o7 : List

i8 : Eu_2

o8 = | 1 |
     | 2 |
     | 1 |

       3
o8 : ZZ

i9 : Eu_(0,2)

o9 = 1

i10 : Eu_(1,2)

o10 = 2

i11 : 
