-- -*- M2-comint -*- hash: 5002001476136873395

i1 : R=QQ[a,b,c,x]

o1 = R

o1 : PolynomialRing

i2 : I=ideal(a*x^2+b*x+c)

              2
o2 = ideal(a*x  + b*x + c)

o2 : Ideal of R

i3 : S=QQ[(gens(R))_(toList(0..2))]

o3 = S

o3 : PolynomialRing

i4 : gens S

o4 = {a, b, c}

o4 : List

i5 : F={R_0,R_1,R_2}

o5 = {a, b, c}

o5 : List

i6 : ms=mapStratify(F,I,ideal(0_S),isProper=>false)
for j2....
loop over components of JY=ideal 1
for j2....
loop over components of JY=ideal 1
loop over components of JY=ideal (c, b, a)
at K= ideal (c, b, a)
for j2....
loop over components of JY=ideal 1

o6 = {MutableHashTable{...4...}, MutableHashTable{...4...}}

o6 : List

i7 : peek last ms

o7 = MutableHashTable{0 => {ideal (c, b, a)}          }
                      1 => {ideal (b, a)}
                      3 => {ideal 0}
                                            2
                      2 => {ideal a, ideal(b  - 4a*c)}

i8 : R=QQ[a,b,x,y];

i9 : I=ideal(x^2-y^2+b, -a*x+x^2+b*y);

o9 : Ideal of R

i10 : S=QQ[(gens(R))_(toList(0..1))];

i11 : F={R_0,R_1};

i12 : ms=mapStratify(F,I,ideal(0_S),isProper=>false)
for j2....
loop over components of JY=ideal 1
for j2....
loop over components of JY=ideal 1
                                      2 3      5    4      2 2       4      3    4       2 3     5    4      2 2      4      3    5     3 2       4     3         3
loop over components of JY=ideal (108a b  + 54b  - a  + 60a b  + 232b  + 64b , 6a b - 12a b  + 6b  - a  + 60a b  + 40b  + 64b , 3a  - 6a b  + 3a*b  + 2a b - 20a*b )
at K= ideal (b, a)
at K= ideal (b + 4, a)
                          2
at K= ideal (27b - 4, 729a  + 128)

o12 = {MutableHashTable{...3...}, MutableHashTable{...3...}}

o12 : List

i13 : peek last ms

o13 = MutableHashTable{2 => {ideal 0}                                                            }
                                                                                 2
                       0 => {ideal (b, a), ideal (b + 4, a), ideal (27b - 4, 729a  + 128)}
                                             6     4 2     2 4    6    4       2 3     5      4
                       1 => {ideal b, ideal(a  - 3a b  + 3a b  - b  + a b - 20a b  - 8b  - 16b )}

i14 : R=QQ[M1,P,X_0..X_2];

i15 : U = (X_1+X_2);

i16 : F =U*(M1*X_1+M1*X_2)-P*X_1*X_2;

i17 : Gh = U*X_0+F;

i18 : Xh=ideal (X_0*X_1*X_2*Gh);

o18 : Ideal of R

i19 : F={M1,P};

i20 : S=QQ[(gens(R))_(toList(0..1))];

i21 : ms=mapStratify(F,Xh,ideal(0_S));
for j2....
loop over components of JY=ideal 1
for j2....
loop over components of JY=ideal 1
for j2....
loop over components of JY=ideal 1
loop over components of JY=ideal 1

i22 : peek last ms

o22 = MutableHashTable{0 => {ideal (P, M1)}                    }
                       1 => {ideal P, ideal M1, ideal(4M1 - P)}
                       2 => {ideal 0}

i23 : time ms=mapStratify(F,Xh,ideal(0_S),StratsToFind=>"singularOnly")
for j2....
loop over components of JY=ideal 1
for j2....
loop over components of JY=ideal 1
for j2....
loop over components of JY=ideal 1
loop over components of JY=ideal 1
 -- used 1.79305s (cpu); 1.27863s (thread); 0s (gc)

o23 = {MutableHashTable{...5...}, MutableHashTable{...3...}}

o23 : List

i24 : peek last ms

o24 = MutableHashTable{0 => {ideal (P, M1)}                    }
                       1 => {ideal P, ideal M1, ideal(4M1 - P)}
                       2 => {ideal 0}

i25 : time ms=mapStratify(F,Xh,ideal(0_S),StratsToFind=>"most")
for j2....
loop over components of JY=ideal 1
for j2....
loop over components of JY=ideal 1
for j2....
loop over components of JY=ideal 1
loop over components of JY=ideal 1
 -- used 4.3013s (cpu); 3.04271s (thread); 0s (gc)

o25 = {MutableHashTable{...5...}, MutableHashTable{...3...}}

o25 : List

i26 : peek last ms

o26 = MutableHashTable{0 => {ideal (P, M1)}                    }
                       1 => {ideal P, ideal M1, ideal(4M1 - P)}
                       2 => {ideal 0}

i27 : time ms=mapStratify(F,Xh,ideal(0_S),StratsToFind=>"all")
for j2....
loop over components of JY=ideal 1
for j2....
loop over components of JY=ideal 1
for j2....
loop over components of JY=ideal 1
loop over components of JY=ideal 1
 -- used 5.03382s (cpu); 3.55249s (thread); 0s (gc)

o27 = {MutableHashTable{...5...}, MutableHashTable{...3...}}

o27 : List

i28 : peek last ms

o28 = MutableHashTable{0 => {ideal (P, M1)}                    }
                       1 => {ideal P, ideal M1, ideal(4M1 - P)}
                       2 => {ideal 0}

i29 : 
      
