-- -*- M2-comint -*- hash: 16976430998043219654

i1 : R=QQ[a,b,c,x]

o1 = R

o1 : PolynomialRing

i2 : I=ideal(a*x^2+b*x+c)

              2
o2 = ideal(a*x  + b*x + c)

o2 : Ideal of R

i3 : S=QQ[(gens(R))_(toList(0..2))]

o3 = S

o3 : PolynomialRing

i4 : gens S

o4 = {a, b, c}

o4 : List

i5 : F={R_0,R_1,R_2}

o5 = {a, b, c}

o5 : List

i6 : ms1=mapStratifyPol(F,I,ideal(0_S),isProper=>false)

o6 = {MutableHashTable{...4...}, MutableHashTable{...4...}}

o6 : List

i7 : ms2=mapStratifyPol(F,I,ideal(0_S),isProper=>false)

o7 = {MutableHashTable{...4...}, MutableHashTable{...4...}}

o7 : List

i8 : ms={new MutableHashTable from for k in keys first ms1 list k=>toList((set(first ms1)#k)*(set(first ms2)#k)),new MutableHashTable from for k in keys last ms1 list k=>toList((set(last ms1)#k)*(set(last ms2)#k))}

o8 = {MutableHashTable{...4...}, MutableHashTable{...4...}}

o8 : List

i9 : peek last ms

o9 = MutableHashTable{0 => {ideal (c, b, a)}          }
                      1 => {ideal (b, a)}
                      3 => {ideal 0}
                                            2
                      2 => {ideal a, ideal(b  - 4a*c)}

i10 : 
      
      
