-- -*- M2-comint -*- hash: 4122727443883369266

i1 : R=QQ[x..z]

o1 = R

o1 : PolynomialRing

i2 : Y=ideal(y^2+x^3-x^2*z^2)

              2 2    3    2
o2 = ideal(- x z  + x  + y )

o2 : Ideal of R

i3 : V=whitneyStratify Y

o3 = MutableHashTable{...3...}

o3 : MutableHashTable

i4 : peek V

o4 = MutableHashTable{0 => {ideal (z, y, x)}      }
                      1 => {ideal (y, x)}
                                   2 2    3    2
                      2 => {ideal(x z  - x  - y )}

i5 : CCmults=multCC V

                                                                             
o5 = {| 1 -1 1 |, {{1, {0, ideal (z, y, x)}}, {1, {1, ideal (y, x)}}, {1, {2,
      | 0 -1 2 |
      | 0 0  1 |
     ------------------------------------------------------------------------
            2 2    3    2
     ideal(x z  - x  - y )}}}}

o5 : List

i6 : Eu=first CCmults

o6 = | 1 -1 1 |
     | 0 -1 2 |
     | 0 0  1 |

              3       3
o6 : Matrix ZZ  <-- ZZ

i7 : CCmultiplcityList=last CCmults

                                                                        2 2  
o7 = {{1, {0, ideal (z, y, x)}}, {1, {1, ideal (y, x)}}, {1, {2, ideal(x z  -
     ------------------------------------------------------------------------
      3    2
     x  - y )}}}

o7 : List

i8 : m=for s in CCmultiplcityList list first s

o8 = {1, 1, 1}

o8 : List

i9 : d=dim Y

o9 = 2

i10 : dStrats=for s in CCmultiplcityList list first last s

o10 = {0, 1, 2}

o10 : List

i11 : EulerCharComplexLink=for i from 0 to #CCmultiplcityList-1 list (1-(-1)^(d-dStrats_i)*m_i)

o11 = {0, 2, 0}

o11 : List

i12 : 
