-- -*- M2-comint -*- hash: 11112246099434584169

i1 : S=QQ[x..z]

o1 = S

o1 : PolynomialRing

i2 : I=ideal(y^2*z-x^2)

            2     2
o2 = ideal(y z - x )

o2 : Ideal of S

i3 : polarVars I

                                                                      
o3 = {ideal (10163344z - 73462041, 5081672y - 72382095, 16200370336x -
     ------------------------------------------------------------------------
                                                                 2  
     620386936245), ideal (200154345987154y*z + 1747430111571076z  +
     ------------------------------------------------------------------------
                                                        2  
     77004596873425x - 258644393880625z, 22926102710641y  -
     ------------------------------------------------------------------------
                      2                                       
     1747430111571076z  - 154009193746850x + 258644393880625z,
     ------------------------------------------------------------------------
                                                           
     958363227262357797634x*y + 8366906813245811988196x*z +
     ------------------------------------------------------------------------
                             2                            
     28102913712083461939300z  + 1238420653872092055625x -
     ------------------------------------------------------------------------
                                      2     2
     4159629066255610515625z), ideal(y z - x )}

o3 : List

i4 : 
