-- -*- M2-comint -*- hash: 1694284903190734040

i1 : R=QQ[x..z]

o1 = R

o1 : PolynomialRing

i2 : I=ideal(y^2+x^3-x^2*z^2)

              2 2    3    2
o2 = ideal(- x z  + x  + y )

o2 : Ideal of R

i3 : WS1=whitneyStratifyPol I

o3 = MutableHashTable{...3...}

o3 : MutableHashTable

i4 : peek WS1

o4 = MutableHashTable{0 => {ideal (z, y, x), ideal (16082425z - 41802274, y, x), ideal (16082425z + 41802274, y, x)}}
                      1 => {ideal (y, x)}
                                   2 2    3    2
                      2 => {ideal(x z  - x  - y )}

i5 : WS2=whitneyStratifyPol I

o5 = MutableHashTable{...3...}

o5 : MutableHashTable

i6 : peek WS2

o6 = MutableHashTable{0 => {ideal (z, y, x), ideal (69602258z - 116427849, y, x), ideal (69602258z + 116427849, y, x)}}
                      1 => {ideal (y, x)}
                                   2 2    3    2
                      2 => {ideal(x z  - x  - y )}

i7 : WS=new MutableHashTable from for k in keys WS1 list k=>toList((set(WS1)#k)*(set(WS2)#k))

o7 = MutableHashTable{...3...}

o7 : MutableHashTable

i8 : peek WS

o8 = MutableHashTable{0 => {ideal (z, y, x)}      }
                      1 => {ideal (y, x)}
                                   2 2    3    2
                      2 => {ideal(x z  - x  - y )}

i9 : WS3=whitneyStratifyPol(I,Algorithm=>"msolve")

o9 = MutableHashTable{...3...}

o9 : MutableHashTable

i10 : peek WS3

o10 = MutableHashTable{0 => {ideal (z, y, x), ideal (8715011z - 19247903, y, x), ideal (8715011z + 19247903, y, x)}}
                       1 => {ideal (y, x)}
                                    2 2    3    2
                       2 => {ideal(x z  - x  - y )}

i11 : R=ZZ/32749[x..z]

o11 = R

o11 : PolynomialRing

i12 : I=ideal(y^2+x^3-x^2*z^2)

               2 2    3    2
o12 = ideal(- x z  + x  + y )

o12 : Ideal of R

i13 : WS3=whitneyStratifyPol(I,Algorithm=>"M2F4")

o13 = MutableHashTable{...3...}

o13 : MutableHashTable

i14 : 
