-- -*- M2-comint -*- hash: 4274810213353783407

i1 : L = diagonalMatchingField(2, 4)

o1 = Grassmannian Matching Field for Gr(2, 4)

o1 : GrMatchingField

i2 : P = matchingFieldPolytope(L, ExtraZeroRows => 1)

o2 = P

o2 : Polyhedron

i3 : vertices P

o3 = | 1 1 0 1 0 0 |
     | 0 0 1 0 1 0 |
     | 0 0 0 0 0 1 |
     | 0 0 0 0 0 0 |
     | 0 0 0 0 0 0 |
     | 1 0 0 0 0 0 |
     | 0 1 1 0 0 0 |
     | 0 0 0 1 1 1 |
     | 0 0 0 0 0 0 |
     | 0 0 0 0 0 0 |
     | 0 0 0 0 0 0 |
     | 0 0 0 0 0 0 |

              12       6
o3 : Matrix QQ   <-- QQ

i4 : C = weightMatrixCone(L, ExtraZeroRows => 1)

o4 = C

o4 : Cone

i5 : rays C

o5 = | 0  0  0  |
     | 0  0  0  |
     | 0  0  0  |
     | 0  0  0  |
     | 0  0  0  |
     | 0  0  -1 |
     | 0  -1 -1 |
     | -1 -1 -1 |
     | 0  0  0  |
     | 0  0  0  |
     | 0  0  0  |
     | 0  0  0  |

              12       3
o5 : Matrix ZZ   <-- ZZ

i6 : 
