-- -*- M2-comint -*- hash: 5757708127707728035

i1 : L = diagonalMatchingField(2, 4)

o1 = Grassmannian Matching Field for Gr(2, 4)

o1 : GrMatchingField

i2 : P = matchingFieldPolytope L

o2 = P

o2 : Polyhedron

i3 : vertices P

o3 = | 1 1 0 1 0 0 |
     | 0 0 1 0 1 0 |
     | 0 0 0 0 0 1 |
     | 0 0 0 0 0 0 |
     | 0 0 0 0 0 0 |
     | 1 0 0 0 0 0 |
     | 0 1 1 0 0 0 |
     | 0 0 0 1 1 1 |

              8       6
o3 : Matrix QQ  <-- QQ

i4 : noBody = NOBody L

o4 = noBody

o4 : Polyhedron

i5 : vertices noBody

o5 = | 1 1 0 1 0 0 |
     | 0 0 1 0 1 0 |
     | 0 0 0 0 0 1 |
     | 0 0 0 0 0 0 |
     | 0 0 0 0 0 0 |
     | 1 0 0 0 0 0 |
     | 0 1 1 0 0 0 |
     | 0 0 0 1 1 1 |

              8       6
o5 : Matrix QQ  <-- QQ

i6 : P == noBody

o6 = true

i7 : L = diagonalMatchingField({1,2}, 4)

o7 = Flag Matching Field for Fl(1, 2; 4)

o7 : FlMatchingField

i8 : noBody = NOBody L

o8 = noBody

o8 : Polyhedron

i9 : vertices noBody

o9 = | 2 1 1 1 2 0 1 0 1 0 2 0 0 1 0 0 |
     | 0 1 0 0 0 2 0 1 0 1 0 2 0 0 1 0 |
     | 0 0 1 0 0 0 1 1 0 0 0 0 2 0 0 1 |
     | 0 0 0 1 0 0 0 0 1 1 0 0 0 1 1 1 |
     | 0 0 0 0 0 0 0 0 0 0 0 0 0 0 0 0 |
     | 1 1 1 1 0 0 0 0 0 0 0 0 0 0 0 0 |
     | 0 0 0 0 1 1 1 1 1 1 0 0 0 0 0 0 |
     | 0 0 0 0 0 0 0 0 0 0 1 1 1 1 1 1 |

              8       16
o9 : Matrix QQ  <-- QQ

i10 : noBody == matchingFieldPolytope L

o10 = true

i11 : L = matchingFieldFromPermutation(3, 6, {6,1,5,2,3,4}, UsePrimePowers => true, ScalingCoefficient => 3)

o11 = Grassmannian Matching Field for Gr(3, 6)

o11 : GrMatchingField

i12 : isToricDegeneration L

o12 = false

i13 : vertices NOBody L

o13 = | 1 1 1 0 1 0 0 1 1 0 1 0 0 0 1 1 0 0 1 0 1/2 |
      | 0 0 0 0 0 0 0 0 0 0 0 0 0 0 0 0 0 0 0 0 0   |
      | 0 0 0 1 0 1 0 0 0 1 0 1 0 0 0 0 1 0 0 1 0   |
      | 0 0 0 0 0 0 1 0 0 0 0 0 1 0 0 0 0 0 0 0 0   |
      | 0 0 0 0 0 0 0 0 0 0 0 0 0 1 0 0 0 1 0 0 1/2 |
      | 0 0 0 0 0 0 0 0 0 0 0 0 0 0 0 0 0 0 0 0 0   |
      | 0 0 0 0 0 0 0 0 0 0 0 0 0 0 0 0 0 0 0 0 0   |
      | 1 0 1 1 1 1 1 0 0 0 1 1 1 1 0 0 0 0 0 0 1/2 |
      | 0 0 0 0 0 0 0 1 0 0 0 0 0 0 1 0 0 0 0 0 1/2 |
      | 0 1 0 0 0 0 0 0 1 1 0 0 0 0 0 1 1 1 0 0 0   |
      | 0 0 0 0 0 0 0 0 0 0 0 0 0 0 0 0 0 0 1 1 0   |
      | 0 0 0 0 0 0 0 0 0 0 0 0 0 0 0 0 0 0 0 0 0   |
      | 0 0 0 0 0 0 0 0 0 0 0 0 0 0 0 0 0 0 0 0 0   |
      | 0 0 0 0 0 0 0 0 0 0 0 0 0 0 0 0 0 0 0 0 0   |
      | 1 1 0 0 0 0 0 0 0 0 0 0 0 0 0 0 0 0 0 0 0   |
      | 0 0 1 1 0 0 0 0 0 0 0 0 0 0 0 0 0 0 0 0 1/2 |
      | 0 0 0 0 1 1 1 1 1 1 0 0 0 0 0 0 0 0 0 0 0   |
      | 0 0 0 0 0 0 0 0 0 0 1 1 1 1 1 1 1 1 1 1 1/2 |

               18       21
o13 : Matrix QQ   <-- QQ

i14 : 
