-- -*- M2-comint -*- hash: 9187147648179400416

i1 : getWeightMatrix matchingFieldFromPermutation(3, 6, {1,2,3,4,5,6}, UsePrimePowers => false)

o1 = | 0  0  0  0  0 0 |
     | 1  2  3  4  5 6 |
     | 30 24 18 12 6 0 |

              3       6
o1 : Matrix ZZ  <-- ZZ

i2 : getWeightMatrix matchingFieldFromPermutation(3, 6, {1,2,3,4,5,6}, UsePrimePowers => true)

o2 = | 0  0  0  0  0 0 |
     | 1  2  3  4  5 6 |
     | 35 28 21 14 7 0 |

              3       6
o2 : Matrix ZZ  <-- ZZ

i3 : getWeightMatrix matchingFieldFromPermutation(3, 6, {1,2,3,4,5,6}, PowerValue => 10)

o3 = | 0  0  0  0  0  0 |
     | 1  2  3  4  5  6 |
     | 50 40 30 20 10 0 |

              3       6
o3 : Matrix ZZ  <-- ZZ

i4 : 
