-- -*- M2-comint -*- hash: 1731150853600107924

i1 : L = diagonalMatchingField(2, 5)

o1 = Grassmannian Matching Field for Gr(2, 5)

o1 : GrMatchingField

i2 : netList algebraicMatroidCircuits L

     +----------------------------------------------------+
o2 = |set {{1, 3}, {2, 3}, {1, 4}, {2, 4}}                |
     +----------------------------------------------------+
     |set {{1, 3}, {2, 3}, {1, 5}, {2, 5}}                |
     +----------------------------------------------------+
     |set {{1, 4}, {2, 4}, {1, 5}, {2, 5}}                |
     +----------------------------------------------------+
     |set {{3, 5}, {1, 4}, {1, 5}, {3, 4}}                |
     +----------------------------------------------------+
     |set {{3, 5}, {1, 3}, {2, 3}, {1, 5}, {2, 4}, {3, 4}}|
     +----------------------------------------------------+
     |set {{3, 5}, {1, 3}, {1, 4}, {2, 3}, {2, 5}, {3, 4}}|
     +----------------------------------------------------+
     |set {{3, 5}, {2, 4}, {2, 5}, {3, 4}}                |
     +----------------------------------------------------+

i3 : 
