-- -*- M2-comint -*- hash: 18238898258061365731

i1 : L = diagonalMatchingField(3, 6)

o1 = Grassmannian Matching Field for Gr(3, 6)

o1 : GrMatchingField

i2 : getWeightMatrix L

o2 = | 0  0  0 0 0 0 |
     | 6  5  4 3 2 1 |
     | 12 10 8 6 4 2 |

              3       6
o2 : Matrix ZZ  <-- ZZ

i3 : L = diagonalMatchingField 4;

i4 : netList getTuples L

     +-+-+-+
o4 = |1| | |
     +-+-+-+
     |2| | |
     +-+-+-+
     |3| | |
     +-+-+-+
     |4| | |
     +-+-+-+
     |1|2| |
     +-+-+-+
     |1|3| |
     +-+-+-+
     |2|3| |
     +-+-+-+
     |1|4| |
     +-+-+-+
     |2|4| |
     +-+-+-+
     |3|4| |
     +-+-+-+
     |1|2|3|
     +-+-+-+
     |1|2|4|
     +-+-+-+
     |1|3|4|
     +-+-+-+
     |2|3|4|
     +-+-+-+

i5 : L = diagonalMatchingField({1, 2}, 5);

i6 : netList getTuples L

     +-+-+
o6 = |1| |
     +-+-+
     |2| |
     +-+-+
     |3| |
     +-+-+
     |4| |
     +-+-+
     |5| |
     +-+-+
     |1|2|
     +-+-+
     |1|3|
     +-+-+
     |2|3|
     +-+-+
     |1|4|
     +-+-+
     |2|4|
     +-+-+
     |3|4|
     +-+-+
     |1|5|
     +-+-+
     |2|5|
     +-+-+
     |3|5|
     +-+-+
     |4|5|
     +-+-+

i7 : 
