-- -*- M2-comint -*- hash: 12038536196654200075

i1 : M = matrix {{0,0,0,0}, {4,2,3,1}, {10, 40, 30, 20}}

o1 = | 0  0  0  0  |
     | 4  2  3  1  |
     | 10 40 30 20 |

              3       4
o1 : Matrix ZZ  <-- ZZ

i2 : L1 = flMatchingField M

o2 = Flag Matching Field for Fl(1, 2, 3; 4)

o2 : FlMatchingField

i3 : netList getTuples L1

     +-+-+-+
o3 = |1| | |
     +-+-+-+
     |2| | |
     +-+-+-+
     |3| | |
     +-+-+-+
     |4| | |
     +-+-+-+
     |1|2| |
     +-+-+-+
     |1|3| |
     +-+-+-+
     |3|2| |
     +-+-+-+
     |1|4| |
     +-+-+-+
     |2|4| |
     +-+-+-+
     |3|4| |
     +-+-+-+
     |3|2|1|
     +-+-+-+
     |2|4|1|
     +-+-+-+
     |3|4|1|
     +-+-+-+
     |3|2|4|
     +-+-+-+

i4 : isToricDegeneration L1

o4 = true

i5 : L2 = flMatchingField({1,2}, M)

o5 = Flag Matching Field for Fl(1, 2; 4)

o5 : FlMatchingField

i6 : netList getTuples L2

     +-+-+
o6 = |1| |
     +-+-+
     |2| |
     +-+-+
     |3| |
     +-+-+
     |4| |
     +-+-+
     |1|2|
     +-+-+
     |1|3|
     +-+-+
     |3|2|
     +-+-+
     |1|4|
     +-+-+
     |2|4|
     +-+-+
     |3|4|
     +-+-+

i7 : L3 = flMatchingField({1,3}, 4, {
             {1}, {2}, {3}, {4},
             {3, 2, 1}, {2, 4, 1}, {3, 4, 1}, {3, 2, 4}
             })

o7 = Flag Matching Field for Fl(1, 3; 4)

o7 : FlMatchingField

i8 : getTuples L3

o8 = {{1}, {2}, {3}, {4}, {3, 2, 1}, {2, 4, 1}, {3, 4, 1}, {3, 2, 4}}

o8 : List

i9 : isCoherent L3

o9 = true

i10 : getWeightMatrix L3

o10 = | 0 0 0 0  |
      | 0 0 1 -1 |
      | 0 2 2 0  |

               3       4
o10 : Matrix ZZ  <-- ZZ

i11 : 
