-- -*- M2-comint -*- hash: 3160911752102567641

i1 : D = diagonalMatchingField({1,2,3}, 6);

i2 : getWeightMatrix D

o2 = | 0  0  0 0 0 0 |
     | 6  5  4 3 2 1 |
     | 12 10 8 6 4 2 |

              3       6
o2 : Matrix ZZ  <-- ZZ

i3 : netList getGrMatchingFields D

     +----------------------------------------+
o3 = |Grassmannian Matching Field for Gr(1, 6)|
     +----------------------------------------+
     |Grassmannian Matching Field for Gr(2, 6)|
     +----------------------------------------+
     |Grassmannian Matching Field for Gr(3, 6)|
     +----------------------------------------+

i4 : D2 = (getGrMatchingFields D)_1;

i5 : getWeightMatrix D2

o5 = | 0 0  0  0  0  0  |
     | 0 -1 -2 -3 -4 -5 |

              2       6
o5 : Matrix ZZ  <-- ZZ

i6 : 
