-- -*- M2-comint -*- hash: 2138304104389098460

i1 : L = diagonalMatchingField(2, 4)

o1 = Grassmannian Matching Field for Gr(2, 4)

o1 : GrMatchingField

i2 : getTuples L

o2 = {{1, 2}, {1, 3}, {2, 3}, {1, 4}, {2, 4}, {3, 4}}

o2 : List

i3 : L = diagonalMatchingField({1,2}, 4)

o3 = Flag Matching Field for Fl(1, 2; 4)

o3 : FlMatchingField

i4 : netList getTuples L

     +-+-+
o4 = |1| |
     +-+-+
     |2| |
     +-+-+
     |3| |
     +-+-+
     |4| |
     +-+-+
     |1|2|
     +-+-+
     |1|3|
     +-+-+
     |2|3|
     +-+-+
     |1|4|
     +-+-+
     |2|4|
     +-+-+
     |3|4|
     +-+-+

i5 : 
