-- -*- M2-comint -*- hash: 3179088194158291938

i1 : M = matrix {{0,0,0,0,0,0}, {1,6,2,5,3,4}, {60,50,10,20,40,30}}

o1 = | 0  0  0  0  0  0  |
     | 1  6  2  5  3  4  |
     | 60 50 10 20 40 30 |

              3       6
o1 : Matrix ZZ  <-- ZZ

i2 : L1 = grMatchingField M

o2 = Grassmannian Matching Field for Gr(3, 6)

o2 : GrMatchingField

i3 : getTuples L1

o3 = {{2, 1, 3}, {2, 1, 4}, {4, 1, 3}, {2, 4, 3}, {2, 1, 5}, {5, 1, 3}, {2,
     ------------------------------------------------------------------------
     5, 3}, {5, 1, 4}, {2, 5, 4}, {4, 5, 3}, {2, 1, 6}, {6, 1, 3}, {2, 6, 3},
     ------------------------------------------------------------------------
     {6, 1, 4}, {2, 6, 4}, {4, 6, 3}, {5, 1, 6}, {2, 5, 6}, {6, 5, 3}, {6, 5,
     ------------------------------------------------------------------------
     4}}

o3 : List

i4 : isToricDegeneration L1

o4 = true

i5 : T = {{1,4}, {2,4}, {3,4}, {3,1}, {3,2}, {1,2}}

o5 = {{1, 4}, {2, 4}, {3, 4}, {3, 1}, {3, 2}, {1, 2}}

o5 : List

i6 : L2 = grMatchingField(2, 4, T)

o6 = Grassmannian Matching Field for Gr(2, 4)

o6 : GrMatchingField

i7 : getTuples L2

o7 = {{1, 2}, {3, 1}, {3, 2}, {1, 4}, {2, 4}, {3, 4}}

o7 : List

i8 : isCoherent L2

o8 = true

i9 : getWeightMatrix L2

o9 = | 0 0  0 0  |
     | 0 -1 1 -2 |

              2       4
o9 : Matrix ZZ  <-- ZZ

i10 : 
