-- -*- M2-comint -*- hash: 16758098579671727204

i1 : L = matchingFieldFromPermutation(2, 4, {2, 3, 4, 1})

o1 = Grassmannian Matching Field for Gr(2, 4)

o1 : GrMatchingField

i2 : getTuples L

o2 = {{2, 1}, {3, 1}, {3, 2}, {1, 4}, {2, 4}, {3, 4}}

o2 : List

i3 : matchingFieldRingMap L

o3 = map (QQ[x   ..x   ], QQ[p   ..p   , p   , p   , p   , p   ], {-x   x   , -x   x   , -x   x   , x   x   , x   x   , x   x   })
              1,1   2,4       1,2   1,3   2,3   1,4   2,4   3,4      1,2 2,1    1,3 2,1    1,3 2,2   1,1 2,4   1,2 2,4   1,3 2,4

o3 : RingMap QQ[x   ..x   ] <-- QQ[p   ..p   , p   , p   , p   , p   ]
                 1,1   2,4          1,2   1,3   2,3   1,4   2,4   3,4

i4 : plueckerForms = matrix plueckerMap L

o4 = | -x_(1,2)x_(2,1)+x_(1,1)x_(2,2) -x_(1,3)x_(2,1)+x_(1,1)x_(2,3)
     ------------------------------------------------------------------------
     -x_(1,3)x_(2,2)+x_(1,2)x_(2,3) x_(1,1)x_(2,4)-x_(1,4)x_(2,1)
     ------------------------------------------------------------------------
     x_(1,2)x_(2,4)-x_(1,4)x_(2,2) x_(1,3)x_(2,4)-x_(1,4)x_(2,3) |

                            1                     6
o4 : Matrix (QQ[x   ..x   ])  <-- (QQ[x   ..x   ])
                 1,1   2,4             1,1   2,4

i5 : leadTerm plueckerForms

o5 = | -x_(1,2)x_(2,1) -x_(1,3)x_(2,1) -x_(1,3)x_(2,2) x_(1,1)x_(2,4)
     ------------------------------------------------------------------------
     x_(1,2)x_(2,4) x_(1,3)x_(2,4) |

                            1                     6
o5 : Matrix (QQ[x   ..x   ])  <-- (QQ[x   ..x   ])
                 1,1   2,4             1,1   2,4

i6 : leadTerm plueckerForms == matrix matchingFieldRingMap L

o6 = true

i7 : 
