-- -*- M2-comint -*- hash: 7239435688376875456

i1 : L = diagonalMatchingField(2, 4)

o1 = Grassmannian Matching Field for Gr(2, 4)

o1 : GrMatchingField

i2 : m = matchingFieldRingMap L

o2 = map (QQ[x   ..x   ], QQ[p   ..p   , p   , p   , p   , p   ], {x   x   , x   x   , x   x   , x   x   , x   x   , x   x   })
              1,1   2,4       1,2   1,3   2,3   1,4   2,4   3,4     1,1 2,2   1,1 2,3   1,2 2,3   1,1 2,4   1,2 2,4   1,3 2,4

o2 : RingMap QQ[x   ..x   ] <-- QQ[p   ..p   , p   , p   , p   , p   ]
                 1,1   2,4          1,2   1,3   2,3   1,4   2,4   3,4

i3 : p_(1,2)

o3 = p
      1,2

o3 : QQ[p   ..p   , p   , p   , p   , p   ]
         1,2   1,3   2,3   1,4   2,4   3,4

i4 : m p_(1,2)

o4 = x   x
      1,1 2,2

o4 : QQ[x   ..x   ]
         1,1   2,4

i5 : I = matchingFieldIdeal L

o5 = ideal(p   p    - p   p   )
            2,3 1,4    1,3 2,4

o5 : Ideal of QQ[p   ..p   , p   , p   , p   , p   ]
                  1,2   1,3   2,3   1,4   2,4   3,4

i6 : ker m === I

o6 = true

i7 : L = diagonalMatchingField({1,2}, 4)

o7 = Flag Matching Field for Fl(1, 2; 4)

o7 : FlMatchingField

i8 : I = matchingFieldIdeal L

o8 = ideal (p p    - p p   , p p    - p p   , p p    - p p   , p p    -
             3 1,4    1 3,4   2 1,4    1 2,4   2 1,3    1 2,3   3 2,4  
     ------------------------------------------------------------------------
     p p   , p   p    - p   p   )
      2 3,4   2,3 1,4    1,3 2,4

o8 : Ideal of QQ[p ..p , p   ..p   , p   , p   , p   , p   ]
                  1   4   1,2   1,3   2,3   1,4   2,4   3,4

i9 : I' = plueckerIdeal L

o9 = ideal (p   p    - p   p    + p   p   , - p   p    + p   p    - p   p   ,
             2,3 1,4    1,3 2,4    1,2 3,4     2,3 1,4    1,3 2,4    1,2 3,4 
     ------------------------------------------------------------------------
     p   p    - p   p    + p   p   , - p   p    + p   p    - p   p   , -
      2,3 1,4    1,3 2,4    1,2 3,4     2,3 1,4    1,3 2,4    1,2 3,4   
     ------------------------------------------------------------------------
     p p    + p p    + p p   , - p p    + p p    + p p   , - p p    + p p   
      2 1,3    1 2,3    3 1,2     2 1,4    1 2,4    4 1,2     3 1,4    1 3,4
     ------------------------------------------------------------------------
     + p p   , - p p    + p p    + p p   )
        4 1,3     3 2,4    2 3,4    4 2,3

o9 : Ideal of QQ[p ..p , p   ..p   , p   , p   , p   , p   ]
                  1   4   1,2   1,3   2,3   1,4   2,4   3,4

i10 : ring I === ring I'

o10 = true

i11 : source plueckerMap L

o11 = QQ[p ..p , p   ..p   , p   , p   , p   , p   ]
          1   4   1,2   1,3   2,3   1,4   2,4   3,4

o11 : PolynomialRing

i12 : source plueckerMap L === source matchingFieldRingMap L

o12 = true

i13 : target plueckerMap L

o13 = QQ[x   ..x   ]
          1,1   2,4

o13 : PolynomialRing

i14 : target plueckerMap L === target matchingFieldRingMap L

o14 = true

i15 : L = grMatchingField(2, 5, {{2,1}, {3,2}, {4,3}, {1,4}, {2,4}, {1,3}, {1,5}, {5,2}, {3,5}, {4,5}})

o15 = Grassmannian Matching Field for Gr(2, 5)

o15 : GrMatchingField

i16 : isCoherent L

o16 = false

i17 : I = matchingFieldIdeal(L, MonomialOrder => "none")

o17 = ideal(- p   p    - p   p   )
               3,4 1,5    1,3 4,5

o17 : Ideal of QQ[p   ..p   , p   , p   , p   , p   , p   , p   , p   , p   ]
                   1,2   1,3   2,3   1,4   2,4   3,4   1,5   2,5   3,5   4,5

i18 : (options ring I).MonomialOrder

o18 = {MonomialSize => 32                       }
      {GRevLex => {1, 1, 1, 1, 1, 1, 1, 1, 1, 1}}
      {Position => Up                           }

o18 : VerticalList

i19 : 
