-- -*- M2-comint -*- hash: 14571628882989147775

i1 : L2 = diagonalMatchingField(2, 4)

o1 = Grassmannian Matching Field for Gr(2, 4)

o1 : GrMatchingField

i2 : P2 = matchingFieldPolytope L2

o2 = P2

o2 : Polyhedron

i3 : fVector P2

o3 = {6, 13, 13, 6, 1}

o3 : List

i4 : vertices P2

o4 = | 1 1 0 1 0 0 |
     | 0 0 1 0 1 0 |
     | 0 0 0 0 0 1 |
     | 0 0 0 0 0 0 |
     | 0 0 0 0 0 0 |
     | 1 0 0 0 0 0 |
     | 0 1 1 0 0 0 |
     | 0 0 0 1 1 1 |

              8       6
o4 : Matrix QQ  <-- QQ

i5 : L1 = diagonalMatchingField(1, 4)

o5 = Grassmannian Matching Field for Gr(1, 4)

o5 : GrMatchingField

i6 : P1 = matchingFieldPolytope(L1, ExtraZeroRows => 1)

o6 = P1

o6 : Polyhedron

i7 : vertices P1

o7 = | 1 0 0 0 |
     | 0 1 0 0 |
     | 0 0 1 0 |
     | 0 0 0 1 |
     | 0 0 0 0 |
     | 0 0 0 0 |
     | 0 0 0 0 |
     | 0 0 0 0 |

              8       4
o7 : Matrix QQ  <-- QQ

i8 : P12 = minkowskiSum(P1, P2)

o8 = P12

o8 : Polyhedron

i9 : vertices P12

o9 = | 2 1 1 1 2 0 1 0 1 0 2 0 0 1 0 0 |
     | 0 1 0 0 0 2 0 1 0 1 0 2 0 0 1 0 |
     | 0 0 1 0 0 0 1 1 0 0 0 0 2 0 0 1 |
     | 0 0 0 1 0 0 0 0 1 1 0 0 0 1 1 1 |
     | 0 0 0 0 0 0 0 0 0 0 0 0 0 0 0 0 |
     | 1 1 1 1 0 0 0 0 0 0 0 0 0 0 0 0 |
     | 0 0 0 0 1 1 1 1 1 1 0 0 0 0 0 0 |
     | 0 0 0 0 0 0 0 0 0 0 1 1 1 1 1 1 |

              8       16
o9 : Matrix QQ  <-- QQ

i10 : L = diagonalMatchingField({1,2}, 4)

o10 = Flag Matching Field for Fl(1, 2; 4)

o10 : FlMatchingField

i11 : Q = matchingFieldPolytope L

o11 = Q

o11 : Polyhedron

i12 : Q == P12

o12 = true

i13 : 
