-- -*- M2-comint -*- hash: 1695542312777818703

i1 : L = grMatchingField(2, 4, {{1, 2}, {1, 3}, {3, 2}, {1, 4}, {4, 2}, {3, 4}})

o1 = Grassmannian Matching Field for Gr(2, 4)

o1 : GrMatchingField

i2 : isCoherent L

o2 = true

i3 : getWeightMatrix L

o3 = | 0 0  0  0  |
     | 0 -3 -1 -2 |

              2       4
o3 : Matrix ZZ  <-- ZZ

i4 : plueckerMap L

o4 = map (QQ[x   ..x   ], QQ[p   ..p   , p   , p   , p   , p   ], {x   x    - x   x   , x   x    - x   x   , - x   x    + x   x   , x   x    - x   x   , - x   x    + x   x   , x   x    - x   x   })
              1,1   2,4       1,2   1,3   2,3   1,4   2,4   3,4     1,1 2,2    1,2 2,1   1,1 2,3    1,3 2,1     1,3 2,2    1,2 2,3   1,1 2,4    1,4 2,1     1,4 2,2    1,2 2,4   1,3 2,4    1,4 2,3

o4 : RingMap QQ[x   ..x   ] <-- QQ[p   ..p   , p   , p   , p   , p   ]
                 1,1   2,4          1,2   1,3   2,3   1,4   2,4   3,4

i5 : describe target plueckerMap L

o5 = QQ[x   ..x   , Degrees => {8:1}, Heft => {1}, MonomialOrder => {MonomialSize => 32       }]
         1,1   2,4                                                  {Weights => {5:0, 3, 1..2}}
                                                                    {GRevLex => {8:1}         }
                                                                    {Position => Up           }

i6 : L = diagonalMatchingField({1,2}, 4)

o6 = Flag Matching Field for Fl(1, 2; 4)

o6 : FlMatchingField

i7 : getWeightMatrix L

o7 = | 0 0 0 0 |
     | 4 3 2 1 |

              2       4
o7 : Matrix ZZ  <-- ZZ

i8 : m = plueckerMap L

o8 = map (QQ[x   ..x   ], QQ[p ..p , p   ..p   , p   , p   , p   , p   ], {x   , x   , x   , x   , x   x    - x   x   , x   x    - x   x   , x   x    - x   x   , x   x    - x   x   , x   x    - x   x   , x   x    - x   x   })
              1,1   2,4       1   4   1,2   1,3   2,3   1,4   2,4   3,4     1,1   1,2   1,3   1,4   1,1 2,2    1,2 2,1   1,1 2,3    1,3 2,1   1,2 2,3    1,3 2,2   1,1 2,4    1,4 2,1   1,2 2,4    1,4 2,2   1,3 2,4    1,4 2,3

o8 : RingMap QQ[x   ..x   ] <-- QQ[p ..p , p   ..p   , p   , p   , p   , p   ]
                 1,1   2,4          1   4   1,2   1,3   2,3   1,4   2,4   3,4

i9 : describe source m

o9 = QQ[p ..p , p   ..p   , p   , p   , p   , p   , Degrees => {10:1}, Heft => {1}, MonomialOrder => {MonomialSize => 32               }]
         1   4   1,2   1,3   2,3   1,4   2,4   3,4                                                   {Weights => {4:3, 0..1, 1..2, 2:2}}
                                                                                                     {GRevLex => {10:1}                }
                                                                                                     {Position => Up                   }

i10 : 
