-- -*- M2-comint -*- hash: 4044488732224802264

i1 : R = QQ[a,b,c];

i2 : C = freeResolution ideal(a*b, a*c, b*c)

      1      3      2
o2 = R  <-- R  <-- R
                    
     0      1      2

o2 : Complex

i3 : D = (freeResolution ideal(a*b, a*c, b*c, a^2-b^2))[-1]

      1      4      4      1
o3 = R  <-- R  <-- R  <-- R
                           
     1      2      3      4

o3 : Complex

i4 : f = randomComplexMap(D,C, Cycle => true)

                   1
o4 = 0 : 0 <----- R  : 0
              0

          1                                                                                                                   3
     1 : R  <--------------------------------------------------------------------------------------------------------------- R  : 1
               | 9/2a2+4ab+7/9b2+3/4ac+7/10bc 3/7a2+6/7ab+5/6b2+45/7ac+5bc+10/9c2 7/8a2+7/10ab+7/3b2+5/4ac+65/9bc+3/10c2 |

          4                                                        2
     2 : R  <---------------------------------------------------- R  : 2
               {2} | 5/6b-3/2c             -7/8a-5/6b-5c      |
               {2} | -53/42a-6/7b-16c      59/105a-395/168b-c |
               {2} | 6a+49/4b+3/4c         15/4a-2/9b-3/10c   |
               {2} | 37/28a-103/18b-37/90c 3/7a+10/9c         |

o4 : ComplexMap

i5 : g = truncate(3,f)

o5 = 1 : image | c3 bc2 ac2 b2c abc a2c b3 ab2 a2b a3 | <-------------------------------------------------------- image {2} | c b a 0 0 0 0 0 0 | : 1
                                                           {3} | 0    0    0    10/9 0    0    3/10 0    0    |         {2} | 0 0 0 c b a 0 0 0 |
                                                           {3} | 7/10 0    0    5    10/9 0    65/9 3/10 0    |         {2} | 0 0 0 0 0 0 c b a |
                                                           {3} | 3/4  0    0    45/7 0    10/9 5/4  0    3/10 |
                                                           {3} | 7/9  7/10 0    5/6  5    0    7/3  65/9 0    |
                                                           {3} | 4    3/4  7/10 6/7  45/7 5    7/10 5/4  65/9 |
                                                           {3} | 9/2  0    3/4  3/7  0    45/7 7/8  0    5/4  |
                                                           {3} | 0    7/9  0    0    5/6  0    0    7/3  0    |
                                                           {3} | 0    4    7/9  0    6/7  5/6  0    7/10 7/3  |
                                                           {3} | 0    9/2  4    0    3/7  6/7  0    7/8  7/10 |
                                                           {3} | 0    0    9/2  0    0    3/7  0    0    7/8  |

                                                                              2
     2 : image {2} | c b a 0 0 0 0 0 0 0 0 0 | <---------------------------- R  : 2
               {2} | 0 0 0 c b a 0 0 0 0 0 0 |    {3} | -3/2    -5       |
               {2} | 0 0 0 0 0 0 c b a 0 0 0 |    {3} | 5/6     -5/6     |
               {2} | 0 0 0 0 0 0 0 0 0 c b a |    {3} | 0       -7/8     |
                                                  {3} | -16     -1       |
                                                  {3} | -6/7    -395/168 |
                                                  {3} | -53/42  59/105   |
                                                  {3} | 3/4     -3/10    |
                                                  {3} | 49/4    -2/9     |
                                                  {3} | 6       15/4     |
                                                  {3} | -37/90  10/9     |
                                                  {3} | -103/18 0        |
                                                  {3} | 37/28   3/7      |

o5 : ComplexMap

i6 : assert isWellDefined g

i7 : assert (source g == truncate(3, source f))

i8 : assert (target g == truncate(3, target f))

i9 : assert(f == truncate(0, f))

i10 : A = ZZ/101[x_0, x_1, y_0, y_1, y_2, Degrees => {2:{1,0}, 3:{0,1}}];

i11 : I = intersect(ideal(x_0, x_1), ideal(y_0, y_1, y_2))

o11 = ideal (x y , x y , x y , x y , x y , x y )
              1 2   0 2   1 1   0 1   1 0   0 0

o11 : Ideal of A

i12 : C = freeResolution I

       1      6      9      5      1
o12 = A  <-- A  <-- A  <-- A  <-- A
                                   
      0      1      2      3      4

o12 : Complex

i13 : J = intersect(ideal(x_0^2, x_1^2), ideal(y_0^2, y_1^2, y_2^2))

              2 2   2 2   2 2   2 2   2 2   2 2
o13 = ideal (x y , x y , x y , x y , x y , x y )
              1 2   0 2   1 1   0 1   1 0   0 0

o13 : Ideal of A

i14 : D = freeResolution J

       1      6      9      5      1
o14 = A  <-- A  <-- A  <-- A  <-- A
                                   
      0      1      2      3      4

o14 : Complex

i15 : f = extend(C, D, id_(A^1))

           1             1
o15 = 0 : A  <--------- A  : 0
                | 1 |

           6                                                            6
      1 : A  <-------------------------------------------------------- A  : 1
                {1, 1} | x_0y_0 0      0      0      0      0      |
                {1, 1} | 0      x_1y_0 0      0      0      0      |
                {1, 1} | 0      0      x_0y_1 0      0      0      |
                {1, 1} | 0      0      0      x_1y_1 0      0      |
                {1, 1} | 0      0      0      0      x_0y_2 0      |
                {1, 1} | 0      0      0      0      0      x_1y_2 |

           9                                                                                                            9
      2 : A  <-------------------------------------------------------------------------------------------------------- A  : 2
                {2, 1} | x_0x_1y_0 0         0         0         0         0         0         0         0         |
                {2, 1} | 0         x_0x_1y_1 0         0         0         0         0         0         0         |
                {1, 2} | 0         0         x_0y_0y_1 0         0         0         0         0         0         |
                {1, 2} | 0         0         0         x_1y_0y_1 0         0         0         0         0         |
                {2, 1} | 0         0         0         0         x_0x_1y_2 0         0         0         0         |
                {1, 2} | 0         0         0         0         0         x_0y_0y_2 0         0         0         |
                {1, 2} | 0         0         0         0         0         0         x_1y_0y_2 0         0         |
                {1, 2} | 0         0         0         0         0         0         0         x_0y_1y_2 0         |
                {1, 2} | 0         0         0         0         0         0         0         0         x_1y_1y_2 |

           5                                                                                   5
      3 : A  <------------------------------------------------------------------------------- A  : 3
                {2, 2} | x_0x_1y_0y_1 0            0            0            0            |
                {2, 2} | 0            x_0x_1y_0y_2 0            0            0            |
                {2, 2} | 0            0            x_0x_1y_1y_2 0            0            |
                {1, 3} | 0            0            0            x_0y_0y_1y_2 0            |
                {1, 3} | 0            0            0            0            x_1y_0y_1y_2 |

           1                                  1
      4 : A  <------------------------------ A  : 4
                {2, 3} | x_0x_1y_0y_1y_2 |

o15 : ComplexMap

i16 : g1 = prune truncate({{1,1}}, f)

o16 = 0 : cokernel {1, 1} | x_0  y_1  0    0    y_0  0    0    0    0    | <-------------------------- cokernel {1, 1} | x_0  y_1  0    0    y_0  0    0    0    0    | : 0
                   {1, 1} | -x_1 0    y_1  0    0    0    y_0  0    0    |    {1, 1} | 1 0 0 0 0 0 |            {1, 1} | -x_1 0    y_1  0    0    0    y_0  0    0    |
                   {1, 1} | 0    -y_2 0    x_0  0    y_0  0    0    0    |    {1, 1} | 0 1 0 0 0 0 |            {1, 1} | 0    -y_2 0    x_0  0    y_0  0    0    0    |
                   {1, 1} | 0    0    -y_2 -x_1 0    0    0    y_0  0    |    {1, 1} | 0 0 1 0 0 0 |            {1, 1} | 0    0    -y_2 -x_1 0    0    0    y_0  0    |
                   {1, 1} | 0    0    0    0    -y_2 -y_1 0    0    x_0  |    {1, 1} | 0 0 0 1 0 0 |            {1, 1} | 0    0    0    0    -y_2 -y_1 0    0    x_0  |
                   {1, 1} | 0    0    0    0    0    0    -y_2 -y_1 -x_1 |    {1, 1} | 0 0 0 0 1 0 |            {1, 1} | 0    0    0    0    0    0    -y_2 -y_1 -x_1 |
                                                                              {1, 1} | 0 0 0 0 0 1 |

           6                                                            6
      1 : A  <-------------------------------------------------------- A  : 1
                {1, 1} | x_0y_0 0      0      0      0      0      |
                {1, 1} | 0      x_1y_0 0      0      0      0      |
                {1, 1} | 0      0      x_0y_1 0      0      0      |
                {1, 1} | 0      0      0      x_1y_1 0      0      |
                {1, 1} | 0      0      0      0      x_0y_2 0      |
                {1, 1} | 0      0      0      0      0      x_1y_2 |

           9                                                                                                            9
      2 : A  <-------------------------------------------------------------------------------------------------------- A  : 2
                {2, 1} | x_0x_1y_0 0         0         0         0         0         0         0         0         |
                {2, 1} | 0         x_0x_1y_1 0         0         0         0         0         0         0         |
                {1, 2} | 0         0         x_0y_0y_1 0         0         0         0         0         0         |
                {1, 2} | 0         0         0         x_1y_0y_1 0         0         0         0         0         |
                {2, 1} | 0         0         0         0         x_0x_1y_2 0         0         0         0         |
                {1, 2} | 0         0         0         0         0         x_0y_0y_2 0         0         0         |
                {1, 2} | 0         0         0         0         0         0         x_1y_0y_2 0         0         |
                {1, 2} | 0         0         0         0         0         0         0         x_0y_1y_2 0         |
                {1, 2} | 0         0         0         0         0         0         0         0         x_1y_1y_2 |

           5                                                                                   5
      3 : A  <------------------------------------------------------------------------------- A  : 3
                {2, 2} | x_0x_1y_0y_1 0            0            0            0            |
                {2, 2} | 0            x_0x_1y_0y_2 0            0            0            |
                {2, 2} | 0            0            x_0x_1y_1y_2 0            0            |
                {1, 3} | 0            0            0            x_0y_0y_1y_2 0            |
                {1, 3} | 0            0            0            0            x_1y_0y_1y_2 |

           1                                  1
      4 : A  <------------------------------ A  : 4
                {2, 3} | x_0x_1y_0y_1y_2 |

o16 : ComplexMap

i17 : g2 = truncate({{1,0}}, f)

o17 = 0 : image | x_1 x_0 | <------------------ image | x_1 x_0 | : 0
                               {1, 0} | 1 0 |
                               {1, 0} | 0 1 |

      1 : image {1, 1} | 1 0 0 0 0 0 | <-------------------------------------------------------- image {2, 2} | 1 0 0 0 0 0 | : 1
                {1, 1} | 0 1 0 0 0 0 |    {1, 1} | x_0y_0 0      0      0      0      0      |         {2, 2} | 0 1 0 0 0 0 |
                {1, 1} | 0 0 1 0 0 0 |    {1, 1} | 0      x_1y_0 0      0      0      0      |         {2, 2} | 0 0 1 0 0 0 |
                {1, 1} | 0 0 0 1 0 0 |    {1, 1} | 0      0      x_0y_1 0      0      0      |         {2, 2} | 0 0 0 1 0 0 |
                {1, 1} | 0 0 0 0 1 0 |    {1, 1} | 0      0      0      x_1y_1 0      0      |         {2, 2} | 0 0 0 0 1 0 |
                {1, 1} | 0 0 0 0 0 1 |    {1, 1} | 0      0      0      0      x_0y_2 0      |         {2, 2} | 0 0 0 0 0 1 |
                                          {1, 1} | 0      0      0      0      0      x_1y_2 |

      2 : image {2, 1} | 1 0 0 0 0 0 0 0 0 | <-------------------------------------------------------------------------------------------------------- image {4, 2} | 1 0 0 0 0 0 0 0 0 | : 2
                {2, 1} | 0 1 0 0 0 0 0 0 0 |    {2, 1} | x_0x_1y_0 0         0         0         0         0         0         0         0         |         {4, 2} | 0 1 0 0 0 0 0 0 0 |
                {1, 2} | 0 0 1 0 0 0 0 0 0 |    {2, 1} | 0         x_0x_1y_1 0         0         0         0         0         0         0         |         {2, 4} | 0 0 1 0 0 0 0 0 0 |
                {1, 2} | 0 0 0 1 0 0 0 0 0 |    {1, 2} | 0         0         x_0y_0y_1 0         0         0         0         0         0         |         {2, 4} | 0 0 0 1 0 0 0 0 0 |
                {2, 1} | 0 0 0 0 1 0 0 0 0 |    {1, 2} | 0         0         0         x_1y_0y_1 0         0         0         0         0         |         {4, 2} | 0 0 0 0 1 0 0 0 0 |
                {1, 2} | 0 0 0 0 0 1 0 0 0 |    {2, 1} | 0         0         0         0         x_0x_1y_2 0         0         0         0         |         {2, 4} | 0 0 0 0 0 1 0 0 0 |
                {1, 2} | 0 0 0 0 0 0 1 0 0 |    {1, 2} | 0         0         0         0         0         x_0y_0y_2 0         0         0         |         {2, 4} | 0 0 0 0 0 0 1 0 0 |
                {1, 2} | 0 0 0 0 0 0 0 1 0 |    {1, 2} | 0         0         0         0         0         0         x_1y_0y_2 0         0         |         {2, 4} | 0 0 0 0 0 0 0 1 0 |
                {1, 2} | 0 0 0 0 0 0 0 0 1 |    {1, 2} | 0         0         0         0         0         0         0         x_0y_1y_2 0         |         {2, 4} | 0 0 0 0 0 0 0 0 1 |
                                                {1, 2} | 0         0         0         0         0         0         0         0         x_1y_1y_2 |

      3 : image {2, 2} | 1 0 0 0 0 | <------------------------------------------------------------------------------- image {4, 4} | 1 0 0 0 0 | : 3
                {2, 2} | 0 1 0 0 0 |    {2, 2} | x_0x_1y_0y_1 0            0            0            0            |         {4, 4} | 0 1 0 0 0 |
                {2, 2} | 0 0 1 0 0 |    {2, 2} | 0            x_0x_1y_0y_2 0            0            0            |         {4, 4} | 0 0 1 0 0 |
                {1, 3} | 0 0 0 1 0 |    {2, 2} | 0            0            x_0x_1y_1y_2 0            0            |         {2, 6} | 0 0 0 1 0 |
                {1, 3} | 0 0 0 0 1 |    {1, 3} | 0            0            0            x_0y_0y_1y_2 0            |         {2, 6} | 0 0 0 0 1 |
                                        {1, 3} | 0            0            0            0            x_1y_0y_1y_2 |

      4 : image {2, 3} | 1 | <------------------------------ image {4, 6} | 1 | : 4
                                {2, 3} | x_0x_1y_0y_1y_2 |

o17 : ComplexMap

i18 : g3 = truncate({{0,1}}, f)

o18 = 0 : image | y_2 y_1 y_0 | <-------------------- image | y_2 y_1 y_0 | : 0
                                   {0, 1} | 1 0 0 |
                                   {0, 1} | 0 1 0 |
                                   {0, 1} | 0 0 1 |

      1 : image {1, 1} | 1 0 0 0 0 0 | <-------------------------------------------------------- image {2, 2} | 1 0 0 0 0 0 | : 1
                {1, 1} | 0 1 0 0 0 0 |    {1, 1} | x_0y_0 0      0      0      0      0      |         {2, 2} | 0 1 0 0 0 0 |
                {1, 1} | 0 0 1 0 0 0 |    {1, 1} | 0      x_1y_0 0      0      0      0      |         {2, 2} | 0 0 1 0 0 0 |
                {1, 1} | 0 0 0 1 0 0 |    {1, 1} | 0      0      x_0y_1 0      0      0      |         {2, 2} | 0 0 0 1 0 0 |
                {1, 1} | 0 0 0 0 1 0 |    {1, 1} | 0      0      0      x_1y_1 0      0      |         {2, 2} | 0 0 0 0 1 0 |
                {1, 1} | 0 0 0 0 0 1 |    {1, 1} | 0      0      0      0      x_0y_2 0      |         {2, 2} | 0 0 0 0 0 1 |
                                          {1, 1} | 0      0      0      0      0      x_1y_2 |

      2 : image {2, 1} | 1 0 0 0 0 0 0 0 0 | <-------------------------------------------------------------------------------------------------------- image {4, 2} | 1 0 0 0 0 0 0 0 0 | : 2
                {2, 1} | 0 1 0 0 0 0 0 0 0 |    {2, 1} | x_0x_1y_0 0         0         0         0         0         0         0         0         |         {4, 2} | 0 1 0 0 0 0 0 0 0 |
                {1, 2} | 0 0 1 0 0 0 0 0 0 |    {2, 1} | 0         x_0x_1y_1 0         0         0         0         0         0         0         |         {2, 4} | 0 0 1 0 0 0 0 0 0 |
                {1, 2} | 0 0 0 1 0 0 0 0 0 |    {1, 2} | 0         0         x_0y_0y_1 0         0         0         0         0         0         |         {2, 4} | 0 0 0 1 0 0 0 0 0 |
                {2, 1} | 0 0 0 0 1 0 0 0 0 |    {1, 2} | 0         0         0         x_1y_0y_1 0         0         0         0         0         |         {4, 2} | 0 0 0 0 1 0 0 0 0 |
                {1, 2} | 0 0 0 0 0 1 0 0 0 |    {2, 1} | 0         0         0         0         x_0x_1y_2 0         0         0         0         |         {2, 4} | 0 0 0 0 0 1 0 0 0 |
                {1, 2} | 0 0 0 0 0 0 1 0 0 |    {1, 2} | 0         0         0         0         0         x_0y_0y_2 0         0         0         |         {2, 4} | 0 0 0 0 0 0 1 0 0 |
                {1, 2} | 0 0 0 0 0 0 0 1 0 |    {1, 2} | 0         0         0         0         0         0         x_1y_0y_2 0         0         |         {2, 4} | 0 0 0 0 0 0 0 1 0 |
                {1, 2} | 0 0 0 0 0 0 0 0 1 |    {1, 2} | 0         0         0         0         0         0         0         x_0y_1y_2 0         |         {2, 4} | 0 0 0 0 0 0 0 0 1 |
                                                {1, 2} | 0         0         0         0         0         0         0         0         x_1y_1y_2 |

      3 : image {2, 2} | 1 0 0 0 0 | <------------------------------------------------------------------------------- image {4, 4} | 1 0 0 0 0 | : 3
                {2, 2} | 0 1 0 0 0 |    {2, 2} | x_0x_1y_0y_1 0            0            0            0            |         {4, 4} | 0 1 0 0 0 |
                {2, 2} | 0 0 1 0 0 |    {2, 2} | 0            x_0x_1y_0y_2 0            0            0            |         {4, 4} | 0 0 1 0 0 |
                {1, 3} | 0 0 0 1 0 |    {2, 2} | 0            0            x_0x_1y_1y_2 0            0            |         {2, 6} | 0 0 0 1 0 |
                {1, 3} | 0 0 0 0 1 |    {1, 3} | 0            0            0            x_0y_0y_1y_2 0            |         {2, 6} | 0 0 0 0 1 |
                                        {1, 3} | 0            0            0            0            x_1y_0y_1y_2 |

      4 : image {2, 3} | 1 | <------------------------------ image {4, 6} | 1 | : 4
                                {2, 3} | x_0x_1y_0y_1y_2 |

o18 : ComplexMap

i19 : g4 = truncate({{1,0},{0,1}}, f)

o19 = 0 : image | y_2 y_1 y_0 x_1 x_0 | <------------------------ image | y_2 y_1 y_0 x_1 x_0 | : 0
                                           {0, 1} | 1 0 0 0 0 |
                                           {0, 1} | 0 1 0 0 0 |
                                           {0, 1} | 0 0 1 0 0 |
                                           {1, 0} | 0 0 0 1 0 |
                                           {1, 0} | 0 0 0 0 1 |

      1 : image {1, 1} | 1 0 0 0 0 0 | <-------------------------------------------------------- image {2, 2} | 1 0 0 0 0 0 | : 1
                {1, 1} | 0 1 0 0 0 0 |    {1, 1} | x_0y_0 0      0      0      0      0      |         {2, 2} | 0 1 0 0 0 0 |
                {1, 1} | 0 0 1 0 0 0 |    {1, 1} | 0      x_1y_0 0      0      0      0      |         {2, 2} | 0 0 1 0 0 0 |
                {1, 1} | 0 0 0 1 0 0 |    {1, 1} | 0      0      x_0y_1 0      0      0      |         {2, 2} | 0 0 0 1 0 0 |
                {1, 1} | 0 0 0 0 1 0 |    {1, 1} | 0      0      0      x_1y_1 0      0      |         {2, 2} | 0 0 0 0 1 0 |
                {1, 1} | 0 0 0 0 0 1 |    {1, 1} | 0      0      0      0      x_0y_2 0      |         {2, 2} | 0 0 0 0 0 1 |
                                          {1, 1} | 0      0      0      0      0      x_1y_2 |

      2 : image {2, 1} | 1 0 0 0 0 0 0 0 0 | <-------------------------------------------------------------------------------------------------------- image {4, 2} | 1 0 0 0 0 0 0 0 0 | : 2
                {2, 1} | 0 1 0 0 0 0 0 0 0 |    {2, 1} | x_0x_1y_0 0         0         0         0         0         0         0         0         |         {4, 2} | 0 1 0 0 0 0 0 0 0 |
                {1, 2} | 0 0 1 0 0 0 0 0 0 |    {2, 1} | 0         x_0x_1y_1 0         0         0         0         0         0         0         |         {2, 4} | 0 0 1 0 0 0 0 0 0 |
                {1, 2} | 0 0 0 1 0 0 0 0 0 |    {1, 2} | 0         0         x_0y_0y_1 0         0         0         0         0         0         |         {2, 4} | 0 0 0 1 0 0 0 0 0 |
                {2, 1} | 0 0 0 0 1 0 0 0 0 |    {1, 2} | 0         0         0         x_1y_0y_1 0         0         0         0         0         |         {4, 2} | 0 0 0 0 1 0 0 0 0 |
                {1, 2} | 0 0 0 0 0 1 0 0 0 |    {2, 1} | 0         0         0         0         x_0x_1y_2 0         0         0         0         |         {2, 4} | 0 0 0 0 0 1 0 0 0 |
                {1, 2} | 0 0 0 0 0 0 1 0 0 |    {1, 2} | 0         0         0         0         0         x_0y_0y_2 0         0         0         |         {2, 4} | 0 0 0 0 0 0 1 0 0 |
                {1, 2} | 0 0 0 0 0 0 0 1 0 |    {1, 2} | 0         0         0         0         0         0         x_1y_0y_2 0         0         |         {2, 4} | 0 0 0 0 0 0 0 1 0 |
                {1, 2} | 0 0 0 0 0 0 0 0 1 |    {1, 2} | 0         0         0         0         0         0         0         x_0y_1y_2 0         |         {2, 4} | 0 0 0 0 0 0 0 0 1 |
                                                {1, 2} | 0         0         0         0         0         0         0         0         x_1y_1y_2 |

      3 : image {2, 2} | 1 0 0 0 0 | <------------------------------------------------------------------------------- image {4, 4} | 1 0 0 0 0 | : 3
                {2, 2} | 0 1 0 0 0 |    {2, 2} | x_0x_1y_0y_1 0            0            0            0            |         {4, 4} | 0 1 0 0 0 |
                {2, 2} | 0 0 1 0 0 |    {2, 2} | 0            x_0x_1y_0y_2 0            0            0            |         {4, 4} | 0 0 1 0 0 |
                {1, 3} | 0 0 0 1 0 |    {2, 2} | 0            0            x_0x_1y_1y_2 0            0            |         {2, 6} | 0 0 0 1 0 |
                {1, 3} | 0 0 0 0 1 |    {1, 3} | 0            0            0            x_0y_0y_1y_2 0            |         {2, 6} | 0 0 0 0 1 |
                                        {1, 3} | 0            0            0            0            x_1y_0y_1y_2 |

      4 : image {2, 3} | 1 | <------------------------------ image {4, 6} | 1 | : 4
                                {2, 3} | x_0x_1y_0y_1y_2 |

o19 : ComplexMap

i20 : g5 = truncate({{2,2}}, f)

o20 = 0 : image | x_1^2y_2^2 x_0x_1y_2^2 x_0^2y_2^2 x_1^2y_1y_2 x_0x_1y_1y_2 x_0^2y_1y_2 x_1^2y_0y_2 x_0x_1y_0y_2 x_0^2y_0y_2 x_1^2y_1^2 x_0x_1y_1^2 x_0^2y_1^2 x_1^2y_0y_1 x_0x_1y_0y_1 x_0^2y_0y_1 x_1^2y_0^2 x_0x_1y_0^2 x_0^2y_0^2 | <-------------------------------------------------- image | x_1^2y_2^2 x_0x_1y_2^2 x_0^2y_2^2 x_1^2y_1y_2 x_0x_1y_1y_2 x_0^2y_1y_2 x_1^2y_0y_2 x_0x_1y_0y_2 x_0^2y_0y_2 x_1^2y_1^2 x_0x_1y_1^2 x_0^2y_1^2 x_1^2y_0y_1 x_0x_1y_0y_1 x_0^2y_0y_1 x_1^2y_0^2 x_0x_1y_0^2 x_0^2y_0^2 | : 0
                                                                                                                                                                                                                                            {2, 2} | 1 0 0 0 0 0 0 0 0 0 0 0 0 0 0 0 0 0 |
                                                                                                                                                                                                                                            {2, 2} | 0 1 0 0 0 0 0 0 0 0 0 0 0 0 0 0 0 0 |
                                                                                                                                                                                                                                            {2, 2} | 0 0 1 0 0 0 0 0 0 0 0 0 0 0 0 0 0 0 |
                                                                                                                                                                                                                                            {2, 2} | 0 0 0 1 0 0 0 0 0 0 0 0 0 0 0 0 0 0 |
                                                                                                                                                                                                                                            {2, 2} | 0 0 0 0 1 0 0 0 0 0 0 0 0 0 0 0 0 0 |
                                                                                                                                                                                                                                            {2, 2} | 0 0 0 0 0 1 0 0 0 0 0 0 0 0 0 0 0 0 |
                                                                                                                                                                                                                                            {2, 2} | 0 0 0 0 0 0 1 0 0 0 0 0 0 0 0 0 0 0 |
                                                                                                                                                                                                                                            {2, 2} | 0 0 0 0 0 0 0 1 0 0 0 0 0 0 0 0 0 0 |
                                                                                                                                                                                                                                            {2, 2} | 0 0 0 0 0 0 0 0 1 0 0 0 0 0 0 0 0 0 |
                                                                                                                                                                                                                                            {2, 2} | 0 0 0 0 0 0 0 0 0 1 0 0 0 0 0 0 0 0 |
                                                                                                                                                                                                                                            {2, 2} | 0 0 0 0 0 0 0 0 0 0 1 0 0 0 0 0 0 0 |
                                                                                                                                                                                                                                            {2, 2} | 0 0 0 0 0 0 0 0 0 0 0 1 0 0 0 0 0 0 |
                                                                                                                                                                                                                                            {2, 2} | 0 0 0 0 0 0 0 0 0 0 0 0 1 0 0 0 0 0 |
                                                                                                                                                                                                                                            {2, 2} | 0 0 0 0 0 0 0 0 0 0 0 0 0 1 0 0 0 0 |
                                                                                                                                                                                                                                            {2, 2} | 0 0 0 0 0 0 0 0 0 0 0 0 0 0 1 0 0 0 |
                                                                                                                                                                                                                                            {2, 2} | 0 0 0 0 0 0 0 0 0 0 0 0 0 0 0 1 0 0 |
                                                                                                                                                                                                                                            {2, 2} | 0 0 0 0 0 0 0 0 0 0 0 0 0 0 0 0 1 0 |
                                                                                                                                                                                                                                            {2, 2} | 0 0 0 0 0 0 0 0 0 0 0 0 0 0 0 0 0 1 |

      1 : image {1, 1} | x_1y_2 x_0y_2 x_1y_1 x_0y_1 x_1y_0 x_0y_0 0      0      0      0      0      0      0      0      0      0      0      0      0      0      0      0      0      0      0      0      0      0      0      0      0      0      0      0      0      0      | <-------------------------- image {2, 2} | 1 0 0 0 0 0 | : 1
                {1, 1} | 0      0      0      0      0      0      x_1y_2 x_0y_2 x_1y_1 x_0y_1 x_1y_0 x_0y_0 0      0      0      0      0      0      0      0      0      0      0      0      0      0      0      0      0      0      0      0      0      0      0      0      |    {2, 2} | 0 0 0 0 0 0 |         {2, 2} | 0 1 0 0 0 0 |
                {1, 1} | 0      0      0      0      0      0      0      0      0      0      0      0      x_1y_2 x_0y_2 x_1y_1 x_0y_1 x_1y_0 x_0y_0 0      0      0      0      0      0      0      0      0      0      0      0      0      0      0      0      0      0      |    {2, 2} | 0 0 0 0 0 0 |         {2, 2} | 0 0 1 0 0 0 |
                {1, 1} | 0      0      0      0      0      0      0      0      0      0      0      0      0      0      0      0      0      0      x_1y_2 x_0y_2 x_1y_1 x_0y_1 x_1y_0 x_0y_0 0      0      0      0      0      0      0      0      0      0      0      0      |    {2, 2} | 0 0 0 0 0 0 |         {2, 2} | 0 0 0 1 0 0 |
                {1, 1} | 0      0      0      0      0      0      0      0      0      0      0      0      0      0      0      0      0      0      0      0      0      0      0      0      x_1y_2 x_0y_2 x_1y_1 x_0y_1 x_1y_0 x_0y_0 0      0      0      0      0      0      |    {2, 2} | 0 0 0 0 0 0 |         {2, 2} | 0 0 0 0 1 0 |
                {1, 1} | 0      0      0      0      0      0      0      0      0      0      0      0      0      0      0      0      0      0      0      0      0      0      0      0      0      0      0      0      0      0      x_1y_2 x_0y_2 x_1y_1 x_0y_1 x_1y_0 x_0y_0 |    {2, 2} | 0 0 0 0 0 0 |         {2, 2} | 0 0 0 0 0 1 |
                                                                                                                                                                                                                                                                                          {2, 2} | 1 0 0 0 0 0 |
                                                                                                                                                                                                                                                                                          {2, 2} | 0 0 0 0 0 0 |
                                                                                                                                                                                                                                                                                          {2, 2} | 0 0 0 0 0 0 |
                                                                                                                                                                                                                                                                                          {2, 2} | 0 0 0 0 0 0 |
                                                                                                                                                                                                                                                                                          {2, 2} | 0 0 0 0 0 0 |
                                                                                                                                                                                                                                                                                          {2, 2} | 0 1 0 0 0 0 |
                                                                                                                                                                                                                                                                                          {2, 2} | 0 0 0 0 0 0 |
                                                                                                                                                                                                                                                                                          {2, 2} | 0 0 0 0 0 0 |
                                                                                                                                                                                                                                                                                          {2, 2} | 0 0 0 0 0 0 |
                                                                                                                                                                                                                                                                                          {2, 2} | 0 0 0 0 0 0 |
                                                                                                                                                                                                                                                                                          {2, 2} | 0 0 1 0 0 0 |
                                                                                                                                                                                                                                                                                          {2, 2} | 0 0 0 0 0 0 |
                                                                                                                                                                                                                                                                                          {2, 2} | 0 0 0 0 0 0 |
                                                                                                                                                                                                                                                                                          {2, 2} | 0 0 0 0 0 0 |
                                                                                                                                                                                                                                                                                          {2, 2} | 0 0 0 0 0 0 |
                                                                                                                                                                                                                                                                                          {2, 2} | 0 0 0 1 0 0 |
                                                                                                                                                                                                                                                                                          {2, 2} | 0 0 0 0 0 0 |
                                                                                                                                                                                                                                                                                          {2, 2} | 0 0 0 0 0 0 |
                                                                                                                                                                                                                                                                                          {2, 2} | 0 0 0 0 0 0 |
                                                                                                                                                                                                                                                                                          {2, 2} | 0 0 0 0 0 0 |
                                                                                                                                                                                                                                                                                          {2, 2} | 0 0 0 0 1 0 |
                                                                                                                                                                                                                                                                                          {2, 2} | 0 0 0 0 0 0 |
                                                                                                                                                                                                                                                                                          {2, 2} | 0 0 0 0 0 0 |
                                                                                                                                                                                                                                                                                          {2, 2} | 0 0 0 0 0 0 |
                                                                                                                                                                                                                                                                                          {2, 2} | 0 0 0 0 0 0 |
                                                                                                                                                                                                                                                                                          {2, 2} | 0 0 0 0 0 1 |
                                                                                                                                                                                                                                                                                          {2, 2} | 0 0 0 0 0 0 |
                                                                                                                                                                                                                                                                                          {2, 2} | 0 0 0 0 0 0 |
                                                                                                                                                                                                                                                                                          {2, 2} | 0 0 0 0 0 0 |
                                                                                                                                                                                                                                                                                          {2, 2} | 0 0 0 0 0 0 |
                                                                                                                                                                                                                                                                                          {2, 2} | 0 0 0 0 0 0 |

      2 : image {2, 1} | y_2 y_1 y_0 0   0   0   0   0   0   0   0   0   0   0   0   0   0   0   0   0   0   | <----------------------------------------------------------------------------- image {4, 2} | 1 0 0 0 0 0 0 0 0 | : 2
                {2, 1} | 0   0   0   y_2 y_1 y_0 0   0   0   0   0   0   0   0   0   0   0   0   0   0   0   |    {2, 2} | 0      0      0      0      0      0      0      0      0      |         {4, 2} | 0 1 0 0 0 0 0 0 0 |
                {1, 2} | 0   0   0   0   0   0   x_1 x_0 0   0   0   0   0   0   0   0   0   0   0   0   0   |    {2, 2} | 0      0      0      0      0      0      0      0      0      |         {2, 4} | 0 0 1 0 0 0 0 0 0 |
                {1, 2} | 0   0   0   0   0   0   0   0   x_1 x_0 0   0   0   0   0   0   0   0   0   0   0   |    {2, 2} | x_0x_1 0      0      0      0      0      0      0      0      |         {2, 4} | 0 0 0 1 0 0 0 0 0 |
                {2, 1} | 0   0   0   0   0   0   0   0   0   0   y_2 y_1 y_0 0   0   0   0   0   0   0   0   |    {2, 2} | 0      0      0      0      0      0      0      0      0      |         {4, 2} | 0 0 0 0 1 0 0 0 0 |
                {1, 2} | 0   0   0   0   0   0   0   0   0   0   0   0   0   x_1 x_0 0   0   0   0   0   0   |    {2, 2} | 0      x_0x_1 0      0      0      0      0      0      0      |         {2, 4} | 0 0 0 0 0 1 0 0 0 |
                {1, 2} | 0   0   0   0   0   0   0   0   0   0   0   0   0   0   0   x_1 x_0 0   0   0   0   |    {2, 2} | 0      0      0      0      0      0      0      0      0      |         {2, 4} | 0 0 0 0 0 0 1 0 0 |
                {1, 2} | 0   0   0   0   0   0   0   0   0   0   0   0   0   0   0   0   0   x_1 x_0 0   0   |    {2, 2} | 0      0      0      0      0      0      0      0      0      |         {2, 4} | 0 0 0 0 0 0 0 1 0 |
                {1, 2} | 0   0   0   0   0   0   0   0   0   0   0   0   0   0   0   0   0   0   0   x_1 x_0 |    {2, 2} | 0      0      y_0y_1 0      0      0      0      0      0      |         {2, 4} | 0 0 0 0 0 0 0 0 1 |
                                                                                                                  {2, 2} | 0      0      0      y_0y_1 0      0      0      0      0      |
                                                                                                                  {2, 2} | 0      0      0      0      0      0      0      0      0      |
                                                                                                                  {2, 2} | 0      0      0      0      x_0x_1 0      0      0      0      |
                                                                                                                  {2, 2} | 0      0      0      0      0      0      0      0      0      |
                                                                                                                  {2, 2} | 0      0      0      0      0      0      0      0      0      |
                                                                                                                  {2, 2} | 0      0      0      0      0      0      0      0      0      |
                                                                                                                  {2, 2} | 0      0      0      0      0      y_0y_2 0      0      0      |
                                                                                                                  {2, 2} | 0      0      0      0      0      0      y_0y_2 0      0      |
                                                                                                                  {2, 2} | 0      0      0      0      0      0      0      0      0      |
                                                                                                                  {2, 2} | 0      0      0      0      0      0      0      0      0      |
                                                                                                                  {2, 2} | 0      0      0      0      0      0      0      y_1y_2 0      |
                                                                                                                  {2, 2} | 0      0      0      0      0      0      0      0      y_1y_2 |
                                                                                                                  {2, 2} | 0      0      0      0      0      0      0      0      0      |

      3 : image {2, 2} | 1 0 0 0   0   0   0   | <------------------------------------------------------------------------- image {4, 4} | 1 0 0 0 0 | : 3
                {2, 2} | 0 1 0 0   0   0   0   |    {2, 2} | x_0x_1y_0y_1 0            0            0         0         |         {4, 4} | 0 1 0 0 0 |
                {2, 2} | 0 0 1 0   0   0   0   |    {2, 2} | 0            x_0x_1y_0y_2 0            0         0         |         {4, 4} | 0 0 1 0 0 |
                {1, 3} | 0 0 0 x_1 x_0 0   0   |    {2, 2} | 0            0            x_0x_1y_1y_2 0         0         |         {2, 6} | 0 0 0 1 0 |
                {1, 3} | 0 0 0 0   0   x_1 x_0 |    {2, 3} | 0            0            0            0         0         |         {2, 6} | 0 0 0 0 1 |
                                                    {2, 3} | 0            0            0            y_0y_1y_2 0         |
                                                    {2, 3} | 0            0            0            0         y_0y_1y_2 |
                                                    {2, 3} | 0            0            0            0         0         |

      4 : image {2, 3} | 1 | <------------------------------ image {4, 6} | 1 | : 4
                                {2, 3} | x_0x_1y_0y_1y_2 |

o20 : ComplexMap

i21 : assert all({g1,g2,g3,g4,g5}, isWellDefined)

i22 : 
