-- -*- M2-comint -*- hash: 16990735863884801294

i1 : R = QQ[x,y];

i2 : M = R^1/ideal(x^2,y^2);

i3 : phi = map(M,M,x*y, Degree=>2);

o3 : Matrix M <-- M

i4 : D = differentialModule phi;

i5 : r = resDM(D)

      8      8      8
o5 = R  <-- R  <-- R
                    
     -1     0      1

o5 : DifferentialModule

i6 : r.dd_1

o6 = {1}  | 0 0 y x 0 0 -1 0  |
     {1}  | 0 0 0 0 y x 0  1  |
     {0}  | 0 0 0 0 0 0 x  0  |
     {0}  | 0 0 0 0 0 0 -y 0  |
     {0}  | 0 0 0 0 0 0 0  x  |
     {0}  | 0 0 0 0 0 0 0  -y |
     {-1} | 0 0 0 0 0 0 0  0  |
     {-1} | 0 0 0 0 0 0 0  0  |

             8      8
o6 : Matrix R  <-- R

i7 : R = QQ[x]/(x^3);

i8 : phi = map(R^1,R^1,x^2, Degree=>2);

             1      1
o8 : Matrix R  <-- R

i9 : D = differentialModule phi;

i10 : r = resDM(D)

       1      1      1
o10 = R  <-- R  <-- R
                     
      -1     0      1

o10 : DifferentialModule

i11 : r.dd_1

o11 = 0

              1      1
o11 : Matrix R  <-- R

i12 : r = resDM(D,6)

       6      6      6
o12 = R  <-- R  <-- R
                     
      -1     0      1

o12 : DifferentialModule

i13 : r.dd_1

o13 = {1}  | 0 x 0  -1 1  0  |
      {0}  | 0 0 x2 0  x  -1 |
      {0}  | 0 0 0  x  0  -1 |
      {-1} | 0 0 0  0  x2 0  |
      {-1} | 0 0 0  0  0  x  |
      {-2} | 0 0 0  0  0  0  |

              6      6
o13 : Matrix R  <-- R

i14 : 
