-- -*- M2-comint -*- hash: 10659024855597504551

i1 : S = ring weightedProjectiveSpace {1,1,2}

o1 = S

o1 : PolynomialRing

i2 : M = coker random(S^2, S^{3:{-5}});

i3 : toricRR M

                 14                 14                 14
o3 = (QQ[e ..e ])   <-- (QQ[e ..e ])   <-- (QQ[e ..e ])
          0   2              0   2              0   2
                                            
     -1                 0                  1

o3 : DifferentialModule

i4 : T = ring hirzebruchSurface 3;

i5 : M' = coker matrix{{x_0}}

o5 = cokernel | x_0 |

                            1
o5 : T-module, quotient of T

i6 : toricRR M'

                 9                 9                 9
o6 = (QQ[e ..e ])  <-- (QQ[e ..e ])  <-- (QQ[e ..e ])
          0   3             0   3             0   3
                                          
     -1                0                 1

o6 : DifferentialModule

i7 : L = {{0,0}, {1,0}}

o7 = {{0, 0}, {1, 0}}

o7 : List

i8 : toricRR(M',L)

                 2                 2                 2
o8 = (QQ[e ..e ])  <-- (QQ[e ..e ])  <-- (QQ[e ..e ])
          0   3             0   3             0   3
                                          
     -1                0                 1

o8 : DifferentialModule

i9 : S = ring hirzebruchSurface 1

o9 = S

o9 : PolynomialRing

i10 : L1 = {{0,0}, {1,0}, {0,1}}

o10 = {{0, 0}, {1, 0}, {0, 1}}

o10 : List

i11 : L2 = {{0,0}, {1,0}, {0,1}, {-1,1}};

i12 : N1 = toricRR(S^1, L1);

i13 : N2 = toricRR(S^1, L2);

i14 : phi = map(ring N2, ring N1, gens ring N2)

o14 = map (QQ[e ..e ], QQ[e ..e ], {e , e , e , e })
               0   3       0   3     0   1   2   3

o14 : RingMap QQ[e ..e ] <-- QQ[e ..e ]
                  0   3          0   3

i15 : assert(phi N1.dd_0 - N2.dd_0 == 0)

i16 : X = weightedProjectiveSpace {1,1,2};

i17 : S = ring X;

i18 : M = coker matrix{{x_0, x_1}};

i19 : D = toricRR(M, for i from 0 to 4 list {i})

                  3                 3                 3
o19 = (QQ[e ..e ])  <-- (QQ[e ..e ])  <-- (QQ[e ..e ])
           0   2             0   2             0   2
                                           
      -1                0                 1

o19 : DifferentialModule

i20 : F = resDM(D, 3)

                  6                 6                 6
o20 = (QQ[e ..e ])  <-- (QQ[e ..e ])  <-- (QQ[e ..e ])
           0   2             0   2             0   2
                                           
      -1                0                 1

o20 : DifferentialModule

i21 : F.dd_0

o21 = {8, 3}  | 0 0 e_2 0   0   0   |
      {2, 2}  | 0 0 0   e_2 0   0   |
      {6, 3}  | 0 0 0   0   e_2 0   |
      {0, 2}  | 0 0 0   0   0   e_2 |
      {4, 3}  | 0 0 0   0   0   0   |
      {-2, 2} | 0 0 0   0   0   0   |

                         6                 6
o21 : Matrix (QQ[e ..e ])  <-- (QQ[e ..e ])
                  0   2             0   2

i22 : kk = coker vars ring F_0;

i23 : sum flatten entries basis({-2,-1}, Hom(kk, F_0)) == rank HH^0(X, sheaf(M**S^{{-2}}))

o23 = true

i24 : 
