-- -*- M2-comint -*- hash: 14206482940933402889

i1 : R = QQ[x,y,z];

i2 : h = matrix {{x^2-4*x+2*y^2, 2*z^2-y^2+2}};

             1      2
o2 : Matrix R  <-- R

i3 : (sol,mult) = sosInIdeal (h, 2);

i4 : sosPoly sol

      2405    1      2    2405    2
o4 = (----)(- -x + 1)  + (----)(z)
       16     2            16

o4 : SOSPoly

i5 : h * mult == sosPoly sol

o5 = true

i6 : S = R/ideal h;

i7 : sol = sosInIdeal (S, 2);

i8 : sosPoly sol

      2323    1      2    2323    2
o8 = (----)(- -x + 1)  + (----)(z)
        8     2             8

o8 : SOSPoly

i9 : sosPoly sol

      2323    1      2    2323    2
o9 = (----)(- -x + 1)  + (----)(z)
        8     2             8

o9 : SOSPoly

i10 : 
