-- -*- M2-comint -*- hash: 12016230252276994046

i1 : randomMonomialAlgebra(5,3,7)

      ZZ
o1 = ---[x ..x ]
     101  0   9

o1 : MonomialAlgebra generated by {{1, 3, 1}, {0, 1, 4}, {2, 1, 2}, {0, 4, 1}, {2, 2, 1}, {3, 2, 0}, {3, 1, 1}, {5, 0, 0}, {2, 3, 0}, {0, 3, 2}}

i2 : setRandomSeed()
 -- initializing random seed

i3 : randomMonomialAlgebra(5,3,7)

      ZZ
o3 = ---[x ..x ]
     101  0   9

o3 : MonomialAlgebra generated by {{5, 0, 0}, {1, 3, 1}, {1, 4, 0}, {0, 2, 3}, {3, 0, 2}, {0, 1, 4}, {0, 5, 0}, {4, 1, 0}, {2, 0, 3}, {4, 0, 1}}

i4 : setRandomSeed()
 -- initializing random seed

i5 : randomMonomialAlgebra(5,3,7)

      ZZ
o5 = ---[x ..x ]
     101  0   9

o5 : MonomialAlgebra generated by {{5, 0, 0}, {1, 3, 1}, {1, 4, 0}, {0, 2, 3}, {3, 0, 2}, {0, 1, 4}, {0, 5, 0}, {4, 1, 0}, {2, 0, 3}, {4, 0, 1}}

i6 : setRandomSeed()
 -- initializing random seed

i7 : randomMonomialAlgebra(5,3,7,Num=>2)

       ZZ           ZZ
o7 = {---[x ..x ], ---[x ..x ]}
      101  0   9   101  0   9

o7 : List

i8 : setRandomSeed()
 -- initializing random seed

i9 : randomMonomialAlgebra(5,3,7,Simplicial=>true)

      ZZ
o9 = ---[x ..x ]
     101  0   9

o9 : MonomialAlgebra generated by {{5, 0, 0}, {0, 5, 0}, {0, 0, 5}, {0, 1, 4}, {4, 0, 1}, {1, 1, 3}, {1, 3, 1}, {2, 3, 0}, {2, 0, 3}, {1, 4, 0}}

i10 : 
