-- -*- M2-comint -*- hash: 8260417340994766486

i1 : R = QQ[x, y]

o1 = R

o1 : PolynomialRing

i2 : S = R / ideal(x^2, y^2)

o2 = S

o2 : QuotientRing

i3 : A = koszulComplexDGA R

o3 = {Ring => R                          }
      Underlying algebra => R[T   ..T   ]
                               1,1   1,2
      Differential => {x, y}

o3 : DGAlgebra

i4 : B = baseChange(A, S)

o4 = {Ring => S                          }
      Underlying algebra => S[T   ..T   ]
                               1,1   1,2
      Differential => {x, y}

o4 : DGAlgebra

i5 : underlyingRing B === S

o5 = true

i6 : isWellDefinedDifferential B

o6 = true

i7 : 
