-- -*- M2-comint -*- hash: 13227414851153942645

i1 : R = QQ[x,y]/ideal(x^2,y^2)

o1 = R

o1 : QuotientRing

i2 : A = koszulComplexDGA R

o2 = {Ring => R                          }
      Underlying algebra => R[T   ..T   ]
                               1,1   1,2
      Differential => {x, y}

o2 : DGAlgebra

i3 : k = R^1 / ideal(x, y)

o3 = cokernel | x y |

                            1
o3 : R-module, quotient of R

i4 : Mdg = minimalSemifreeResolution(A, k, EndDegree => 2)

o4 = {Base ring => R                                          }
      DG algebra => R[T   ..T   ]
                       1,1   1,2
                                       3
      Natural module => (R[T   ..T   ])
                            1,1   1,2
      Generator degrees => {{0, 0}, {2, 2}, {2, 2}}
      Differentials on gens => {0, | xT_(1,1) |, | yT_(1,2) |}
                                   |     0    |  |     0    |
                                   |     0    |  |     0    |

o4 : DGModule

i5 : idM = identityDGModuleMap Mdg

                               3
o5 = {Source => (R[T   ..T   ])  }
                    1,1   1,2
                               3
      Target => (R[T   ..T   ])
                    1,1   1,2
      Natural => {0, 0} | 1 0 0 |
                 {2, 2} | 0 1 0 |
                 {2, 2} | 0 0 1 |

o5 : DGModuleMap

i6 : isWellDefined idM

o6 = true

i7 : natGens = apply(rank Mdg.natural, i -> (Mdg.natural)_i)

o7 = {| 1 |, | 0 |, | 0 |}
      | 0 |  | 1 |  | 0 |
      | 0 |  | 0 |  | 1 |

o7 : List

i8 : xMap = dgModuleMap(Mdg, Mdg, apply(natGens, g -> x * g))

                               3
o8 = {Source => (R[T   ..T   ])  }
                    1,1   1,2
                               3
      Target => (R[T   ..T   ])
                    1,1   1,2
      Natural => {0, 0} | x 0 0 |
                 {2, 2} | 0 x 0 |
                 {2, 2} | 0 0 x |

o8 : DGModuleMap

i9 : isWellDefined xMap

o9 = true

i10 : H0 = homology(xMap, 0)

o10 = 0

o10 : Matrix k <-- k

i11 : H0 == map(target H0, source H0, 0)

o11 = true

i12 : f = liftToDGModuleMap(Mdg, Mdg, {(Mdg.natural)_0}, EndDegree => 2)

                                3
o12 = {Source => (R[T   ..T   ])  }
                     1,1   1,2
                                3
       Target => (R[T   ..T   ])
                     1,1   1,2
       Natural => {0, 0} | 1 0 0 |
                  {2, 2} | 0 1 0 |
                  {2, 2} | 0 0 1 |

o12 : DGModuleMap

i13 : isWellDefined f

o13 = true

i14 : h0 = homology(f, 0)

o14 = | 1 |

o14 : Matrix k <-- k

i15 : h0 == id_(source h0)

o15 = true

i16 : (2_R * idM).natural == 2 * idM.natural

o16 = true

i17 : (idM * idM).natural == idM.natural

o17 = true

i18 : 
