-- -*- M2-comint -*- hash: 7023587614996934281

i1 : R = ZZ/101[x,y]

o1 = R

o1 : PolynomialRing

i2 : A = koszulComplexDGA R

o2 = {Ring => R                          }
      Underlying algebra => R[T   ..T   ]
                               1,1   1,2
      Differential => {x, y}

o2 : DGAlgebra

i3 : M = freeDGModule(A, {0, 1})

o3 = {Base ring => R                       }
      DG algebra => R[T   ..T   ]
                       1,1   1,2
                                       2
      Natural module => (R[T   ..T   ])
                            1,1   1,2
      Generator degrees => {{0, 0}, {1, 0}}
      Differentials on gens => {0, 0}

o3 : DGModule

i4 : QR = R / ideal(x^2)

o4 = QR

o4 : QuotientRing

i5 : MQ = M ** QR

o5 = {Base ring => QR                      }
      DG algebra => QR[T   ..T   ]
                        1,1   1,2
                                        2
      Natural module => (QR[T   ..T   ])
                             1,1   1,2
      Generator degrees => {{0, 0}, {1, 0}}
      Differentials on gens => {0, 0}

o5 : DGModule

i6 : MQ === M ** QR

o6 = true

i7 : idM = identityDGModuleMap M

                               2
o7 = {Source => (R[T   ..T   ]) }
                    1,1   1,2
                               2
      Target => (R[T   ..T   ])
                    1,1   1,2
      Natural => {0, 0} | 1 0 |
                 {1, 0} | 0 1 |

o7 : DGModuleMap

i8 : (idM ** QR).source === MQ

o8 = true

i9 : (idM ** QR).target === MQ

o9 = true

i10 : isWellDefined(idM ** QR)

o10 = true

i11 : N = R^{0, -1}

       2
o11 = R

o11 : R-module, free, degrees {0..1}

i12 : MN = M ** N

o12 = {Base ring => R                                       }
       DG algebra => R[T   ..T   ]
                        1,1   1,2
                                        4
       Natural module => (R[T   ..T   ])
                             1,1   1,2
       Generator degrees => {{0, 0}, {0, 1}, {1, 0}, {1, 1}}
       Differentials on gens => {0, 0, 0, 0}

o12 : DGModule

i13 : class MN

o13 = DGModule

o13 : Type

i14 : numgens MN

o14 = 4

i15 : rank MN.natural == (rank M.natural) * (rank N)

o15 = true

i16 : K = R^3

       3
o16 = R

o16 : R-module, free

i17 : MNK = (M ** R^2) ** K

o17 = {Base ring => R                                                                                                       }
       DG algebra => R[T   ..T   ]
                        1,1   1,2
                                        12
       Natural module => (R[T   ..T   ])
                             1,1   1,2
       Generator degrees => {{0, 0}, {0, 0}, {0, 0}, {0, 0}, {0, 0}, {0, 0}, {1, 0}, {1, 0}, {1, 0}, {1, 0}, {1, 0}, {1, 0}}
       Differentials on gens => {0, 0, 0, 0, 0, 0, 0, 0, 0, 0, 0, 0}

o17 : DGModule

i18 : isWellDefined MNK

o18 = true

i19 : numgens MNK == 2 * 2 * 3

o19 = true

i20 : 
