-- -*- M2-comint -*- hash: 10463281271285974117

i1 : R = QQ[x, y] / ideal(x^2, y^2)

o1 = R

o1 : QuotientRing

i2 : k = R^1 / ideal(x, y)

o2 = cokernel | x y |

                            1
o2 : R-module, quotient of R

i3 : A = koszulComplexDGA R

o3 = {Ring => R                          }
      Underlying algebra => R[T   ..T   ]
                               1,1   1,2
      Differential => {x, y}

o3 : DGAlgebra

i4 : Mdg = minimalSemifreeResolution(A, k, EndDegree => 2)

o4 = {Base ring => R                                          }
      DG algebra => R[T   ..T   ]
                       1,1   1,2
                                       3
      Natural module => (R[T   ..T   ])
                            1,1   1,2
      Generator degrees => {{0, 0}, {2, 2}, {2, 2}}
      Differentials on gens => {0, | xT_(1,1) |, | yT_(1,2) |}
                                   |     0    |  |     0    |
                                   |     0    |  |     0    |

o4 : DGModule

i5 : d2 = moduleDifferential(2, Mdg)

o5 = {1} | -y x 0 |
     {1} | x  0 y |

             2      3
o5 : Matrix R  <-- R

i6 : d1 = moduleDifferential(1, Mdg)

o6 = | x y |

             1      2
o6 : Matrix R  <-- R

i7 : d1 * d2 == 0

o7 = true

i8 : 
