-- -*- M2-comint -*- hash: 2389319072154886080

i1 : R = ZZ/101[x,y]

o1 = R

o1 : PolynomialRing

i2 : A = koszulComplexDGA R

o2 = {Ring => R                          }
      Underlying algebra => R[T   ..T   ]
                               1,1   1,2
      Differential => {x, y}

o2 : DGAlgebra

i3 : M = freeDGModule(A, {0})

o3 = {Base ring => R                    }
      DG algebra => R[T   ..T   ]
                       1,1   1,2
                                       1
      Natural module => (R[T   ..T   ])
                            1,1   1,2
      Generator degrees => {{0, 0}}
      Differentials on gens => {0}

o3 : DGModule

i4 : N = R^2

      2
o4 = R

o4 : R-module, free

i5 : MN = M ** N

o5 = {Base ring => R                       }
      DG algebra => R[T   ..T   ]
                       1,1   1,2
                                       2
      Natural module => (R[T   ..T   ])
                            1,1   1,2
      Generator degrees => {{0, 0}, {0, 0}}
      Differentials on gens => {0, 0}

o5 : DGModule

i6 : class MN

o6 = DGModule

o6 : Type

i7 : numgens MN

o7 = 2

i8 : isWellDefined MN

o8 = true

i9 : M2m = freeDGModule(A, {0, 1})

o9 = {Base ring => R                       }
      DG algebra => R[T   ..T   ]
                       1,1   1,2
                                       2
      Natural module => (R[T   ..T   ])
                            1,1   1,2
      Generator degrees => {{0, 0}, {1, 0}}
      Differentials on gens => {0, 0}

o9 : DGModule

i10 : N3 = R^3

       3
o10 = R

o10 : R-module, free

i11 : M2N = M2m ** N3

o11 = {Base ring => R                                                       }
       DG algebra => R[T   ..T   ]
                        1,1   1,2
                                        6
       Natural module => (R[T   ..T   ])
                             1,1   1,2
       Generator degrees => {{0, 0}, {0, 0}, {0, 0}, {1, 0}, {1, 0}, {1, 0}}
       Differentials on gens => {0, 0, 0, 0, 0, 0}

o11 : DGModule

i12 : numgens M2N == 2 * 3

o12 = true

i13 : isWellDefined M2N

o13 = true

i14 : MZ = M ** R^0

o14 = {Base ring => R             }
       DG algebra => R[T   ..T   ]
                        1,1   1,2
       Natural module => 0
       Generator degrees => {}
       Differentials on gens => {}

o14 : DGModule

i15 : isWellDefined MZ

o15 = true

i16 : numgens MZ == 0

o16 = true

i17 : 
