-- -*- M2-comint -*- hash: 11764914088259792737

i1 : R = ZZ/101[x,y]

o1 = R

o1 : PolynomialRing

i2 : A = koszulComplexDGA R

o2 = {Ring => R                          }
      Underlying algebra => R[T   ..T   ]
                               1,1   1,2
      Differential => {x, y}

o2 : DGAlgebra

i3 : Anat = A.natural

o3 = Anat

o3 : PolynomialRing, 2 skew commutative variable(s)

i4 : I = dgIdeal(A, {x_Anat, y_Anat})

o4 = DGIdeal of Anat
     generators => | y x |

o4 : DGIdeal

i5 : QR = R / ideal(x^2)

o5 = QR

o5 : QuotientRing

i6 : IQ = I ** QR

o6 = DGIdeal of QR[T   ..T   ]
                    1,1   1,2
     generators => | y x |

o6 : DGIdeal

i7 : isWellDefined IQ

o7 = true

i8 : IQ.dgAlgebra === A ** QR

o8 = true

i9 : Z = dgIdeal(A, {})

o9 = DGIdeal of Anat
     generators => 0

o9 : DGIdeal

i10 : ZQ = Z ** QR

o10 = DGIdeal of QR[T   ..T   ]
                     1,1   1,2
      generators => 0

o10 : DGIdeal

i11 : isWellDefined ZQ and isZero ZQ

o11 = true

i12 : U = dgIdeal(A, {1_Anat})

o12 = DGIdeal of Anat
      generators => | 1 |

o12 : DGIdeal

i13 : UQ = U ** QR

o13 = DGIdeal of QR[T   ..T   ]
                     1,1   1,2
      generators => | 1 |

o13 : DGIdeal

i14 : isWellDefined UQ and not isZero UQ

o14 = true

i15 : R3 = ZZ/101[x,y,z]

o15 = R3

o15 : PolynomialRing

i16 : A3 = koszulComplexDGA R3

o16 = {Ring => R3                          }
       Underlying algebra => R3[T   ..T   ]
                                 1,1   1,3
       Differential => {x, y, z}

o16 : DGAlgebra

i17 : Anat3 = A3.natural

o17 = Anat3

o17 : PolynomialRing, 3 skew commutative variable(s)

i18 : I3 = dgIdeal(A3, {x_Anat3, y_Anat3, z_Anat3})

o18 = DGIdeal of Anat3
      generators => | z y x |

o18 : DGIdeal

i19 : QR3 = R3 / ideal(x*y, y*z)

o19 = QR3

o19 : QuotientRing

i20 : isWellDefined(I3 ** QR3)

o20 = true

i21 : 
