-- -*- M2-comint -*- hash: 7964636551949890500

i1 : R = ZZ/101[x,y]

o1 = R

o1 : PolynomialRing

i2 : A = koszulComplexDGA R

o2 = {Ring => R                          }
      Underlying algebra => R[T   ..T   ]
                               1,1   1,2
      Differential => {x, y}

o2 : DGAlgebra

i3 : Anat = A.natural

o3 = Anat

o3 : PolynomialRing, 2 skew commutative variable(s)

i4 : M = freeDGModule(A, {0})

o4 = {Base ring => R               }
      DG algebra => Anat
                            1
      Natural module => Anat
      Generator degrees => {{0, 0}}
      Differentials on gens => {0}

o4 : DGModule

i5 : Sub = dgSubmodule(M, matrix {{x_Anat}})

o5 = DGSubmodule of ambient DGModule
     Degrees  => {{0, 1}}
                     1
     natural  => Anat
     inclusion => | x |

o5 : DGSubmodule

i6 : Q = M / Sub

o6 = DGQuotientModule Q = M / S
     Q.natural = cokernel | x |
     Degrees   = {{0, 0}}

o6 : DGQuotientModule

i7 : N = R^2

      2
o7 = R

o7 : R-module, free

i8 : QN = Q ** N

o8 = DGQuotientModule Q = M / S
     Q.natural = cokernel | x 0 |
                          | 0 x |
     Degrees   = {{0, 0}, {0, 0}}

o8 : DGQuotientModule

i9 : isWellDefined QN

o9 = true

i10 : QN.ambient === M ** N

o10 = true

i11 : 
