-- -*- M2-comint -*- hash: 18105612454506669872

i1 : R = ZZ/101[x,y]

o1 = R

o1 : PolynomialRing

i2 : A = koszulComplexDGA R

o2 = {Ring => R                          }
      Underlying algebra => R[T   ..T   ]
                               1,1   1,2
      Differential => {x, y}

o2 : DGAlgebra

i3 : idA = identityDGAlgebraMap A

o3 = map (R[T   ..T   ], R[T   ..T   ], {T   , T   , x, y})
             1,1   1,2      1,1   1,2     1,1   1,2

o3 : DGAlgebraMap

i4 : QR = R / ideal(x^2)

o4 = QR

o4 : QuotientRing

i5 : idAQ = idA ** QR

o5 = map (QR[T   ..T   ], QR[T   ..T   ], {T   , T   , x, y})
              1,1   1,2       1,1   1,2     1,1   1,2

o5 : DGAlgebraMap

i6 : isWellDefined idAQ

o6 = true

i7 : (idAQ.source) === (A ** QR)

o7 = true

i8 : (idAQ.target) === (A ** QR)

o8 = true

i9 : 
