-- -*- M2-comint -*- hash: 4678299247060774165

i1 : R = ZZ/101[x,y]

o1 = R

o1 : PolynomialRing

i2 : A = koszulComplexDGA R

o2 = {Ring => R                          }
      Underlying algebra => R[T   ..T   ]
                               1,1   1,2
      Differential => {x, y}

o2 : DGAlgebra

i3 : M = freeDGModule(A, {0, 1})

o3 = {Base ring => R                       }
      DG algebra => R[T   ..T   ]
                       1,1   1,2
                                       2
      Natural module => (R[T   ..T   ])
                            1,1   1,2
      Generator degrees => {{0, 0}, {1, 0}}
      Differentials on gens => {0, 0}

o3 : DGModule

i4 : QR = R / ideal(x^2)

o4 = QR

o4 : QuotientRing

i5 : MS = M ** QR

o5 = {Base ring => QR                      }
      DG algebra => QR[T   ..T   ]
                        1,1   1,2
                                        2
      Natural module => (QR[T   ..T   ])
                             1,1   1,2
      Generator degrees => {{0, 0}, {1, 0}}
      Differentials on gens => {0, 0}

o5 : DGModule

i6 : MS === M ** QR

o6 = true

i7 : MS.dgAlgebra === A ** QR

o7 = true

i8 : isWellDefined MS

o8 = true

i9 : 
