-- -*- M2-comint -*- hash: 8616220386087345499

i1 : R = ZZ/101[x, y]

o1 = R

o1 : PolynomialRing

i2 : A = koszulComplexDGA R

o2 = {Ring => R                          }
      Underlying algebra => R[T   ..T   ]
                               1,1   1,2
      Differential => {x, y}

o2 : DGAlgebra

i3 : Anat = A.natural

o3 = Anat

o3 : PolynomialRing, 2 skew commutative variable(s)

i4 : I = dgIdeal(A, {x_Anat * y_Anat})

o4 = DGIdeal of Anat
     generators => | xy |

o4 : DGIdeal

i5 : class I

o5 = DGIdeal

o5 : Type

i6 : ambient I === A

o6 = true

i7 : ring I === R

o7 = true

i8 : numgens I

o8 = 1

i9 : 
