-- -*- M2-comint -*- hash: 1448526356058653839

i1 : R = QQ[x,y]

o1 = R

o1 : PolynomialRing

i2 : A = koszulComplexDGA R

o2 = {Ring => R                          }
      Underlying algebra => R[T   ..T   ]
                               1,1   1,2
      Differential => {x, y}

o2 : DGAlgebra

i3 : C = A ** A

o3 = {Ring => R                          }
      Underlying algebra => R[T   ..T   ]
                               1,1   1,4
      Differential => {x, y, x, y}

o3 : DGAlgebra

i4 : numgens C.natural

o4 = 4

i5 : (iotaA, iotaB) = tensorInclusions C

o5 = (map (R[T   ..T   ], R[T   ..T   ], {T   , T   , x, y}), map
              1,1   1,4      1,1   1,2     1,1   1,2             
     ------------------------------------------------------------------------
     (R[T   ..T   ], R[T   ..T   ], {T   , T   , x, y}))
         1,1   1,4      1,1   1,2     1,3   1,4

o5 : Sequence

i6 : 
