-- -*- M2-comint -*- hash: 1287418418462443382

i1 : R = ZZ/101[x,y]

o1 = R

o1 : PolynomialRing

i2 : A = koszulComplexDGA R

o2 = {Ring => R                          }
      Underlying algebra => R[T   ..T   ]
                               1,1   1,2
      Differential => {x, y}

o2 : DGAlgebra

i3 : M = freeDGModule(A, {0})

o3 = {Base ring => R                    }
      DG algebra => R[T   ..T   ]
                       1,1   1,2
                                       1
      Natural module => (R[T   ..T   ])
                            1,1   1,2
      Generator degrees => {{0, 0}}
      Differentials on gens => {0}

o3 : DGModule

i4 : idM = identityDGModuleMap M

                               1
o4 = {Source => (R[T   ..T   ]) }
                    1,1   1,2
                               1
      Target => (R[T   ..T   ])
                    1,1   1,2
      Natural => | 1 |

o4 : DGModuleMap

i5 : QR = R / ideal(x^2)

o5 = QR

o5 : QuotientRing

i6 : idMQ = idM ** QR

                                1
o6 = {Source => (QR[T   ..T   ]) }
                     1,1   1,2
                                1
      Target => (QR[T   ..T   ])
                     1,1   1,2
      Natural => | 1 |

o6 : DGModuleMap

i7 : isWellDefined idMQ

o7 = true

i8 : (idMQ.source) === (M ** QR)

o8 = true

i9 : (idMQ.target) === (M ** QR)

o9 = true

i10 : MQ = M ** QR

o10 = {Base ring => QR                    }
       DG algebra => QR[T   ..T   ]
                         1,1   1,2
                                         1
       Natural module => (QR[T   ..T   ])
                              1,1   1,2
       Generator degrees => {{0, 0}}
       Differentials on gens => {0}

o10 : DGModule

i11 : idMQ.natural == id_(MQ.natural)

o11 = true

i12 : 
