-- -*- M2-comint -*- hash: 8295479658723924547

i1 : R = ZZ/101[x]

o1 = R

o1 : PolynomialRing

i2 : A = koszulComplexDGA R

o2 = {Ring => R                    }
      Underlying algebra => R[T   ]
                               1,1
      Differential => {x}

o2 : DGAlgebra

i3 : Anat = A.natural

o3 = Anat

o3 : PolynomialRing, 1 skew commutative variable(s)

i4 : T = Anat_0

o4 = T
      1,1

o4 : Anat

i5 : I = dgIdeal(A, {T})

o5 = DGIdeal of Anat
     generators => | x T_(1,1) |

o5 : DGIdeal

i6 : B = A / I

o6 = {Ring => R                      }
                               Anat
      Underlying algebra => ---------
                            (x, T   )
                                 1,1
      Differential => {0}

o6 : DGAlgebra

i7 : isWellDefined B

o7 = true

i8 : B.natural

        Anat
o8 = ---------
     (x, T   )
          1,1

o8 : QuotientRing

i9 : 
