-- -*- M2-comint -*- hash: 10482265021457717199

i1 : R = ZZ/101[a,b,c] / ideal(a^3, b^3, c^3, a^2*b^2*c^2)

o1 = R

o1 : QuotientRing

i2 : A = koszulComplexDGA R

o2 = {Ring => R                          }
      Underlying algebra => R[T   ..T   ]
                               1,1   1,3
      Differential => {a, b, c}

o2 : DGAlgebra

i3 : HA = HH A
Finding easy relations           :  -- used 0.0432544s (cpu); 0.041081s (thread); 0s (gc)

o3 = HA

o3 : QuotientRing

i4 : numgens HA

o4 = 10

i5 : apply(maxDegree A + 1, i -> numgens prune homology(i, A))

o5 = {1, 4, 6, 3}

o5 : List

i6 : 
