-- -*- M2-comint -*- hash: 14166782457953671529

i1 : R = QQ[x, y]/ideal(x^2, y^2)

o1 = R

o1 : QuotientRing

i2 : A = koszulComplexDGA R

o2 = {Ring => R                          }
      Underlying algebra => R[T   ..T   ]
                               1,1   1,2
      Differential => {x, y}

o2 : DGAlgebra

i3 : k = R^1 / ideal(x, y)

o3 = cokernel | x y |

                            1
o3 : R-module, quotient of R

i4 : M = minimalSemifreeResolution(A, k, EndDegree => 2)

o4 = {Base ring => R                                          }
      DG algebra => R[T   ..T   ]
                       1,1   1,2
                                       3
      Natural module => (R[T   ..T   ])
                            1,1   1,2
      Generator degrees => {{0, 0}, {2, 2}, {2, 2}}
      Differentials on gens => {0, | xT_(1,1) |, | yT_(1,2) |}
                                   |     0    |  |     0    |
                                   |     0    |  |     0    |

o4 : DGModule

i5 : H0 = prune homology(0, M)

o5 = cokernel | y x |

                            1
o5 : R-module, quotient of R

i6 : numgens H0 == 1

o6 = true

i7 : idM = identityDGModuleMap M

                               3
o7 = {Source => (R[T   ..T   ])  }
                    1,1   1,2
                               3
      Target => (R[T   ..T   ])
                    1,1   1,2
      Natural => {0, 0} | 1 0 0 |
                 {2, 2} | 0 1 0 |
                 {2, 2} | 0 0 1 |

o7 : DGModuleMap

i8 : h0 = homology(idM, 0)

o8 = | 1 |

o8 : Matrix k <-- k

i9 : h0 == id_(source h0)

o9 = true

i10 : 
