-- -*- M2-comint -*- hash: 17808119085331414138

i1 : R = QQ[x, y]/ideal(x^2, y^2)

o1 = R

o1 : QuotientRing

i2 : A = koszulComplexDGA R

o2 = {Ring => R                          }
      Underlying algebra => R[T   ..T   ]
                               1,1   1,2
      Differential => {x, y}

o2 : DGAlgebra

i3 : k = R^1 / ideal(x, y)

o3 = cokernel | x y |

                            1
o3 : R-module, quotient of R

i4 : M = minimalSemifreeResolution(A, k, EndDegree => 2)

o4 = {Base ring => R                                          }
      DG algebra => R[T   ..T   ]
                       1,1   1,2
                                       3
      Natural module => (R[T   ..T   ])
                            1,1   1,2
      Generator degrees => {{0, 0}, {2, 2}, {2, 2}}
      Differentials on gens => {0, | xT_(1,1) |, | yT_(1,2) |}
                                   |     0    |  |     0    |
                                   |     0    |  |     0    |

o4 : DGModule

i5 : HM = homology M
Finding easy relations           :  -- used 0.110584s (cpu); 0.0465422s (thread); 0s (gc)

o5 = cokernel {0, 0} | X_2 X_1 0   0   0   0   |
              {3, 4} | 0   0   X_1 X_2 0   0   |
              {3, 4} | 0   0   0   X_1 0   X_2 |
              {3, 4} | 0   0   0   0   X_2 X_1 |

                                                4
o5 : QQ[X ..X ]-module, quotient of (QQ[X ..X ])
         1   2                           1   2

i6 : ring HM === HH A

o6 = true

i7 : HM' = homologyModule M

o7 = cokernel {0, 0} | X_2 X_1 0   0   0   0   |
              {3, 4} | 0   0   X_1 X_2 0   0   |
              {3, 4} | 0   0   0   X_1 0   X_2 |
              {3, 4} | 0   0   0   0   X_2 X_1 |

                                                4
o7 : QQ[X ..X ]-module, quotient of (QQ[X ..X ])
         1   2                           1   2

i8 : HM == HM'

o8 = true

i9 : 
