-- -*- M2-comint -*- hash: 5225011745687608082

i1 : R = ZZ/101[x, y] / ideal(x^2, y^2)

o1 = R

o1 : QuotientRing

i2 : A = koszulComplexDGA R

o2 = {Ring => R                          }
      Underlying algebra => R[T   ..T   ]
                               1,1   1,2
      Differential => {x, y}

o2 : DGAlgebra

i3 : KM = koszulComplexDGM R^1

o3 = {Base ring => R                    }
      DG algebra => R[T   ..T   ]
                       1,1   1,2
                                       1
      Natural module => (R[T   ..T   ])
                            1,1   1,2
      Generator degrees => {{0, 0}}
      Differentials on gens => {0}

o3 : DGModule

i4 : mx = dgModuleMap(KM, KM, x * id_(KM.natural))

                               1
o4 = {Source => (R[T   ..T   ]) }
                    1,1   1,2
                               1
      Target => (R[T   ..T   ])
                    1,1   1,2
      Natural => | x |

o4 : DGModuleMap

i5 : isWellDefined mx

o5 = true

i6 : imgMx = image mx;

i7 : kerMx = kernel mx;

i8 : cokMx = cokernel mx;

i9 : all({imgMx, kerMx, cokMx}, isWellDefined)

o9 = true

i10 : numcols (inclusion imgMx).natural

o10 = 1

i11 : numcols (inclusion kerMx).natural

o11 = 1

i12 : isSubset(imgMx, kerMx)

o12 = true

i13 : presentation cokMx.natural

o13 = | x |

                            1                    1
o13 : Matrix (R[T   ..T   ])  <-- (R[T   ..T   ])
                 1,1   1,2            1,1   1,2

i14 : CcokMx = toComplex cokMx

o14 = cokernel | x | <-- cokernel {1} | x 0 | <-- cokernel {2} | x |
                                  {1} | 0 x |      
      0                                           2
                         1

o14 : Complex

i15 : apply(0..(maxDegree cokMx), n -> prune HH_n CcokMx)

o15 = (cokernel | y x |, cokernel | y x 0 0 |, cokernel | y x |)
                                  | 0 0 y x |

o15 : Sequence

i16 : 
