-- -*- M2-comint -*- hash: 14378404774651396749

i1 : R = ZZ/101[x, y]

o1 = R

o1 : PolynomialRing

i2 : A = koszulComplexDGA R

o2 = {Ring => R                          }
      Underlying algebra => R[T   ..T   ]
                               1,1   1,2
      Differential => {x, y}

o2 : DGAlgebra

i3 : M = freeDGModule(A, {0, 1, 2})

o3 = {Base ring => R                               }
      DG algebra => R[T   ..T   ]
                       1,1   1,2
                                       3
      Natural module => (R[T   ..T   ])
                            1,1   1,2
      Generator degrees => {{0, 0}, {1, 0}, {2, 0}}
      Differentials on gens => {0, 0, 0}

o3 : DGModule

i4 : numgens M

o4 = 3

i5 : rank M

o5 = 3

i6 : degrees M

o6 = {{0, 0}, {1, 0}, {2, 0}}

o6 : List

i7 : isHomogeneous M

o7 = true

i8 : isFreeDGModule M

o8 = true

i9 : isZero M

o9 = false

i10 : Anat = A.natural

o10 = Anat

o10 : PolynomialRing, 2 skew commutative variable(s)

i11 : Mone = freeDGModule(A, {0})

o11 = {Base ring => R               }
       DG algebra => Anat
                             1
       Natural module => Anat
       Generator degrees => {{0, 0}}
       Differentials on gens => {0}

o11 : DGModule

i12 : S = dgSubmodule(Mone, matrix {{x_Anat, y_Anat}})

o12 = DGSubmodule of ambient DGModule
      Degrees  => {{0, 1}, {0, 1}}
                      2
      natural  => Anat
      inclusion => | x y |

o12 : DGSubmodule

i13 : Q = Mone / S

o13 = DGQuotientModule Q = M / S
      Q.natural = cokernel | x y |
      Degrees   = {{0, 0}}

o13 : DGQuotientModule

i14 : super Q === Mone

o14 = true

i15 : cover Q === Mone

o15 = true

i16 : relations Q

o16 = | x y |

                 1         2
o16 : Matrix Anat  <-- Anat

i17 : 
