-- -*- M2-comint -*- hash: 8388094523697614605

i1 : R = ZZ/101[x, y]

o1 = R

o1 : PolynomialRing

i2 : A = koszulComplexDGA R

o2 = {Ring => R                          }
      Underlying algebra => R[T   ..T   ]
                               1,1   1,2
      Differential => {x, y}

o2 : DGAlgebra

i3 : Anat = A.natural

o3 = Anat

o3 : PolynomialRing, 2 skew commutative variable(s)

i4 : I = dgIdeal(A, {x_Anat})

o4 = DGIdeal of Anat
     generators => | x |

o4 : DGIdeal

i5 : J = dgIdeal(A, {y_Anat})

o5 = DGIdeal of Anat
     generators => | y |

o5 : DGIdeal

i6 : isWellDefined I

o6 = true

i7 : isDGIdeal(A, I.natural)

o7 = true

i8 : isWellDefined(I + J)

o8 = true

i9 : isWellDefined(I * J)

o9 = true

i10 : isWellDefined(I^3)

o10 = true

i11 : isWellDefined intersect(I, J)

o11 = true

i12 : isWellDefined(I : J)

o12 = true

i13 : isSubset(I, I + J)

o13 = true

i14 : I != I + J

o14 = true

i15 : (x_Anat^2 % I) == 0

o15 = true

i16 : (y_Anat^2 % I) == y_Anat^2

o16 = true

i17 : B = A / I

o17 = {Ring => R                 }
                             Anat
       Underlying algebra => ----
                               x
       Differential => {0, y}

o17 : DGAlgebra

i18 : class B

o18 = DGAlgebra

o18 : Type

i19 : isWellDefined B

o19 = true

i20 : 
