-- -*- M2-comint -*- hash: 6900657101690638402

i1 : R = ZZ/101[x, y]

o1 = R

o1 : PolynomialRing

i2 : A = koszulComplexDGA R

o2 = {Ring => R                          }
      Underlying algebra => R[T   ..T   ]
                               1,1   1,2
      Differential => {x, y}

o2 : DGAlgebra

i3 : Anat = A.natural

o3 = Anat

o3 : PolynomialRing, 2 skew commutative variable(s)

i4 : I = dgIdeal(A, {x_Anat})

o4 = DGIdeal of Anat
     generators => | x |

o4 : DGIdeal

i5 : (x_Anat^2 % I) == 0

o5 = true

i6 : (y_Anat^2 % I) == y_Anat^2

o6 = true

i7 : 
