-- -*- M2-comint -*- hash: 1183028295091155592

i1 : R = QQ[x, y] / ideal(x^2, y^2)

o1 = R

o1 : QuotientRing

i2 : k = R^1 / ideal(x, y)

o2 = cokernel | x y |

                            1
o2 : R-module, quotient of R

i3 : A = koszulComplexDGA R

o3 = {Ring => R                          }
      Underlying algebra => R[T   ..T   ]
                               1,1   1,2
      Differential => {x, y}

o3 : DGAlgebra

i4 : Mdg = minimalSemifreeResolution(A, k, EndDegree => 3)

o4 = {Base ring => R                                                                                    }
      DG algebra => R[T   ..T   ]
                       1,1   1,2
                                       6
      Natural module => (R[T   ..T   ])
                            1,1   1,2
      Generator degrees => {{0, 0}, {2, 2}, {2, 2}, {4, 4}, {4, 4}, {4, 4}}
      Differentials on gens => {0, | xT_(1,1) |, | yT_(1,2) |, |     0    |, |     0    |, |     0    |}
                                   |     0    |  |     0    |  | xT_(1,1) |  | yT_(1,2) |  |     0    |
                                   |     0    |  |     0    |  |     0    |  | xT_(1,1) |  | yT_(1,2) |
                                   |     0    |  |     0    |  |     0    |  |     0    |  |     0    |
                                   |     0    |  |     0    |  |     0    |  |     0    |  |     0    |
                                   |     0    |  |     0    |  |     0    |  |     0    |  |     0    |

o4 : DGModule

i5 : isMinimalSemifreeResolution Mdg

o5 = true

i6 : apply(0..3, n -> prune homology(n, Mdg))

o6 = (cokernel | y x |, 0, 0, 0)

o6 : Sequence

i7 : 
