-- -*- M2-comint -*- hash: 5195522714924521072

i1 : R = QQ[x, y, z]

o1 = R

o1 : PolynomialRing

i2 : A = koszulComplexDGA R

o2 = {Ring => R                          }
      Underlying algebra => R[T   ..T   ]
                               1,1   1,3
      Differential => {x, y, z}

o2 : DGAlgebra

i3 : isWellDefined A

o3 = true

i4 : isAcyclic A

o4 = true

i5 : Anat = A.natural

o5 = Anat

o5 : PolynomialRing, 3 skew commutative variable(s)

i6 : M = freeDGModule(A, {0})

o6 = {Base ring => R               }
      DG algebra => Anat
                            1
      Natural module => Anat
      Generator degrees => {{0, 0}}
      Differentials on gens => {0}

o6 : DGModule

i7 : S = dgSubmodule(M, matrix {{1_Anat}})

o7 = DGSubmodule of ambient DGModule
     Degrees  => {{0, 0}}
                     1
     natural  => Anat
     inclusion => | 1 |

o7 : DGSubmodule

i8 : Q = M / S

o8 = DGQuotientModule Q = M / S
     Q.natural = cokernel | 1 |
     Degrees   = {{0, 0}}

o8 : DGQuotientModule

i9 : isWellDefined S

o9 = true

i10 : isWellDefined Q

o10 = true

i11 : phi = identityDGAlgebraMap A

o11 = map (Anat, Anat, {T   , T   , T   , x, y, z})
                         1,1   1,2   1,3

o11 : DGAlgebraMap

i12 : isWellDefined phi

o12 = true

i13 : isQuasiIsomorphism phi

o13 = true

i14 : 
