-- -*- M2-comint -*- hash: 6628215655792523688

i1 : R = ZZ/101[a, b, c, d] / ideal(a^3, b^3, c^4 - d^3)

o1 = R

o1 : QuotientRing

i2 : A = acyclicClosure(R, EndDegree => 3)

o2 = {Ring => R                                                    }
      Underlying algebra => R[T   ..T   , T   ..T   ]
                               1,1   1,4   2,1   2,3
                                    2       2       3        2
      Differential => {a, b, c, d, a T   , b T   , c T    - d T   }
                                      1,1     1,2     1,3      1,4

o2 : DGAlgebra

i3 : tally apply(A.Degrees, d -> first d)

o3 = Tally{1 => 4}
           2 => 3

o3 : Tally

i4 : take(flatten entries matrix A.diff, numgens A.natural)

                   2       2       3        2
o4 = {a, b, c, d, a T   , b T   , c T    - d T   }
                     1,1     1,2     1,3      1,4

o4 : List

i5 : S = QQ[x, y, z] / ideal(x^2, y^2, z^2)

o5 = S

o5 : QuotientRing

i6 : C = acyclicClosure(S, EndDegree => 4)

o6 = {Ring => S                                        }
      Underlying algebra => S[T   ..T   ]
                               1,1   2,3
      Differential => {x, y, z, x*T   , y*T   , z*T   }
                                   1,1     1,2     1,3

o6 : DGAlgebra

i7 : tally apply(C.Degrees, d -> first d)

o7 = Tally{1 => 3}
           2 => 3

o7 : Tally

i8 : T = QQ[x, y] / ideal(x^2, x*y, y^2)

o8 = T

o8 : QuotientRing

i9 : D = acyclicClosure(T, EndDegree => 3)
warning: clearing value of symbol T to allow access to subscripted variables based on it
       : debug with expression   debug 6944   or with command line option   --debug 6944

o9 = {Ring => T                                                                                                      }
      Underlying algebra => T[T   ..T   , T   ..T   , T   ..T   , T   ..T   ]
                               1,1   1,2   2,1   2,3   3,1   3,2   4,1   4,3
      Differential => {x, y, x*T   , y*T   , y*T   , -x*T   T   , -y*T   T   , -y*T   T   , -y*T   T   , -y*T   T   }
                                1,1     1,2     1,1      1,1 1,2      1,1 1,2      1,2 2,1      1,1 2,1      1,1 2,2

o9 : DGAlgebra

i10 : tally apply(D.Degrees, d -> first d)

o10 = Tally{1 => 2}
            2 => 3
            3 => 2
            4 => 3

o10 : Tally

i11 : 
