-- -*- M2-comint -*- hash: 17317183947564163443

i1 : R = ZZ/101[a, b, c] / ideal(a^3, b^3, c^3)

o1 = R

o1 : QuotientRing

i2 : A = koszulComplexDGA R

o2 = {Ring => R                          }
      Underlying algebra => R[T   ..T   ]
                               1,1   1,3
      Differential => {a, b, c}

o2 : DGAlgebra

i3 : gens A.natural

o3 = {T   , T   , T   }
       1,1   1,2   1,3

o3 : List

i4 : B = acyclicClosure(A, EndDegree => 2)

o4 = {Ring => R                                        }
      Underlying algebra => R[T   ..T   ]
                               1,1   2,3
                                 2       2       2
      Differential => {a, b, c, a T   , b T   , c T   }
                                   1,1     1,2     1,3

o4 : DGAlgebra

i5 : gens B.natural

o5 = {T   , T   , T   , T   , T   , T   }
       1,1   1,2   1,3   2,1   2,2   2,3

o5 : List

i6 : take(flatten entries matrix B.diff, 6)

                2       2       2
o6 = {a, b, c, a T   , b T   , c T   }
                  1,1     1,2     1,3

o6 : List

i7 : B2 = acyclicClosure(A, EndDegree => 4)

o7 = {Ring => R                                        }
      Underlying algebra => R[T   ..T   ]
                               1,1   2,3
                                 2       2       2
      Differential => {a, b, c, a T   , b T   , c T   }
                                   1,1     1,2     1,3

o7 : DGAlgebra

i8 : numgens B2.natural == numgens B.natural

o8 = true

i9 : S = QQ[x, y] / ideal(x^2, x*y, y^2)

o9 = S

o9 : QuotientRing

i10 : C = acyclicClosure(koszulComplexDGA S, EndDegree => 3)

o10 = {Ring => S                                                                                                      }
       Underlying algebra => S[T   ..T   , T   ..T   , T   ..T   , T   ..T   ]
                                1,1   1,2   2,1   2,3   3,1   3,2   4,1   4,3
       Differential => {x, y, x*T   , y*T   , y*T   , -x*T   T   , -y*T   T   , -y*T   T   , -y*T   T   , -y*T   T   }
                                 1,1     1,2     1,1      1,1 1,2      1,1 1,2      1,2 2,1      1,1 2,1      1,1 2,2

o10 : DGAlgebra

i11 : tally apply(C.Degrees, d -> first d)

o11 = Tally{1 => 2}
            2 => 3
            3 => 2
            4 => 3

o11 : Tally

i12 : D = acyclicClosure(A, EndDegree => 2, Variable => "U")

o12 = {Ring => R                                        }
       Underlying algebra => R[T   ..T   , U   ..U   ]
                                1,1   1,3   2,1   2,3
                                  2       2       2
       Differential => {a, b, c, a T   , b T   , c T   }
                                    1,1     1,2     1,3

o12 : DGAlgebra

i13 : gens D.natural

o13 = {T   , T   , T   , U   , U   , U   }
        1,1   1,2   1,3   2,1   2,2   2,3

o13 : List

i14 : 
