-- -*- M2-comint -*- hash: 2827597929972928566

i1 : R = ZZ/101[x,y,z,w]/(ideal"x3,y3,z3,x2yz")

o1 = R

o1 : QuotientRing

i2 : acyclicClosure R

o2 = {Ring => R                                                                                                                                                                 }
      Underlying algebra => R[T   ..T   , T   ..T   , T   ..T   ]
                               1,1   2,4   3,1   3,3   4,1   4,6
                                    2       2       2                             2       2       2       2        2                                             2        2
      Differential => {x, y, z, w, x T   , y T   , z T   , x*y*z*T   , y*z*T   , z T   , y T   , z T   , y T   , -x T   T   , -x*y*z*T   T   , -x*y*z*T   T   , y T    - z T   }
                                      1,1     1,2     1,3         1,1       2,1     2,4     2,4     3,1     3,1      1,1 2,4          1,1 2,3          1,1 2,2     3,2      3,3

o2 : DGAlgebra

i3 : acyclicClosure(R,EndDegree => 3)

o3 = {Ring => R                                                                                                                                                                 }
      Underlying algebra => R[T   ..T   , T   ..T   , T   ..T   ]
                               1,1   2,4   3,1   3,3   4,1   4,6
                                    2       2       2                             2       2       2       2        2                                             2        2
      Differential => {x, y, z, w, x T   , y T   , z T   , x*y*z*T   , y*z*T   , z T   , y T   , z T   , y T   , -x T   T   , -x*y*z*T   T   , -x*y*z*T   T   , y T    - z T   }
                                      1,1     1,2     1,3         1,1       2,1     2,4     2,4     3,1     3,1      1,1 2,4          1,1 2,3          1,1 2,2     3,2      3,3

o3 : DGAlgebra

i4 : 
