-- -*- M2-comint -*- hash: 11100792363209310154

i1 : R = QQ[x]

o1 = R

o1 : PolynomialRing

i2 : A = koszulComplexDGA R

o2 = {Ring => R                    }
      Underlying algebra => R[T   ]
                               1,1
      Differential => {x}

o2 : DGAlgebra

i3 : M = freeDGModule(A, {0})

o3 = {Base ring => R               }
      DG algebra => R[T   ]
                       1,1
                                 1
      Natural module => (R[T   ])
                            1,1
      Generator degrees => {{0, 0}}
      Differentials on gens => {0}

o3 : DGModule

i4 : natGens = apply(rank M.natural, i -> (M.natural)_i)

o4 = {| 1 |}

o4 : List

i5 : Mnew = adjoinGenerators(M, {x * natGens#0})

o5 = {Base ring => R                       }
      DG algebra => R[T   ]
                       1,1
                                 2
      Natural module => (R[T   ])
                            1,1
      Generator degrees => {{0, 0}, {1, 1}}
      Differentials on gens => {0, | x |}
                                   | 0 |

o5 : DGModule

i6 : #Mnew.Degrees

o6 = 2

i7 : first Mnew.Degrees#1

o7 = 1

i8 : 
