-- -*- M2-comint -*- hash: 13043411123133839826

i1 : R = ZZ/101[a, b, c] / ideal(a^3, b^3, c^3)

o1 = R

o1 : QuotientRing

i2 : A = koszulComplexDGA R

o2 = {Ring => R                          }
      Underlying algebra => R[T   ..T   ]
                               1,1   1,3
      Differential => {a, b, c}

o2 : DGAlgebra

i3 : z = a^2 * (gens A.natural)_0

      2
o3 = a T
        1,1

o3 : R[T   ..T   ]
        1,1   1,3

i4 : polyDifferential(A, z) == 0

o4 = true

i5 : B = adjoinVariables(A, {z})

o5 = {Ring => R                                }
      Underlying algebra => R[T   ..T   , T   ]
                               1,1   1,3   2,1
                                 2
      Differential => {a, b, c, a T   }
                                   1,1

o5 : DGAlgebra

i6 : gens B.natural

o6 = {T   , T   , T   , T   }
       1,1   1,2   1,3   2,1

o6 : List

i7 : B' = adjoinVariables(A, {z}, Variable => "U")

o7 = {Ring => R                                }
      Underlying algebra => R[T   ..T   , U   ]
                               1,1   1,3   2,1
                                 2
      Differential => {a, b, c, a T   }
                                   1,1

o7 : DGAlgebra

i8 : gens B'.natural

o8 = {T   , T   , T   , U   }
       1,1   1,2   1,3   2,1

o8 : List

i9 : apply(3, i -> numgens prune homology(i, A))

o9 = {1, 3, 3}

o9 : List

i10 : apply(3, i -> numgens prune homology(i, B))

o10 = {1, 2, 1}

o10 : List

i11 : S = ZZ/101[a, b, c, d] / ideal(a^3, b^3, c^3 - d^4)

o11 = S

o11 : QuotientRing

i12 : AS = koszulComplexDGA S

o12 = {Ring => S                          }
       Underlying algebra => S[T   ..T   ]
                                1,1   1,4
       Differential => {a, b, c, d}

o12 : DGAlgebra

i13 : prune homology(1, AS)

o13 = cokernel | d c b a 0 0 0 0 0 0 0 0 |
               | 0 0 0 0 d c b a 0 0 0 0 |
               | 0 0 0 0 0 0 0 0 d c b a |

                             3
o13 : S-module, quotient of S

i14 : BS = adjoinVariables(AS, {a^2 * (gens AS.natural)_0})

o14 = {Ring => S                                }
       Underlying algebra => S[T   ..T   , T   ]
                                1,1   1,4   2,1
                                     2
       Differential => {a, b, c, d, a T   }
                                       1,1

o14 : DGAlgebra

i15 : prune homology(1, BS)

o15 = cokernel | d c b a 0 0 0 0 |
               | 0 0 0 0 d c b a |

                             2
o15 : S-module, quotient of S

i16 : 
