-- -*- M2-comint -*- hash: 1466087922534997736

i1 : R = ZZ/101[x, y]

o1 = R

o1 : PolynomialRing

i2 : A = koszulComplexDGA R

o2 = {Ring => R                          }
      Underlying algebra => R[T   ..T   ]
                               1,1   1,2
      Differential => {x, y}

o2 : DGAlgebra

i3 : Anat = A.natural

o3 = Anat

o3 : PolynomialRing, 2 skew commutative variable(s)

i4 : M = freeDGModule(A, {0})

o4 = {Base ring => R               }
      DG algebra => Anat
                            1
      Natural module => Anat
      Generator degrees => {{0, 0}}
      Differentials on gens => {0}

o4 : DGModule

i5 : S = dgSubmodule(M, matrix {{x_Anat}})

o5 = DGSubmodule of ambient DGModule
     Degrees  => {{0, 1}}
                     1
     natural  => Anat
     inclusion => | x |

o5 : DGSubmodule

i6 : Q = M / S

o6 = DGQuotientModule Q = M / S
     Q.natural = cokernel | x |
     Degrees   = {{0, 0}}

o6 : DGQuotientModule

i7 : I = annihilator Q

o7 = DGIdeal of Anat
     generators => | x |

o7 : DGIdeal

i8 : isWellDefined I

o8 = true

i9 : isSubset(dgIdeal(A, {x_Anat}), I)

o9 = true

i10 : 
