-- -*- M2-comint -*- hash: 13844820261734581485

i1 : R = ZZ/101[x, y]

o1 = R

o1 : PolynomialRing

i2 : A = koszulComplexDGA R

o2 = {Ring => R                          }
      Underlying algebra => R[T   ..T   ]
                               1,1   1,2
      Differential => {x, y}

o2 : DGAlgebra

i3 : Anat = A.natural

o3 = Anat

o3 : PolynomialRing, 2 skew commutative variable(s)

i4 : M = freeDGModule(A, {0})

o4 = {Base ring => R               }
      DG algebra => Anat
                            1
      Natural module => Anat
      Generator degrees => {{0, 0}}
      Differentials on gens => {0}

o4 : DGModule

i5 : S = dgSubmodule(M, matrix {{x_Anat}})

o5 = DGSubmodule of ambient DGModule
     Degrees  => {{0, 1}}
                     1
     natural  => Anat
     inclusion => | x |

o5 : DGSubmodule

i6 : I = annihilator S

o6 = DGIdeal of Anat
     generators => 0

o6 : DGIdeal

i7 : isWellDefined I

o7 = true

i8 : S0 = dgSubmodule(M, map(M.natural, (Anat)^0, 0))

o8 = DGSubmodule of ambient DGModule
     Degrees  => {}
     natural  => 0
     inclusion => 0

o8 : DGSubmodule

i9 : annihilator S0 == dgIdeal(A, {1_Anat})

o9 = true

i10 : 
