-- -*- M2-comint -*- hash: 12428849530640891608

i1 : R = QQ[x, y]

o1 = R

o1 : PolynomialRing

i2 : A = koszulComplexDGA R

o2 = {Ring => R                          }
      Underlying algebra => R[T   ..T   ]
                               1,1   1,2
      Differential => {x, y}

o2 : DGAlgebra

i3 : S = R / ideal(x^2, y^2)

o3 = S

o3 : QuotientRing

i4 : B = baseChange(A, S)

o4 = {Ring => S                          }
      Underlying algebra => S[T   ..T   ]
                               1,1   1,2
      Differential => {x, y}

o4 : DGAlgebra

i5 : underlyingRing B === S

o5 = true

i6 : isWellDefinedDifferential B

o6 = true

i7 : R = QQ[x, y]

o7 = R

o7 : PolynomialRing

i8 : A = koszulComplexDGA R

o8 = {Ring => R                          }
      Underlying algebra => R[T   ..T   ]
                               1,1   1,2
      Differential => {x, y}

o8 : DGAlgebra

i9 : phi = map(R, R, {x, 0})

o9 = map (R, R, {x, 0})

o9 : RingMap R <-- R

i10 : Bphi = baseChange(A, phi)

o10 = {Ring => R                          }
       Underlying algebra => R[T   ..T   ]
                                1,1   1,2
       Differential => {x, 0}

o10 : DGAlgebra

i11 : underlyingRing Bphi === R

o11 = true

i12 : 
