-- -*- M2-comint -*- hash: 314250304163694015

i1 : R = ZZ/101[x, y] / ideal(x^2, y^2)

o1 = R

o1 : QuotientRing

i2 : A = koszulComplexDGA R

o2 = {Ring => R                          }
      Underlying algebra => R[T   ..T   ]
                               1,1   1,2
      Differential => {x, y}

o2 : DGAlgebra

i3 : KM = koszulComplexDGM R^1

o3 = {Base ring => R                    }
      DG algebra => R[T   ..T   ]
                       1,1   1,2
                                       1
      Natural module => (R[T   ..T   ])
                            1,1   1,2
      Generator degrees => {{0, 0}}
      Differentials on gens => {0}

o3 : DGModule

i4 : mx = dgModuleMap(KM, KM, x * id_(KM.natural))

                               1
o4 = {Source => (R[T   ..T   ]) }
                    1,1   1,2
                               1
      Target => (R[T   ..T   ])
                    1,1   1,2
      Natural => | x |

o4 : DGModuleMap

i5 : Q = cokernel mx

o5 = DGQuotientModule Q = M / S
     Q.natural = cokernel | x |
     Degrees   = {{0, 0}}

o5 : DGQuotientModule

i6 : isWellDefined Q

o6 = true

i7 : ambient Q === KM

o7 = true

i8 : presentation Q.natural

o8 = | x |

                           1                    1
o8 : Matrix (R[T   ..T   ])  <-- (R[T   ..T   ])
                1,1   1,2            1,1   1,2

i9 : C = toComplex Q

o9 = cokernel | x | <-- cokernel {1} | x 0 | <-- cokernel {2} | x |
                                 {1} | 0 x |      
     0                                           2
                        1

o9 : Complex

i10 : apply(0..(maxDegree Q), n -> prune HH_n C)

o10 = (cokernel | y x |, cokernel | y x 0 0 |, cokernel | y x |)
                                  | 0 0 y x |

o10 : Sequence

i11 : Sfull = dgSubmodule(KM, id_(KM.natural));

i12 : isZero cokernel (inclusion Sfull)

o12 = true

i13 : 
