-- -*- M2-comint -*- hash: 18414382607886577979

i1 : R = ZZ/101[x, y]

o1 = R

o1 : PolynomialRing

i2 : A = koszulComplexDGA R

o2 = {Ring => R                          }
      Underlying algebra => R[T   ..T   ]
                               1,1   1,2
      Differential => {x, y}

o2 : DGAlgebra

i3 : M = freeDGModule(A, {0, 1, 2})

o3 = {Base ring => R                               }
      DG algebra => R[T   ..T   ]
                       1,1   1,2
                                       3
      Natural module => (R[T   ..T   ])
                            1,1   1,2
      Generator degrees => {{0, 0}, {1, 0}, {2, 0}}
      Differentials on gens => {0, 0, 0}

o3 : DGModule

i4 : degrees M == {{0,0},{1,0},{2,0}}

o4 = true

i5 : Rg = ZZ/101[x, y, Degrees => {{1,0}, {0,1}}]

o5 = Rg

o5 : PolynomialRing

i6 : Ag = koszulComplexDGA Rg

o6 = {Ring => Rg                          }
      Underlying algebra => Rg[T   ..T   ]
                                1,1   1,2
      Differential => {x, y}

o6 : DGAlgebra

i7 : Mg = freeDGModule(Ag, {{0,0,0}, {1,0,0}})

o7 = {Base ring => Rg                            }
      DG algebra => Rg[T   ..T   ]
                        1,1   1,2
                                        2
      Natural module => (Rg[T   ..T   ])
                             1,1   1,2
      Generator degrees => {{0, 0, 0}, {1, 0, 0}}
      Differentials on gens => {0, 0}

o7 : DGModule

i8 : degrees Mg

o8 = {{0, 0, 0}, {1, 0, 0}}

o8 : List

i9 : 
