-- -*- M2-comint -*- hash: 15536749780085224930

i1 : R = ZZ/101[x]

o1 = R

o1 : PolynomialRing

i2 : A = koszulComplexDGA R

o2 = {Ring => R                    }
      Underlying algebra => R[T   ]
                               1,1
      Differential => {x}

o2 : DGAlgebra

i3 : M = freeDGModule(A, {0})

o3 = {Base ring => R               }
      DG algebra => R[T   ]
                       1,1
                                 1
      Natural module => (R[T   ])
                            1,1
      Generator degrees => {{0, 0}}
      Differentials on gens => {0}

o3 : DGModule

i4 : Z = dgSubmodule(M, {})

o4 = DGSubmodule of ambient DGModule
     Degrees  => {}
     natural  => 0
     inclusion => 0

o4 : DGSubmodule

i5 : Q = dgQuotientModule(M, Z)

o5 = DGQuotientModule Q = M / S
                          1
     Q.natural = (R[T   ])
                     1,1
     Degrees   = {{0, 0}}

o5 : DGQuotientModule

i6 : instance(Q, DGQuotientModule)

o6 = true

i7 : ambient Q === M

o7 = true

i8 : subDGModule Q === Z

o8 = true

i9 : Sfull = dgSubmodule(M, id_(M.natural))

o9 = DGSubmodule of ambient DGModule
     Degrees  => {{0, 0}}
                          1
     natural  => (R[T   ])
                     1,1
     inclusion => | 1 |

o9 : DGSubmodule

i10 : Qzero = M / Sfull

o10 = DGQuotientModule Q = M / S
      Q.natural = cokernel | 1 |
      Degrees   = {{0, 0}}

o10 : DGQuotientModule

i11 : isZero Qzero

o11 = true

i12 : 
