-- -*- M2-comint -*- hash: 4327735716865920120

i1 : R = QQ[x,y,z]/ideal{x^3,y^3,z^3}

o1 = R

o1 : QuotientRing

i2 : KR = koszulComplexDGA R

o2 = {Ring => R                          }
      Underlying algebra => R[T   ..T   ]
                               1,1   1,3
      Differential => {x, y, z}

o2 : DGAlgebra

i3 : z1 = x^2*T_(1,1)

      2
o3 = x T
        1,1

o3 : R[T   ..T   ]
        1,1   1,3

i4 : phi = dgAlgebraMultMap(KR,z1)

          3                  1
o4 = 1 : R  <-------------- R  : 0
               {1} | x2 |
               {1} | 0  |
               {1} | 0  |

          3                       3
     2 : R  <------------------- R  : 1
               {2} | 0 x2 0  |
               {2} | 0 0  x2 |
               {2} | 0 0  0  |

          1                      3
     3 : R  <------------------ R  : 2
               {3} | 0 0 x2 |

o4 : ComplexMap

i5 : degree phi == first degree z

o5 = true

i6 : isHomogeneous phi

o6 = true

i7 : Hphi = prune HH(phi); (Hphi_0,Hphi_1,Hphi_2)

o8 = (0, {6} | 0 1 0 |, {9} | 0 0 1 |)
         {6} | 0 0 1 |
         {6} | 0 0 0 |

o8 : Sequence

i9 : 
