-- -*- M2-comint -*- hash: 11923708132052453503

i1 : R = QQ[x, y] / ideal(x^2, y^2)

o1 = R

o1 : QuotientRing

i2 : A = koszulComplexDGA R

o2 = {Ring => R                          }
      Underlying algebra => R[T   ..T   ]
                               1,1   1,2
      Differential => {x, y}

o2 : DGAlgebra

i3 : differential A

o3 = map (R[T   ..T   ], R[T   ..T   ], {x, y, x, y})
             1,1   1,2      1,1   1,2

o3 : RingMap R[T   ..T   ] <-- R[T   ..T   ]
                1,1   1,2         1,1   1,2

i4 : assert(differential A === A.diff)

i5 : M = koszulComplexDGM R^1

o5 = {Base ring => R                    }
      DG algebra => R[T   ..T   ]
                       1,1   1,2
                                       1
      Natural module => (R[T   ..T   ])
                            1,1   1,2
      Generator degrees => {{0, 0}}
      Differentials on gens => {0}

o5 : DGModule

i6 : differential M

o6 = {0}

o6 : List

i7 : 
