-- -*- M2-comint -*- hash: 1931262813287105311

i1 : R = QQ[x]

o1 = R

o1 : PolynomialRing

i2 : A = koszulComplexDGA R

o2 = {Ring => R                    }
      Underlying algebra => R[T   ]
                               1,1
      Differential => {x}

o2 : DGAlgebra

i3 : M = freeDGModule(A, {0, 1})

o3 = {Base ring => R                       }
      DG algebra => R[T   ]
                       1,1
                                 2
      Natural module => (R[T   ])
                            1,1
      Generator degrees => {{0, 0}, {1, 0}}
      Differentials on gens => {0, 0}

o3 : DGModule

i4 : natGens = apply(rank M.natural, i -> (M.natural)_i)

o4 = {| 1 |, | 0 |}
      | 0 |  | 1 |

o4 : List

i5 : setDiff(M, {0, x * natGens#0})

o5 = {Base ring => R                       }
      DG algebra => R[T   ]
                       1,1
                                 2
      Natural module => (R[T   ])
                            1,1
      Generator degrees => {{0, 0}, {1, 0}}
      Differentials on gens => {0, | x |}
                                   | 0 |

o5 : DGModule

i6 : diff(M, natGens#1)

o6 = | x |
     | 0 |

              2
o6 : (R[T   ])
         1,1

i7 : diff(M, natGens#0)

o7 = 0

              2
o7 : (R[T   ])
         1,1

i8 : 
