-- -*- M2-comint -*- hash: 3679146319126260373

i1 : R = ZZ/101[x,y,z]

o1 = R

o1 : PolynomialRing

i2 : A = koszulComplexDGA R

o2 = {Ring => R                          }
      Underlying algebra => R[T   ..T   ]
                               1,1   1,3
      Differential => {x, y, z}

o2 : DGAlgebra

i3 : diff(A, T_(1,1) * T_(1,2))

o3 = - y*T    + x*T
          1,1      1,2

o3 : R[T   ..T   ]
        1,1   1,3

i4 : diff(A, diff(A, T_(1,1) * T_(1,2) * T_(1,3)))

o4 = 0

o4 : R[T   ..T   ]
        1,1   1,3

i5 : z = x*T_(1,2) - y*T_(1,1)

o5 = - y*T    + x*T
          1,1      1,2

o5 : R[T   ..T   ]
        1,1   1,3

i6 : diff(A, z)

o6 = 0

o6 : R[T   ..T   ]
        1,1   1,3

i7 : 
