-- -*- M2-comint -*- hash: 17024866290182453105

i1 : R = ZZ/101[x, y, z]

o1 = R

o1 : PolynomialRing

i2 : A = freeDGAlgebra(R, {{1}, {1}, {1}, {3}}, Variable => "U")

o2 = {Ring => R                                }
      Underlying algebra => R[U   ..U   , U   ]
                               1,1   1,3   3,1
      Differential => null

o2 : DGAlgebra

i3 : gens A.natural

o3 = {U   , U   , U   , U   }
       1,1   1,2   1,3   3,1

o3 : List

i4 : B = freeDGAlgebra(R, {{1}, {1}, {1}}, Variable => {getSymbol "P", getSymbol "Q", getSymbol "RR"})

o4 = {Ring => R                        }
      Underlying algebra => R[P..Q, RR]
      Differential => null

o4 : DGAlgebra

i5 : gens B.natural

o5 = {P, Q, RR}

o5 : List

i6 : Bmulti = freeDGAlgebra(R, {{1, 1}, {1, 1}, {1, 1}, {3, 3}})

o6 = {Ring => R                                }
      Underlying algebra => R[T   ..T   , T   ]
                               1,1   1,3   3,1
      Differential => null

o6 : DGAlgebra

i7 : degrees Bmulti.natural

o7 = {{1, 1}, {1, 1}, {1, 1}, {3, 3}}

o7 : List

i8 : setDiff(Bmulti, {x, y, z, x*T_(1,2)*T_(1,3) - y*T_(1,1)*T_(1,3) + z*T_(1,1)*T_(1,2)})

o8 = {Ring => R                                                      }
      Underlying algebra => R[T   ..T   , T   ]
                               1,1   1,3   3,1
      Differential => {x, y, z, z*T   T    - y*T   T    + x*T   T   }
                                   1,1 1,2      1,1 1,3      1,2 1,3

o8 : DGAlgebra

i9 : isHomogeneous Bmulti

o9 = true

i10 : Bhomo = freeDGAlgebra(R, {{1}, {1}, {1}, {3}})

o10 = {Ring => R                                }
       Underlying algebra => R[T   ..T   , T   ]
                                1,1   1,3   3,1
       Differential => null

o10 : DGAlgebra

i11 : setDiff(Bhomo, {x, y, z, x*T_(1,2)*T_(1,3) - y*T_(1,1)*T_(1,3) + z*T_(1,1)*T_(1,2)})

o11 = {Ring => R                                                      }
       Underlying algebra => R[T   ..T   , T   ]
                                1,1   1,3   3,1
       Differential => {x, y, z, z*T   T    - y*T   T    + x*T   T   }
                                    1,1 1,2      1,1 1,3      1,2 1,3

o11 : DGAlgebra

i12 : isHomogeneous Bhomo

o12 = false

i13 : 
