-- -*- M2-comint -*- hash: 1229388224065002105

i1 : R = QQ[x, y] / ideal(x^2, y^2)

o1 = R

o1 : QuotientRing

i2 : A = koszulComplexDGA R

o2 = {Ring => R                          }
      Underlying algebra => R[T   ..T   ]
                               1,1   1,2
      Differential => {x, y}

o2 : DGAlgebra

i3 : generatorDegrees A

o3 = {{1, 1}, {1, 1}}

o3 : List

i4 : M = freeDGModule(A, {0, 1, 3})

o4 = {Base ring => R                               }
      DG algebra => R[T   ..T   ]
                       1,1   1,2
                                       3
      Natural module => (R[T   ..T   ])
                            1,1   1,2
      Generator degrees => {{0, 0}, {1, 0}, {3, 0}}
      Differentials on gens => {0, 0, 0}

o4 : DGModule

i5 : generatorDegrees M

o5 = {{0, 0}, {1, 0}, {3, 0}}

o5 : List

i6 : 
