-- -*- M2-comint -*- hash: 627027769922373798

i1 : R = ZZ/101[a,b,c] / ideal(a^3, b^3, c^3, a^2*b^2*c^2)

o1 = R

o1 : QuotientRing

i2 : A = koszulComplexDGA R

o2 = {Ring => R                          }
      Underlying algebra => R[T   ..T   ]
                               1,1   1,3
      Differential => {a, b, c}

o2 : DGAlgebra

i3 : netList getGenerators A

     +------------------+
     | 2                |
o3 = |a T               |
     |   1,1            |
     +------------------+
     | 2                |
     |b T               |
     |   1,2            |
     +------------------+
     | 2                |
     |c T               |
     |   1,3            |
     +------------------+
     |   2 2            |
     |a*b c T           |
     |       1,1        |
     +------------------+
     |   2 2            |
     |a*b c T   T       |
     |       1,1 1,2    |
     +------------------+
     | 2   2            |
     |a b*c T   T       |
     |       1,1 1,2    |
     +------------------+
     |   2 2            |
     |a*b c T   T       |
     |       1,1 1,3    |
     +------------------+
     |   2 2            |
     |a*b c T   T   T   |
     |       1,1 1,2 1,3|
     +------------------+
     | 2   2            |
     |a b*c T   T   T   |
     |       1,1 1,2 1,3|
     +------------------+
     | 2 2              |
     |a b c*T   T   T   |
     |       1,1 1,2 1,3|
     +------------------+

i4 : apply(maxDegree A + 1, i -> numgens prune homology(i, A))

o4 = {1, 4, 6, 3}

o4 : List

i5 : 
