-- -*- M2-comint -*- hash: 10894288379918450751

i1 : R = QQ[x, y] / ideal(x^2, y^2)

o1 = R

o1 : QuotientRing

i2 : KM = koszulComplexDGM R^1

o2 = {Base ring => R                    }
      DG algebra => R[T   ..T   ]
                       1,1   1,2
                                       1
      Natural module => (R[T   ..T   ])
                            1,1   1,2
      Generator degrees => {{0, 0}}
      Differentials on gens => {0}

o2 : DGModule

i3 : b = getBasis(1, KM)

o3 = | T_(1,1) T_(1,2) |

                           1                    2
o3 : Matrix (R[T   ..T   ])  <-- (R[T   ..T   ])
                1,1   1,2            1,1   1,2

i4 : assert(instance(b, Matrix))

i5 : assert(numcols b == 2)

i6 : 
