-- -*- M2-comint -*- hash: 17016902655411137098

i1 : R = ZZ/101[x, y] / ideal(x^2, y^2)

o1 = R

o1 : QuotientRing

i2 : A = koszulComplexDGA R

o2 = {Ring => R                          }
      Underlying algebra => R[T   ..T   ]
                               1,1   1,2
      Differential => {x, y}

o2 : DGAlgebra

i3 : KM = koszulComplexDGM R^1

o3 = {Base ring => R                    }
      DG algebra => R[T   ..T   ]
                       1,1   1,2
                                       1
      Natural module => (R[T   ..T   ])
                            1,1   1,2
      Generator degrees => {{0, 0}}
      Differentials on gens => {0}

o3 : DGModule

i4 : id_KM == identityDGModuleMap KM

o4 = true

i5 : id_KM == 1

o5 = true

i6 : Mdg = minimalSemifreeResolution(A, R^1 / ideal(x, y), EndDegree => 2)

o6 = {Base ring => R                                          }
      DG algebra => R[T   ..T   ]
                       1,1   1,2
                                       3
      Natural module => (R[T   ..T   ])
                            1,1   1,2
      Generator degrees => {{0, 0}, {2, 2}, {2, 2}}
      Differentials on gens => {0, | xT_(1,1) |, | yT_(1,2) |}
                                   |     0    |  |     0    |
                                   |     0    |  |     0    |

o6 : DGModule

i7 : natGens = apply(rank Mdg.natural, i -> (Mdg.natural)_i)

o7 = {| 1 |, | 0 |, | 0 |}
      | 0 |  | 1 |  | 0 |
      | 0 |  | 0 |  | 1 |

o7 : List

i8 : fy = dgModuleMap(Mdg, Mdg, apply(natGens, v -> y * v))

                               3
o8 = {Source => (R[T   ..T   ])  }
                    1,1   1,2
                               3
      Target => (R[T   ..T   ])
                    1,1   1,2
      Natural => {0, 0} | y 0 0 |
                 {2, 2} | 0 y 0 |
                 {2, 2} | 0 0 y |

o8 : DGModuleMap

i9 : idMdg = identityDGModuleMap Mdg

                               3
o9 = {Source => (R[T   ..T   ])  }
                    1,1   1,2
                               3
      Target => (R[T   ..T   ])
                    1,1   1,2
      Natural => {0, 0} | 1 0 0 |
                 {2, 2} | 0 1 0 |
                 {2, 2} | 0 0 1 |

o9 : DGModuleMap

i10 : idMdg * fy == fy

o10 = true

i11 : fy * idMdg == fy

o11 = true

i12 : idMdg * idMdg == idMdg

o12 = true

i13 : 
