-- -*- M2-comint -*- hash: 14873217199746437684

i1 : R = ZZ/101[x, y] / ideal(x^2, y^2)

o1 = R

o1 : QuotientRing

i2 : A = koszulComplexDGA R

o2 = {Ring => R                          }
      Underlying algebra => R[T   ..T   ]
                               1,1   1,2
      Differential => {x, y}

o2 : DGAlgebra

i3 : KM = koszulComplexDGM R^1

o3 = {Base ring => R                    }
      DG algebra => R[T   ..T   ]
                       1,1   1,2
                                       1
      Natural module => (R[T   ..T   ])
                            1,1   1,2
      Generator degrees => {{0, 0}}
      Differentials on gens => {0}

o3 : DGModule

i4 : mx = dgModuleMap(KM, KM, x * id_(KM.natural))

                               1
o4 = {Source => (R[T   ..T   ]) }
                    1,1   1,2
                               1
      Target => (R[T   ..T   ])
                    1,1   1,2
      Natural => | x |

o4 : DGModuleMap

i5 : imgMx = image mx

o5 = DGSubmodule of ambient DGModule
     Degrees  => {{0, 0}}
                                1
     natural  => (R[T   ..T   ])
                     1,1   1,2
     inclusion => | x |

o5 : DGSubmodule

i6 : isWellDefined imgMx

o6 = true

i7 : numcols (inclusion imgMx).natural

o7 = 1

i8 : isSubset(imgMx, dgSubmodule(KM, id_(KM.natural)))

o8 = true

i9 : Sfull = dgSubmodule(KM, id_(KM.natural));

i10 : (image (inclusion Sfull)) == Sfull

o10 = true

i11 : 
