-- -*- M2-comint -*- hash: 14150909208699312767

i1 : R = QQ[x, y] / ideal(x^2, y^2)

o1 = R

o1 : QuotientRing

i2 : A = koszulComplexDGA R

o2 = {Ring => R                          }
      Underlying algebra => R[T   ..T   ]
                               1,1   1,2
      Differential => {x, y}

o2 : DGAlgebra

i3 : C1 = dgComplex A

      1      2      1
o3 = R  <-- R  <-- R
                    
     0      1      2

o3 : Complex

i4 : invalidateDGAlgebraCache A

o4 = {Ring => R                          }
      Underlying algebra => R[T   ..T   ]
                               1,1   1,2
      Differential => {x, y}

o4 : DGAlgebra

i5 : assert(not A.cache#?(symbol dgComplex))

i6 : C2 = dgComplex A

      1      2      1
o6 = R  <-- R  <-- R
                    
     0      1      2

o6 : Complex

i7 : assert(instance(C2, Complex))

i8 : KM = koszulComplexDGM R^1

o8 = {Base ring => R                    }
      DG algebra => R[T   ..T   ]
                       1,1   1,2
                                       1
      Natural module => (R[T   ..T   ])
                            1,1   1,2
      Generator degrees => {{0, 0}}
      Differentials on gens => {0}

o8 : DGModule

i9 : D1 = dgComplex KM

      1      2      1
o9 = R  <-- R  <-- R
                    
     0      1      2

o9 : Complex

i10 : invalidateDGAlgebraCache KM

o10 = {Base ring => R                    }
       DG algebra => R[T   ..T   ]
                        1,1   1,2
                                        1
       Natural module => (R[T   ..T   ])
                             1,1   1,2
       Generator degrees => {{0, 0}}
       Differentials on gens => {0}

o10 : DGModule

i11 : assert(not KM.cache#?(symbol dgComplex))

i12 : D2 = dgComplex KM

       1      2      1
o12 = R  <-- R  <-- R
                     
      0      1      2

o12 : Complex

i13 : assert(instance(D2, Complex))

i14 : 
