-- -*- M2-comint -*- hash: 5083001588230425729

i1 : R = QQ[x, y, z]

o1 = R

o1 : PolynomialRing

i2 : A = koszulComplexDGA R

o2 = {Ring => R                          }
      Underlying algebra => R[T   ..T   ]
                               1,1   1,3
      Differential => {x, y, z}

o2 : DGAlgebra

i3 : KM = koszulComplexDGM R^1

o3 = {Base ring => R                    }
      DG algebra => R[T   ..T   ]
                       1,1   1,3
                                       1
      Natural module => (R[T   ..T   ])
                            1,1   1,3
      Generator degrees => {{0, 0}}
      Differentials on gens => {0}

o3 : DGModule

i4 : isAcyclic KM

o4 = true

i5 : R' = QQ[x, y]/ideal(x^2, y^2)

o5 = R'

o5 : QuotientRing

i6 : KM' = koszulComplexDGM R'^1

o6 = {Base ring => R'                    }
      DG algebra => R'[T   ..T   ]
                        1,1   1,2
                                        1
      Natural module => (R'[T   ..T   ])
                             1,1   1,2
      Generator degrees => {{0, 0}}
      Differentials on gens => {0}

o6 : DGModule

i7 : not isAcyclic(KM', EndDegree => 3)

o7 = true

i8 : 
