-- -*- M2-comint -*- hash: 17385704296215009053

i1 : Q = ZZ/101[a,b,c,d]

o1 = Q

o1 : PolynomialRing

i2 : I = ideal(a^4, b^4, c^4, d^4)

             4   4   4   4
o2 = ideal (a , b , c , d )

o2 : Ideal of Q

i3 : isAcyclic(koszulComplexDGA I)

o3 = true

i4 : R = ZZ/101[a,b,c,d] / ideal(a^4 + b^4 + c^4 + d^4)

o4 = R

o4 : QuotientRing

i5 : isAcyclic(koszulComplexDGA R)

o5 = false

i6 : R = ZZ/101[a,b,c,d] / ideal(a^3, b^3, c^3, d^3)

o6 = R

o6 : QuotientRing

i7 : A = acyclicClosure(R, EndDegree => 3)

o7 = {Ring => R                                                   }
      Underlying algebra => R[T   ..T   ]
                               1,1   2,4
                                    2       2       2       2
      Differential => {a, b, c, d, a T   , b T   , c T   , d T   }
                                      1,1     1,2     1,3     1,4

o7 : DGAlgebra

i8 : isAcyclic(A, EndDegree => 3)

o8 = true

i9 : 
