-- -*- M2-comint -*- hash: 949190813976149139

i1 : R = ZZ/101[x, y]

o1 = R

o1 : PolynomialRing

i2 : A = koszulComplexDGA R

o2 = {Ring => R                          }
      Underlying algebra => R[T   ..T   ]
                               1,1   1,2
      Differential => {x, y}

o2 : DGAlgebra

i3 : Anat = A.natural

o3 = Anat

o3 : PolynomialRing, 2 skew commutative variable(s)

i4 : isDGIdeal(A, ideal(x_Anat, y_Anat))

o4 = true

i5 : T = Anat_0   -- first Koszul variable T_{1,1}; d(T) = x

o5 = T
      1,1

o5 : Anat

i6 : isDGIdeal(A, ideal(T))

o6 = false

i7 : J = dgIdeal(A, {T})

o7 = DGIdeal of Anat
     generators => | x T_(1,1) |

o7 : DGIdeal

i8 : isDGIdeal(A, J.natural)

o8 = true

i9 : 
