-- -*- M2-comint -*- hash: 4952963127949447803

i1 : R = QQ[x, y] / ideal(x^2, y^2)

o1 = R

o1 : QuotientRing

i2 : k = R^1 / ideal(x, y)

o2 = cokernel | x y |

                            1
o2 : R-module, quotient of R

i3 : A = koszulComplexDGA R

o3 = {Ring => R                          }
      Underlying algebra => R[T   ..T   ]
                               1,1   1,2
      Differential => {x, y}

o3 : DGAlgebra

i4 : Mdg = minimalSemifreeResolution(A, k, EndDegree => 3)

o4 = {Base ring => R                                                                                    }
      DG algebra => R[T   ..T   ]
                       1,1   1,2
                                       6
      Natural module => (R[T   ..T   ])
                            1,1   1,2
      Generator degrees => {{0, 0}, {2, 2}, {2, 2}, {4, 4}, {4, 4}, {4, 4}}
      Differentials on gens => {0, | xT_(1,1) |, | yT_(1,2) |, |     0    |, |     0    |, |     0    |}
                                   |     0    |  |     0    |  | xT_(1,1) |  | yT_(1,2) |  |     0    |
                                   |     0    |  |     0    |  |     0    |  | xT_(1,1) |  | yT_(1,2) |
                                   |     0    |  |     0    |  |     0    |  |     0    |  |     0    |
                                   |     0    |  |     0    |  |     0    |  |     0    |  |     0    |
                                   |     0    |  |     0    |  |     0    |  |     0    |  |     0    |

o4 : DGModule

i5 : isMinimalSemifreeResolution Mdg

o5 = true

i6 : R = QQ[x]

o6 = R

o6 : PolynomialRing

i7 : A = koszulComplexDGA R

o7 = {Ring => R                    }
      Underlying algebra => R[T   ]
                               1,1
      Differential => {x}

o7 : DGAlgebra

i8 : Mbad = freeDGModule(A, {0, 1})

o8 = {Base ring => R                       }
      DG algebra => R[T   ]
                       1,1
                                 2
      Natural module => (R[T   ])
                            1,1
      Generator degrees => {{0, 0}, {1, 0}}
      Differentials on gens => {0, 0}

o8 : DGModule

i9 : natGens = apply(rank Mbad.natural, i -> (Mbad.natural)_i)

o9 = {| 1 |, | 0 |}
      | 0 |  | 1 |

o9 : List

i10 : setDiff(Mbad, {0, natGens#0})

o10 = {Base ring => R                       }
       DG algebra => R[T   ]
                        1,1
                                  2
       Natural module => (R[T   ])
                             1,1
       Generator degrees => {{0, 0}, {1, 0}}
       Differentials on gens => {0, | 1 |}
                                    | 0 |

o10 : DGModule

i11 : isMinimalSemifreeResolution Mbad

o11 = false

i12 : 
