-- -*- M2-comint -*- hash: 17258551462462525324

i1 : R = QQ[x, y]

o1 = R

o1 : PolynomialRing

i2 : A = koszulComplexDGA R

o2 = {Ring => R                          }
      Underlying algebra => R[T   ..T   ]
                               1,1   1,2
      Differential => {x, y}

o2 : DGAlgebra

i3 : killHomologyAtDegree(A, 1) === A

o3 = true

i4 : R = QQ[x, y] / ideal(x^2, y^2)

o4 = R

o4 : QuotientRing

i5 : A = koszulComplexDGA R

o5 = {Ring => R                          }
      Underlying algebra => R[T   ..T   ]
                               1,1   1,2
      Differential => {x, y}

o5 : DGAlgebra

i6 : B = killHomologyAtDegree(A, 1)

o6 = {Ring => R                             }
      Underlying algebra => R[T   ..T   ]
                               1,1   2,2
      Differential => {x, y, x*T   , y*T   }
                                1,1     1,2

o6 : DGAlgebra

i7 : numgens B.natural > numgens A.natural

o7 = true

i8 : prune homology(1, B)

o8 = 0

o8 : R-module

i9 : 
