-- -*- M2-comint -*- hash: 12898640802864729309

i1 : R = QQ[x]

o1 = R

o1 : PolynomialRing

i2 : A = koszulComplexDGA R

o2 = {Ring => R                    }
      Underlying algebra => R[T   ]
                               1,1
      Differential => {x}

o2 : DGAlgebra

i3 : M = freeDGModule(A, {0})

o3 = {Base ring => R               }
      DG algebra => R[T   ]
                       1,1
                                 1
      Natural module => (R[T   ])
                            1,1
      Generator degrees => {{0, 0}}
      Differentials on gens => {0}

o3 : DGModule

i4 : natGens = apply(rank M.natural, i -> (M.natural)_i)

o4 = {| 1 |}

o4 : List

i5 : M2 = adjoinGenerators(M, {x * natGens#0})

o5 = {Base ring => R                       }
      DG algebra => R[T   ]
                       1,1
                                 2
      Natural module => (R[T   ])
                            1,1
      Generator degrees => {{0, 0}, {1, 1}}
      Differentials on gens => {0, | x |}
                                   | 0 |

o5 : DGModule

i6 : prune homology(0, M2)

o6 = cokernel | x |

                            1
o6 : R-module, quotient of R

i7 : M3 = killCycles(M2, StartDegree => 1, EndDegree => 2)

o7 = {Base ring => R                                   }
      DG algebra => R[T   ]
                       1,1
                                 3
      Natural module => (R[T   ])
                            1,1
      Generator degrees => {{0, 0}, {1, 1}, {2, 1}}
      Differentials on gens => {0, | x |, | -T_(1,1) |}
                                   | 0 |  |     1    |
                                   | 0 |  |     0    |

o7 : DGModule

i8 : prune homology(1, M3) == 0

o8 = true

i9 : 
