-- -*- M2-comint -*- hash: 17119047857871475210

i1 : R = ZZ/101[a, b, c]

o1 = R

o1 : PolynomialRing

i2 : I = ideal(a^3, b^3, c^3, a^2 * b^2 * c^2)

             3   3   3   2 2 2
o2 = ideal (a , b , c , a b c )

o2 : Ideal of R

i3 : A = koszulComplexDGA I

o3 = {Ring => R                           }
      Underlying algebra => R[T   ..T   ]
                               1,1   1,4
                        3   3   3   2 2 2
      Differential => {a , b , c , a b c }

o3 : DGAlgebra

i4 : gens A.natural

o4 = {T   , T   , T   , T   }
       1,1   1,2   1,3   1,4

o4 : List

i5 : flatten entries matrix A.diff

       3   3   3   2 2 2
o5 = {a , b , c , a b c , a, b, c}

o5 : List

i6 : complexA = toComplex A

      1      4      6      4      1
o6 = R  <-- R  <-- R  <-- R  <-- R
                                  
     0      1      2      3      4

o6 : Complex

i7 : ranks = apply(5, i -> numgens prune HH_i complexA)

o7 = {1, 3, 0, 0, 0}

o7 : List

i8 : ranks == apply(5, i -> numgens prune HH_i koszul gens I)

o8 = true

i9 : 
