-- -*- M2-comint -*- hash: 1139928720559391338

i1 : R = ZZ/101[x, y, z]

o1 = R

o1 : PolynomialRing

i2 : A = koszulComplexDGA({x^2, y*z})

o2 = {Ring => R                          }
      Underlying algebra => R[T   ..T   ]
                               1,1   1,2
                        2
      Differential => {x , y*z}

o2 : DGAlgebra

i3 : gens A.natural

o3 = {T   , T   }
       1,1   1,2

o3 : List

i4 : flatten entries matrix A.diff

       2
o4 = {x , y*z, x, y, z}

o4 : List

i5 : apply(3, i -> numgens prune HH_i toComplex A)

o5 = {1, 0, 0}

o5 : List

i6 : 
