-- -*- M2-comint -*- hash: 18097493127304930040

i1 : R = ZZ/101[a, b, c] / ideal(a^3, b^3, c^3)

o1 = R

o1 : QuotientRing

i2 : A = koszulComplexDGA R

o2 = {Ring => R                          }
      Underlying algebra => R[T   ..T   ]
                               1,1   1,3
      Differential => {a, b, c}

o2 : DGAlgebra

i3 : gens A.natural

o3 = {T   , T   , T   }
       1,1   1,2   1,3

o3 : List

i4 : flatten entries matrix A.diff

o4 = {a, b, c, a, b, c}

o4 : List

i5 : complexA = toComplex A

      1      3      3      1
o5 = R  <-- R  <-- R  <-- R
                           
     0      1      2      3

o5 : Complex

i6 : complexA.dd_1

o6 = | a b c |

             1      3
o6 : Matrix R  <-- R

i7 : ranks = apply(4, i -> numgens prune HH_i complexA)

o7 = {1, 3, 3, 1}

o7 : List

i8 : ranks == apply(4, i -> numgens prune HH_i koszul vars R)

o8 = true

i9 : S = ZZ/101[a, b]

o9 = S

o9 : PolynomialRing

i10 : AS = koszulComplexDGA(S, Variable => "U")

o10 = {Ring => S                          }
       Underlying algebra => S[U   ..U   ]
                                1,1   1,2
       Differential => {a, b}

o10 : DGAlgebra

i11 : gens AS.natural

o11 = {U   , U   }
        1,1   1,2

o11 : List

i12 : 
