-- -*- M2-comint -*- hash: 1831721659673592483

i1 : R = QQ[x, y, z]

o1 = R

o1 : PolynomialRing

i2 : KM = koszulComplexDGM R^1

o2 = {Base ring => R                    }
      DG algebra => R[T   ..T   ]
                       1,1   1,3
                                       1
      Natural module => (R[T   ..T   ])
                            1,1   1,3
      Generator degrees => {{0, 0}}
      Differentials on gens => {0}

o2 : DGModule

i3 : apply(0..3, n -> prune homology(n, KM))

o3 = (cokernel | z y x |, 0, 0, 0)

o3 : Sequence

i4 : S = QQ[x, y] / ideal(x^2, y^2)

o4 = S

o4 : QuotientRing

i5 : KS = koszulComplexDGM S^1

o5 = {Base ring => S                    }
      DG algebra => S[T   ..T   ]
                       1,1   1,2
                                       1
      Natural module => (S[T   ..T   ])
                            1,1   1,2
      Generator degrees => {{0, 0}}
      Differentials on gens => {0}

o5 : DGModule

i6 : apply(0..3, n -> numgens prune homology(n, KS))

o6 = (1, 2, 1, 0)

o6 : Sequence

i7 : S = QQ[x, y]

o7 = S

o7 : PolynomialRing

i8 : KQ = koszulComplexDGM(S^1 / ideal(x))

o8 = {Base ring => S                  }
      DG algebra => S[T   ..T   ]
                       1,1   1,2
      Natural module => cokernel | x |
      Generator degrees => {{0, 0}}
      Differentials on gens => {0}

o8 : DGModule

i9 : C = toComplex KQ

o9 = cokernel | x | <-- cokernel {1} | x 0 | <-- cokernel {2} | x |
                                 {1} | 0 x |      
     0                                           2
                        1

o9 : Complex

i10 : apply(0..2, n -> rank C_n)

o10 = (0, 0, 0)

o10 : Sequence

i11 : apply(0..2, n -> prune homology(n, KQ))

o11 = (cokernel | y x |, cokernel {1} | y x |, 0)

o11 : Sequence

i12 : R = QQ[x, y] / ideal(x^2, y^2)

o12 = R

o12 : QuotientRing

i13 : A = koszulComplexDGA R

o13 = {Ring => R                          }
       Underlying algebra => R[T   ..T   ]
                                1,1   1,2
       Differential => {x, y}

o13 : DGAlgebra

i14 : Mdg = minimalSemifreeResolution(A, R^1 / ideal(x, y), EndDegree => 3)

o14 = {Base ring => R                                                                                    }
       DG algebra => R[T   ..T   ]
                        1,1   1,2
                                        6
       Natural module => (R[T   ..T   ])
                             1,1   1,2
       Generator degrees => {{0, 0}, {2, 2}, {2, 2}, {4, 4}, {4, 4}, {4, 4}}
       Differentials on gens => {0, | xT_(1,1) |, | yT_(1,2) |, |     0    |, |     0    |, |     0    |}
                                    |     0    |  |     0    |  | xT_(1,1) |  | yT_(1,2) |  |     0    |
                                    |     0    |  |     0    |  |     0    |  | xT_(1,1) |  | yT_(1,2) |
                                    |     0    |  |     0    |  |     0    |  |     0    |  |     0    |
                                    |     0    |  |     0    |  |     0    |  |     0    |  |     0    |
                                    |     0    |  |     0    |  |     0    |  |     0    |  |     0    |

o14 : DGModule

i15 : apply(0..3, n -> rank (toComplex Mdg)_n)

o15 = (1, 2, 3, 4)

o15 : Sequence

i16 : 
