-- -*- M2-comint -*- hash: 7299826363683902440

i1 : R = QQ[x,y]/ideal(x^2,y^2)

o1 = R

o1 : QuotientRing

i2 : A = koszulComplexDGA R

o2 = {Ring => R                          }
      Underlying algebra => R[T   ..T   ]
                               1,1   1,2
      Differential => {x, y}

o2 : DGAlgebra

i3 : Mmin = minimalSemifreeResolution(A, R^1 / ideal(x, y), EndDegree => 2)

o3 = {Base ring => R                                          }
      DG algebra => R[T   ..T   ]
                       1,1   1,2
                                       3
      Natural module => (R[T   ..T   ])
                            1,1   1,2
      Generator degrees => {{0, 0}, {2, 2}, {2, 2}}
      Differentials on gens => {0, | xT_(1,1) |, | yT_(1,2) |}
                                   |     0    |  |     0    |
                                   |     0    |  |     0    |

o3 : DGModule

i4 : Mnon = semifreeResolution(A, R^1 / ideal(x, y), EndDegree => 2)

o4 = {Base ring => R                                                                                    }
      DG algebra => R[T   ..T   ]
                       1,1   1,2
                                       7
      Natural module => (R[T   ..T   ])
                            1,1   1,2
      Generator degrees => {{0, 0}, {1, 1}, {1, 1}, {2, 1}, {2, 1}, {2, 2}, {2, 2}}
      Differentials on gens => {0, | x |, | y |, | -T_(1,1) |, | -T_(1,2) |, | xT_(1,1) |, | yT_(1,2) |}
                                   | 0 |  | 0 |  |     1    |  |     0    |  |     0    |  |     0    |
                                   | 0 |  | 0 |  |     0    |  |     1    |  |     0    |  |     0    |
                                   | 0 |  | 0 |  |     0    |  |     0    |  |     0    |  |     0    |
                                   | 0 |  | 0 |  |     0    |  |     0    |  |     0    |  |     0    |
                                   | 0 |  | 0 |  |     0    |  |     0    |  |     0    |  |     0    |
                                   | 0 |  | 0 |  |     0    |  |     0    |  |     0    |  |     0    |

o4 : DGModule

i5 : quism = liftToDGModuleMap(Mnon, Mmin, {(Mnon.natural)_0}, EndDegree => 2)

                               3
o5 = {Source => (R[T   ..T   ])  }
                    1,1   1,2
                               7
      Target => (R[T   ..T   ])
                    1,1   1,2
      Natural => {0, 0} | 1 0 0 |
                 {1, 1} | 0 0 0 |
                 {1, 1} | 0 0 0 |
                 {2, 1} | 0 0 0 |
                 {2, 1} | 0 0 0 |
                 {2, 2} | 0 1 0 |
                 {2, 2} | 0 0 1 |

o5 : DGModuleMap

i6 : isWellDefined quism

o6 = true

i7 : 
