-- -*- M2-comint -*- hash: 15832011290638621933

i1 : R = QQ[x, y] / ideal(x^2, y^2)

o1 = R

o1 : QuotientRing

i2 : KM = koszulComplexDGM R^1

o2 = {Base ring => R                    }
      DG algebra => R[T   ..T   ]
                       1,1   1,2
                                       1
      Natural module => (R[T   ..T   ])
                            1,1   1,2
      Generator degrees => {{0, 0}}
      Differentials on gens => {0}

o2 : DGModule

i3 : assert(maxDegree KM == maxDegree KM.dgAlgebra)

i4 : A = koszulComplexDGA R

o4 = {Ring => R                          }
      Underlying algebra => R[T   ..T   ]
                               1,1   1,2
      Differential => {x, y}

o4 : DGAlgebra

i5 : M = freeDGModule(A, {0, 3})

o5 = {Base ring => R                       }
      DG algebra => R[T   ..T   ]
                       1,1   1,2
                                       2
      Natural module => (R[T   ..T   ])
                            1,1   1,2
      Generator degrees => {{0, 0}, {3, 0}}
      Differentials on gens => {0, 0}

o5 : DGModule

i6 : maxDegree M

o6 = 5

i7 : 
