-- -*- M2-comint -*- hash: 2050846990573600039

i1 : R = ZZ/101[x]

o1 = R

o1 : PolynomialRing

i2 : A = koszulComplexDGA R

o2 = {Ring => R                    }
      Underlying algebra => R[T   ]
                               1,1
      Differential => {x}

o2 : DGAlgebra

i3 : M = freeDGModule(A, {0, 1})

o3 = {Base ring => R                       }
      DG algebra => R[T   ]
                       1,1
                                 2
      Natural module => (R[T   ])
                            1,1
      Generator degrees => {{0, 0}, {1, 0}}
      Differentials on gens => {0, 0}

o3 : DGModule

i4 : z = zeroDGModuleMap(M, M)

                         2
o4 = {Source => (R[T   ]) }
                    1,1
                         2
      Target => (R[T   ])
                    1,1
      Natural => 0

o4 : DGModuleMap

i5 : Q = cokernel z

o5 = DGQuotientModule Q = M / S
                          2
     Q.natural = (R[T   ])
                     1,1
     Degrees   = {{0, 0}, {1, 0}}

o5 : DGQuotientModule

i6 : assert(maxDegree Q == maxDegree M)

i7 : 
