-- -*- M2-comint -*- hash: 1897290260871748122

i1 : Q = ZZ/101[x, y]

o1 = Q

o1 : PolynomialRing

i2 : I = ideal(x^2, y^2)

             2   2
o2 = ideal (x , y )

o2 : Ideal of Q

i3 : A = minimalModel(I, EndDegree => 3)

o3 = {Ring => Q                          }
      Underlying algebra => Q[T   ..T   ]
                               1,1   1,2
                        2   2
      Differential => {x , y }

o3 : DGAlgebra

i4 : apply(0..3, n -> numcols getBasis(n, A))

o4 = (1, 2, 1, 0)

o4 : Sequence

i5 : R = Q / I

o5 = R

o5 : QuotientRing

i6 : A' = minimalModel(R, EndDegree => 3)

o6 = {Ring => Q                          }
      Underlying algebra => Q[T   ..T   ]
                               1,1   1,2
                        2   2
      Differential => {x , y }

o6 : DGAlgebra

i7 : numgens A.natural == numgens A'.natural

o7 = true

i8 : J = ideal(x^2, x*y, y^2)

             2        2
o8 = ideal (x , x*y, y )

o8 : Ideal of Q

i9 : B = minimalModel(J, EndDegree => 3)

o9 = {Ring => Q                                                                                                                                                                                                                                                                                      }
      Underlying algebra => Q[T   ..T   , T   ..T   , T   ..T   , T   ..T   ]
                               1,1   1,3   2,1   2,2   3,1   3,3   4,1   4,6
                        2        2
      Differential => {x , x*y, y , - y*T    + x*T   , - y*T    + x*T   , - T   T    + x*T   , - T   T    + y*T   , - T   T    + y*T    + x*T   , - T   T    + y*T   , - T   T    + x*T   , - T   T    + y*T   , - T   T    + x*T   , - T   T    - T   T    + y*T   , - T   T    - T   T    + x*T   }
                                         1,1      1,2       1,2      1,3     1,1 1,2      2,1     1,2 1,3      2,2     1,1 1,3      2,1      2,2     1,2 2,1      3,1     1,1 2,1      3,1     1,3 2,2      3,2     1,2 2,2      3,2     1,3 2,1    1,2 2,2      3,3     1,2 2,1    1,1 2,2      3,3

o9 : DGAlgebra

i10 : apply(0..3, n -> numcols getBasis(n, B))

o10 = (1, 3, 5, 10)

o10 : Sequence

i11 : C = minimalModel(I, EndDegree => 2, Variable => "S")

o11 = {Ring => Q                          }
       Underlying algebra => Q[S   ..S   ]
                                1,1   1,2
                         2   2
       Differential => {x , y }

o11 : DGAlgebra

i12 : gens C.natural

o12 = {S   , S   }
        1,1   1,2

o12 : List

i13 : A1 = minimalModel(ideal(x^2, y^2), EndDegree => 4);

i14 : apply(0..4, n -> numcols getBasis(n, A1))

o14 = (1, 2, 1, 0, 0)

o14 : Sequence

i15 : A2 = minimalModel(ideal(x^2, x*y, y^2), EndDegree => 4);

i16 : apply(0..4, n -> numcols getBasis(n, A2))

o16 = (1, 3, 5, 10, 24)

o16 : Sequence

i17 : A = minimalModel(ideal(x^2, y^2), EndDegree => 8);

i18 : k = Q^1 / ideal(x, y);

i19 : Mdg = minimalSemifreeResolution(A, k, EndDegree => 8);

i20 : b = apply(0..8, n -> numcols moduleDifferential(n, Mdg))

o20 = (1, 4, 8, 12, 16, 20, 24, 28, 32)

o20 : Sequence

i21 : apply(0..7, n -> b#(n+1) - b#n)

o21 = (3, 4, 4, 4, 4, 4, 4, 4)

o21 : Sequence

i22 : apply(0..6, n -> b#(n+2) - 2*b#(n+1) + b#n)

o22 = (1, 0, 0, 0, 0, 0, 0)

o22 : Sequence

i23 : 
