-- -*- M2-comint -*- hash: 7624347790178354748

i1 : R = ZZ/101[a, b, c, d]

o1 = R

o1 : PolynomialRing

i2 : A = koszulComplexDGA R

o2 = {Ring => R                          }
      Underlying algebra => R[T   ..T   ]
                               1,1   1,4
      Differential => {a, b, c, d}

o2 : DGAlgebra

i3 : A.natural

o3 = R[T   ..T   ]
        1,1   1,4

o3 : PolynomialRing, 4 skew commutative variable(s)

i4 : A.ring === R

o4 = true

i5 : gens A.natural

o5 = {T   , T   , T   , T   }
       1,1   1,2   1,3   1,4

o5 : List

i6 : B = freeDGModule(A, {0, 1, 2})

o6 = {Base ring => R                               }
      DG algebra => R[T   ..T   ]
                       1,1   1,4
                                       3
      Natural module => (R[T   ..T   ])
                            1,1   1,4
      Generator degrees => {{0, 0}, {1, 0}, {2, 0}}
      Differentials on gens => {0, 0, 0}

o6 : DGModule

i7 : B.natural

                    3
o7 = (R[T   ..T   ])
         1,1   1,4

o7 : R[T   ..T   ]-module, free, degrees {{0, 0}, {1, 0}, {2, 0}}
        1,1   1,4

i8 : rank B.natural

o8 = 3

i9 : 
