-- -*- M2-comint -*- hash: 8199131084094097440

i1 : R = ZZ/101[a,b,c]/ideal{a^3 + b^3 + c^3, a*b*c}

o1 = R

o1 : QuotientRing

i2 : K1 = koszulComplexDGA(ideal vars R, Variable => "Y")

o2 = {Ring => R                          }
      Underlying algebra => R[Y   ..Y   ]
                               1,1   1,3
      Differential => {a, b, c}

o2 : DGAlgebra

i3 : K2 = koszulComplexDGA(ideal{b, c}, Variable => "T")

o3 = {Ring => R                          }
      Underlying algebra => R[T   ..T   ]
                               1,1   1,2
      Differential => {b, c}

o3 : DGAlgebra

i4 : g = dgAlgebraMap(K1, K2, matrix{{Y_(1,2), Y_(1,3)}})

o4 = map (R[Y   ..Y   ], R[T   ..T   ], {Y   , Y   , a, b, c})
             1,1   1,3      1,1   1,2     1,2   1,3

o4 : DGAlgebraMap

i5 : net g

o5 = map (R[Y   ..Y   ], R[T   ..T   ], {Y   , Y   , a, b, c})
             1,1   1,3      1,1   1,2     1,2   1,3

i6 : g

o6 = map (R[Y   ..Y   ], R[T   ..T   ], {Y   , Y   , a, b, c})
             1,1   1,3      1,1   1,2     1,2   1,3

o6 : DGAlgebraMap

i7 : 
