-- -*- M2-comint -*- hash: 683631129885540553

i1 : R = ZZ/101[x,y,z] / ideal(x^3, y^3, z^3)

o1 = R

o1 : QuotientRing

i2 : A = koszulComplexDGA R

o2 = {Ring => R                          }
      Underlying algebra => R[T   ..T   ]
                               1,1   1,3
      Differential => {x, y, z}

o2 : DGAlgebra

i3 : net A

o3 = {Ring => R                          }
      Underlying algebra => R[T   ..T   ]
                               1,1   1,3
      Differential => {x, y, z}

i4 : A

o4 = {Ring => R                          }
      Underlying algebra => R[T   ..T   ]
                               1,1   1,3
      Differential => {x, y, z}

o4 : DGAlgebra

i5 : 
