-- -*- M2-comint -*- hash: 11542982600019672325

i1 : R = QQ[x, y] / ideal(x^2, y^2)

o1 = R

o1 : QuotientRing

i2 : A = koszulComplexDGA R

o2 = {Ring => R                          }
      Underlying algebra => R[T   ..T   ]
                               1,1   1,2
      Differential => {x, y}

o2 : DGAlgebra

i3 : assert(polyDiffMonomial(A, 0_(A.natural)) == 0_(A.natural))

i4 : gs = gens A.natural

o4 = {T   , T   }
       1,1   1,2

o4 : List

i5 : polyDiffMonomial(A, gs#0 * gs#1)

o5 = - y*T    + x*T
          1,1      1,2

o5 : R[T   ..T   ]
        1,1   1,2

i6 : r = polyDiffMonomial(A, gs#0 * gs#1)

o6 = - y*T    + x*T
          1,1      1,2

o6 : R[T   ..T   ]
        1,1   1,2

i7 : assert(r == x * gs#1 - y * gs#0)

i8 : 
