-- -*- M2-comint -*- hash: 1252907869879309536

i1 : R = ZZ/101[x]

o1 = R

o1 : PolynomialRing

i2 : A = koszulComplexDGA R

o2 = {Ring => R                    }
      Underlying algebra => R[T   ]
                               1,1
      Differential => {x}

o2 : DGAlgebra

i3 : M = freeDGModule(A, {0, 1})

o3 = {Base ring => R                       }
      DG algebra => R[T   ]
                       1,1
                                 2
      Natural module => (R[T   ])
                            1,1
      Generator degrees => {{0, 0}, {1, 0}}
      Differentials on gens => {0, 0}

o3 : DGModule

i4 : idM = identityDGModuleMap M

                         2
o4 = {Source => (R[T   ])      }
                    1,1
                         2
      Target => (R[T   ])
                    1,1
      Natural => {0, 0} | 1 0 |
                 {1, 0} | 0 1 |

o4 : DGModuleMap

i5 : (prune idM) === idM

o5 = true

i6 : (minimalPresentation idM) === idM

o6 = true

i7 : 
