-- -*- M2-comint -*- hash: 4650293246736481029

i1 : R = ZZ/101[x, y]

o1 = R

o1 : PolynomialRing

i2 : A = koszulComplexDGA R

o2 = {Ring => R                          }
      Underlying algebra => R[T   ..T   ]
                               1,1   1,2
      Differential => {x, y}

o2 : DGAlgebra

i3 : Anat = A.natural

o3 = Anat

o3 : PolynomialRing, 2 skew commutative variable(s)

i4 : M = freeDGModule(A, {0})

o4 = {Base ring => R               }
      DG algebra => Anat
                            1
      Natural module => Anat
      Generator degrees => {{0, 0}}
      Differentials on gens => {0}

o4 : DGModule

i5 : S = dgSubmodule(M, matrix {{1_Anat, x_Anat, y_Anat}})

o5 = DGSubmodule of ambient DGModule
     Degrees  => {{0, 0}, {0, 1}, {0, 1}}
                     3
     natural  => Anat
     inclusion => | 1 x y |

o5 : DGSubmodule

i6 : Q = M / S

o6 = DGQuotientModule Q = M / S
     Q.natural = cokernel | 1 x y |
     Degrees   = {{0, 0}}

o6 : DGQuotientModule

i7 : Qp = prune Q

o7 = DGQuotientModule Q = M / S
     Q.natural = cokernel | 1 |
     Degrees   = {{0, 0}}

o7 : DGQuotientModule

i8 : image (inclusion Qp.subDGModule).natural == image (inclusion S).natural

o8 = true

i9 : 
