-- -*- M2-comint -*- hash: 8217713112853420225

i1 : R = ZZ/101[x, y]

o1 = R

o1 : PolynomialRing

i2 : A = koszulComplexDGA R

o2 = {Ring => R                          }
      Underlying algebra => R[T   ..T   ]
                               1,1   1,2
      Differential => {x, y}

o2 : DGAlgebra

i3 : Anat = A.natural

o3 = Anat

o3 : PolynomialRing, 2 skew commutative variable(s)

i4 : M = freeDGModule(A, {0})

o4 = {Base ring => R               }
      DG algebra => Anat
                            1
      Natural module => Anat
      Generator degrees => {{0, 0}}
      Differentials on gens => {0}

o4 : DGModule

i5 : S = dgSubmodule(M, matrix {{1_Anat, x_Anat, y_Anat}})

o5 = DGSubmodule of ambient DGModule
     Degrees  => {{0, 0}, {0, 1}, {0, 1}}
                     3
     natural  => Anat
     inclusion => | 1 x y |

o5 : DGSubmodule

i6 : Sp = prune S

o6 = DGSubmodule of ambient DGModule
     Degrees  => {{0, 0}}
                     1
     natural  => Anat
     inclusion => | 1 |

o6 : DGSubmodule

i7 : numcols (inclusion Sp).natural

o7 = 1

i8 : numcols (inclusion S).natural

o8 = 3

i9 : image (inclusion S).natural == image (inclusion Sp).natural

o9 = true

i10 : isWellDefined Sp

o10 = true

i11 : 
