-- -*- M2-comint -*- hash: 16935696819517690684

i1 : R = QQ[x]

o1 = R

o1 : PolynomialRing

i2 : M = R^1 / ideal(x)

o2 = cokernel | x |

                            1
o2 : R-module, quotient of R

i3 : Mdg = semifreeResolution(koszulComplexDGA R, M, EndDegree => 3)

o3 = {Base ring => R                                   }
      DG algebra => R[T   ]
                       1,1
                                 3
      Natural module => (R[T   ])
                            1,1
      Generator degrees => {{0, 0}, {1, 1}, {2, 1}}
      Differentials on gens => {0, | x |, | -T_(1,1) |}
                                   | 0 |  |     1    |
                                   | 0 |  |     0    |

o3 : DGModule

i4 : prune homology(0, Mdg)

o4 = cokernel | x |

                            1
o4 : R-module, quotient of R

i5 : all(1..3, n -> prune homology(n, Mdg) == 0)

o5 = true

i6 : R = QQ[x, y] / ideal(x^2, y^2)

o6 = R

o6 : QuotientRing

i7 : k = R^1 / ideal(x, y)

o7 = cokernel | x y |

                            1
o7 : R-module, quotient of R

i8 : Mdg = semifreeResolution(koszulComplexDGA R, k, EndDegree => 3)

o8 = {Base ring => R                                                                                                                              }
      DG algebra => R[T   ..T   ]
                       1,1   1,2
                                       10
      Natural module => (R[T   ..T   ])
                            1,1   1,2
      Generator degrees => {{0, 0}, {1, 1}, {1, 1}, {2, 1}, {2, 1}, {2, 2}, {2, 2}, {4, 4}, {4, 4}, {4, 4}}
      Differentials on gens => {0, | x |, | y |, | -T_(1,1) |, | -T_(1,2) |, | xT_(1,1) |, | yT_(1,2) |, |     0    |, |     0    |, |     0    |}
                                   | 0 |  | 0 |  |     1    |  |     0    |  |     0    |  |     0    |  |     0    |  |     0    |  |     0    |
                                   | 0 |  | 0 |  |     0    |  |     1    |  |     0    |  |     0    |  |     0    |  |     0    |  |     0    |
                                   | 0 |  | 0 |  |     0    |  |     0    |  |     0    |  |     0    |  |     0    |  |     0    |  |     0    |
                                   | 0 |  | 0 |  |     0    |  |     0    |  |     0    |  |     0    |  |     0    |  |     0    |  |     0    |
                                   | 0 |  | 0 |  |     0    |  |     0    |  |     0    |  |     0    |  | xT_(1,1) |  | yT_(1,2) |  |     0    |
                                   | 0 |  | 0 |  |     0    |  |     0    |  |     0    |  |     0    |  |     0    |  | xT_(1,1) |  | yT_(1,2) |
                                   | 0 |  | 0 |  |     0    |  |     0    |  |     0    |  |     0    |  |     0    |  |     0    |  |     0    |
                                   | 0 |  | 0 |  |     0    |  |     0    |  |     0    |  |     0    |  |     0    |  |     0    |  |     0    |
                                   | 0 |  | 0 |  |     0    |  |     0    |  |     0    |  |     0    |  |     0    |  |     0    |  |     0    |

o8 : DGModule

i9 : all(1..3, i -> prune homology(i, Mdg) == 0)

o9 = true

i10 : R = QQ[x]

o10 = R

o10 : PolynomialRing

i11 : M = R^1 / ideal(x)

o11 = cokernel | x |

                             1
o11 : R-module, quotient of R

i12 : Mdg = semifreeResolution(M, EndDegree => 2)

o12 = {Base ring => R                                   }
       DG algebra => R[T   ]
                        1,1
                                  3
       Natural module => (R[T   ])
                             1,1
       Generator degrees => {{0, 0}, {1, 1}, {2, 1}}
       Differentials on gens => {0, | x |, | -T_(1,1) |}
                                    | 0 |  |     1    |
                                    | 0 |  |     0    |

o12 : DGModule

i13 : Mdg.ring === R

o13 = true

i14 : Mdg.dgAlgebra.ring === R

o14 = true

i15 : 
