-- -*- M2-comint -*- hash: 5535385734332562810

i1 : R = QQ[x]

o1 = R

o1 : PolynomialRing

i2 : A = koszulComplexDGA R

o2 = {Ring => R                    }
      Underlying algebra => R[T   ]
                               1,1
      Differential => {x}

o2 : DGAlgebra

i3 : M = freeDGModule(A, {0, 1})

o3 = {Base ring => R                       }
      DG algebra => R[T   ]
                       1,1
                                 2
      Natural module => (R[T   ])
                            1,1
      Generator degrees => {{0, 0}, {1, 0}}
      Differentials on gens => {0, 0}

o3 : DGModule

i4 : natGens = apply(rank M.natural, i -> (M.natural)_i)

o4 = {| 1 |, | 0 |}
      | 0 |  | 1 |

o4 : List

i5 : setDiff(M, {0, x^2 * natGens#0})

o5 = {Base ring => R                       }
      DG algebra => R[T   ]
                       1,1
                                 2
      Natural module => (R[T   ])
                            1,1
      Generator degrees => {{0, 0}, {1, 0}}
      Differentials on gens => {0, | x2 |}
                                   |  0 |

o5 : DGModule

i6 : d1 = moduleDifferential(1, M)

o6 = | x x2 |

             1      2
o6 : Matrix R  <-- R

i7 : d2 = moduleDifferential(2, M)

o7 = {1} | -x2 |
     {0} | x   |

             2      1
o7 : Matrix R  <-- R

i8 : assert(d1 * d2 == 0)

i9 : 
