-- -*- M2-comint -*- hash: 4967015085551278268

i1 : R = ZZ/101[x, y, z]

o1 = R

o1 : PolynomialRing

i2 : A = freeDGAlgebra(R, {{1}, {1}, {1}, {3}})

o2 = {Ring => R                                }
      Underlying algebra => R[T   ..T   , T   ]
                               1,1   1,3   3,1
      Differential => null

o2 : DGAlgebra

i3 : gens A.natural

o3 = {T   , T   , T   , T   }
       1,1   1,2   1,3   3,1

o3 : List

i4 : setDiff(A, {x, y, z, x*T_(1,2)*T_(1,3) - y*T_(1,1)*T_(1,3) + z*T_(1,1)*T_(1,2)})

o4 = {Ring => R                                                      }
      Underlying algebra => R[T   ..T   , T   ]
                               1,1   1,3   3,1
      Differential => {x, y, z, z*T   T    - y*T   T    + x*T   T   }
                                   1,1 1,2      1,1 1,3      1,2 1,3

o4 : DGAlgebra

i5 : flatten entries matrix A.diff

o5 = {x, y, z, z*T   T    - y*T   T    + x*T   T   , x, y, z}
                  1,1 1,2      1,1 1,3      1,2 1,3

o5 : List

i6 : Acomplex = toComplex A

      1      3      3      2      3      3      1
o6 = R  <-- R  <-- R  <-- R  <-- R  <-- R  <-- R
                                                
     0      1      2      3      4      5      6

o6 : Complex

i7 : Acomplex.dd_1

o7 = | x y z |

             1      3
o7 : Matrix R  <-- R

i8 : Acomplex.dd_2

o8 = | -y -z 0  |
     | x  0  -z |
     | 0  x  y  |

             3      3
o8 : Matrix R  <-- R

i9 : Abig = freeDGAlgebra(R, {{1}, {1}, {1}, {3}})

o9 = {Ring => R                                }
      Underlying algebra => R[T   ..T   , T   ]
                               1,1   1,3   3,1
      Differential => null

o9 : DGAlgebra

i10 : setDiff(Abig, {x, y, z, x*T_(1,2)*T_(1,3) - y*T_(1,1)*T_(1,3) + z*T_(1,1)*T_(1,2)}, InitializeComplex => false)

o10 = {Ring => R                                                      }
       Underlying algebra => R[T   ..T   , T   ]
                                1,1   1,3   3,1
       Differential => {x, y, z, z*T   T    - y*T   T    + x*T   T   }
                                    1,1 1,2      1,1 1,3      1,2 1,3

o10 : DGAlgebra

i11 : 
