-- -*- M2-comint -*- hash: 7184390941692051175

i1 : R = QQ[x, y] / ideal(x^2, y^2)

o1 = R

o1 : QuotientRing

i2 : A = koszulComplexDGA R

o2 = {Ring => R                          }
      Underlying algebra => R[T   ..T   ]
                               1,1   1,2
      Differential => {x, y}

o2 : DGAlgebra

i3 : B = subDGAlgebra(A, {0})

o3 = {Ring => R                    }
      Underlying algebra => R[T   ]
                               1,1
      Differential => {x}

o3 : DGAlgebra

i4 : numgens B.natural

o4 = 1

i5 : R = QQ[x] / ideal(x^2)

o5 = R

o5 : QuotientRing

i6 : A = koszulComplexDGA R

o6 = {Ring => R                    }
      Underlying algebra => R[T   ]
                               1,1
      Differential => {x}

o6 : DGAlgebra

i7 : A' = adjoinVariables(A, {x * (gens A.natural)#0})

o7 = {Ring => R                          }
      Underlying algebra => R[T   , T   ]
                               1,1   2,1
      Differential => {x, x*T   }
                             1,1

o7 : DGAlgebra

i8 : try subDGAlgebra(A', {1}) else "error: kept differential uses dropped generator"

o8 = error: kept differential uses dropped generator

i9 : 
