-- -*- M2-comint -*- hash: 1809429788379592035

i1 : R = QQ[x, y] / ideal(x^2, y^2)

o1 = R

o1 : QuotientRing

i2 : Mdg = minimalSemifreeResolution(koszulComplexDGA R, R^1 / ideal(x, y), EndDegree => 3)

o2 = {Base ring => R                                                                                    }
      DG algebra => R[T   ..T   ]
                       1,1   1,2
                                       6
      Natural module => (R[T   ..T   ])
                            1,1   1,2
      Generator degrees => {{0, 0}, {2, 2}, {2, 2}, {4, 4}, {4, 4}, {4, 4}}
      Differentials on gens => {0, | xT_(1,1) |, | yT_(1,2) |, |     0    |, |     0    |, |     0    |}
                                   |     0    |  |     0    |  | xT_(1,1) |  | yT_(1,2) |  |     0    |
                                   |     0    |  |     0    |  |     0    |  | xT_(1,1) |  | yT_(1,2) |
                                   |     0    |  |     0    |  |     0    |  |     0    |  |     0    |
                                   |     0    |  |     0    |  |     0    |  |     0    |  |     0    |
                                   |     0    |  |     0    |  |     0    |  |     0    |  |     0    |

o2 : DGModule

i3 : idM = identityDGModuleMap Mdg

                               6
o3 = {Source => (R[T   ..T   ])        }
                    1,1   1,2
                               6
      Target => (R[T   ..T   ])
                    1,1   1,2
      Natural => {0, 0} | 1 0 0 0 0 0 |
                 {2, 2} | 0 1 0 0 0 0 |
                 {2, 2} | 0 0 1 0 0 0 |
                 {4, 4} | 0 0 0 1 0 0 |
                 {4, 4} | 0 0 0 0 1 0 |
                 {4, 4} | 0 0 0 0 0 1 |

o3 : DGModuleMap

i4 : all(0..3, n -> (
         cm := toComplexMap(idM, n);
         source cm == target cm and cm == id_(source cm)
         ))

o4 = true

i5 : 
