-- -*- M2-comint -*- hash: 8933056196840017995

i1 : R = QQ[x, y] / ideal(x^2, y^2)

o1 = R

o1 : QuotientRing

i2 : KM = koszulComplexDGM R^1

o2 = {Base ring => R                    }
      DG algebra => R[T   ..T   ]
                       1,1   1,2
                                       1
      Natural module => (R[T   ..T   ])
                            1,1   1,2
      Generator degrees => {{0, 0}}
      Differentials on gens => {0}

o2 : DGModule

i3 : C = toComplex KM

      1      2      1
o3 = R  <-- R  <-- R
                    
     0      1      2

o3 : Complex

i4 : assert(instance(C, Complex))

i5 : assert(C.dd_1 == moduleDifferential(1, KM))

i6 : assert(C.dd_2 == moduleDifferential(2, KM))

i7 : 
