-- -*- M2-comint -*- hash: 3026558478112746069

i1 : R = ZZ/101[x]

o1 = R

o1 : PolynomialRing

i2 : A = koszulComplexDGA R

o2 = {Ring => R                    }
      Underlying algebra => R[T   ]
                               1,1
      Differential => {x}

o2 : DGAlgebra

i3 : M = freeDGModule(A, {0})

o3 = {Base ring => R               }
      DG algebra => R[T   ]
                       1,1
                                 1
      Natural module => (R[T   ])
                            1,1
      Generator degrees => {{0, 0}}
      Differentials on gens => {0}

o3 : DGModule

i4 : z = zeroDGModuleMap(M, M)

                         1
o4 = {Source => (R[T   ]) }
                    1,1
                         1
      Target => (R[T   ])
                    1,1
      Natural => 0

o4 : DGModuleMap

i5 : Q = cokernel z

o5 = DGQuotientModule Q = M / S
                          1
     Q.natural = (R[T   ])
                     1,1
     Degrees   = {{0, 0}}

o5 : DGQuotientModule

i6 : CM = toComplex M

      1      1
o6 = R  <-- R
             
     0      1

o6 : Complex

i7 : CQ = toComplex Q

      1      1
o7 = R  <-- R
             
     0      1

o7 : Complex

i8 : assert(rank CM_0 == rank CQ_0)

i9 : assert(rank CM_1 == rank CQ_1)

i10 : 
