-- -*- M2-comint -*- hash: 1258438887854530510

i1 : R = QQ[x, y, z]

o1 = R

o1 : PolynomialRing

i2 : KM = koszulComplexDGM R^1

o2 = {Base ring => R                    }
      DG algebra => R[T   ..T   ]
                       1,1   1,3
                                       1
      Natural module => (R[T   ..T   ])
                            1,1   1,3
      Generator degrees => {{0, 0}}
      Differentials on gens => {0}

o2 : DGModule

i3 : C = toComplex(KM, 2)

      1      3      3
o3 = R  <-- R  <-- R
                    
     0      1      2

o3 : Complex

i4 : assert(instance(C, Complex))

i5 : assert(max C == 2)

i6 : 
