-- -*- M2-comint -*- hash: 2263362408074367161

i1 : R = ZZ/101[a,b,c,d]

o1 = R

o1 : PolynomialRing

i2 : TorR = torAlgebra(R)

o2 = TorR

o2 : PolynomialRing, 4 skew commutative variable(s)

i3 : S = R/ideal{a^3,b^3,c^3,d^5}

o3 = S

o3 : QuotientRing

i4 : TorS = torAlgebra(S, GenDegreeLimit => 3)

o4 = TorS

o4 : PolynomialRing, 4 skew commutative variable(s)

i5 : R = ZZ/101[a,b,c,d]/ideal{a^3,b^3,c^3,d^3,a^2*b^2*c^3*d^2}

o5 = R

o5 : QuotientRing

i6 : TorR = torAlgebra(R,GenDegreeLimit=>5)

o6 = TorR

o6 : PolynomialRing, 4 skew commutative variable(s)

i7 : 
