-- -*- M2-comint -*- hash: 15122761267968488898

i1 : R = ZZ/101[a,b,c,d]/ideal{a^4,b^4,c^4,d^4}

o1 = R

o1 : QuotientRing

i2 : M = coker matrix {{a^3*b^3*c^3*d^3}};

i3 : S = R/ideal{a^3*b^3*c^3*d^3}

o3 = S

o3 : QuotientRing

i4 : HB = torAlgebra(R,S,GenDegreeLimit=>4,RelDegreeLimit=>8)
Finding easy relations           :  -- used 0.675941s (cpu); 0.557274s (thread); 0s (gc)

o4 = HB

o4 : QuotientRing

i5 : numgens HB

o5 = 35

i6 : apply(5,i -> #(flatten entries getBasis(i,HB)))

o6 = {1, 1, 4, 10, 20}

o6 : List

i7 : Mres = freeResolution(M, LengthLimit=>8)

      1      1      4      10      20      35      56      84      120
o7 = R  <-- R  <-- R  <-- R   <-- R   <-- R   <-- R   <-- R   <-- R
                                                                   
     0      1      2      3       4       5       6       7       8

o7 : Complex

i8 : 
