-- -*- M2-comint -*- hash: 6119780630470233810

i1 : R = QQ[x, y] / ideal(x^2, y^2)

o1 = R

o1 : QuotientRing

i2 : A = koszulComplexDGA R

o2 = {Ring => R                          }
      Underlying algebra => R[T   ..T   ]
                               1,1   1,2
      Differential => {x, y}

o2 : DGAlgebra

i3 : assert(underlyingAlgebra A === A.natural)

i4 : numgens underlyingAlgebra A

o4 = 2

i5 : M = koszulComplexDGM R^1

o5 = {Base ring => R                    }
      DG algebra => R[T   ..T   ]
                       1,1   1,2
                                       1
      Natural module => (R[T   ..T   ])
                            1,1   1,2
      Generator degrees => {{0, 0}}
      Differentials on gens => {0}

o5 : DGModule

i6 : assert(underlyingAlgebra M === M.natural)

i7 : 
