-- -*- M2-comint -*- hash: 11438763647716089130

i1 : R = ZZ/101[x,y]

o1 = R

o1 : PolynomialRing

i2 : U = matrix{{x^2*y+1,x+y-2,2*x*y}}

o2 = | x2y+1 x+y-2 2xy |

             1      3
o2 : Matrix R  <-- R

i3 : isUnimodular U

o3 = true

i4 : M = qsAlgorithm U

o4 = | 1   2xy    -x-y+2       |
     | 0   0      1            |
     | 50x -x2y-1 -50x2-50xy-x |

             3      3
o4 : Matrix R  <-- R

i5 : isUnimodular M

o5 = true

i6 : U*M

o6 = | 1 0 0 |

             1      3
o6 : Matrix R  <-- R

i7 : I = inverse M

o7 = {0} | x2y+1 x+y-2 2xy |
     {0} | 50x   0     -1  |
     {1} | 0     1     0   |

             3      3
o7 : Matrix R  <-- R

i8 : det I

o8 = 1

o8 : R

i9 : R = QQ[x,Inverses => true,MonomialOrder => Lex]

o9 = R

o9 : PolynomialRing

i10 : U = matrix{{3*x^-1-2-2*x+2*x^2, 3*x^-1-2*x,2*x},{6*x^-1+25-23*x-16*x^2+20*x^3, 6*x^-1+29-4*x-20*x^2,2+4*x+20*x^2}}

o10 = | 2x2-2x-2+3x-1         -2x+3x-1         2x        |
      | 20x3-16x2-23x+25+6x-1 -20x2-4x+29+6x-1 20x2+4x+2 |

              2      3
o10 : Matrix R  <-- R

i11 : M = qsAlgorithm U

o11 = | -2/3x3+62/3x2+20/3x-31-8x-1        -2x+3x-1       6x-18x-1        |
      | -2/3x4+64/3x3-44/3x2-27x+77/3+8x-1 -2x2+2x+2-3x-1 6x2-6x-12+18x-1 |
      | -1/3x2+1/3x+1/3                    0              3               |

              3      3
o11 : Matrix R  <-- R

i12 : det M

o12 = -3

o12 : R

i13 : U*M

o13 = | 1 0 0 |
      | 0 1 0 |

              2      3
o13 : Matrix R  <-- R

i14 : 
