-- -*- M2-comint -*- hash: 16567183076794183595

i1 : interval(interval(3.1415,3.1416), interval(2.7182,2.7183))

o1 = [3.1415,3.1416]+[2.7182,2.7183]*ii

o1 : CCi (of precision 53)

i2 : precision interval(interval(3.1415,3.1416), interval(2.7182,2.7183))

o2 = 53

i3 : class interval(interval(3.1,3.5),interval(1.1,1.2))

o3 = CCi

o3 : InexactFieldFamily

i4 : interval(interval(2.5p1000,3.2p100),interval(2.3,3.1,Precision=>200))

o4 = [2.5,3.200000000000000000000000000001]+[2.299999999999999822364316059975
     ,3.100000000000000088817841970013]*ii

o4 : CCi (of precision 100)

i5 : span(2+3*ii,Precision=>100)

o5 = [2,2]+[3,3]*ii

o5 : CCi (of precision 100)

i6 : span(2,3*ii,interval(interval(-1.5,-0.5),interval(3,3.1)),73)

o6 = [-1.5,73]+[0,3.1]*ii

o6 : CCi (of precision 53)

i7 : (I, J, K) = (interval(interval(.5,.8),interval(.6,.9)), interval(interval(.54,.78),interval(.65,.89)), interval(interval(.45,.6),interval(.3,.78)));

i8 : I + J

o8 = [1.04,1.58]+[1.25,1.79]*ii

o8 : CCi (of precision 53)

i9 : I - J

o9 = [-.28,.26]+[-.29,.25]*ii

o9 : CCi (of precision 53)

i10 : I * K

o10 = [-.4770000000000001,.3000000000000001]+[.4199999999999999,1.164]*ii

o10 : CCi (of precision 53)

i11 : I / K

o11 = [.4182156133828995,4.041025641025643]+[-1.210256410256411,
      1.333333333333334]*ii

o11 : CCi (of precision 53)

i12 : I ^ 3

o12 = [-1.744,-.1359999999999998]+[-.2040000000000001,1.404000000000001]*ii

o12 : CCi (of precision 53)

i13 : 2 * I

o13 = [1,1.6]+[1.2,1.8]*ii

o13 : CCi (of precision 53)

i14 : (2+3*ii) * I

o14 = [-1.7,-.1999999999999997]+[2.7,4.200000000000001]*ii

o14 : CCi (of precision 53)

i15 : realPart interval(1+2*ii,3+4*ii)

o15 = [1,3]

o15 : RRi (of precision 53)

i16 : imaginaryPart interval(1+2*ii,3+4*ii)

o16 = [2,4]

o16 : RRi (of precision 53)

i17 : diameter interval(1+2*ii,3+4*ii)

o17 = 2.82842712474619

o17 : RR (of precision 53)

i18 : midpoint interval(1+2*ii,3+4*ii)

o18 = 2+3*ii

o18 : CC (of precision 53)

i19 : 
