-- -*- M2-comint -*- hash: 9531138881315035546

i1 : makeDocumentTag (res, Module)

o1 = Complexes :: freeResolution(Module)

o1 : DocumentTag

i2 : peek oo

o2 = DocumentTag{Format => freeResolution(Module)}
                 Key => (freeResolution, Module)
                 Package => Complexes
                 RawDocumentation => null

i3 : makeDocumentTag (koszul, ZZ, Matrix)

o3 = Macaulay2Doc :: koszul(ZZ,Matrix)

o3 : DocumentTag

i4 : peek oo

o4 = DocumentTag{Format => koszul(ZZ,Matrix)}
                 Key => (koszul, ZZ, Matrix)
                 Package => Macaulay2Doc
                 RawDocumentation => null

i5 : makeDocumentTag [res, PairLimit]

o5 = Complexes :: freeResolution(...,PairLimit=>...)

o5 : DocumentTag

i6 : peek oo

o6 = DocumentTag{Format => freeResolution(...,PairLimit=>...)}
                 Key => [freeResolution, PairLimit]
                 Package => Complexes
                 RawDocumentation => null

i7 : 
