-- -*- M2-comint -*- hash: 14054446997884324092

i1 : (val, err) = trap 1/0

o1 = (, division by zero)

o1 : Sequence

i2 : toString err

o2 = division by zero

i3 : locate err

o3 = stdio:1:18-1:21

o3 : FilePosition

i4 : err = new Error from "foo"

o4 = foo

o4 : Error

i5 : stopIfError = false

o5 = false

i6 : error err
stdio:6:5:(3):[1]: error: foo

i7 : MyError = new SelfInitializingType of Error

o7 = MyError

o7 : SelfInitializingType

i8 : try error MyError "bar" except err do err

o8 = bar

o8 : MyError

i9 : 
