-- -*- M2-comint -*- hash: 14876448725644017545

i1 : R = QQ[a,b,c];

i2 : M = coker koszul_2 vars R

o2 = cokernel {1} | -b -c 0  |
              {1} | a  0  -c |
              {1} | 0  a  b  |

                            3
o2 : R-module, quotient of R

i3 : End M

o3 = subquotient (| 1 |, | -b 0  -c 0  0  0  0  0  0  |)
                  | 0 |  | a  -c 0  0  0  0  0  0  0  |
                  | 0 |  | 0  b  a  0  0  0  0  0  0  |
                  | 0 |  | 0  0  0  -b 0  -c 0  0  0  |
                  | 1 |  | 0  0  0  a  -c 0  0  0  0  |
                  | 0 |  | 0  0  0  0  b  a  0  0  0  |
                  | 0 |  | 0  0  0  0  0  0  -b 0  -c |
                  | 0 |  | 0  0  0  0  0  0  a  -c 0  |
                  | 1 |  | 0  0  0  0  0  0  0  b  a  |

                               9
o3 : R-module, subquotient of R

i4 : 
