-- -*- M2-comint -*- hash: 12319843835955339138

i1 : s = new MutableList from {a,b,c};

i2 : s#2 = 1234

o2 = 1234

i3 : s

o3 = MutableList{...3...}

o3 : MutableList

i4 : peek s

o4 = MutableList{a, b, 1234}

i5 : s = new MutableList from 6;

i6 : peek s

o6 = MutableList{null, null, null, null, null, null}

i7 : t = new MutableList from {};

i8 : t#4 = e

o8 = e

o8 : Symbol

i9 : peek t

o9 = MutableList{null, null, null, null, e}

i10 : s = new MutableList

o10 = MutableList{}

o10 : MutableList

i11 : elapsedTime scan(1000, i -> s#i = i^2) -- quadratic, since we grow s at each step
 -- .052598s elapsed

i12 : t = new MutableList from 1000

o12 = MutableList{...1000...}

o12 : MutableList

i13 : elapsedTime scan(1000, i -> t#i = i^2) -- linear
 -- .000274565s elapsed

i14 : 
