-- -*- M2-comint -*- hash: 10412874118708271521

i1 : B = new BettiTally from {(0, {0, 0}, 0) => 1, (1, {0, 2}, 2) => 1, (1, {1, 1}, 2) => 2, (1, {2, 0}, 2) => 1, (2, {1, 2}, 3) => 2, (2, {2, 1}, 3) => 2, (3, {2, 2}, 4) => 1}

            0 1 2 3
o1 = total: 1 4 4 1
         0: 1 . . .
         1: . 4 4 1

o1 : BettiTally

i2 : B = multigraded B

        0             1               2       3
o2 = 0: 1             .               .       .
     2: . a^2+2*a*b+b^2               .       .
     3: .             . 2*a^2*b+2*a*b^2       .
     4: .             .               . a^2*b^2

o2 : MultigradedBettiTally

i3 : peek B

o3 = MultigradedBettiTally{(0, {0, 0}, 0) => 1}
                           (1, {0, 2}, 2) => 1
                           (1, {1, 1}, 2) => 2
                           (1, {2, 0}, 2) => 1
                           (2, {1, 2}, 3) => 2
                           (2, {2, 1}, 3) => 2
                           (3, {2, 2}, 4) => 1

i4 : compactMatrixForm = false

o4 = false

i5 : B

            0        1        2        3
o5 = 1:{0, 0} 1:{0, 2} 2:{1, 2} 1:{2, 2}
              1:{2, 0} 2:{2, 1}         
              2:{1, 1}                  

o5 : MultigradedBettiTally

i6 : compactMatrixForm = true

o6 = true

i7 : B(-1,-1)

          0                     1                   2       3
o7 = 0: a*b                     .                   .       .
     2:   . a^3*b+2*a^2*b^2+a*b^3                   .       .
     3:   .                     . 2*a^3*b^2+2*a^2*b^3       .
     4:   .                     .                   . a^3*b^3

o7 : MultigradedBettiTally

i8 : B[1]

        -1             0               1       2
o8 = 0:  1             .               .       .
     2:  . a^2+2*a*b+b^2               .       .
     3:  .             . 2*a^2*b+2*a*b^2       .
     4:  .             .               . a^2*b^2

o8 : MultigradedBettiTally

i9 : B[1] ++ B

        -1             0               1               2       3
o9 = 0:  1             1               .               .       .
     2:  . a^2+2*a*b+b^2   a^2+2*a*b+b^2               .       .
     3:  .             . 2*a^2*b+2*a*b^2 2*a^2*b+2*a*b^2       .
     4:  .             .               .         a^2*b^2 a^2*b^2

o9 : MultigradedBettiTally

i10 : B ** B

         0                 1                                 2                                     3                              4                   5       6
o10 = 0: 1                 .                                 .                                     .                              .                   .       .
      2: . 2*a^2+4*a*b+2*b^2                                 .                                     .                              .                   .       .
      3: .                 .                   4*a^2*b+4*a*b^2                                     .                              .                   .       .
      4: .                 . a^4+4*a^3*b+6*a^2*b^2+4*a*b^3+b^4                             2*a^2*b^2                              .                   .       .
      5: .                 .                                 . 4*a^4*b+12*a^3*b^2+12*a^2*b^3+4*a*b^4                              .                   .       .
      6: .                 .                                 .                                     . 6*a^4*b^2+12*a^3*b^3+6*a^2*b^4                   .       .
      7: .                 .                                 .                                     .                              . 4*a^4*b^3+4*a^3*b^4       .
      8: .                 .                                 .                                     .                              .                   . a^4*b^4

o10 : MultigradedBettiTally

i11 : compactMatrixForm = false

o11 = false

i12 : B ** B

             0        1        2         3         4        5        6
o12 = 1:{0, 0} 2:{2, 0} 4:{3, 1} 12:{3, 2}  6:{4, 2} 4:{4, 3} 1:{4, 4}
               4:{1, 1} 4:{2, 1}  2:{2, 2} 12:{3, 3} 4:{3, 4}         
               2:{0, 2} 6:{2, 2} 12:{2, 3}  6:{2, 4}                  
                        4:{1, 2}  4:{1, 4}                            
                        4:{1, 3}  4:{4, 1}                            
                        1:{4, 0}                                      
                        1:{0, 4}                                      

o12 : MultigradedBettiTally

i13 : 
