-- -*- M2-comint -*- hash: 7120407673564578975

i1 : 2+2

o1 = 4

i2 : "asdf" | "qwer"

o2 = asdfqwer

i3 : value \ values OutputDictionary

o3 = {4, asdfqwer}

o3 : List

i4 : dictionaryPath

o4 = {GlobalDictionary{}, Macaulay2Doc.Dictionary, Varieties.Dictionary,
     ------------------------------------------------------------------------
     Isomorphism.Dictionary, Truncations.Dictionary, Polyhedra.Dictionary,
     ------------------------------------------------------------------------
     Saturation.Dictionary, Elimination.Dictionary, Complexes.Dictionary,
     ------------------------------------------------------------------------
     TangentCone.Dictionary, SimpleDoc.Dictionary, ReesAlgebra.Dictionary,
     ------------------------------------------------------------------------
     PrimaryDecomposition.Dictionary, MinimalPrimes.Dictionary,
     ------------------------------------------------------------------------
     PackageCitations.Dictionary, OnlineLookup.Dictionary,
     ------------------------------------------------------------------------
     LLLBases.Dictionary, InverseSystems.Dictionary,
     ------------------------------------------------------------------------
     IntegralClosure.Dictionary, ConwayPolynomials.Dictionary,
     ------------------------------------------------------------------------
     Classic.Dictionary, Core.Dictionary, GlobalDictionary{...4...},
     ------------------------------------------------------------------------
     PackageDictionary}

o4 : List

i5 : peek OutputDictionary

o5 = GlobalDictionary{"o1" => o1}
                      "o2" => o2
                      "o3" => o3
                      "o4" => o4

i6 : 
