-- -*- M2-comint -*- hash: 1731686981652070329

i1 : dictionaryPath

o1 = {GlobalDictionary{}, Macaulay2Doc.Dictionary, Varieties.Dictionary,
     ------------------------------------------------------------------------
     Isomorphism.Dictionary, Truncations.Dictionary, Polyhedra.Dictionary,
     ------------------------------------------------------------------------
     Saturation.Dictionary, Elimination.Dictionary, Complexes.Dictionary,
     ------------------------------------------------------------------------
     TangentCone.Dictionary, SimpleDoc.Dictionary, ReesAlgebra.Dictionary,
     ------------------------------------------------------------------------
     PrimaryDecomposition.Dictionary, MinimalPrimes.Dictionary,
     ------------------------------------------------------------------------
     PackageCitations.Dictionary, OnlineLookup.Dictionary,
     ------------------------------------------------------------------------
     LLLBases.Dictionary, InverseSystems.Dictionary,
     ------------------------------------------------------------------------
     IntegralClosure.Dictionary, ConwayPolynomials.Dictionary,
     ------------------------------------------------------------------------
     Classic.Dictionary, Core.Dictionary, GlobalDictionary{...1...},
     ------------------------------------------------------------------------
     PackageDictionary}

o1 : List

i2 : values PackageDictionary

o2 = {PrimaryDecomposition, Macaulay2Doc, SimpleDoc, SimpleDoc, Polyhedra,
     ------------------------------------------------------------------------
     OnlineLookup, Text, Polyhedra, Parsing, ConwayPolynomials, Parsing,
     ------------------------------------------------------------------------
     ConwayPolynomials, LLLBases, PackageCitations, ReesAlgebra, ReesAlgebra,
     ------------------------------------------------------------------------
     Truncations, PushForward, Truncations, Topcom, PushForward, SchurRings,
     ------------------------------------------------------------------------
     Saturation, Schubert2, InverseSystems, Schubert2, MinimalPrimes,
     ------------------------------------------------------------------------
     MinimalPrimes, FourierMotzkin, Complexes, Core, Complexes, Varieties,
     ------------------------------------------------------------------------
     PrimaryDecomposition, Macaulay2Doc, Varieties, OnlineLookup, Text,
     ------------------------------------------------------------------------
     IntegralClosure, IntegralClosure, LLLBases, Isomorphism, Isomorphism,
     ------------------------------------------------------------------------
     Elimination, PackageCitations, Elimination, TangentCone, TangentCone,
     ------------------------------------------------------------------------
     Topcom, User, SchurRings, Classic, Saturation, InverseSystems, Classic,
     ------------------------------------------------------------------------
     FourierMotzkin, Core}

o2 : List

i3 : 
