-- -*- M2-comint -*- hash: 11513006942353587212

i1 : null ?? 2

o1 = 2

i2 : 1/0 ?? 3

o2 = 3

i3 : 5 ?? 6

o3 = 5

i4 : x = null

i5 : x ??= 2

o5 = 2

i6 : x ??= 3

o6 = 2

i7 : x = new MutableList

o7 = MutableList{}

o7 : MutableList

i8 : x#0 ??= 4

o8 = 4

i9 : peek x

o9 = MutableList{4}

i10 : x#0 ??= 5

o10 = 4

i11 : peek x

o11 = MutableList{4}

i12 : X = new Type of BasicList;

i13 : ?? X := x -> if #x > 0 then x;

i14 : x = new X from {};

i15 : y = new X from {5};

i16 : x ?? y

o16 = X{5}

o16 : X

i17 : y ?? x

o17 = X{5}

o17 : X

i18 : ?? 2

o18 = 2

i19 : ?? x

i20 : ??(1/0)

i21 : 
