-- -*- M2-comint -*- hash: 6986036425905377843

i1 : about firstFunction

o1 = {0 => FirstPackage :: firstFunction    }
     {1 => FirstPackage :: firstFunction(ZZ)}

o1 : NumberedVerticalList

i2 : help 1

o2 = FirstPackage::firstFunction(ZZ) -- a silly first function
     *********************************************************

       * Usage: 
             firstFunction n
       * Inputs:
           * n, an "integer", 
       * Outputs:
           * a "string", a silly string, depending on the value of n

     Here we show an example.

     +------------------------+
     |  i1 : firstFunction 1  |
     |                        |
     |  o1 = Hello World!     |
     +------------------------+
     |  i2 : firstFunction 0  |
     |                        |
     |  o2 = D'oh!            |
     +------------------------+
     ------------------------------------------------------------------------

     The source of this document is in FirstPackage.m2:53:0.

i3 : headlines about firstFunction

o3 = 0.  "FirstPackage :: firstFunction"       -- a silly first function
     1.  "FirstPackage :: firstFunction(ZZ)"   -- a silly first function

i4 : 
