-- -*- M2-comint -*- hash: 14289384920415119214

i1 : H = new HashTable from {1 => 10, 2 => 15, 3 => 20}

o1 = HashTable{1 => 10}
               2 => 15
               3 => 20

o1 : HashTable

i2 : applyPairs(H, (k,v) -> (k+1, v+10))

o2 = HashTable{2 => 20}
               3 => 25
               4 => 30

o2 : HashTable

i3 : applyPairs(H, (k,v) -> (v,k))

o3 = HashTable{10 => 1}
               15 => 2
               20 => 3

o3 : HashTable

i4 : applyPairs({4, 5, 6}, (i, x) -> i * x)

o4 = {0, 5, 12}

o4 : List

i5 : 
