-- -*- M2-comint -*- hash: 7496535479513594127

i1 : x = 2

o1 = 2

i2 : x += 3

o2 = 5

i3 : x -= 4

o3 = 1

i4 : x *= 5

o4 = 5

i5 : x /= 6

     5
o5 = -
     6

o5 : QQ

i6 : importFrom(Core, "augmentedAssignmentOperators");

i7 : augmentedAssignmentOperators

o7 = (<<=, >>=, ||=, <==>=, |-=, ??=, ==>=, ===>=, |=, ^^=, &=, ..=, ..<=,
     ------------------------------------------------------------------------
     -=, +=, ++=, **=, *=, \\=, /=, \=, %=, //=, @=, @@=, @@?=, ~=, |_=, ^=,
     ------------------------------------------------------------------------
     _=, ^**=, ·=, ⊠=, ⧢=)

o7 : Sequence

i8 : (x,y) = (3, 4)

o8 = (3, 4)

o8 : Sequence

i9 : (x,y) += (5, 6)

o9 = (8, 10)

o9 : Sequence

i10 : (x,y)

o10 = (8, 10)

o10 : Sequence

i11 : 
