-- -*- M2-comint -*- hash: 5400543651613995968

i1 : S = QQ[x,y,z,w];

i2 : I = monomialCurveIdeal(S, {1,2,3})

             2                    2
o2 = ideal (z  - y*w, y*z - x*w, y  - x*z)

o2 : Ideal of S

i3 : t = betti res I

            0 1 2
o3 = total: 1 3 2
         0: 1 . .
         1: . 3 2

o3 : BettiTally

i4 : peek oo

o4 = BettiTally{(0, {0}, 0) => 1}
                (1, {2}, 2) => 3
                (2, {3}, 3) => 2

i5 : t#(1, {2}, 2)

o5 = 3

i6 : R = QQ[a,b,c, Degrees => {-1,-2,-3}];

i7 : heft R

o7 = {-1}

o7 : List

i8 : betti koszul vars R

            0 1 2 3
o8 = total: 1 3 3 1
         0: 1 1 . .
         1: . 1 1 .
         2: . 1 1 .
         3: . . 1 1

o8 : BettiTally

i9 : betti(oo, Weights => {1})

            0 1 2 3
o9 = total: 1 3 3 1
        -9: . . . 1
        -8: . . . .
        -7: . . 1 .
        -6: . . 1 .
        -5: . . 1 .
        -4: . 1 . .
        -3: . 1 . .
        -2: . 1 . .
        -1: . . . .
         0: 1 . . .

o9 : BettiTally

i10 : R = QQ[a,b,c,d, Degrees => {{1,0},{2,1},{0,1},{-2,1}}];

i11 : heft R

o11 = {1, 3}

o11 : List

i12 : B = betti res coker vars R

             0 1 2 3 4
o12 = total: 1 4 6 4 1
          0: 1 2 1 . .
          1: . . . . .
          2: . 1 2 1 .
          3: . . . . .
          4: . 1 2 1 .
          5: . . . . .
          6: . . 1 2 1

o12 : BettiTally

i13 : betti(B, Weights => {1,0})

             0 1 2 3 4
o13 = total: 1 4 6 4 1
         -4: . . 1 1 .
         -3: . 1 1 1 1
         -2: . . 1 1 .
         -1: . 1 1 . .
          0: 1 1 1 1 .
          1: . 1 1 . .

o13 : BettiTally

i14 : betti(B, Weights => {0,1})

             0 1 2 3 4
o14 = total: 1 4 6 4 1
         -1: . 1 3 3 1
          0: 1 3 3 1 .

o14 : BettiTally

i15 : multigraded B

          0          1              2           3     4
o15 =  0: 1          .              .           .     .
       1: . a+a^(-2)*b              .           .     .
       2: .          .       a^(-1)*b           .     .
       3: .          b              .           .     .
       4: .          . a*b+a^(-2)*b^2           .     .
       5: .      a^2*b              .  a^(-1)*b^2     .
       6: .          .      a^3*b+b^2           .     .
       7: .          .              .       a*b^2     .
       8: .          .        a^2*b^2           .     .
       9: .          .              . a^3*b^2+b^3     .
      10: .          .              .           . a*b^3

o15 : MultigradedBettiTally

i16 : S = ZZ/10007[x,y];

i17 : G = gb ideal(x^3+y^3, x*y^4);

i18 : gens G

o18 = | x3+y3 xy4 y7 |

              1      3
o18 : Matrix S  <-- S

i19 : betti G

             0 1
o19 = total: 1 3
          0: 1 .
          1: . .
          2: . 1
          3: . .
          4: . 1
          5: . .
          6: . 1

o19 : BettiTally

i20 : S = ZZ/10007[x,y];

i21 : betti matrix {{x^3, x*y^2}, {y*x, y^2}}

             0 1
o21 = total: 2 2
          0: 2 .
          1: . .
          2: . 2

o21 : BettiTally

i22 : S = ZZ/10007[x,y];

i23 : betti coker matrix{{x^3, x*y^2}, {y*x^2, y^3}}

             0 1
o23 = total: 2 2
          0: 2 .
          1: . .
          2: . 2

o23 : BettiTally

i24 : betti coker map(S^{0,-1}, , matrix{{x^2, y}, {y^3, x^2}})

             0 1
o24 = total: 2 2
          0: 1 .
          1: 1 .
          2: . 1
          3: . 1

o24 : BettiTally

i25 : S = ZZ/10007[x,y];

i26 : I = ideal(x,x^2,y^3);

o26 : Ideal of S

i27 : betti I

             0 1
o27 = total: 1 3
          0: 1 1
          1: . 1
          2: . 1

o27 : BettiTally

i28 : betti comodule I

             0 1
o28 = total: 1 3
          0: 1 1
          1: . 1
          2: . 1

o28 : BettiTally

i29 : 
