-- -*- M2-comint -*- hash: 14410259060777367051

i1 : for i from 1 to 10 do if i == 7 then break 12345

o1 = 12345

i2 : table(3,3,(i,j) -> if i == 1 then break 3 else "hi")

o2 = {{hi, hi, hi}, 3, {hi, hi, hi}}

o2 : List

i3 : table(3,3,(i,j) -> if j == 1 then break 3 else "hi")

o3 = {3, 3, 3}

o3 : List

i4 : load "Macaulay2Doc/demos/demo1.m2"

i5 : g 2
/usr/local/share/Macaulay2/Macaulay2Doc/demos/demo1.m2:8:11:(3):[3]: error: division by zero
/usr/local/share/Macaulay2/Macaulay2Doc/demos/demo1.m2:8:11:(3): entering debugger (enter 'help' to see commands)
/usr/local/share/Macaulay2/Macaulay2Doc/demos/demo1.m2:8:
10-8:13: --source code:
     b := 1/x;

ii6 : x

oo6 = 0

ii7 : break

i8 : g 3

     7
o8 = -
     2

o8 : QQ

i9 : 
