-- -*- M2-comint -*- hash: 3541583886750511673

i1 : needsPackage "FirstPackage"

o1 = FirstPackage

o1 : Package

i2 : check_1 FirstPackage
 -- warning: reloading FirstPackage; recreate instances of types from this package
 -- capturing check(1, "FirstPackage")        -- .145875s elapsed

i3 : check FirstPackage
 -- capturing check(0, "FirstPackage")        -- .142468s elapsed
 -- capturing check(1, "FirstPackage")        -- .141647s elapsed

i4 : check_1 "FirstPackage"
 -- capturing check(1, "FirstPackage")        -- .141795s elapsed

i5 : check "FirstPackage"
 -- capturing check(0, "FirstPackage")        -- .142449s elapsed
 -- capturing check(1, "FirstPackage")        -- .141607s elapsed

i6 : tests(1, "FirstPackage")

o6 = TestInput[/usr/local/share/Macaulay2/FirstPackage.m2:58:5-60:3]

o6 : TestInput

i7 : check oo
 -- capturing check(1, "FirstPackage")        -- .142331s elapsed

i8 : tests "FirstPackage"

o8 = {0 => TestInput[/usr/local/share/Macaulay2/FirstPackage.m2:54:5-56:3]}
     {1 => TestInput[/usr/local/share/Macaulay2/FirstPackage.m2:58:5-60:3]}

o8 : NumberedVerticalList

i9 : check oo
 -- capturing check(0, "FirstPackage")        -- .152401s elapsed
 -- capturing check(1, "FirstPackage")        -- .14128s elapsed

i10 : tests "FirstPackage"

o10 = {0 => TestInput[/usr/local/share/Macaulay2/FirstPackage.m2:54:5-56:3]}
      {1 => TestInput[/usr/local/share/Macaulay2/FirstPackage.m2:58:5-60:3]}

o10 : NumberedVerticalList

i11 : check 1
 -- capturing check(1, "FirstPackage")        -- .140206s elapsed

i12 : 
