-- -*- M2-comint -*- hash: 1330433112674

i1 : Layout

o1 = HashTable{1 => HashTable{"bin" => bin/                                                    }                  }
                              "data" => share/
                              "docdir" => share/doc/Macaulay2/
                              "emacs" => share/emacs/site-lisp/macaulay2/
                              "factory gftables" => /usr/share/singular/factory/
                              "info" => share/info/
                              "lib" => lib/
                              "libraries" => lib/Macaulay2/lib/
                              "man" => share/man/
                              "package" => share/Macaulay2/PKG/
                              "packagecache" => lib/Macaulay2/PKG/cache/
                              "packagedoc" => share/doc/Macaulay2/PKG/
                              "packageexampleoutput" => share/doc/Macaulay2/PKG/example-output/
                              "packagehtml" => share/doc/Macaulay2/PKG/html/
                              "packagelib" => lib/Macaulay2/PKG/
                              "packages" => share/Macaulay2/
                              "program licenses" => libexec/Macaulay2/program-licenses/
                              "programs" => libexec/Macaulay2/bin/
               2 => HashTable{"bin" => x86_64-Linux-Ubuntu-24.04/bin/                                            }
                              "data" => common/share/
                              "docdir" => common/share/doc/Macaulay2/
                              "emacs" => common/share/emacs/site-lisp/macaulay2/
                              "factory gftables" => /usr/share/singular/factory/
                              "info" => common/share/info/
                              "lib" => x86_64-Linux-Ubuntu-24.04/lib/
                              "libraries" => x86_64-Linux-Ubuntu-24.04/lib/Macaulay2/lib/
                              "man" => common/share/man/
                              "package" => common/share/Macaulay2/PKG/
                              "packagecache" => x86_64-Linux-Ubuntu-24.04/lib/Macaulay2/PKG/cache/
                              "packagedoc" => common/share/doc/Macaulay2/PKG/
                              "packageexampleoutput" => common/share/doc/Macaulay2/PKG/example-output/
                              "packagehtml" => common/share/doc/Macaulay2/PKG/html/
                              "packagelib" => x86_64-Linux-Ubuntu-24.04/lib/Macaulay2/PKG/
                              "packages" => common/share/Macaulay2/
                              "program licenses" => x86_64-Linux-Ubuntu-24.04/libexec/Macaulay2/program-licenses/
                              "programs" => x86_64-Linux-Ubuntu-24.04/libexec/Macaulay2/bin/

o1 : HashTable

i2 : 
