-- -*- M2-comint -*- hash: 5821485747876709587

i1 : R = ZZ[a..i];

i2 : det matrix{{a,b},{c,d}}

o2 = - b*c + a*d

o2 : R

i3 : m = matrix{{0,a,b},{a+b,a,d},{e,f,g}}

o3 = | 0   a b |
     | a+b a d |
     | e   f g |

             3      3
o3 : Matrix R  <-- R

i4 : det(m, Strategy => Cofactor)

                                2     2
o4 = - a*b*e + a*d*e + a*b*f + b f - a g - a*b*g

o4 : R

i5 : minors(2,m, Strategy => Bareiss)

               2                                          2
o5 = ideal (- a  - a*b, -a*e, - a*e + a*f + b*f, - a*b - b , -b*e, - d*e +
     ------------------------------------------------------------------------
     a*g + b*g, - a*b + a*d, - b*f + a*g, - d*f + a*g)

o5 : Ideal of R

i6 : exteriorPower(2,m, Strategy => Dynamic)

o6 = | -a2-ab    -ab-b2    -ab+ad |
     | -ae       -be       -bf+ag |
     | -ae+af+bf -de+ag+bg -df+ag |

             3      3
o6 : Matrix R  <-- R

i7 : R = QQ[x,y,z];

i8 : f = matrix{{x,y,z},{y,z,x^2}}

o8 = | x y z  |
     | y z x2 |

             2      3
o8 : Matrix R  <-- R

i9 : I = minors(2,f)

               2         3         2     2
o9 = ideal (- y  + x*z, x  - y*z, x y - z )

o9 : Ideal of R

i10 : R = ZZ[a..i];

i11 : M = genericMatrix(R,a,3,3);

              3      3
o11 : Matrix R  <-- R

i12 : minors(2,M,First => {{0,1},{1,2}}, Limit => 3)

o12 = ideal (- e*g + d*h, - f*g + d*i, - f*h + e*i)

o12 : Ideal of R

i13 : 
