-- -*- M2-comint -*- hash: 1332238049523

i1 : dictionaryPath

o1 = {GlobalDictionary{}, Macaulay2Doc.Dictionary, Varieties.Dictionary,
     ------------------------------------------------------------------------
     Isomorphism.Dictionary, Truncations.Dictionary, Polyhedra.Dictionary,
     ------------------------------------------------------------------------
     Saturation.Dictionary, Elimination.Dictionary, Complexes.Dictionary,
     ------------------------------------------------------------------------
     TangentCone.Dictionary, SimpleDoc.Dictionary, ReesAlgebra.Dictionary,
     ------------------------------------------------------------------------
     PrimaryDecomposition.Dictionary, MinimalPrimes.Dictionary,
     ------------------------------------------------------------------------
     PackageCitations.Dictionary, OnlineLookup.Dictionary,
     ------------------------------------------------------------------------
     LLLBases.Dictionary, InverseSystems.Dictionary,
     ------------------------------------------------------------------------
     IntegralClosure.Dictionary, ConwayPolynomials.Dictionary,
     ------------------------------------------------------------------------
     Classic.Dictionary, Core.Dictionary, GlobalDictionary{...1...},
     ------------------------------------------------------------------------
     PackageDictionary}

o1 : List

i2 : 
