-- -*- M2-comint -*- hash: 11705990648014535296

i1 : load "Macaulay2Doc/demos/demo3.m2"
hi

i2 : get loadedFiles#(#loadedFiles-1)

o2 = print hi
     end
     print ho


i3 : load "Macaulay2Doc/demos/demo1.m2"

i4 : g 2
/usr/local/share/Macaulay2/Macaulay2Doc/demos/demo1.m2:8:11:(3):[3]: error: division by zero
/usr/local/share/Macaulay2/Macaulay2Doc/demos/demo1.m2:8:11:(3): entering debugger (enter 'help' to see commands)
/usr/local/share/Macaulay2/Macaulay2Doc/demos/demo1.m2:8:
10-8:13: --source code:
     b := 1/x;

ii5 : end
/usr/local/share/Macaulay2/Macaulay2Doc/demos/demo1.m2:13:11:(3): entering debugger (enter 'help' to see commands)
/usr/local/share/Macaulay2/Macaulay2Doc/demos/demo1.m2:13:
10-13:16: --source code:
     d := f(y-2);

ii6 : end

i7 : g 3

     7
o7 = -
     2

o7 : QQ

i8 : 
