-- -*- M2-comint -*- hash: 381098971487049925

i1 : load "Macaulay2Doc/demos/demo2.m2"

i2 : code F

o2 = /usr/local/share/Macaulay2/Macaulay2Doc/demos/demo2.
     m2:14:4-20:6: --source code:
     F = t -> (
          x := 1;
          breakpoint "debug me";
          y := t+1;
          z := 1/t;
          w := x+t;
          )

i3 : code G

o3 = /usr/local/share/Macaulay2/Macaulay2Doc/demos/demo2.
     m2:22:4-26:1: --source code:
     G = t -> (
          x := 1;
          F(t);
          Z := "Zedd"
     )

i4 : G(1)
/usr/local/share/Macaulay2/Macaulay2Doc/demos/demo2.m2:16:16:(3): entering debugger (enter 'help' to see commands)
/usr/local/share/Macaulay2/Macaulay2Doc/demos/demo2.m2:16:
16-16:26: --source code:
     breakpoint "debug me";

ii5 : step
/usr/local/share/Macaulay2/Macaulay2Doc/demos/demo2.m2:16:16:(3):[3]: unhandled step command
/usr/local/share/Macaulay2/Macaulay2Doc/demos/demo2.m2:17:11:(3):[3]: --stepping limit reached
/usr/local/share/Macaulay2/Macaulay2Doc/demos/demo2.m2:17:11:(3): entering debugger (enter 'help' to see commands)
/usr/local/share/Macaulay2/Macaulay2Doc/demos/demo2.m2:17:
5-17:13: --source code:
     y := t+1;

ii6 : finish
/usr/local/share/Macaulay2/Macaulay2Doc/demos/demo2.m2:25:10:(3):[2]: --stepping limit reached
/usr/local/share/Macaulay2/Macaulay2Doc/demos/demo2.m2:25:10:(3): entering debugger (enter 'help' to see commands)
/usr/local/share/Macaulay2/Macaulay2Doc/demos/demo2.m2:25:
5-25:16: --source code:
     Z := "Zedd"

ii7 : continue

o7 = Zedd

i8 : 
