-- -*- M2-comint -*- hash: 7887829733734597

i1 : s = "a\"b\"c"

o1 = a"b"c

i2 : t = format s

o2 = "a\"b\"c"

i3 : u = value t

o3 = a"b"c

i4 : u == s

o4 = true

i5 : format(ascii(0..31) | "\"\\")

o5 = "\u0000\u0001\u0002\u0003\u0004\u0005\u0006\u0007\b\t\n\u000b\f\r\u000e\
     u000f\u0010\u0011\u0012\u0013\u0014\u0015\u0016\u0017\u0018\u0019\u001a\
     u001b\u001c\u001d\u001e\u001f\"\\"

i6 : format(10,1/3000.)

o6 = .0003333333333

i7 : format(10,6,1/3000.)

o7 = .000333

i8 : format(10,6,2,1/3000.)

o8 = 3.33e-4

i9 : format(10,300000.)

o9 = 300000

i10 : format(10,-1,10,5,300000.)

o10 = 300000

i11 : format(10,-1,10,4,300000.)

o11 = 3e5

i12 : format(10,-1,10,4,"E",300000.)

o12 = 3E5

i13 : 
