-- -*- M2-comint -*- hash: 17971188693081847180

i1 : (d, r, s) = gcdCoefficients(46, 240)

o1 = (2, 47, -9)

o1 : Sequence

i2 : gcd(46, 240)

o2 = 2

i3 : 46 * r + 240 * s

o3 = 2

i4 : R = ZZ/2[x]

o4 = R

o4 : PolynomialRing

i5 : f = x^8 + x^4 + x^3 + x + 1

      8    4    3
o5 = x  + x  + x  + x + 1

o5 : R

i6 : g = x^6 + x^4 + x + 1

      6    4
o6 = x  + x  + x + 1

o6 : R

i7 : (d, r, s) = gcdCoefficients(f, g)

          5    4    3    2       7    6    3
o7 = (1, x  + x  + x  + x  + 1, x  + x  + x  + x)

o7 : Sequence

i8 : gcd(f, g)

o8 = 1

o8 : R

i9 : f * r + g * s

o9 = 1

o9 : R

i10 : 
