-- -*- M2-comint -*- hash: 16870941157101002075

i1 : interval 3

o1 = [3,3]

o1 : RRi (of precision 53)

i2 : interval(2 + 5*ii)

o2 = [2,2]+[5,5]*ii

o2 : CCi (of precision 53)

i3 : interval(2, 3)

o3 = [2,3]

o3 : RRi (of precision 53)

i4 : interval(5, 4)

o4 = [5,4] (an empty interval)

o4 : RRi (of precision 53)

i5 : interval [7, 8]

o5 = [7,8]

o5 : RRi (of precision 53)

i6 : interval(2 + 3*ii, 5 + 4*ii)

o6 = [2,5]+[3,4]*ii

o6 : CCi (of precision 53)

i7 : interval(interval(3, 4), interval(5, 6))

o7 = [3,4]+[5,6]*ii

o7 : CCi (of precision 53)

i8 : interval(Precision => 100, 5)

o8 = [5,5]

o8 : RRi (of precision 100)

i9 : 
