-- -*- M2-comint -*- hash: 8532186131827948880

i1 : notify = true

o1 = true

i2 : loadPackage "FirstPackage"
 -- loading FirstPackage.m2
 -- opening database /usr/local/lib/Macaulay2/FirstPackage/cache/rawdocumentation-dcba-8.db
 -- beginDocumentation: using documentation database, skipping the rest of /usr/local/share/Macaulay2/FirstPackage.m2
 -- package "FirstPackage" loaded
 -- loaded /usr/local/share/Macaulay2/FirstPackage.m2

o2 = FirstPackage

o2 : Package

i3 : loadPackage FirstPackage
 -- warning: reloading FirstPackage; recreate instances of types from this package
 -- closing database /usr/local/lib/Macaulay2/FirstPackage/cache/rawdocumentation-dcba-8.db
 -- loading FirstPackage.m2
 -- beginDocumentation: reading the rest of /usr/local/share/Macaulay2/FirstPackage.m2
 -- package "FirstPackage" loaded
 -- loaded /usr/local/share/Macaulay2/FirstPackage.m2

o3 = FirstPackage

o3 : Package

i4 : 
