-- -*- M2-comint -*- hash: 12891738944446209540

i1 : locate needs

o1 = /usr/local/share/Macaulay2/Core/Core.m2:148:8-148:68

o1 : FilePosition

i2 : code needs

o2 = /usr/local/share/Macaulay2/Core/Core.m2:148:8-148:68: --source
     code:
     needs = filename -> (loadPath(path, filename, simpleNeeds, notify);)

i3 : locate(jacobian, Matrix)

o3 = /usr/local/share/Macaulay2/Core/matrix.m2:556:29-556:66

o3 : FilePosition

i4 : locate methods jacobian

o4 = {0 => (/usr/local/share/Macaulay2/Core/matrix.m2:556:29-556:66) }
     {1 => (/usr/local/share/Macaulay2/Core/matrix.m2:557:27-557:62) }
     {2 => (/usr/local/share/Macaulay2/Core/matrix.m2:558:34-558:60) }
     {3 => (/usr/local/share/Macaulay2/Core/matrix1.m2:506:28-506:56)}

o4 : NumberedVerticalList

i5 : methods doc

o5 = {0 => (doc, String)}

o5 : NumberedVerticalList

i6 : locate 0

o6 = /usr/local/share/Macaulay2/SimpleDoc.m2:42:14-49:83

o6 : FilePosition

i7 : peek oo

o7 = FilePosition{/usr/local/share/Macaulay2/SimpleDoc.m2,
     ------------------------------------------------------------------------
     42, 14, 49, 83, 42, 14}

i8 : 
