-- -*- M2-comint -*- hash: 4822100820042000980

i1 : fib = n -> if n <= 1 then 1 else fib(n-1) + fib(n-2)

o1 = fib

o1 : FunctionClosure

i2 : time fib 28
 -- used 1.08165s (cpu); 0.763264s (thread); 0s (gc)

o2 = 514229

i3 : fib = memoize fib

o3 = fib

o3 : FunctionClosure

i4 : time fib 28
 -- used 5.888e-05s (cpu); 5.8569e-05s (thread); 0s (gc)

o4 = 514229

i5 : time fib 28
 -- used 2.364e-06s (cpu); 2.144e-06s (thread); 0s (gc)

o5 = 514229

i6 : fib = memoize( n -> fib(n-1) + fib(n-2) )

o6 = fib

o6 : FunctionClosure

i7 : fib 0 = fib 1 = 1;

i8 : fib 28

o8 = 514229

i9 : peek memoizeValues fib

o9 = MutableHashTable{0 => 1      }
                      1 => 1
                      2 => 2
                      3 => 3
                      4 => 5
                      5 => 8
                      6 => 13
                      7 => 21
                      8 => 34
                      9 => 55
                      10 => 89
                      11 => 144
                      12 => 233
                      13 => 377
                      14 => 610
                      15 => 987
                      16 => 1597
                      17 => 2584
                      18 => 4181
                      19 => 6765
                      20 => 10946
                      21 => 17711
                      22 => 28657
                      23 => 46368
                      24 => 75025
                      25 => 121393
                      26 => 196418
                      27 => 317811
                      28 => 514229

i10 : memoizeClear fib

i11 : peek memoizeValues fib

o11 = MutableHashTable{}

i12 : 
