-- -*- M2-comint -*- hash: 2853717968606212847

i1 : R=ZZ/101[a,b,c]

o1 = R

o1 : PolynomialRing

i2 : (a+b+c+1)^2

      2           2                  2
o2 = a  + 2a*b + b  + 2a*c + 2b*c + c  + 2a + 2b + 2c + 1

o2 : R

i3 : b^2 > a*c

o3 = true

i4 : b^2 ? a*c

o4 = >

o4 : Keyword

i5 : sort {1_R, a, a^2, b, b^2, a*b, a^3, b^3}

                2        2   3   3
o5 = {1, b, a, b , a*b, a , b , a }

o5 : List

i6 : R=ZZ/101[a,b,c,MonomialOrder=>GLex];

i7 : (a+b+c+1)^2

      2                  2           2
o7 = a  + 2a*b + 2a*c + b  + 2b*c + c  + 2a + 2b + 2c + 1

o7 : R

i8 : R=ZZ/101[a,b,c,MonomialOrder=>Lex];

i9 : (a+b+c+1)^2

      2                       2                2
o9 = a  + 2a*b + 2a*c + 2a + b  + 2b*c + 2b + c  + 2c + 1

o9 : R

i10 : R=ZZ/101[a,b,c,MonomialOrder=>Eliminate 2];

i11 : (a+b+c+1)^2

       2           2                            2
o11 = a  + 2a*b + b  + 2a*c + 2b*c + 2a + 2b + c  + 2c + 1

o11 : R

i12 : R=ZZ/101[a,b,c,MonomialOrder=>ProductOrder{1,2}];

i13 : (a+b+c+1)^2

       2                       2           2
o13 = a  + 2a*b + 2a*c + 2a + b  + 2b*c + c  + 2b + 2c + 1

o13 : R

i14 : 
