-- -*- M2-comint -*- hash: 4895042586473458472

i1 : ofClass class 3

o1 = an "integer"

i2 : peek oo

o2 = SPAN{"an ", TO2{Macaulay2Doc :: ZZ, "integer"}}

i3 : ofClass Ring

o3 = a "ring"

i4 : needsPackage "Text"

o4 = Text

o4 : Package

i5 : SPAN ofClass {HashTable, ProjectiveVariety}

o5 = a "hash table" or a "projective variety"

i6 : document { Key => foo, "We may need ", ofClass ZZ, " and ", ofClass HashTable, "." }

o6 = HashTable{Description => (We may need , an "integer",  and , a "hash table", .)}
               DocumentTag => User :: foo
               "filename" => currentString
               Key => foo
               "linenum" => 7

o6 : HashTable

i7 : help foo

o7 = foo
     ***

     Description
     ===========

     We may need an "integer" and a "hash table".

     For the programmer
     ==================

     The object "foo" is a "symbol".

     ------------------------------------------------------------------------

     The source of this document is in currentString:7:0.

i8 : 
