-- -*- M2-comint -*- hash: 18175061393116348798

i1 : ker Matrix := on(lookup(ker,Matrix),GenerateAssertions=>true,Name=>"ker"); 

i2 : f = x -> kernel (x|x);

i3 : R = QQ[a..c];

i4 : f vars R
-- ker (1) called with OptionTable: OptionTable{DegreeLimit => {}       }
--                                              Strategy => {}
--                                              SubringLimit => infinity
-- ker (1) returned FunctionClosure: FunctionClosure[/usr/local/share/Macaulay2/Core/matrix1.m2:586:35-596:58]
-- ker (1) called with Matrix: | a b c a b c |
-- ker (1) returned Module: image {1} | -1 0  0  -b 0  -c |
--                                {1} | 0  -1 0  a  -c 0  |
--                                {1} | 0  0  -1 0  b  a  |
--                                {1} | 1  0  0  0  0  0  |
--                                {1} | 0  1  0  0  0  0  |
--                                {1} | 0  0  1  0  0  0  |
assert( ker(map(R^1,R^{6:{-1}},{{a, b, c, a, b, c}})) === (image(map(R^{6:{-1}},R^{3:{-1}, 3:{-2}},{{-1, 0, 0, -b, 0, -c}, {0, -1, 0, a, -c, 0}, {0, 0, -1, 0, b, a}, {1, 0, 0, 0, 0, 0}, {0, 1, 0, 0, 0, 0}, {0, 0, 1, 0, 0, 0}}))))

o4 = image {1} | -1 0  0  -b 0  -c |
           {1} | 0  -1 0  a  -c 0  |
           {1} | 0  0  -1 0  b  a  |
           {1} | 1  0  0  0  0  0  |
           {1} | 0  1  0  0  0  0  |
           {1} | 0  0  1  0  0  0  |

                             6
o4 : R-module, submodule of R

i5 : 
