-- -*- M2-comint -*- hash: 6162376747621621425

i1 : options res

o1 = OptionTable{DegreeLimit => infinity       }
                 HardDegreeLimit => {}
                 LengthLimit => infinity
                 PairLimit => infinity
                 ParallelizeByDegree => false
                 SortStrategy => 0
                 StopBeforeComputation => false
                 Strategy => null
                 SyzygyLimit => infinity

o1 : OptionTable

i2 : options codim

i3 : options(codim, Ideal)

o3 = OptionTable{Generic => false}

o3 : OptionTable

i4 : methods codim

o4 = {0 => (codim, Ideal)         }
     {1 => (codim, PolynomialRing)}
     {2 => (codim, CoherentSheaf) }
     {3 => (codim, BettiTally)    }
     {4 => (codim, QuotientRing)  }
     {5 => (codim, Module)        }
     {6 => (codim, Variety)       }
     {7 => (codim, MonomialIdeal) }

o4 : NumberedVerticalList

i5 : options oo

o5 = {0 => (OptionTable{Generic => false})}
     {1 => (OptionTable{Generic => false})}
     {2 => (OptionTable{Generic => false})}
     {3 => (OptionTable{})                }
     {4 => (OptionTable{Generic => false})}
     {5 => (OptionTable{Generic => false})}
     {6 => (OptionTable{Generic => false})}
     {7 => (OptionTable{Generic => false})}

o5 : NumberedVerticalList

i6 : methods intersect

o6 = {0 => (intersect, List)                          }
     {1 => (intersect, RRi, RRi)                      }
     {2 => (intersect, Ideal)                         }
     {3 => (intersect, Set, Set)                      }
     {4 => (intersect, Matrix, Matrix, Matrix, Matrix)}
     {5 => (intersect, Set)                           }
     {6 => (intersect, Polyhedron, Polyhedron)        }
     {7 => (intersect, Cone, Cone)                    }
     {8 => (intersect, Module, Module)                }
     {9 => (intersect, Matrix)                        }
     {10 => (intersect, CCi)                          }
     {11 => (intersect, RRi)                          }
     {12 => (intersect, Matrix, Matrix)               }
     {13 => (intersect, CCi, CCi)                     }
     {14 => (intersect, Polyhedron, Cone)             }
     {15 => (intersect, Cone, Polyhedron)             }
     {16 => (intersect, Module)                       }
     {17 => (intersect, Ideal, Ideal)                 }
     {18 => (intersect, CCi, RRi)                     }
     {19 => (intersect, RRi, CCi)                     }
     {20 => (intersect, Sequence)                     }

o6 : NumberedVerticalList

i7 : options 0

o7 = OptionTable{}

o7 : OptionTable

i8 : 
