-- -*- M2-comint -*- hash: 1330430890777

i1 : options Core

o1 = OptionTable{Authors => {{Name => Daniel R. Grayson, Email => dan@math.uiuc.edu, HomePage => http://www.math.uiuc.edu/~dan/}, {Name => Michael E. Stillman, Email => mike@math.cornell.edu, HomePage => https://math.cornell.edu/michael-e-stillman}}}
                 AuxiliaryFiles => false
                 CacheExampleOutput => null
                 Certification => null
                 Configuration => {}
                 Date => Aug  7 2026, 01:28:07
                 DebuggingMode => false
                 Headline => a computer algebra system designed to support algebraic geometry
                 HomePage => https://Macaulay2.com/
                 InfoDirSection => Macaulay2 and its packages
                 Keywords => {Uncategorized}
                 OptionalComponentsPresent => true
                 PackageExports => {}
                 PackageImports => {}
                 Reload => true
                 UseCachedExampleOutput => false
                 Version => 1.26.05

o1 : OptionTable

i2 : 
