-- -*- M2-comint -*- hash: 7664009827031596294

i1 : S = ZZ/101[w..z];

i2 : M = module monomialCurveIdeal(S, {1,3,4});

i3 : betti res M

            0 1 2
o3 = total: 4 4 1
         2: 1 . .
         3: 3 4 1

o3 : BettiTally

i4 : poincare M

      2     3     4    5
o4 = T  + 3T  - 4T  + T

o4 : ZZ[T]

i5 : hilbertSeries M

      2     3     4    5
     T  + 3T  - 4T  + T
o5 = -------------------
                  4
           (1 - T)

o5 : Expression of class Divide

i6 : R = ZZ/101[x]/ideal(x^2);

i7 : poincare R

          2
o7 = 1 - T

o7 : ZZ[T]

i8 : numerator hilbertSeries R

          2
o8 = 1 - T

o8 : ZZ[T]

i9 : R = ZZ/101[x,y, DegreeRank => 2]/ideal(x^2*y);

i10 : poincare R

           2
o10 = 1 - T T
           0 1

o10 : ZZ[T ..T ]
          0   1

i11 : numerator hilbertSeries R

           2
o11 = 1 - T T
           0 1

o11 : ZZ[T ..T ]
          0   1

i12 : R = ZZ/101[w..z];

i13 : M = module monomialCurveIdeal(R, {1,3,4});

i14 : poincare M

       2     3     4    5
o14 = T  + 3T  - 4T  + T

o14 : ZZ[T]

i15 : numerator reduceHilbert hilbertSeries M

       2     3     4    5
o15 = T  + 3T  - 4T  + T

o15 : ZZ[T]

i16 : R = ZZ/101[w..z];

i17 : I = monomialCurveIdeal(R, {1,3,4});

o17 : Ideal of R

i18 : poincare I

           2     3     4    5
o18 = 1 - T  - 3T  + 4T  - T

o18 : ZZ[T]

i19 : poincare comodule I

           2     3     4    5
o19 = 1 - T  - 3T  + 4T  - T

o19 : ZZ[T]

i20 : numerator hilbertSeries I

           2     3     4    5
o20 = 1 - T  - 3T  + 4T  - T

o20 : ZZ[T]

i21 : numerator reduceHilbert hilbertSeries I

                 2    3
o21 = 1 + 2T + 2T  - T

o21 : ZZ[T]

i22 : poincare module I

       2     3     4    5
o22 = T  + 3T  - 4T  + T

o22 : ZZ[T]

i23 : R = ZZ/101[a..g];

i24 : I = ideal random(R^1, R^{3:-3});

o24 : Ideal of R

i25 : p = poincare ideal(a^3, b^3, c^3)

            3     6    9
o25 = 1 - 3T  + 3T  - T

o25 : ZZ[T]

i26 : poincare I = p

            3     6    9
o26 = 1 - 3T  + 3T  - T

o26 : ZZ[T]

i27 : gbTrace = 3

o27 = 3

i28 : time poincare I
 -- used 9.63e-05s (cpu); 7.935e-06s (thread); 0s (gc)

            3     6    9
o28 = 1 - 3T  + 3T  - T

o28 : ZZ[T]

i29 : time gens gb I;

   -- registering gb 16 at 0x7fa7493598c0

   -- [gb]{3}(3,3)mmm{4}(2,2)mm{5}(3,3)mmm{6}(2,6)mm{7}(1,4)m{8}(0,2)number of (nonminimal) gb elements = 11
   -- number of monomials                = 4186
   -- #reduction steps = 38
   -- #spairs done = 11
   -- ncalls = 10
   -- nloop = 29
   -- nsaved = 0
   --  -- used 0.00789139s (cpu); 0.00854931s (thread); 0s (gc)

              1      11
o29 : Matrix R  <-- R

i30 : R = QQ[a..d];

i31 : I = ideal random(R^1, R^{3:-3});

   -- registering gb 17 at 0x7fa749359700

   -- [gb]number of (nonminimal) gb elements = 0
   -- number of monomials                = 0
   -- #reduction steps = 0
   -- #spairs done = 0
   -- ncalls = 0
   -- nloop = 0
   -- nsaved = 0
   -- 
o31 : Ideal of R

i32 : time p = poincare I

   -- registering gb 18 at 0x7fa749359540

   -- [gb]{3}(3)mmm{4}(2)mm{5}(3)mmm{6}(6)mmoooo{7}(4)mooo{8}(2)oonumber of (nonminimal) gb elements = 11
   -- number of monomials                = 267
   -- #reduction steps = 236
   -- #spairs done = 30
   -- ncalls = 10
   -- nloop = 20
   -- nsaved = 0
   --  -- used 0.00399749s (cpu); 0.00341566s (thread); 0s (gc)

            3     6    9
o32 = 1 - 3T  + 3T  - T

o32 : ZZ[T]

i33 : S = QQ[a..d, MonomialOrder => Eliminate 2]

o33 = S

o33 : PolynomialRing

i34 : J = substitute(I, S)

             4 3   5 2    1   2   6 3   5 2    9        6 2    1 2    5     
o34 = ideal (-a  + -a b + -a*b  + -b  + -a c + -a*b*c + -b c + -a d + -a*b*d
             9     3      9       5     6      7        7      7      3     
      -----------------------------------------------------------------------
          2        2    3   2   8        9        6   2   1   2    3 3   3 2 
      + 6b d + 3a*c  + --b*c  + -a*c*d + -b*c*d + -a*d  + -b*d  + --c  + -c d
                       10       7        4        5       3       10     8   
      -----------------------------------------------------------------------
        1   2   1 3  1 3   8 2        2   1 3   5 2    5        3 2    3 2   
      + -c*d  + -d , -a  + -a b + 7a*b  + -b  + -a c + -a*b*c + -b c + -a d +
        2       3    2     7              8     7      3        2      2     
      -----------------------------------------------------------------------
      6         1 2    3   2   7   2   1        8        5   2   7   2   7 3
      -a*b*d + --b d + -a*c  + -b*c  + -a*c*d + -b*c*d + -a*d  + -b*d  + -c 
      5        10      2       5       5        5        4       8       9  
      -----------------------------------------------------------------------
        5 2    7   2   7 3  4 3    1 2    1   2   6 3   7 2    1        7 2 
      + -c d + -c*d  + -d , -a  + --a b + -a*b  + -b  + -a c + -a*b*c + -b c
        9      4       3    3     10      7       7     4      7        8   
      -----------------------------------------------------------------------
         9 2    1        3 2    4   2   10   2   1        7        3   2  
      + --a d + -a*b*d + -b d + -a*c  + --b*c  + -a*c*d + -b*c*d + -a*d  +
        10      7        7      3        9       9        8        4      
      -----------------------------------------------------------------------
      5   2    3 3   10 2    5   2   7 3
      -b*d  + --c  + --c d + -c*d  + -d )
      8       10      3      3       6

o34 : Ideal of S

i35 : poincare J = p

            3     6    9
o35 = 1 - 3T  + 3T  - T

o35 : ZZ[T]

i36 : gbTrace = 3

o36 = 3

i37 : time gens gb J;

   -- registering gb 19 at 0x7fa749359380

   -- [gb]{3}(3,3)mmm{4}(2,2)mm{5}(3,3)mmm{6}(3,7)mmm{7}(3,8)mmm{8}(3,9)mmm{9}(3,9)m
   -- mm{10}(2,8)mm{11}(1,5)m{12}(1,3)m{13}(1,3)m{14}(1,3)m{15}(1,3)m{16}(1,3)m
   -- {17}(1,3)m{18}(1,3)m{19}(1,3)m{20}(1,3)m{21}(1,3)m{22}(1,3)m{23}(1,3)m{24}(1,3)m
   -- {25}(1,3)m{26}(1,3)m{27}(1,3)m{28}(0,2)number of (nonminimal) gb elements = 39
   -- number of monomials                = 1051
   -- #reduction steps = 284
   -- #spairs done = 53
   -- ncalls = 46
   -- nloop = 54
   -- nsaved = 0
   --  -- used 0.038999s (cpu); 0.0393602s (thread); 0s (gc)

              1      39
o37 : Matrix S  <-- S

i38 : selectInSubring(1, gens gb J)

o38 = | 188529931266160087758259645374082357642621166724936033369975727480205
      -----------------------------------------------------------------------
      780366105497374720c27-1805207130808189336676824747461756831115888179114
      -----------------------------------------------------------------------
      675837159119721500848468680769270609920c26d+
      -----------------------------------------------------------------------
      25188254535845128013915695691417130847826961499580893648445623014911260
      -----------------------------------------------------------------------
      540458036418702080c25d2-
      -----------------------------------------------------------------------
      12023694084286715955371391764933626550583350583428249209655177676246034
      -----------------------------------------------------------------------
      5914586464295168768c24d3+
      -----------------------------------------------------------------------
      25929850612605234224479094120220582280476333073808435557930257675170356
      -----------------------------------------------------------------------
      3429792694486470064c23d4-
      -----------------------------------------------------------------------
      16484464315499365027641389569177511019951274839221007784895872090059629
      -----------------------------------------------------------------------
      16351572858166346200c22d5-
      -----------------------------------------------------------------------
      13770986661037196947170320156038612349733652982141187585583413401031569
      -----------------------------------------------------------------------
      531184817085262016911c21d6-
      -----------------------------------------------------------------------
      80453502345700137158064840267094362701943224521256540906364938995680877
      -----------------------------------------------------------------------
      191128995114624717562c20d7-
      -----------------------------------------------------------------------
      24075497120800210922839158144951267128653685307399070679301403777836901
      -----------------------------------------------------------------------
      5703102478700096706578c19d8-
      -----------------------------------------------------------------------
      42004671887984292277396465291348594066131785927750434745328441951513614
      -----------------------------------------------------------------------
      7086336206750361131620c18d9-
      -----------------------------------------------------------------------
      62273569328899377060417668190535151864711985771720053681658238925005376
      -----------------------------------------------------------------------
      8444778546169058828836c17d10-
      -----------------------------------------------------------------------
      86139898335779530987668981646142273833741840179129256191554963087786135
      -----------------------------------------------------------------------
      3263427331846070401288c16d11-
      -----------------------------------------------------------------------
      10162033234924659326480610436681308834829131026173370849016812597933170
      -----------------------------------------------------------------------
      15151996277012384330120c15d12-
      -----------------------------------------------------------------------
      11025563358131165900369865707774145169413474239861980132702280202554647
      -----------------------------------------------------------------------
      36592251841069942172912c14d13-
      -----------------------------------------------------------------------
      10329551864180299588894304131423608252307732937380551676405425203574446
      -----------------------------------------------------------------------
      55016286162295783562992c13d14-
      -----------------------------------------------------------------------
      89879609912373990524719875781410813162735118103573066837526497653871598
      -----------------------------------------------------------------------
      1221888502119115738416c12d15-
      -----------------------------------------------------------------------
      66069841213441405632420388383758468328650944532700529276896605019410392
      -----------------------------------------------------------------------
      5915997872983144929440c11d16-
      -----------------------------------------------------------------------
      44320198471893100086130710229030228029291235275857011799894120732864201
      -----------------------------------------------------------------------
      0643827631108968652960c10d17-
      -----------------------------------------------------------------------
      24264514277129042010317959056799310561044178822400791611458804620608954
      -----------------------------------------------------------------------
      8423188199303523346112c9d18-
      -----------------------------------------------------------------------
      10166571984477587781624257777684581607455713930958059381971352224413594
      -----------------------------------------------------------------------
      9594693427366618511168c8d19-
      -----------------------------------------------------------------------
      21717076784627776592062681811415745624322192392343990474069142674803086
      -----------------------------------------------------------------------
      756561799604120674944c7d20+
      -----------------------------------------------------------------------
      10258590894327809904194598677647618285151330971054171416246625463067196
      -----------------------------------------------------------------------
      779452975986426303104c6d21+
      -----------------------------------------------------------------------
      15424511325974579803605985277667715231156936214658155586899158211828305
      -----------------------------------------------------------------------
      590703519151193192960c5d22+
      -----------------------------------------------------------------------
      10885328591383386965189336270085146130081939129636408614283248934446562
      -----------------------------------------------------------------------
      106006036009042682880c4d23+
      -----------------------------------------------------------------------
      46811305584740730815297527990253801765313346506638337979505118220505435
      -----------------------------------------------------------------------
      71201460829817835520c3d24+
      -----------------------------------------------------------------------
      11487388743441423936981910657755921302202188652783951553025350262896141
      -----------------------------------------------------------------------
      91830783951941427200c2d25+
      -----------------------------------------------------------------------
      41485961747917410857210152722852787216031728836432135471486678726633624
      -----------------------------------------------------------------------
      573599623080345600cd26-
      -----------------------------------------------------------------------
      35820693031473606211706924619791963667160112778589085392781083208844987
      -----------------------------------------------------------------------
      833224384108953600d27 |

              1      1
o38 : Matrix S  <-- S

i39 : 
