-- -*- M2-comint -*- hash: 584961628863791768

i1 : position((10,20,43,105,6,93), odd)

o1 = 2

i2 : position((10,20,43,105,6,93), i -> i<0)

i3 : position((10,20,43,105,6,93),(18,82,12,7,35,92), (a,b) -> a>b)

o3 = 2

i4 : position((10,20,43,105,6,93), odd, Reverse => true)

o4 = 5

i5 : position((10,20,43,105,6,93),(18,82,12,7,35,92), (a,b) -> a>b, Reverse => true)

o5 = 5

i6 : position(17, i -> i^2 % 17 == 13)

o6 = 8

i7 : positions((10,20,43,105,6,93), odd)

o7 = {2, 3, 5}

o7 : List

i8 : select((10,20,43,105,6,93), odd)

o8 = (43, 105, 93)

o8 : Sequence

i9 : number((10,20,43,105,6,93), odd)

o9 = 3

i10 : 
