-- -*- M2-comint -*- hash: 17374806685462459589

i1 : pseudocode(() -> 2+4*3)

o1 = function restargs false
              numparms 0
              framesize 0
              frameID 15555
              body 2-OP + 2
                          2-OP * 4
                                 3

o1 : PseudocodeClosure

i2 : disassemble oo

o2 = (function restargs: false numparms: 0 framesize: 0 frameID: 15555 (2-OP
     + 2 (2-OP * 4 3)))

i3 : pseudocode functionBody(() -> 2+4*3)

o3 = 2-OP + 2
            2-OP * 4
                   3

o3 : Pseudocode

i4 : disassemble oo

o4 = (2-OP + 2 (2-OP * 4 3))

i5 : pseudocode resolution

o5 = function restargs true
              numparms 1
              framesize 1
              frameID 203
              body adjacent global-fetch 429
                            sequence local-fetch 1 1
                                     adjacent global-fetch 374
                                              sequence local-fetch 0 1
                                                       local-fetch 0 0

o5 : PseudocodeClosure

i6 : oo_4_1_1_0

o6 = global-fetch 374

o6 : Pseudocode

i7 : value oo

o7 = override

o7 : CompiledFunction

i8 : load "Macaulay2Doc/demos/demo1.m2"

i9 : code g

o9 = /usr/local/share/Macaulay2/Macaulay2Doc/demos/demo1.
     m2:11:4-14:9: --source code:
     g = y -> (
          c := f(y-1);
          d := f(y-2);
          c+d)

i10 : g 2
/usr/local/share/Macaulay2/Macaulay2Doc/demos/demo1.m2:8:11:(3):[3]: error: division by zero
/usr/local/share/Macaulay2/Macaulay2Doc/demos/demo1.m2:8:11:(3): entering debugger (enter 'help' to see commands)
/usr/local/share/Macaulay2/Macaulay2Doc/demos/demo1.m2:8:
10-8:13: --source code:
     b := 1/x;

ii11 : code current

oo11 = /usr/local/share/Macaulay2/Macaulay2Doc/demos/
       demo1.m2:8:10-8:13: --source code:
            b := 1/x;

ii12 : current

oo12 = 2-OP / 1
              local-fetch 0 0

oo12 : PseudocodeClosure

ii13 : disassemble current

oo13 = (2-OP / 1 (local-fetch 0 0))

ii14 : 
/usr/local/share/Macaulay2/Macaulay2Doc/demos/demo1.m2:13:11:(3): entering debugger (enter 'help' to see commands)
/usr/local/share/Macaulay2/Macaulay2Doc/demos/demo1.m2:13:
10-13:16: --source code:
     d := f(y-2);

ii15 : 

i16 : 
