-- -*- M2-comint -*- hash: 14574665060925531981

i1 : S = QQ[x,y,z]

o1 = S

o1 : PolynomialRing

i2 : K = koszul vars S

      1      3      3      1
o2 = S  <-- S  <-- S  <-- S
                           
     0      1      2      3

o2 : Complex

i3 : f = K.dd_2

o3 = {1} | -y -z 0  |
     {1} | x  0  -z |
     {1} | 0  x  y  |

             3      3
o3 : Matrix S  <-- S

i4 : g = inducedMap(coker K.dd_3, K_2)

o4 = {2} | 1 0 0 |
     {2} | 0 1 0 |
     {2} | 0 0 1 |

o4 : Matrix

i5 : h = quotient'(f, g)

o5 = {1} | -y -z 0  |
     {1} | x  0  -z |
     {1} | 0  x  y  |

o5 : Matrix

i6 : h * g == f

o6 = true

i7 : (g \\ f) * g == f

o7 = true

i8 : R = ZZ[x,y]

o8 = R

o8 : PolynomialRing

i9 : f = random(R^{2:1}, R^2)

o9 = {-1} | 8x+y  8x+3y |
     {-1} | 3x+7y 3x+7y |

             2      2
o9 : Matrix R  <-- R

i10 : f = f + id_(R^2)

o10 = {-1} | 8x+y+1 8x+3y   |
      {-1} | 3x+7y  3x+7y+1 |

              2      2
o10 : Matrix R  <-- R

i11 : g = transpose(vars R ++ vars R)

o11 = {-1} | x 0 |
      {-1} | y 0 |
      {-1} | 0 x |
      {-1} | 0 y |

              4      2
o11 : Matrix R  <-- R

i12 : h = quotient'(f, g)

o12 = {-1} | 8 1 8 3 |
      {-1} | 3 7 3 7 |

              2      4
o12 : Matrix R  <-- R

i13 : r = remainder'(f, g)

o13 = {-1} | 1 0 |
      {-1} | 0 1 |

              2      2
o13 : Matrix R  <-- R

i14 : h * g + r == f

o14 = true

i15 : 
