-- -*- M2-comint -*- hash: 3265740696053490646

i1 : RR_100[x]

o1 = RR   [x]
       100

o1 : PolynomialRing

i2 : p = x^13 + 5*x^9 + 7*x^4 + x +1

      13     9     4
o2 = x   + 5x  + 7x  + x + 1

o2 : RR   [x]
       100

i3 : roots p

o3 = {-.436092+.332356*ii, -.436092-.332356*ii, .425684-.538177*ii,
     ------------------------------------------------------------------------
     .425684+.538177*ii, -.285748-1.02908*ii, .937486-.552608*ii,
     ------------------------------------------------------------------------
     .937486+.552608*ii, -.285748+1.02908*ii, -1.02681, .98591+1.08117*ii,
     ------------------------------------------------------------------------
     -1.11384+1.06693*ii, -1.11384-1.06693*ii, .98591-1.08117*ii}

o3 : List

i4 : o3#0

o4 = -.4360923159618268082323404067424+.3323556439311467670518210894025*ii

o4 : CC (of precision 100)

i5 : ZZ[x]

o5 = ZZ[x]

o5 : PolynomialRing

i6 : p = x^13 + 5*x^9 + 7*x^4 + x +1

      13     9     4
o6 = x   + 5x  + 7x  + x + 1

o6 : ZZ[x]

i7 : roots(p^2, Precision=>150, Unique=>true)

o7 = {.425684+.538177*ii, -.436092+.332356*ii, -.436092-.332356*ii,
     ------------------------------------------------------------------------
     .425684-.538177*ii, -1.02681, -.436092-.332356*ii, -.285748-1.02908*ii,
     ------------------------------------------------------------------------
     .425684-.538177*ii, .937486-.552608*ii, .937486+.552608*ii,
     ------------------------------------------------------------------------
     .425684+.538177*ii, -.285748+1.02908*ii, -.436092+.332356*ii,
     ------------------------------------------------------------------------
     .98591-1.08117*ii, .937486-.552608*ii, .937486+.552608*ii,
     ------------------------------------------------------------------------
     .98591+1.08117*ii, -.285748+1.02908*ii, -1.11384+1.06693*ii, -1.02681,
     ------------------------------------------------------------------------
     -1.11384-1.06693*ii, -.285748-1.02908*ii, .98591+1.08117*ii,
     ------------------------------------------------------------------------
     -1.11384+1.06693*ii, -1.11384-1.06693*ii, .98591-1.08117*ii}

o7 : List

i8 : o7#0

o8 = .4256840467819734696313872933276829953560196884
     +.5381769726065943865846380163632216996196807437*ii

o8 : CC (of precision 150)

i9 : 
