-- -*- M2-comint -*- hash: 17971918518440947915

i1 : R=QQ[x_1,x_2]

o1 = R

o1 : PolynomialRing

i2 : R'=QQ[e_1,e_2,Degrees=>{1,2}]

o2 = R'

o2 : PolynomialRing

i3 : setupPromote map(R,R',{x_1+x_2,x_1*x_2})

i4 : promote(e_1^2,R)

      2            2
o4 = x  + 2x x  + x
      1     1 2    2

o4 : R

i5 : e_1*x_1

      2
o5 = x  + x x
      1    1 2

o5 : R

i6 : e_2==x_1*x_2

o6 = true

i7 : R = QQ[x]

o7 = R

o7 : PolynomialRing

i8 : S = QQ[x,y]

o8 = S

o8 : PolynomialRing

i9 : setupPromote(R, S)

i10 : promote(R_0, S)

o10 = x

o10 : S

i11 : R = QQ[x]

o11 = R

o11 : PolynomialRing

i12 : S = QQ[a, b, Degrees => {{1,0},{0,1}}]

o12 = S

o12 : PolynomialRing

i13 : setupPromote(r -> sub(r, x => b), R, S)

i14 : promote(R^{1,2}, S) -- wrong degrees!

       2
o14 = S

o14 : S-module, free, degrees {{-1, 0}, {-2, 0}}

i15 : setupPromote(r -> sub(r, x => b), R, S, d -> {0, d#0})

i16 : promote(R^{1,2}, S)

       2
o16 = S

o16 : S-module, free, degrees {{0, -1}, {0, -2}}

i17 : 
