-- -*- M2-comint -*- hash: 1332126828112

i1 : showClassStructure

o1 = Type : AffineVariety
            AngleBarList
            Array
            AssociativeExpression
            AtomicInt
            BasicList
            BettiTally
            Boolean : false
                      true
            CacheTable
            CC
              *
            CCi
               *
            CoherentSheaf
            CompiledFunction : addCancelTask
                               addDependencyTask
                               addStartTask
                               alarm
                               ancestor
                               any
                               append
                               apply
                               applyKeys
                               applyPairs
                               applyValues
                               ascii
                               atEndOfFile
                               cancelTask
                               changeDirectory
                               characters
                               class
                               clearEcho
                               collectGarbage
                               combine
                               commandInterpreter
                               concatenate
                               connectionCount
                               copy
                               cpuTime
                               createTask
                               currentColumnNumber
                               currentDirectory
                               currentRowNumber
                               currentTime
                               deepSplice
                               difference
                               disassemble
                               drop
                               echoOff
                               echoOn
                               erase
                               error
                               exec
                               fileExecutable
                               fileExists
                               fileLength
                               fileMode
                               fileReadable
                               fileTime
                               fileWritable
                               firstkey
                               flagLookup
                               fork
                               frames
                               functionBody
                               GCstats
                               get
                               getc
                               getenv
                               getGlobalSymbol
                               getIOThreadMode
                               getNetFile
                               groupID
                               hash
                               hashTable
                               horizontalJoin
                               identity
                               installMethod
                               instance
                               isANumber
                               isCanceled
                               isDirectory
                               isGlobalSymbol
                               isInputFile
                               isListener
                               isMutable
                               isOpen
                               isOutputFile
                               isReady
                               isRegularFile
                               join
                               keys
                               kill
                               limitFiles
                               limitProcesses
                               linkFile
                               localDictionaries
                               lookup
                               lookupCount
                               merge
                               mergePairs
                               mingle
                               minimizeFilename
                               minus
                               mkdir
                               nanosleep
                               newClass
                               newNetFile
                               nextkey
                               openDatabase
                               openDatabaseOut
                               openFiles
                               openIn
                               openInOut
                               openListener
                               openOut
                               openOutAppend
                               override
                               pairs
                               parent
                               parse
                               plus
                               power
                               powermod
                               prepend
                               printString
                               processID
                               protect
                               pseudocode
                               read
                               readDirectory
                               readlink
                               realpath
                               recursionDepth
                               relativizeFilename
                               remove
                               removeDirectory
                               removeFile
                               reorganize
                               reverse
                               run
                               scan
                               scanPairs
                               schedule
                               selectPairs
                               sequence
                               serialNumber
                               setEcho
                               setGroupID
                               setIOExclusive
                               setIOSynchronized
                               setIOUnSynchronized
                               size2
                               sleep
                               splice
                               stack
                               stacktrace
                               substring
                               symbolBody
                               symlinkFile
                               take
                               tally
                               taskResult
                               times
                               toCC
                               toCCi
                               toRR
                               toRRi
                               toSequence
                               uncurry
                               unsequence
                               unstack
                               utf8
                               utf8check
                               utf8substring
                               values
                               wait
                               wrap
                               youngest
            CompiledFunctionBody
            CompiledFunctionClosure
            Complex
            ComplexField
            ComplexMap
            Cone
            Constant : CatalanConstant
                       EulerConstant
                       ii
                       pi
            Database
            Descent
            Dictionary
            DocumentTag
            EngineRing
            Error
            Expression
            Fan
            File : stdio
            FilePosition
            FractionField
            Function
            FunctionBody
            FunctionClosure : addEndFunction
                              ancestors
                              applicationDirectory
                              applyTable
                              baseFilename
                              beginDocumentation
                              benchmark
                              cacheValue
                              centerString
                              columnate
                              currentPosition
                              demark
                              End
                              even
                              first
                              getNonUnit
                              getSymbol
                              globalAssign
                              globalAssignFunction
                              globalAssignment
                              globalReleaseFunction
                              input
                              installedPackages
                              installMinprimes
                              isPrimitive
                              isTable
                              last
                              lines
                              load
                              memoizeClear
                              memoizeValues
                              method
                              mod
                              monomialCurveIdeal
                              needs
                              notImplemented
                              number
                              odd
                              on
                              pager
                              peek
                              print
                              printerr
                              same
                              seeParsing
                              showHtml
                              showTex
                              stashValue
                              subtable
                              synonym
                              table
                              temporaryFileName
                              toAbsolutePath
                              toLower
                              toUpper
                              tutorial
                              uniform
                              uninstallAllPackages
                              userSymbols
                              zero
            GaloisField
            GeneralOrderedMonoid
            GlobalDictionary : PackageDictionary
            GroebnerBasis
            GroebnerBasisOptions
            HashTable
            HeaderType : Adjacent
                         BinaryOperation
                         Divide
                         Equation
                         FunctionApplication
                         MapExpression
                         MatrixExpression
                         Power
                         RowExpression
                         SparseMonomialVectorExpression
                         SparseVectorExpression
                         Subscript
                         Superscript
                         Table
                         VectorExpression
            Ideal
            ImmutableType
            IndeterminateNumber : indeterminate
            IndexedVariable
            IndexedVariableTable
            InexactField
            InexactFieldFamily : CC
                                 CCi
                                 RR
                                 RRi
            InexactNumber
            InexactNumber
                         *
            InfiniteNumber : infinity
            Keyword
            List
            LocalDictionary
            Manipulator : close
                          closeIn
                          closeOut
                          endl
                          flush
            Matrix
            MethodFunction : abs
                             accumulate
                             acos
                             acosh
                             acot
                             acoth
                             addCone
                             addPolyhedron
                             adjoint'
                             affineHull
                             affineImage
                             affinePreimage
                             agm
                             all
                             ambDim
                             ambient
                             antipode
                             apropos
                             areCompatible
                             arXiv
                             asin
                             asinh
                             assert
                             atan
                             atan2
                             atanh
                             augmentationMap
                             autoload
                             barycentricTriangulation
                             baseName
                             baseRing
                             BesselJ
                             BesselY
                             Beta
                             between
                             binomial
                             bipyramid
                             borel
                             canonicalTruncation
                             ccRefinement
                             ceiling
                             cellDecompose
                             centroid
                             changeBase
                             char
                             chi
                             clean
                             coefficient
                             coefficientRing
                             coimage
                             cokernel
                             columnAdd
                             columnMult
                             columnPermute
                             columnRankProfile
                             columnSwap
                             commonFace
                             commonRing
                             comodule
                             compareExchange
                             complement
                             complete
                             component
                             components
                             compositions
                             compress
                             concentration
                             conductor
                             cone
                             coneFromHData
                             coneFromVData
                             cones
                             conjugate
                             constantStrand
                             contains
                             content
                             contract
                             contract'
                             convexHull
                             cos
                             cosh
                             cot
                             coth
                             cover
                             coverMap
                             crossPolytope
                             csc
                             csch
                             cyclicPolytope
                             cylinder
                             debug
                             default
                             degree
                             degreeGroup
                             degreeLength
                             degrees
                             degreesMonoid
                             degreesRing
                             delete
                             denominator
                             depth
                             diagonalMatrix
                             diameter
                             dictionary
                             diff
                             diff'
                             Digamma
                             dim
                             dismiss
                             divideByVariable
                             doc
                             dualCone
                             dualFaceRepresentationMap
                             eagonNorthcott
                             effCone
                             effGenerators
                             ehrhart
                             eint
                             elements
                             eliminate
                             emptyPolyhedron
                             endPackage
                             entries
                             erf
                             erfc
                             euler
                             eulers
                             exchange
                             exp
                             expectedReesIdeal
                             expm1
                             exponents
                             exportFrom
                             faceFan
                             faces
                             facesAsCones
                             facesAsPolyhedra
                             facets
                             fan
                             fanFromGfan
                             Fano
                             findSynonyms
                             fittingIdeal
                             flip
                             floor
                             fold
                             formation
                             frac
                             fraction
                             fromDividedPowers
                             fVector
                             Gamma
                             gbRemove
                             gbSnapshot
                             gcdCoefficients
                             genera
                             generateAssertions
                             generator
                             genericMatrix
                             genericSkewMatrix
                             genericSymmetricMatrix
                             genus
                             getChangeMatrix
                             getWWW
                             gramm
                             halfspaces
                             headlines
                             heft
                             height
                             hirzebruch
                             homogenize
                             homomorphism
                             homotopyMap
                             httpHeaders
                             hypercube
                             hyperplanes
                             icFractions
                             icMap
                             icPIdeal
                             image
                             imageFan
                             imaginaryPart
                             importFrom
                             incompCones
                             incompPolyhedra
                             index
                             indices
                             inducesWellDefinedMap
                             inInterior
                             insert
                             installAssignmentMethod
                             installHilbertFunction
                             instances
                             integrate
                             interiorLatticePoints
                             interiorPoint
                             interiorVector
                             inverse
                             inverseErf
                             inversePermutation
                             inverseRegularizedBeta
                             inverseRegularizedGamma
                             irreducibleCharacteristicSeries
                             irreducibleDecomposition
                             isAffineRing
                             isBorel
                             isc
                             isCommutative
                             isCompact
                             isComplete
                             isComplexMorphism
                             isConstant
                             isDirectSum
                             isEmpty
                             isFace
                             isField
                             isFinite
                             isFinitePrimeField
                             isFree
                             isFreeModule
                             isFullDimensional
                             isHomogeneous
                             isIdeal
                             isInfinite
                             isInjective
                             isIsomorphism
                             isLatticePolytope
                             isLocallyFree
                             isMember
                             isModule
                             isMonomialIdeal
                             isNormal
                             isNullHomotopic
                             isNullHomotopyOf
                             isPointed
                             isPolynomialRing
                             isPolytopal
                             isProjective
                             isPure
                             isQuotientModule
                             isQuotientOf
                             isQuotientRing
                             isReal
                             isRing
                             isScalar
                             isShortExactSequence
                             isSimplicial
                             isSkewCommutative
                             isSquareFree
                             isStandardGradedPolynomialRing
                             isSubmodule
                             isSubquotient
                             isSubset
                             isSupportedInZeroLocus
                             isSurjective
                             isUnit
                             isWellDefined
                             isWeylAlgebra
                             jacobian
                             kernelOfLocalization
                             koszul
                             latticePoints
                             latticeVolume
                             leadCoefficient
                             leadComponent
                             leadMonomial
                             leadTerm
                             left
                             liftable
                             liftMapAlongQuasiIsomorphism
                             linealitySpace
                             linearTransform
                             linSpace
                             listForm
                             listSymbols
                             lngamma
                             lock
                             log
                             log1p
                             lowerLeft
                             lowerRight
                             LUdecomposition
                             makeDirectory
                             maxCones
                             maxFace
                             maxPolyhedra
                             memoize
                             methodOptions
                             midpoint
                             minFace
                             minimalNonFaces
                             minimize
                             minkowskiSum
                             minkSummandCone
                             mixedVolume
                             module
                             monomialSubideal
                             multidegree
                             multigraded
                             naiveTruncation
                             nefCone
                             nefGenerators
                             newCoordinateSystem
                             newtonPolytope
                             next
                             nextPrime
                             norm
                             normalFan
                             nullhomotopy
                             nullSpace
                             numColumns
                             numerator
                             numeric
                             numericInterval
                             numgens
                             numRows
                             nVertices
                             objectiveVector
                             ofClass
                             pack
                             packageTemplate
                             pad
                             part
                             partition
                             partitions
                             parts
                             pdim
                             peek'
                             permanents
                             permutations
                             pfaffian
                             pfaffians
                             pivots
                             poincare
                             poincareN
                             polar
                             polarFace
                             poly
                             polyhedra
                             polyhedralComplex
                             polyhedron
                             polyhedronFromHData
                             polylog
                             polytope
                             positions
                             posOrthant
                             precision
                             preimage
                             presentation
                             product
                             Proj
                             projectiveHilbertPolynomial
                             promote
                             proximum
                             pseudoRemainder
                             pushout
                             pyramid
                             QRDecomposition
                             quotientRemainder
                             quotientRemainder'
                             randomElement
                             randomKRationalPoint
                             randomSubset
                             rank
                             realPart
                             reducedRowEchelonForm
                             reduceHilbert
                             reductionNumber
                             registerFinalizer
                             regularizedBeta
                             regularizedGamma
                             regularSubdivision
                             regularTriangulation
                             relations
                             remainder
                             remainder'
                             removeLowestDimension
                             reshape
                             right
                             ring
                             rotate
                             round
                             rowAdd
                             rowMult
                             rowPermute
                             rowRankProfile
                             rowSwap
                             saveSession
                             scanKeys
                             scanLines
                             scanValues
                             schreyerOrder
                             searchPath
                             sec
                             sech
                             secondaryPolytope
                             selectInSubring
                             selectKeys
                             selectValues
                             selectVariables
                             setup
                             setupEmacs
                             setupLift
                             setupPromote
                             sheaf
                             show
                             shuffle
                             sign
                             simplex
                             sin
                             singularLocus
                             sinh
                             size
                             skeleton
                             smallestFace
                             smoothSubfan
                             someTerms
                             source
                             Spec
                             splitWWW
                             sqrt
                             stacksProject
                             standardForm
                             standardPairs
                             stanleyReisnerRing
                             statePolytope
                             stdSimplex
                             stellarSubdivision
                             store
                             sublatticeBasis
                             sublists
                             submatrix
                             submatrix'
                             submatrixByDegrees
                             subquotient
                             subsets
                             substitute
                             sum
                             super
                             support
                             switch
                             sylvesterMatrix
                             symmetricPower
                             tailCone
                             tan
                             tanh
                             target
                             tensorAssociativity
                             tensorCommutativity
                             terms
                             testHunekeQuestion
                             tests
                             toChainComplex
                             toDividedPowers
                             toField
                             toMutableComplex
                             topCoefficients
                             topComponents
                             toSublattice
                             trace
                             triangulate
                             truncateOutput
                             tryLock
                             ultimate
                             unbag
                             uniquePermutations
                             unlock
                             upperLeft
                             upperRight
                             urlEncode
                             value
                             variety
                             vector
                             versalEmbedding
                             vertexEdgeMatrix
                             vertexFacetMatrix
                             vertices
                             volume
                             wedgeProduct
                             weightRange
                             whichGm
                             width
                             wikipedia
                             yonedaExtension
                             yonedaProduct
                             zeta
            MethodFunctionBinary : directProduct
                                   gcd
                                   intersect
                                   lcm
                                   span
                                   tensor
                                   union
            MethodFunctionSingle : code
                                   commonest
                                   describe
                                   directSum
                                   document
                                   EXAMPLE
                                   examples
                                   export
                                   exportMutable
                                   expression
                                   flatten
                                   format
                                   gradedModule
                                   hold
                                   hooks
                                   html
                                   hypertext
                                   ideal
                                   info
                                   isSorted
                                   iterator
                                   length
                                   locate
                                   makeDocumentTag
                                   makePackageIndex
                                   mathML
                                   max
                                   maxPosition
                                   methods
                                   min
                                   minPosition
                                   monoid
                                   monomialIdeal
                                   net
                                   newPackage
                                   options
                                   package
                                   pretty
                                   regexQuote
                                   runLengthEncode
                                   set
                                   setRandomSeed
                                   SYNOPSIS
                                   tex
                                   texMath
                                   toExternalString
                                   toList
                                   toString
                                   transpose
                                   undocumented
                                   unique
                                   use
                                   vars
            MethodFunctionWithOptions : about
                                        addHook
                                        adjoint
                                        analyticSpread
                                        annihilator
                                        associatedGradedRing
                                        associatedPrimes
                                        basis
                                        betti
                                        canonicalBundle
                                        canonicalMap
                                        capture
                                        check
                                        checkDegrees
                                        codim
                                        coefficients
                                        cohomology
                                        complex
                                        compose
                                        connectingExtMap
                                        connectingMap
                                        connectingTorMap
                                        conwayPolynomial
                                        copyDirectory
                                        copyFile
                                        cotangentSheaf
                                        decompose
                                        determinant
                                        discriminant
                                        distinguished
                                        dual
                                        eagonNorthcottComplex
                                        eigenvalues
                                        eigenvectors
                                        epicResolutionMap
                                        extend
                                        exteriorPower
                                        factor
                                        fillMatrix
                                        findFiles
                                        findHeft
                                        findProgram
                                        flattenRing
                                        forceGB
                                        freeResolution
                                        fromDual
                                        gb
                                        gcdLLL
                                        generators
                                        getPrimeWithRootOfUnity
                                        GF
                                        graphIdeal
                                        graphRing
                                        Grassmannian
                                        groebnerBasis
                                        hermite
                                        hilbertBasis
                                        hilbertFunction
                                        hilbertPolynomial
                                        hilbertSeries
                                        Hom
                                        homology
                                        homomorphism'
                                        horseshoeResolution
                                        icFracP
                                        idealizer
                                        idealSheaf
                                        independentSets
                                        inducedMap
                                        installPackage
                                        integralClosure
                                        intersectInP
                                        interval
                                        inverseSystem
                                        isExact
                                        isIsomorphic
                                        isLinearType
                                        isLLL
                                        isomorphism
                                        isPrimary
                                        isPrime
                                        isPseudoprime
                                        isQuasiIsomorphism
                                        isReduction
                                        isReflexive
                                        isSmooth
                                        isVeryAmple
                                        jacobianDual
                                        kernel
                                        kernelLLL
                                        koszulComplex
                                        lift
                                        LLL
                                        loadPackage
                                        localize
                                        longExactSequence
                                        makeS2
                                        map
                                        markedGB
                                        match
                                        matrix
                                        mingens
                                        minimalBetti
                                        minimalPresentation
                                        minimalPrimes
                                        minimalReduction
                                        minors
                                        modulo
                                        monomials
                                        moveFile
                                        multiplicity
                                        mutableIdentity
                                        mutableMatrix
                                        needsPackage
                                        netList
                                        newRing
                                        normalCone
                                        nullHomotopy
                                        oeis
                                        parallelApply
                                        polarize
                                        position
                                        primaryComponent
                                        primaryDecomposition
                                        prune
                                        pruneComplex
                                        pruneDiff
                                        pruneUnit
                                        pullback
                                        pushForward
                                        quotient
                                        quotient'
                                        radical
                                        radicalContainment
                                        random
                                        randomComplexMap
                                        randomMutableMatrix
                                        rays
                                        readPackage
                                        reesAlgebra
                                        reesIdeal
                                        regex
                                        regSeqInIdeal
                                        regularity
                                        replace
                                        resolutionMap
                                        resultant
                                        ringFromFractions
                                        roots
                                        rsort
                                        runHooks
                                        runProgram
                                        saturate
                                        Schubert
                                        select
                                        separate
                                        sheafHom
                                        simpleDocFrob
                                        smithNormalForm
                                        solve
                                        sort
                                        sortColumns
                                        specialFiber
                                        specialFiberIdeal
                                        status
                                        SVD
                                        symlinkDirectory
                                        symmetricAlgebra
                                        symmetricAlgebraIdeal
                                        symmetricKernel
                                        syz
                                        tangentCone
                                        tangentSheaf
                                        toDual
                                        torSymmetry
                                        trim
                                        truncate
                                        uninstallPackage
                                        yonedaExtension'
                                        yonedaMap
                                        yonedaMap'
            Module
            Monoid
            MonoidElement
            MonomialIdeal
            MultigradedBettiTally
            MutableHashTable
            MutableList
            MutableMatrix
            Mutex
            Net
            NetFile
            Nothing
            Number
            OneExpression
            Option
            OptionTable
            OrderedMonoid
            Package : Classic
                      Complexes
                      ConwayPolynomials
                      Core
                      Elimination
                      FourierMotzkin
                      GenericInitialIdeal
                      IntegralClosure
                      InverseSystems
                      Isomorphism
                      LLLBases
                      Macaulay2Doc
                      MinimalPrimes
                      OnlineLookup
                      PackageCitations
                      Parsing
                      Polyhedra
                      PrimaryDecomposition
                      PushForward
                      ReesAlgebra
                      Saturation
                      Schubert2
                      SchurRings
                      SimpleDoc
                      SimplicialComplexes
                      TangentCone
                      Text
                      Topcom
                      Truncations
                      User
                      Varieties
            Partition
            PolyhedralComplex
            PolyhedralObject
            Polyhedron
            PolynomialRing
            Program
            ProgramRun
            ProjectiveHilbertPolynomial
            ProjectiveVariety
            Pseudocode
            PseudocodeClosure
            QuotientRing
            RealField
            Resolution
            Ring : QQ
                   ZZ
            RingElement
            RingFamily
            RingMap
            RR
              *
            RRi
               *
            ScriptedFunctor : Ext
                              HH
                              hh
                              id
                              OO
                              sheafExt
                              Tor
            SelfInitializingType : Bag
                                   Command : cite
                                             clearAll
                                             clearOutput
                                             copyright
                                             coverageSummary
                                             edit
                                             exit
                                             help
                                             infoHelp
                                             listLocalSymbols
                                             listUserSymbols
                                             profileSummary
                                             quit
                                             restart
                                             showClassStructure
                                             showStructure
                                             showUserStructure
                                             viewHelp
                                   Eliminate
                                   Hybrid
                                   Iterator
                                   LowerBound
                                   NumberedVerticalList
                                   ProductOrder
                                   TestInput
                                   URL
                                   VerticalList
            Sequence
            Set
            SheafMap
            SheafOfRings
            String
            SumOfTwists
            Symbol
            SymbolBody
            Tally
            Task
            Thing
            Time
            Variety
            Vector
            VirtualTally
            VisibleList
            WrapperType : Describe
                          DirectSum
                          Holder
                          Minus
                          Parenthesize
                          Product
                          SheafExpression
                          Sum
                          TensorProduct
            ZeroExpression

o1 : Descent

i2 : 
