-- -*- M2-comint -*- hash: 4590362956808351778

i1 : S = ZZ/10007[x,y,z];

i2 : f = matrix{{x^3,x*y^2,x},{y*x^2,y^3,y}}

o2 = | x3  xy2 x |
     | x2y y3  y |

             2      3
o2 : Matrix S  <-- S

i3 : entries f

        3     2        2    3
o3 = {{x , x*y , x}, {x y, y , y}}

o3 : List

i4 : g = transpose f

o4 = {-3} | x3  x2y |
     {-3} | xy2 y3  |
     {-1} | x   y   |

             3      2
o4 : Matrix S  <-- S

i5 : transpose entries f

        3   2        2   3
o5 = {{x , x y}, {x*y , y }, {x, y}}

o5 : List

i6 : degrees f

o6 = {{{0}, {0}}, {{3}, {3}, {1}}}

o6 : List

i7 : degrees g

o7 = {{{-3}, {-3}, {-1}}, {{0}, {0}}}

o7 : List

i8 : 
