-- -*- M2-comint -*- hash: 8261391523684849404

i1 : apply(-3..3, i -> try 1/i then 1/i else infinity)

        1    1                   1  1
o1 = (- -, - -, -1, infinity, 1, -, -)
        3    2                   2  3

o1 : Sequence

i2 : apply(-3..3, i -> try 1/i else infinity)

        1    1                   1  1
o2 = (- -, - -, -1, infinity, 1, -, -)
        3    2                   2  3

o2 : Sequence

i3 : apply(-3..3, i -> try 1/i then 1/i)

        1    1           1  1
o3 = (- -, - -, -1, , 1, -, -)
        3    2           2  3

o3 : Sequence

i4 : apply(-3..3, i -> try 1/i)

        1    1           1  1
o4 = (- -, - -, -1, , 1, -, -)
        3    2           2  3

o4 : Sequence

i5 : apply(-3..3, i -> try 1/i then 1/i except err do err)

        1    1                           1  1
o5 = (- -, - -, -1, division by zero, 1, -, -)
        3    2                           2  3

o5 : Sequence

i6 : apply(-3..3, i -> try 1/i except err do err)

        1    1                           1  1
o6 = (- -, - -, -1, division by zero, 1, -, -)
        3    2                           2  3

o6 : Sequence

i7 : oo#3

o7 = division by zero

o7 : Error

i8 : 
