-- -*- M2-comint -*- hash: 11095242717159516286

i1 : load "Macaulay2Doc/demos/demo1.m2"

i2 : g 2
/usr/local/share/Macaulay2/Macaulay2Doc/demos/demo1.m2:8:11:(3):[3]: error: division by zero
/usr/local/share/Macaulay2/Macaulay2Doc/demos/demo1.m2:8:11:(3): entering debugger (enter 'help' to see commands)
/usr/local/share/Macaulay2/Macaulay2Doc/demos/demo1.m2:8:
10-8:13: --source code:
     b := 1/x;

ii3 : value current
/usr/local/share/Macaulay2/Macaulay2Doc/demos/demo1.m2:8:11:(3): error: division by zero

ii4 : x = 11

oo4 = 11

ii5 : value current

       1
oo5 = --
      11

oo5 : QQ

ii6 : 
/usr/local/share/Macaulay2/Macaulay2Doc/demos/demo1.m2:13:11:(3): entering debugger (enter 'help' to see commands)
/usr/local/share/Macaulay2/Macaulay2Doc/demos/demo1.m2:13:
10-13:16: --source code:
     d := f(y-2);

ii7 : 

i8 : 
