-- -*- M2-comint -*- hash: 10480984962509218801

i1 : R = QQ[x,y,z]

o1 = R

o1 : PolynomialRing

i2 : f = matrix {{x}, {y}, {z}}

o2 = | x |
     | y |
     | z |

             3      1
o2 : Matrix R  <-- R

i3 : vector f

o3 = | x |
     | y |
     | z |

      3
o3 : R

i4 : g = matrix {{1}, {2}, {3}}

o4 = | 1 |
     | 2 |
     | 3 |

              3       1
o4 : Matrix ZZ  <-- ZZ

i5 : vector(R^3, g)

o5 = | 1 |
     | 2 |
     | 3 |

      3
o5 : R

i6 : vector 2

o6 = | 2 |

       1
o6 : ZZ

i7 : vector x

o7 = | x |

      1
o7 : R

i8 : vector(R^1, 2)

o8 = | 2 |

      1
o8 : R

i9 : vector {1, 2, 3}

o9 = | 1 |
     | 2 |
     | 3 |

       3
o9 : ZZ

i10 : vector {1, x, y}

o10 = | 1 |
      | x |
      | y |

       3
o10 : R

i11 : vector(R^3, {1, 2, 3})

o11 = | 1 |
      | 2 |
      | 3 |

       3
o11 : R

i12 : vector(QQ, {1, 2, 3})

o12 = | 1 |
      | 2 |
      | 3 |

        3
o12 : QQ

i13 : vector(R, {1, 2, 3})

o13 = | 1 |
      | 2 |
      | 3 |

       3
o13 : R

i14 : vector(R, 2)

o14 = | 2 |

       1
o14 : R

i15 : 
