-- -*- M2-comint -*- hash: 1330663092208

i1 : version

o1 = HashTable{"architecture" => x86_64                                                                                                                                                                                                                                                                                                                                                                                                                                                                                                                                                                                                                                                                                                                                                                                                                                                                                                                                                                                                                                                                                                                                                                                                                                                                                                                                                                                                                                                                                                                                                                                                                                                                                                                                                                                                                                                                                                                                                                                                                                                                                                                                                                                                                                                                                                                                                                                                                                                                                                                                                                                                                                                                                                                                                                                                                                                                                                                                                                                                                                                                                                                                                                                                                                                                                                                                                                                                                                                                                                                                                                                                                                                                                                                                                                                                                                                                                                                                                                                                                                                                                                                                                                                                                                                                                                                                                                                                                                                                                                                                                                                                                                                                                                                                             }
               "boost version" => 1_83
               "build" => x86_64-pc-linux-gnu
               "compile node name" => runnervmvrwv9
               "compile time" => Aug  7 2026, 01:28:07
               "compiler" => gcc 13.3.0
               "configure arguments" =>  '--with-system-gc' '--with-fplll' 'FC=gfortran-14' 'F77=gfortran-14'
               "eigen version" => 3.4.0
               "endianness" => dcba
               "executable extension" => 
               "factory version" => 4.3.2
               "fflas_ffpack version" => 2.5.0
               "flint version" => 3.0.1
               "fplll version" => 5.4.5
               "frobby version" => 0.9.5
               "gc version" => 8.2.6
               "gdbm version" => GDBM version 1.23. 04/02/2022
               "git branch" => docs-preview
               "git description" => release-1.26.05
               "gmp version" => 6.3.0
               "host" => x86_64-pc-linux-gnu
               "issue" => Ubuntu-24.04
               "jansson version" => 2.14
               "lapack version" => 3.12.0
               "libffi version" => 3.4.6
               "libxml2 version" => 2.9.14
               "M2 name" => M2
               "M2 suffix" => 
               "machine" => x86_64-Linux-Ubuntu-24.04
               "mathic version" => 1.3
               "mathicgb version" => 1.3
               "memtailor version" => 1.3
               "mpfi version" => 1.5.3
               "mpfr version" => 4.2.1
               "mpsolve version" => 3.2.1
               "mysql version" => not present
               "normaliz version" => 3.10.2
               "ntl version" => 11.5.1
               "operating system release" => 6.17.0-1020-azure
               "operating system" => Linux
               "packages" => Style FirstPackage Macaulay2Doc Parsing Classic Browse Benchmark Text SimpleDoc PackageTemplate Saturation PrimaryDecomposition FourierMotzkin Dmodules WeylAlgebras HolonomicSystems BernsteinSato ConnectionMatrices Depth Elimination GenericInitialIdeal IntegralClosure HyperplaneArrangements LexIdeals Markov NoetherNormalization Points ReesAlgebra Regularity SchurRings SymmetricPolynomials SchurFunctors SimplicialComplexes LLLBases TangentCone ChainComplexExtras Varieties Schubert2 PushForward LocalRings BoijSoederberg BGG Bruns InvolutiveBases ConwayPolynomials EdgeIdeals FourTiTwo StatePolytope Polyhedra Truncations Polymake gfanInterface PieriMaps Normaliz Posets XML OpenMath SCSCP RationalPoints MapleInterface ConvexInterface SRdeformations NumericalAlgebraicGeometry BeginningMacaulay2 FormalGroupLaws Graphics WeylGroups HodgeIntegrals Cyclotomic Binomials Kronecker Nauty ToricVectorBundles ModuleDeformations PHCpack SimplicialDecomposability BooleanGB AdjointIdeal Parametrization Serialization NAGtypes NormalToricVarieties DGAlgebras Graphs GraphicalModels BIBasis KustinMiller Units NautyGraphs VersalDeformations CharacteristicClasses RandomIdeals RandomObjects RandomPlaneCurves RandomSpaceCurves RandomGenus14Curves RandomCanonicalCurves RandomCurves TensorComplexes MonomialAlgebras QthPower EliminationMatrices EllipticIntegrals Triplets CompleteIntersectionResolutions EagonResolution MCMApproximations MultiplierIdeals InvariantRing QuillenSuslin EnumerationCurves Book3264Examples WeilDivisors EllipticCurves HighestWeights MinimalPrimes Bertini TorAlgebra Permanents BinomialEdgeIdeals TateOnProducts LatticePolytopes FiniteFittingIdeals HigherCIOperators LieAlgebraRepresentations ConformalBlocks M0nbar AnalyzeSheafOnP1 MultiplierIdealsDim2 RunExternalM2 NumericalSchubertCalculus ToricTopology Cremona Resultants VectorFields SLPexpressions Miura ResidualIntersections Visualize EquivariantGB ExampleSystems RationalMaps FastMinors RandomPoints SwitchingFields SpectralSequences SectionRing K3Carpets ChainComplexOperations NumericalCertification PhylogeneticTrees MonodromySolver ReactionNetworks PackageCitations NumericSolutions GradedLieAlgebras InverseSystems Pullback EngineTests SVDComplexes RandomComplexes CohomCalg Topcom Triangulations ReflexivePolytopesDB AbstractToricVarieties TestIdeals FrobeniusThresholds NonPrincipalTestIdeals Seminormalization AlgebraicSplines TriangularSets Chordal Tropical SymbolicPowers Complexes OldChainComplexes GroebnerWalk RandomMonomialIdeals Matroids NumericalImplicitization CoincidentRootLoci RelativeCanonicalResolution RandomCurvesOverVerySmallFiniteFields StronglyStableIdeals SLnEquivariantMatrices CorrespondenceScrolls NCAlgebra SpaceCurves ExteriorIdeals ToricInvariants SegreClasses SemidefiniteProgramming SumsOfSquares MultiGradedRationalMap AssociativeAlgebras VirtualResolutions Quasidegrees DiffAlg DeterminantalRepresentations FGLM SpechtModule SchurComplexes SimplicialPosets SlackIdeals PositivityToricBundles SparseResultants DecomposableSparseSystems MixedMultiplicity PencilsOfQuadrics ThreadedGB AdjunctionForSurfaces VectorGraphics GKMVarieties MonomialIntegerPrograms NoetherianOperators Hadamard StatGraphs GraphicalModelsMLE EigenSolver MultiplicitySequence ResolutionsOfStanleyReisnerRings NumericalLinearAlgebra ResLengthThree MonomialOrbits MultiprojectiveVarieties SpecialFanoFourfolds RationalPoints2 SuperLinearAlgebra SubalgebraBases AInfinity LinearTruncations ThinSincereQuivers Python BettiCharacters Jets FunctionFieldDesingularization HomotopyLieAlgebra TSpreadIdeals RealRoots ExteriorModules K3Surfaces GroebnerStrata QuaternaryQuartics CotangentSchubert OnlineLookup MergeTeX Probability Isomorphism DirectSummands CodingTheory WhitneyStratifications JSON ForeignFunctions GeometricDecomposability PseudomonomialPrimaryDecomposition PolyominoIdeals MatchingFields CellularResolutions SagbiGbDetection A1BrouwerDegrees QuadraticIdealExamplesByRoos TerraciniLoci MatrixSchubert RInterface OIGroebnerBases PlaneCurveLinearSeries Valuations SchurVeronese VNumber TropicalToric MultigradedBGG AbstractSimplicialComplexes MultigradedImplicitization Msolve Permutations SCMAlgebras NumericalSemigroups ExteriorExtensions Oscillators IncidenceCorrespondenceCohomology ToricHigherDirectImages Brackets IntegerProgramming GameTheory AllMarkovBases Tableaux CpMackeyFunctors JSONRPC SimplicialModules MatrixFactorizations PathSignatures MacaulayPosets MRDI EliminationTemplates WittVectors Padic EuclideanDistanceDegree NeuralIdeals TestAudit LanguageServer
               "pointer size" => 8
               "python version" => 3.12.3
               "readline version" => 8.2
               "scscp version" => not present
               "tbb version" => 2021.11
               "VERSION" => 1.26.05

o1 : HashTable

i2 : 
