-- -*- M2-comint -*- hash: 156321005466697950

i1 : ff = 20:4; h = true; kk

o3 = kk

o3 : Symbol

i4 : listUserSymbols

o4 = symbol  class     value                                                    location of symbol
     ------  -----     -----                                                    ------------------     
     h       Boolean   true                                                     currentString:1:11-1:12
     ff      Sequence  (4, 4, 4, 4, 4, 4, 4, 4, 4, 4, 4, 4, 4, 4, 4, 4, 4, 4,.  currentString:1:0-1:2  

i5 : clearOutput

i6 : listUserSymbols

o6 = symbol  class     value                                                    location of symbol
     ------  -----     -----                                                    ------------------     
     h       Boolean   true                                                     currentString:1:11-1:12
     ff      Sequence  (4, 4, 4, 4, 4, 4, 4, 4, 4, 4, 4, 4, 4, 4, 4, 4, 4, 4,.  currentString:1:0-1:2  

i7 : clearAll

i8 : listUserSymbols

o8 = symbol  class  value  location of symbol
     ------  -----  -----  ------------------

i9 : 
