-- -*- M2-comint -*- hash: 4541718155057891739

i1 : m1 = map(ZZ^50, ZZ^50, (j,i) -> (i+1)^8 * (j+1)^4 + i + j + 2);

              50       50
o1 : Matrix ZZ   <-- ZZ

i2 : m = syz m1;

              50       47
o2 : Matrix ZZ   <-- ZZ

i3 : time LLL m;
 -- used 0.0115722s (cpu); 0.0115914s (thread); 0s (gc)

              50       47
o3 : Matrix ZZ   <-- ZZ

i4 : time LLL(m, Strategy=>CohenEngine);
 -- used 0.0416121s (cpu); 0.0416145s (thread); 0s (gc)

              50       47
o4 : Matrix ZZ   <-- ZZ

i5 : time LLL(m, Strategy=>CohenTopLevel);
 -- used 0.143046s (cpu); 0.143048s (thread); 0s (gc)

              50       47
o5 : Matrix ZZ   <-- ZZ

i6 : time LLL(m, Strategy=>{Givens,RealFP});
 -- used 0.0156029s (cpu); 0.0156037s (thread); 0s (gc)

              50       47
o6 : Matrix ZZ   <-- ZZ

i7 : time LLL(m, Strategy=>{Givens,RealQP});
 -- used 0.059659s (cpu); 0.0596614s (thread); 0s (gc)

              50       47
o7 : Matrix ZZ   <-- ZZ

i8 : time LLL(m, Strategy=>{Givens,RealXD});
 -- used 0.0754826s (cpu); 0.0754873s (thread); 0s (gc)

              50       47
o8 : Matrix ZZ   <-- ZZ

i9 : time LLL(m, Strategy=>{Givens,RealRR});
 -- used 0.404306s (cpu); 0.404308s (thread); 0s (gc)

              50       47
o9 : Matrix ZZ   <-- ZZ

i10 : time LLL(m, Strategy=>{BKZ,Givens,RealQP});
 -- used 0.140498s (cpu); 0.1405s (thread); 0s (gc)

               50       47
o10 : Matrix ZZ   <-- ZZ

i11 : 
